2024-03-10 17:25:04.948 Df SpringBoard[2714:21f2] [com.apple.FrontBoard:ProcessWorkspace] [xpcservice<com.apple.news.widget([osservice<com.apple.chronod>:2762])>:2833] Registering event dispatcher at init
2024-03-10 17:25:04.947 A  PosterBoard[2838:24c5] (libsystem_containermanager.dylib) container_copy_object
2024-03-10 17:25:04.949 Df SpringBoard[2714:21f2] [com.apple.FrontBoard:ProcessWorkspace] Registering Source for 2833 : <FBWorkspaceEventDispatcherSource: 0x600000e65470>
2024-03-10 17:25:04.951 Df SpringBoard[2714:21f2] [com.apple.FrontBoard:ProcessWorkspace] Created <FBWorkspace: 0x60000357e3c0; xpcservice<com.apple.news.widget([osservice<com.apple.chronod>:2762])>>
2024-03-10 17:25:04.954 A  runningboardd[2718:1f95] (RunningBoard) statesForPredicate
2024-03-10 17:25:04.953 Df SpringBoard[2714:21f2] [com.apple.FrontBoard:Process] Bootstrapping xpcservice<com.apple.news.widget([osservice<com.apple.chronod>:2762])>
2024-03-10 17:25:04.947 Df PosterBoard[2838:24c5] [com.apple.containermanager:unspecified] container_system_group_path_for_identifier: success
2024-03-10 17:25:04.954 Df SpringBoard[2714:21f2] [com.apple.FrontBoard:Process] [xpcservice<com.apple.news.widget([osservice<com.apple.chronod>:2762])>:2833] Bootstrap success!
2024-03-10 17:25:04.947 Df PosterBoard[2838:24c5] [com.apple.ManagedConfiguration:MC] Got system group container path from MCM for systemgroup.com.apple.configurationprofiles: /Users/chef/Library/Developer/CoreSimulator/Devices/FA441BBB-4AC7-424C-8E75-DDA61780E4A0/data/Containers/Shared/SystemGroup/systemgroup.com.apple.configurationprofiles
2024-03-10 17:25:04.909 Df SpringBoard[2714:24bf] [com.apple.UserNotifications:DataProviderFactory] [com.apple.RPUserNotificationAppSignIn] Purging invalid notification records
2024-03-10 17:25:04.928 Df SpringBoard[2714:2352] [com.apple.UserNotifications:RemoteNotifications] [com.apple.mobilephone] Update enabled user notifications for remote notifications: YES
2024-03-10 17:25:04.957 Df SpringBoard[2714:21f2] [com.apple.FrontBoard:Process] Adding: <FBExtensionProcess: 0x7fe7d6f9bf00; xpcservice<com.apple.news.widget([osservice<com.apple.chronod>:2762])>:2833(v15A6)>
2024-03-10 17:25:04.957 Df SpringBoard[2714:2352] [com.apple.UserNotifications:RemoteNotifications] [com.apple.mobilephone] Enable user notifications for remote notifications
2024-03-10 17:25:04.956 Df containermanagerd[2757:1f98] [com.apple.containermanager:fs] stat [/Users/chef/Library/Developer/CoreSimulator/Devices/FA441BBB-4AC7-424C-8E75-DDA61780E4A0/data/Containers/Shared/SystemGroup/systemgroup.com.apple.configurationprofiles/.com.apple.mobile_container_manager.metadata.plist]: exists: 1, isDirectory: 0, fsNode: <MCMFSNode: 0x60000235da20; inode = 1571300, device = 16777229, ctime = 1676042344>
2024-03-10 17:25:04.960 Df voiced[2847:23f7] [com.apple.trial:_] Released managed-directory lock: /Users/chef/Library/Developer/CoreSimulator/Devices/FA441BBB-4AC7-424C-8E75-DDA61780E4A0/data/Library/Trial/NamespaceDescriptors/v2/factorPackSets/88b26bf3-6dcf-42dd-8c3d-06cba2bb1ea7/legacyNamespaceFactorPacks/SIRI_TEXT_TO_SPEECH
2024-03-10 17:25:04.947 Df cloudd[2767:2491] [com.apple.cloudkit.sim:Request] req: 147DA6B2-6537-41C9-AA1C-ED8F0D3F10CA, "URLSession:dataTask:didReceiveData: 911 bytes"
2024-03-10 17:25:04.956 Df containermanagerd[2757:1f98] [com.apple.containermanager:query] Query result: count = 1, error = (null)
2024-03-10 17:25:04.956 Df SpringBoard[2714:24bf] [com.apple.BulletinBoard:Connection] BBDataProviderProxy setting server proxy: <_NSXPCDistantObject: 0x60000226e350>
2024-03-10 17:25:04.949 A  PosterBoard[2838:24c9] (libsystem_containermanager.dylib) container_system_group_path_for_identifier
2024-03-10 17:25:04.956 Df containermanagerd[2757:1f98] [com.apple.containermanager:xpc] [600] command=39, client=<com.apple.PosterBoard, u=<600/20/600/2/600>, uid=600, pid=2838, sandboxed=0, platform=7 (1/1/1) [(null)], cached>, error=(null)
2024-03-10 17:25:04.956 A  runningboardd[2718:1f95] (RunningBoard) subscribeToProcessDeath
2024-03-10 17:25:04.935 Df SpringBoard[2714:21ef] [com.apple.UserNotifications:LocalNotifications] [com.apple.MobileSMS] Load 0 pending notification dictionaries
2024-03-10 17:25:04.949 Df PosterBoard[2838:24c9] [com.apple.containermanager:xpc] Requesting container lookup; class = 13, identifier = (null), group_identifier = systemgroup.com.apple.configurationprofiles, create = 1, temp = 0, euid = 600, uid = 600
2024-03-10 17:25:04.966 Df voiced[2847:23f7] [com.apple.voiceserviceslogging:event] Updating target voice: Type:undefined, Name: nora, Languages: en-US, Gender: female, Footprint: unknown, Installed: 0, ContentVersion: (null), MasteredVersion: (null), downloadSize: (null), isBuiltIn: 0
2024-03-10 17:25:04.967 Df UserEventAgent[2717:1f69] [com.apple.xpc.activity:Activities] Initiating XPC Activity: com.apple.cs.postinstall (0x7f7d5780a3c0)
2024-03-10 17:25:04.958 Df SpringBoard[2714:2352] [com.apple.UserNotifications:LocalNotifications] [com.apple.mobilephone] Enabled visible user notifications for remote notifications
2024-03-10 17:25:04.949 A  PosterBoard[2838:24c9] (libsystem_containermanager.dylib) container_query_t
2024-03-10 17:25:04.934 Df SpringBoard[2714:24cb] [com.apple.locationd.Core:Client] {"msg":"CLLocationManager", "event":activity, "_cmd":monitoredRegions, "self":"0x600000041120"}
2024-03-10 17:25:04.950 Df PosterBoard[2838:24c9] [com.apple.containermanager:xpc] Query; euid = 600, uid = 600, query = <dictionary: 0x600002bb41e0> { count = 8, transaction: 0, voucher = 0x0, contents =
	"ContainerClass" => <uint64: 0x8271ef416489cbe9>: 13
	"Platform" => <uint64: 0x8271ef416489cbe3>: 7
	"Flags" => <uint64: 0x8271ef486489cbe7>: 38654705667
	"Explicit" => <uint64: 0x8271ef416489cbc2>: 38
	"PrivateFlags" => <uint64: 0x8271ef416489cbe7>: 3
	"Transient" => <bool: 0x7ff860004fc0>: false
	"Command" => <uint64: 0x8271ef416489cbc3>: 39
	"GroupIdentifiers" => <array: 0x6000001a3c00> { count = 1, capacity = 10, contents =
		0: <string: 0x6000001a3390> { length = 43, contents = "systemgroup.com.apple.configurationprofiles" }
	}
}
2024-03-10 17:25:04.931 E  SpringBoard[2714:24b7] [com.apple.BulletinBoard:Settings] Encountered error obtaining application record for section com.apple.SensorKit.reminder: The operation couldnt be completed. (OSStatus error -10814.)
2024-03-10 17:25:04.957 Df PosterBoard[2838:24c9] [com.apple.containermanager:unspecified] container_query_get_single_result: success
2024-03-10 17:25:04.960 Df SpringBoard[2714:2352] [com.apple.UserNotifications:RemoteNotifications] Calcualate topics because user notification settings authorization changed
2024-03-10 17:25:04.973 E  cfprefsd[2753:1f64] [com.apple.defaults:cfprefsd] Couldn't open parent path due to [2: No such file or directory]
2024-03-10 17:25:04.975 E  cfprefsd[2753:1f64] [com.apple.defaults:cfprefsd] Couldn't open parent path due to [2: No such file or directory]
2024-03-10 17:25:04.976 Df voiced[2847:23f7] [com.apple.trial:_] Acquired managed-directory lock: /Users/chef/Library/Developer/CoreSimulator/Devices/FA441BBB-4AC7-424C-8E75-DDA61780E4A0/data/Library/Trial/NamespaceDescriptors/v2/factorPackSets/88b26bf3-6dcf-42dd-8c3d-06cba2bb1ea7
2024-03-10 17:25:04.977 Df voiced[2847:23f7] [com.apple.trial:_] Acquired managed-directory lock: /Users/chef/Library/Developer/CoreSimulator/Devices/FA441BBB-4AC7-424C-8E75-DDA61780E4A0/data/Library/Trial/NamespaceDescriptors/v2/factorPackSets/88b26bf3-6dcf-42dd-8c3d-06cba2bb1ea7/legacyNamespaceFactorPacks/SIRI_TEXT_TO_SPEECH
2024-03-10 17:25:04.929 Df SpringBoard[2714:24bd] [com.apple.UIKit:AssetManager] Could not load asset catalog from bundle NSBundle </Volumes/Xcode/Xcode_14.2.app/Contents/Developer/Platforms/iPhoneOS.platform/Library/Developer/CoreSimulator/Profiles/Runtimes/iOS.simruntime/Contents/Resources/RuntimeRoot/System/Library/UserNotifications/Bundles/com.apple.RPUserNotificationAppSignIn.bundle> (not yet loaded): Error Domain=NSCocoaErrorDomain Code=260 "RunTimeThemeRefForBundleIdentifierAndName() couldn't find Assets.car in bundle with identifier: com.apple.RPUserNotificationAppSignIn" UserInfo={NSLocalizedDescription=RunTimeThemeRefForBundleIdentifierAndName() couldn't find Assets.car in bundle with identifier: com.apple.RPUserNotificationAppSignIn}
2024-03-10 17:25:04.960 E  SpringBoard[2714:21ef] [com.apple.UserNotifications:DataStore] No data found at /Users/chef/Library/Developer/CoreSimulator/Devices/FA441BBB-4AC7-424C-8E75-DDA61780E4A0/data/Library/UserNotifications/F7B2928F-686A-4AC0-96DC-ABF8581A1DB6/Schedule.plist
2024-03-10 17:25:04.928 Df SpringBoard[2714:225a] [com.apple.UserNotifications:DataProvider] [com.apple.accountnotifications] data provider loaded
2024-03-10 17:25:04.963 Df SpringBoard[2714:24cb] [com.apple.UserNotifications:LocalNotifications] [com.apple.mobilephone] Setting 0 monitored regions [ stop: 0 start: 0 ]
2024-03-10 17:25:04.959 A  PosterBoard[2838:24c9] (libsystem_containermanager.dylib) container_copy_object
2024-03-10 17:25:04.958 Df SpringBoard[2714:24bf] [com.apple.UserNotifications:DataProviderFactory] [com.apple.Safari.PasswordBreachNotifications] Did create default data provider
2024-03-10 17:25:04.959 Df PosterBoard[2838:24c9] [com.apple.containermanager:unspecified] container_system_group_path_for_identifier: success
2024-03-10 17:25:04.959 Df SpringBoard[2714:2351] [com.apple.BulletinBoard:Connection] BBDataProviderProxy resuming proxy queue
2024-03-10 17:25:04.965 E  SpringBoard[2714:24bd] [com.apple.UserNotificationsKit:Icons] Notification icon is smaller than expanded size of 40.000000: AppleTVIcon in bundle /Volumes/Xcode/Xcode_14.2.app/Contents/Developer/Platforms/iPhoneOS.platform/Library/Developer/CoreSimulator/Profiles/Runtimes/iOS.simruntime/Contents/Resources/RuntimeRoot/System/Library/UserNotifications/Bundles/com.apple.RPUserNotificationAppSignIn.bundle
2024-03-10 17:25:04.965 Df SpringBoard[2714:21ef] [com.apple.UserNotifications:LocalNotifications] [com.apple.MobileSMS] Load last local notification fire date: (null)
2024-03-10 17:25:04.975 Df SpringBoard[2714:21f2] [com.apple.UserNotificationsKit:Lists] NCNotificationListPersistentStateManager successfully wrote notification list persistent state to file
2024-03-10 17:25:04.974 Df SpringBoard[2714:24bf] [com.apple.UserNotifications:DataProviderFactory] [com.apple.Safari.PasswordBreachNotifications] Purging invalid notification records
2024-03-10 17:25:04.985 Df SpringBoard[2714:21ef] [com.apple.UserNotifications:LocalNotifications] [com.apple.MobileSMS] Update timers for 0 pending notifications (monitoring: 0)
2024-03-10 17:25:04.961 Df SpringBoard[2714:24b7] [com.apple.BulletinBoard:Settings] Section settings for data provider com.apple.SensorKit.reminder: <BBSectionInfo: 0x60000357dfa0> Section com.apple.SensorKit.reminder <BBSectionInfoSettings: 0x60000306b0f0> Section settings: authorized = Authorized, authorization expiration date = (null), last user granted authorization date = (null), mute configuartion = (null), notification center = YES, scheduled delivery = NO, announce setting = Disabled, shows on external devices = YES, shows custom settings = NO, content preview setting = Always show, Alert style = Banner, Push settings = [s:--A] [e:--A], grouping = Default (unmanaged) 'Sensor & Usage Data', hidden from settings
2024-03-10 17:25:04.992 E  cfprefsd[2753:1f64] [com.apple.defaults:cfprefsd] Couldn't open parent path due to [2: No such file or directory]
2024-03-10 17:25:04.989 Df SpringBoard[2714:21ef] [com.apple.UserNotifications:LocalNotifications] [com.apple.MobileSMS] Invalidate persistent timer
2024-03-10 17:25:04.990 Df SpringBoard[2714:24b7] [com.apple.BulletinBoard:General] BBServer: Update bulletins in section com.apple.SensorKit.reminder for feed 1
2024-03-10 17:25:04.987 Df CalendarWidgetExtension[2860:2413] [com.apple.reminderkit:xpc] Created new REMXPCDaemonController {self: <REMXPCDaemonController: 0x600001184d40 serviceName:com.apple.remindd>}
2024-03-10 17:25:04.995 Df cloudd[2767:2491] [com.apple.CFNetwork:Summary] Task <E620F17D-5F07-4D9E-A7F3-D22C40FDA7DF>.<1> summary for task success {transaction_duration_ms=369, response_status=200, connection=3, protocol="h2", domain_lookup_duration_ms=28, connect_duration_ms=141, secure_connection_duration_ms=83, private_relay=false, request_start_ms=269, request_duration_ms=0, response_start_ms=302, response_duration_ms=0, request_bytes=539, response_bytes=1342, cache_hit=false}
2024-03-10 17:25:04.994 E  cfprefsd[2753:1f64] [com.apple.defaults:cfprefsd] Couldn't open parent path due to [2: No such file or directory]
2024-03-10 17:25:04.991 E  SpringBoard[2714:21ef] [com.apple.UserNotifications:DataStore] No data found at /Users/chef/Library/Developer/CoreSimulator/Devices/FA441BBB-4AC7-424C-8E75-DDA61780E4A0/data/Library/UserNotifications/F7B2928F-686A-4AC0-96DC-ABF8581A1DB6/Schedule.plist
2024-03-10 17:25:04.995 Df cloudd[2767:2491] (CFNetwork) Task <E620F17D-5F07-4D9E-A7F3-D22C40FDA7DF>.<1> finished successfully
2024-03-10 17:25:04.991 Df SpringBoard[2714:21ef] [com.apple.UserNotifications:LocalNotifications] [com.apple.MobileSMS] Load last local notification fire date: (null)
2024-03-10 17:25:04.992 Df SpringBoard[2714:24b6] [com.apple.BulletinBoard:Connection] BBDataProviderProxy setting server proxy: <_NSXPCDistantObject: 0x6000021d6da0>
2024-03-10 17:25:04.991 Df SpringBoard[2714:24b7] [com.apple.BulletinBoard:Connection] BBDataProviderManager adding data provider <BBRemoteDataProvider 0x600002276c10; com.apple.Sharing.AirDropUIRemoteNotifications> to BBServer
2024-03-10 17:25:04.993 Df SpringBoard[2714:24b6] [com.apple.UserNotifications:DataProviderFactory] [com.apple.SensorKit.reminder] Did create default data provider
2024-03-10 17:25:04.992 Df SpringBoard[2714:21ef] [com.apple.UserNotifications:LocalNotifications] [com.apple.MobileSMS] Find next notification with current trigger date after last fire date 0001-01-01 00:00:00.000 +0000
2024-03-10 17:25:04.994 Df SpringBoard[2714:24b6] [com.apple.UserNotifications:DataProviderFactory] [com.apple.SensorKit.reminder] Purging invalid notification records
2024-03-10 17:25:04.960 Df PosterBoard[2838:24c9] [com.apple.devicemanagementclient:DMC] Got system group container path from MCM for systemgroup.com.apple.configurationprofiles: /Users/chef/Library/Developer/CoreSimulator/Devices/FA441BBB-4AC7-424C-8E75-DDA61780E4A0/data/Containers/Shared/SystemGroup/systemgroup.com.apple.configurationprofiles
2024-03-10 17:25:04.996 Df SpringBoard[2714:1f24] [com.apple.UserNotificationsKit:Lists] Destination CSCombinedListViewController updating notification section settings for section com.apple.RPUserNotificationAppSignIn
2024-03-10 17:25:04.996 Df SpringBoard[2714:1f24] [com.apple.UserNotificationsKit:Lists] Notification List [NCNotificationStructuredListViewController] updating notification section settings for section com.apple.RPUserNotificationAppSignIn
2024-03-10 17:25:04.997 Df cloudd[2767:2496] [com.apple.c2:default] captureMetricsForTask=CKDContainerSpecificInfoURLRequest requestUUID:147DA6B2-6537-41C9-AA1C-ED8F0D3F10CA:host=gateway.icloud.com:remoteAddress=17.248.192.1:443:localAddress=10.125.7.67:49252:connectionUUID=1801C577-1E2C-495F-AFE4-2681DBC153B0:qualityOfService=utility:reuse=0:i=en3:tlsVersion=TLSv13:protocol=h2:requestHeaderBytes=539:requestBodyBytes=0:responseHeaderBytes=422:responseBodyBytes=920:err=F:dnsDuration=0.028:tcpStartDelay=0.015:tcpDuration=0.141:sslStartDelay=0.058:sslDuration=0.113:requestStartDelay=0.030:requestDuration=0.000:responseStartDelay=0.033:responseDuration=0.001:transactionDuration=0.034:outOfProcess=F:allowCellular=T:allowExpensive=F:powerNap=F:app=com.apple.siri.embeddedspeech:2app=:pool=com.apple.cloudkit.BackgroundConnectionPool:tlsPinning=T:retryNetworkFailures=F:disc=F:duet=none:reqTimeout=300.00:resTimeout=-1.00:appleIdSessionId=:metricRequest=F
2024-03-10 17:25:04.967 E  PosterBoard[2838:24c5] [com.apple.PaperBoardUI:Common] Start wallpaper migration
2024-03-10 17:25:04.997 Df SpringBoard[2714:1f24] [com.apple.SpringBoard:CoverSheet] Ignoring redundant update for <CSCombinedListViewController: 0x7fe7d8820200> because there is no content
2024-03-10 17:25:05.001 Df com.apple.siri.embeddedspeech[2827:235b] [com.apple.trial:_] Released managed-directory lock: /Users/chef/Library/Developer/CoreSimulator/Devices/FA441BBB-4AC7-424C-8E75-DDA61780E4A0/data/Library/Trial/NamespaceDescriptors/v2/factorPackSets/46b3ffca-bc33-4122-8770-30eb34637dd5
2024-03-10 17:25:04.969 Df PosterBoard[2838:22aa] [com.apple.UIKit:Application] Deactivation reason removed: 10; deactivation reasons: 3072 -> 2048; animating application lifecycle event: 0
2024-03-10 17:25:04.998 Df SpringBoard[2714:1f24] [com.apple.SpringBoard:CoverSheet] Ignoring redundant update for <CSCombinedListViewController: 0x7fe7d8820200> because there is no content
2024-03-10 17:25:04.984 Df PosterBoard[2838:22aa] [com.apple.BoardServices:Bootstrap] automatic bootstrapping is complete
2024-03-10 17:25:04.998 Df SpringBoard[2714:1f24] [com.apple.SpringBoard:CoverSheet] Ignoring redundant update for <CSCombinedListViewController: 0x7fe7d8820200> because there is no content
2024-03-10 17:25:05.006 Df budd[2793:20db] [com.apple.purplebuddy:general] budd running
2024-03-10 17:25:04.997 E  PosterBoard[2838:24c5] [com.apple.PaperBoardUI:Common] Hello NOT iPad, trying to restoreDefaultWallpaperForAllVariantsAndNotify? not today.
2024-03-10 17:25:04.996 E  SpringBoard[2714:2351] [com.apple.BaseBoard:Common]  **** failed to open fd at tempPath=/Users/chef/Library/Developer/CoreSimulator/Devices/FA441BBB-4AC7-424C-8E75-DDA61780E4A0/data/tmp/sectionInfoIcon.AppleTVIcon./Volumes/Xcode/Xcode_14.2.app/Contents/Developer/Platforms/iPhoneOS.platform/Library/Developer/CoreSimulator/Profiles/Runtimes/iOS.simruntime/Contents/Resources/RuntimeRoot/System/Library/UserNotifications/Bundles/com.apple.RPUserNotificationAppSignIn.bundle.(null).(null).17.cpbitmap.HpdstO
2024-03-10 17:25:04.996 E  SpringBoard[2714:24b7] [com.apple.BulletinBoard:Settings] Encountered error obtaining application record for section com.apple.Sharing.AirDropUIRemoteNotifications: The operation couldnt be completed. (OSStatus error -10814.)
2024-03-10 17:25:04.994 Df SpringBoard[2714:21ef] [com.apple.UserNotifications:LocalNotifications] [com.apple.MobileSMS] No upcoming local notifications
2024-03-10 17:25:05.000 Df SpringBoard[2714:24b7] [com.apple.BulletinBoard:Settings] Section settings for data provider com.apple.Sharing.AirDropUIRemoteNotifications: <BBSectionInfo: 0x6000035765d0> Section com.apple.Sharing.AirDropUIRemoteNotifications <BBSectionInfoSettings: 0x60000304def0> Section settings: authorized = Authorized, authorization expiration date = (null), last user granted authorization date = (null), mute configuartion = (null), scheduled delivery = NO, announce setting = Disabled, shows on external devices = YES, shows custom settings = NO, content preview setting = Default Setting, Alert style = Banner, Push settings = [s:--A] [e:--A], grouping = Default (unmanaged) 'AirDrop', hidden from settings
2024-03-10 17:25:05.003 E  PosterBoard[2838:24c5] [com.apple.PaperBoardUI:Common] Start wallpaper migration
2024-03-10 17:25:04.995 Df SpringBoard[2714:24b6] [com.apple.BulletinBoard:Connection] BBDataProviderProxy resuming proxy queue
2024-03-10 17:25:05.008 Df cloudd[2767:2496] [com.apple.c2:default] [<C2Session: 0x600000d543f0> removeTask:<C2SessionTask: 0x600001b488a0>] - withDescription:CKDContainerSpecificInfoURLRequest requestUUID:147DA6B2-6537-41C9-AA1C-ED8F0D3F10CA
2024-03-10 17:25:05.015 E  PosterBoard[2838:24c5] [com.apple.PaperBoardUI:Common] Hello NOT iPad, trying to restoreDefaultWallpaperForAllVariantsAndNotify? not today.
2024-03-10 17:25:05.015 Df mediaanalysisd[2813:2180] [com.apple.xpc.activity:Client] xpc_activity_register: com.apple.mediaanalysisd.preheat, criteria: check-in
2024-03-10 17:25:05.016 Df distnoted[2740:1f66] [com.apple.distnoted:diagnostic] register name: com.apple.LaunchServices.applicationRegistered object: kCFNotificationAnyObject token: 100000000 pid: 2860
2024-03-10 17:25:05.002 Df SpringBoard[2714:2352] [com.apple.BulletinBoard:Connection] BBDataProviderProxy setting server proxy: <_NSXPCDistantObject: 0x600002275b30>
2024-03-10 17:25:05.016 Df distnoted[2740:1f66] [com.apple.distnoted:diagnostic] register name: com.apple.LaunchServices.applicationUnregistered object: kCFNotificationAnyObject token: 200000001 pid: 2860
2024-03-10 17:25:05.010 Df SpringBoard[2714:2352] [com.apple.UserNotifications:DataProviderFactory] [com.apple.Sharing.AirDropUIRemoteNotifications] Did create default data provider
2024-03-10 17:25:05.016 Df mediaanalysisd[2813:21b5] [com.apple.xpc.activity:Client] _xpc_activity_set_criteria: com.apple.mediaanalysisd.photos.face (0x600002720320), check-in
2024-03-10 17:25:05.008 Df cloudd[2767:2496] [com.apple.cloudkit.sim:Request] req: 147DA6B2-6537-41C9-AA1C-ED8F0D3F10CA, "URLSession:task:didCompleteWithError: (null)"
2024-03-10 17:25:05.002 Df SpringBoard[2714:24bd] [com.apple.UIKit:AssetManager] Could not load asset catalog from bundle NSBundle </Volumes/Xcode/Xcode_14.2.app/Contents/Developer/Platforms/iPhoneOS.platform/Library/Developer/CoreSimulator/Profiles/Runtimes/iOS.simruntime/Contents/Resources/RuntimeRoot/System/Cryptexes/App/System/Library/UserNotifications/Bundles/com.apple.Safari.PasswordBreachNotifications.bundle> (not yet loaded): Error Domain=NSCocoaErrorDomain Code=260 "RunTimeThemeRefForBundleIdentifierAndName() couldn't find Assets.car in bundle with identifier: com.apple.Safari.PasswordBreachNotifications" UserInfo={NSLocalizedDescription=RunTimeThemeRefForBundleIdentifierAndName() couldn't find Assets.car in bundle with identifier: com.apple.Safari.PasswordBreachNotifications}
2024-03-10 17:25:05.001 Df SpringBoard[2714:21ef] [com.apple.UserNotifications:LocalNotifications] [com.apple.MobileSMS] Update regions for 0 pending notifications
2024-03-10 17:25:05.013 Df cloudd[2767:2496] [com.apple.cloudkit.sim:Request] req: 147DA6B2-6537-41C9-AA1C-ED8F0D3F10CA, "_finishOnLifecycleQueueWithError:, asked to finish with error (null)"
2024-03-10 17:25:05.002 Df SpringBoard[2714:24b7] [com.apple.BulletinBoard:Connection] BBDataProviderManager adding data provider <BBRemoteDataProvider 0x600002271c20; com.apple.Sharing.b7ce1794a1c8766816fc7b7500742862> to BBServer
2024-03-10 17:25:05.026 Df PosterBoard[2838:24c5] [com.apple.PosterBoardServices:DataStoreMigration] Data store migration not needed (current 20C52 vs stashed 20C52).
2024-03-10 17:25:05.011 Df SpringBoard[2714:2352] [com.apple.UserNotifications:DataProviderFactory] [com.apple.Sharing.AirDropUIRemoteNotifications] Purging invalid notification records
2024-03-10 17:25:05.021 Df SpringBoard[2714:1f24] [com.apple.UserNotificationsKit:Lists] Destination CSCombinedListViewController updating notification section settings for section com.apple.Safari.PasswordBreachNotifications
2024-03-10 17:25:05.022 Df SpringBoard[2714:1f24] [com.apple.UserNotificationsKit:Lists] Notification List [NCNotificationStructuredListViewController] updating notification section settings for section com.apple.Safari.PasswordBreachNotifications
2024-03-10 17:25:05.027 Df SpringBoard[2714:1f24] [com.apple.SpringBoard:CoverSheet] Ignoring redundant update for <CSCombinedListViewController: 0x7fe7d8820200> because there is no content
2024-03-10 17:25:05.034 E  cfprefsd[2753:1f6f] [com.apple.defaults:cfprefsd] Couldn't open parent path due to [2: No such file or directory]
2024-03-10 17:25:05.036 E  cfprefsd[2753:1f6f] [com.apple.defaults:cfprefsd] Couldn't open parent path due to [2: No such file or directory]
2024-03-10 17:25:05.036 E  cfprefsd[2753:1f6f] [com.apple.defaults:cfprefsd] Couldn't open parent path due to [2: No such file or directory]
2024-03-10 17:25:05.028 Df SpringBoard[2714:1f24] [com.apple.SpringBoard:CoverSheet] Ignoring redundant update for <CSCombinedListViewController: 0x7fe7d8820200> because there is no content
2024-03-10 17:25:05.029 Df SpringBoard[2714:1f24] [com.apple.SpringBoard:CoverSheet] Ignoring redundant update for <CSCombinedListViewController: 0x7fe7d8820200> because there is no content
2024-03-10 17:25:05.030 Df SpringBoard[2714:1f24] [com.apple.UserNotificationsKit:Lists] Destination CSCombinedListViewController updating notification section settings for section com.apple.SensorKit.reminder
2024-03-10 17:25:05.037 E  cfprefsd[2753:1f6f] [com.apple.defaults:cfprefsd] Couldn't open parent path due to [2: No such file or directory]
2024-03-10 17:25:05.047 Df NewsToday2[2833:2277] [com.apple.Accessibility:AXSupportCommon] Read CategoryName: per-app = 1, category name = (null)
2024-03-10 17:25:05.047 Df NewsToday2[2833:2277] [com.apple.Accessibility:AXSupportCommon] Read CategoryName: per-app = 0, category name = (null)
2024-03-10 17:25:05.051 Df PosterBoard[2838:24c5] [com.apple.PosterBoard:Reaper] Cleaned up abandoned data store url 'file:///Users/chef/Library/Developer/CoreSimulator/Devices/FA441BBB-4AC7-424C-8E75-DDA61780E4A0/data/Library/Application%20Support/com.apple.ap.promotedcontentd/'
2024-03-10 17:25:05.031 Df SpringBoard[2714:1f24] [com.apple.UserNotificationsKit:Lists] Notification List [NCNotificationStructuredListViewController] updating notification section settings for section com.apple.SensorKit.reminder
2024-03-10 17:25:05.060 Df distnoted[2740:1f66] [com.apple.distnoted:diagnostic] unregister token: 100000000 pid: 2860
2024-03-10 17:25:05.062 Df assetsd[2857:2489] [com.apple.photos.backend:PhotosObjectLifecycle] PLCloudPhotoLibraryManager initializing lazy recoveryManager, was null
2024-03-10 17:25:05.063 E  cfprefsd[2753:1f6f] [com.apple.defaults:cfprefsd] Couldn't open parent path due to [2: No such file or directory]
2024-03-10 17:25:05.032 Df SpringBoard[2714:1f24] [com.apple.SpringBoard:CoverSheet] Ignoring redundant update for <CSCombinedListViewController: 0x7fe7d8820200> because there is no content
2024-03-10 17:25:05.063 Df assetsd[2857:2489] [com.apple.photos.backend:Migration] Photo library is not ready for Cloud Photos [status: libraryServicesManager is not ready: prep-post-migration]. Waiting for library at file:///Users/chef/Library/Developer/CoreSimulator/Devices/FA441BBB-4AC7-424C-8E75-DDA61780E4A0/data/Media/
2024-03-10 17:25:05.064 E  cfprefsd[2753:1f6f] [com.apple.defaults:cfprefsd] Couldn't open parent path due to [2: No such file or directory]
2024-03-10 17:25:05.056 Df cloudd[2767:2496] [com.apple.cloudkit.sim:OP] Finished operation <CKDContainerSpecificInfoOperation: 0x7f938a9217b0; qos=Utility, operationID=BAFDCFA3D4AF0F0F, requestIDs=[147DA6B2-6537-41C9-AA1C-ED8F0D3F10CA], operationGroupID=5462C4E0668D9F6F, operationGroupName=UserActionExplicit, stateFlags=executing, flags=allows-cellular, runningFor=0.63, applicationBundleIdentifierOverrideForNetworkAttribution=com.apple.siri.embeddedspeech, currentAccountID=AnonymousAccount, applicationBundleIdentifierOverrideForContainerAccess=com.apple.triald, request=<CKDContainerSpecificInfoURLRequest: 0x7f938a91e030; UUID=147DA6B2-6537-41C9-AA1C-ED8F0D3F10CA, stateFlags=finished, flags=foreground|allows-cellular|deny-expensive>, containerID=com.apple.trial> metrics=<CKOperationMetrics: 0x600003f74fa0; cloudKitMetrics=<CKMetric: 0x600000d54750; startDate=2024-03-10 17:25:04 +0000, duration=0.630, queueing=0.198, executing=1.015, bytesUploaded=0, bytesDownloaded=911, connections=1, connectionsCreated=1, totalBytesByChunkProfile={  }, chunkCountByChunkProfile={  }, fileCountByChunkProfile<decode: missing data><decode: missing data>
2024-03-10 17:25:05.067 Df distnoted[2740:1f66] [com.apple.distnoted:diagnostic] unregister token: 200000001 pid: 2860
2024-03-10 17:25:05.032 Df SpringBoard[2714:1f24] [com.apple.SpringBoard:CoverSheet] Ignoring redundant update for <CSCombinedListViewController: 0x7fe7d8820200> because there is no content
2024-03-10 17:25:05.063 Df assetsd[2857:2485] [com.apple.photos.backend:PhotosObjectLifecycle] PLCloudPhotoLibraryManager initializing lazy cacheDeleteSupport, was null
2024-03-10 17:25:05.071 Df cloudd[2767:2491] [com.apple.cloudkit.sim:Request] req: 6D9E3FEA-1CC9-4FBA-8EBA-FE46F1EFF51E, "<CKDQueryURLRequest: 0x7f938ab08270 6D9E3FEA-1CC9-4FBA-8EBA-FE46F1EFF51E> Requires configuration, getting it"
2024-03-10 17:25:05.073 E  backboardd[2732:220d] [com.apple.BackBoard:EventDelivery] ignoring non-routable key commands for pid:2838 ((code: 29))
2024-03-10 17:25:05.032 Df SpringBoard[2714:1f24] [com.apple.SpringBoard:CoverSheet] Ignoring redundant update for <CSCombinedListViewController: 0x7fe7d8820200> because there is no content
2024-03-10 17:25:05.063 Df assetsd[2857:2485] [com.apple.photos.backend:PhotosObjectLifecycle] PLCloudPhotoLibraryManager initializing lazy resourceManager, was null
2024-03-10 17:25:05.071 Df cloudd[2767:2491] [com.apple.cloudkit.sim:Request] req: 6D9E3FEA-1CC9-4FBA-8EBA-FE46F1EFF51E, "<CKDQueryURLRequest: 0x7f938ab08270 6D9E3FEA-1CC9-4FBA-8EBA-FE46F1EFF51E> Requires device id, getting it"
2024-03-10 17:25:05.073 Df backboardd[2732:220d] [com.apple.BackBoard:EventDelivery] new key command registrations for pid:2838 env:keyboardFocus token:(null) (
    cmd|ctrl-s,
    cmd-b,
    glb-E,
    cmd-c,
    cmd-(52:upArrow),
    cmd-"-",
    cmd-(51:downArrow),
    cmd-(50:leftArrow),
    cmd-e,
    cmd|shft-g,
    glb-D,
    cmd-f,
    cmd-(4F:rightArrow),
    cmd-"+",
    cmd-g,
    cmd-u,
    cmd-"?",
    cmd-v,
    cmd-i,
    cmd-x,
    cmd|shft-z,
    cmd-z,
    cmd|opt-f,
    cmd|opt|shft-v,
    cmd|ctrl-" ",
    cmd-a,
    glb|ctrl|opt|shft|capslock|numpad-" "
)
2024-03-10 17:25:05.022 E  SpringBoard[2714:21f2] [com.apple.BaseBoard:Common]  **** failed to open fd at tempPath=/Users/chef/Library/Developer/CoreSimulator/Devices/FA441BBB-4AC7-424C-8E75-DDA61780E4A0/data/tmp/sectionInfoIcon.com.apple.Dataclass.KeychainSync./Volumes/Xcode/Xcode_14.2.app/Contents/Developer/Platforms/iPhoneOS.platform/Library/Developer/CoreSimulator/Profiles/Runtimes/iOS.simruntime/Contents/Resources/RuntimeRoot/System/Library/UserNotifications/Bundles/com.apple.Safari.PasswordBreachNotifications.bundle.(null).(null).17.cpbitmap.jZZXpu
2024-03-10 17:25:05.063 Df assetsd[2857:2485] [com.apple.photos.cpl:client.assetsd.manager.systemlibrary] Setting up resource manager
2024-03-10 17:25:05.087 A  cloudd[2767:2491] (Security) SecItemCopyMatching_ios
2024-03-10 17:25:05.063 Df assetsd[2857:2489] [com.apple.photos.backend:LibraryServices] LSM-0x7feaa3b099c0: Completed operation <PLLibraryServicesOperation: 0x7feaa3d0b1b0>{name = 'Initialize CPL manager'} in 0.138693 seconds with QoS QOS_CLASS_UTILITY
2024-03-10 17:25:05.088 Df cloudd[2767:2491] [com.apple.securityd:secitemratelimit] Not internal release, disabling SIRL
2024-03-10 17:25:05.063 Df assetsd[2857:2489] [com.apple.photos.backend:LibraryServices] LSM-0x7feaa3b099c0: Starting operation <PLLibraryServicesOperation: 0x7feaa3d0b2f0>{name = 'Backup exclusion attribute'} with QoS QOS_CLASS_UTILITY
2024-03-10 17:25:05.089 Df cloudd[2767:2491] [com.apple.securityd:xpc] Adding securityd connection to pool, total now 1
2024-03-10 17:25:05.069 Df assetsd[2857:2489] [com.apple.photos.backend:LibraryServices] LSM-0x7feaa3b099c0: Completed operation <PLLibraryServicesOperation: 0x7feaa3d0b2f0>{name = 'Backup exclusion attribute'} in 0.005849 seconds with QoS QOS_CLASS_UTILITY
2024-03-10 17:25:05.069 Df assetsd[2857:2489] [com.apple.photos.backend:LibraryServices] LSM-0x7feaa3b099c0: Transition from library services state prep-post-migration to prep-accessible
2024-03-10 17:25:05.072 Df assetsd[2857:2485] [com.apple.photos.backend:Backend] Using NSPersistentStoreTrackIndexUseOptionKey = NO for store at fs=16777229/file=1574990
2024-03-10 17:25:05.069 Df assetsd[2857:2487] [com.apple.photos.backend:LibraryServices] LSM-0x7feaa3b099c0: Starting operation <PLLibraryServicesOperation: 0x7feaa3d0acb0>{name = 'Notify library availability'} with QoS QOS_CLASS_UTILITY
2024-03-10 17:25:05.087 Df assetsd[2857:2485] [com.apple.photos.backend:LibraryServices] LSM-0x7feaa3b099c0: Waiting for await operation to finish: <PLLibraryServicesOperation: 0x7feaa3c12300>{name = 'Await Operation'} at QoS: QOS_CLASS_DEFAULT
2024-03-10 17:25:05.088 Df assetsd[2857:2487] [com.apple.photos.backend:LibraryServices] LSM-0x7feaa3b099c0: Completed operation <PLLibraryServicesOperation: 0x7feaa3d0acb0>{name = 'Notify library availability'} in 0.018338 seconds with QoS QOS_CLASS_UTILITY
2024-03-10 17:25:05.089 Df assetsd[2857:2487] [com.apple.photos.backend:LibraryServices] LSM-0x7feaa3b099c0: Starting operation <PLLibraryServicesOperation: 0x7feaa3b09b50>{name = 'File System Import Notify Enter'} with QoS QOS_CLASS_UTILITY
2024-03-10 17:25:05.094 Df NewsToday2[2833:2277] fetching content for request ContentServiceRequest(operationInfo: <NTPBTodayResultOperationInfo: 0x6000012e14d0> {
    "allow_section_titles" = 0;
    "assets_directory_file_URL_string" = "file:///Users/chef/Library/Developer/CoreSimulator/Devices/FA441BBB-4AC7-424C-8E75-DDA61780E4A0/data/Library/Caches/";
    "dynamic_thumbnail_size_preset_minimum_height_in_pixels" = 338;
    "dynamic_thumbnail_size_preset_minimum_width_in_pixels" = 338;
    "embeds_limit" = 0;
    "fetch_widget_config" = 1;
    "keyboard_input_mode" = "en-US";
    "quality_of_service" = 25;
    request =     {
        "module_descriptor_type" = 0;
    };
    "respects_widget_slots_limit" = 1;
    "respects_widget_visible_sections_per_queue_limit" = 1;
    scale = 2;
    "section_slot_cost_info" =     {
        "headline_slot_cost" = 169;
        "section_footer_slot_cost" = 0;
        "section_title_slot_cost" = 0;
    };
    "slots_limit" = 169;
    "source_name_image_size_preset" = 0;
    "thumbnail_size_preset" = 3;
    "widget_size" = 1;
}, layoutContext: <>
2024-03-10 17:25:05.097 Df assetsd[2857:2487] [com.apple.photos.backend:LibraryServices] LSM-0x7feaa3b099c0: Completed operation <PLLibraryServicesOperation: 0x7feaa3b09b50>{name = 'File System Import Notify Enter'} in 0.006096 seconds with QoS QOS_CLASS_UTILITY
2024-03-10 17:25:05.100 Df NewsToday2[2833:2480] [com.apple.news:Operations] <NTNewsModuleDescriptorsOperation 08FDDDCF4867EDA2> created
2024-03-10 17:25:05.100 Df voiced[2847:23f7] [com.apple.trial:_] Released managed-directory lock: /Users/chef/Library/Developer/CoreSimulator/Devices/FA441BBB-4AC7-424C-8E75-DDA61780E4A0/data/Library/Trial/NamespaceDescriptors/v2/factorPackSets/88b26bf3-6dcf-42dd-8c3d-06cba2bb1ea7
2024-03-10 17:25:05.097 Df assetsd[2857:2487] [com.apple.photos.backend:LibraryServices] LSM-0x7feaa3b099c0: Starting operation <PLLibraryServicesOperation: 0x7feaa3b09c90>{name = 'Create singleton albums if required'} with QoS QOS_CLASS_UTILITY
2024-03-10 17:25:05.100 Df NewsToday2[2833:2480] [com.apple.news:Operations] <NTNewsModuleDescriptorsOperation 08FDDDCF4867EDA2, qos=UserInitiated, priority=High> started
2024-03-10 17:25:05.102 Df parsecd[2870:24df] [com.apple.AppleMediaServices:general] AMSTreatmentStore: [6AF52E03] Fetching areas (namespaces: {(
    "music_voice"
)})
2024-03-10 17:25:05.104 Df parsecd[2870:24e1] [com.apple.AppleMediaServices:engagement] AMSEngagementConnection: [6AF52E03] Creating new connection.
2024-03-10 17:25:05.105 Df parsecd[2870:24e0] [com.apple.trial:_] Establishing new connection to com.apple.trial.status .
2024-03-10 17:25:05.103 Df NewsToday2[2833:2277] [com.apple.BackBoard:Display] [FBSDisplaySource 1-1] silently connecting raw configuration: (null)
2024-03-10 17:25:05.103 Df NewsToday2[2833:2277] [com.apple.BackBoard:Display] [FBSDisplaySource 1-1] silently connecting raw configuration: <FBSDisplayConfiguration: 0x600001fe0870; Main; mode: "414x896@2x 60Hz p3 SDR">
2024-03-10 17:25:05.103 Df NewsToday2[2833:2277] [com.apple.BackBoard:Display] [FBSDisplaySource 1-1] initialized <FBSDisplayConfiguration: 0x600001fe0870; Main; mode: "414x896@2x 60Hz p3 SDR">
2024-03-10 17:25:05.107 Df triald[2781:24ac] [com.apple.triald:server] New connection to com.apple.trial.status from parsecd (2870).
2024-03-10 17:25:05.107 Df triald[2781:24ac] [com.apple.triald:server] TRIXPCStatusRequestHandler 0x6000023812f0: begin experimentRecordsWithDeploymentEnvironments:completion:
2024-03-10 17:25:05.107 Df amsengagementd[2774:211c] [com.apple.amsengagementd:service] XPCServiceProvider: [A74E86F9] Accepting new connection with pid:  2870
2024-03-10 17:25:05.111 Df com.apple.CloudDocs.iCloudDriveFileProvider[2873:249c] [com.apple.PlugInKit:lifecycle] Hello, I'm launching as euid = 600, uid = 600, (persona not available)
2024-03-10 17:25:05.114 Df triald[2781:24e3] [com.apple.triald:server] Running server context block with qos: 25
2024-03-10 17:25:05.115 Df triald[2781:24e3] [com.apple.triald:server] TRIXPCStatusRequestHandler 0x6000023812f0: end experimentRecordsWithDeploymentEnvironments:completion:
2024-03-10 17:25:05.117 Df amsengagementd[2774:2111] [com.apple.amsengagementd:service] TreatmentStoreService: [A74E86F9] Fetching areas (namespaces: ["music_voice"]) ...
2024-03-10 17:25:05.119 Df parsecd[2870:2484] [com.apple.network:] networkd_settings_read_from_file initialized networkd settings by reading plist directly
2024-03-10 17:25:05.120 Df parsecd[2870:2484] [com.apple.network:] networkd_settings_read_from_file initialized networkd settings by reading plist directly
2024-03-10 17:25:05.118 Df triald[2781:24e3] [com.apple.triald:server] TRIXPCStatusRequestHandler 0x6000023812f0: begin experimentRecordsWithDeploymentEnvironments:completion:
2024-03-10 17:25:05.118 Df triald[2781:24ac] [com.apple.triald:server] Running server context block with qos: 25
2024-03-10 17:25:05.119 Df triald[2781:24ac] [com.apple.triald:server] TRIXPCStatusRequestHandler 0x6000023812f0: end experimentRecordsWithDeploymentEnvironments:completion:
2024-03-10 17:25:05.121 Df amsengagementd[2774:2111] [com.apple.amsengagementd:service] TreatmentStoreService: [A74E86F9] Fetched areas (["music_voice": Set(["L3TIy7c"])])
2024-03-10 17:25:05.122 Df parsecd[2870:24e0] [com.apple.AppleMediaServices:general] AMSTreatmentStore: [6AF52E03] Fetched areas: {
    "music_voice" = "{(\134n    L3TIy7c\134n)}";
}
2024-03-10 17:25:05.124 E  cfprefsd[2753:1f6f] [com.apple.defaults:cfprefsd] Couldn't open parent path due to [2: No such file or directory]
2024-03-10 17:25:05.125 E  cfprefsd[2753:1f6f] [com.apple.defaults:cfprefsd] Couldn't open parent path due to [2: No such file or directory]
2024-03-10 17:25:05.125 Df parsecd[2870:24df] [com.apple.AppleMediaServices:general] AMSTreatmentStore: [6AF52E03] Fetching treatments (areas: {(
    L3TIy7c
)})
2024-03-10 17:25:05.013 Df SpringBoard[2714:24cb] [com.apple.BulletinBoard:Connection] BBDataProviderProxy resuming proxy queue
2024-03-10 17:25:05.013 A  SpringBoard[2714:24b6] (CoreLocation) CL: CLLocationManager
2024-03-10 17:25:05.013 E  SpringBoard[2714:21ef] [com.apple.UserNotifications:DataStore] No data found at /Users/chef/Library/Developer/CoreSimulator/Devices/FA441BBB-4AC7-424C-8E75-DDA61780E4A0/data/Library/UserNotifications/61852B28-4881-4B83-9D6A-3AA7D013F721/PendingNotifications.plist
2024-03-10 17:25:05.064 Df SpringBoard[2714:24b6] [com.apple.locationd.Core:Client] {"msg":"CLLocationManager", "event":activity, "_cmd":monitoredRegions, "self":"0x600000041120"}
2024-03-10 17:25:05.043 Df SpringBoard[2714:24bd] [com.apple.UIKit:AssetManager] Could not load asset catalog from bundle NSBundle </Volumes/Xcode/Xcode_14.2.app/Contents/Developer/Platforms/iPhoneOS.platform/Library/Developer/CoreSimulator/Profiles/Runtimes/iOS.simruntime/Contents/Resources/RuntimeRoot/System/Library/UserNotifications/Bundles/com.apple.Sharing.AirDropUIRemoteNotifications.bundle> (not yet loaded): Error Domain=NSCocoaErrorDomain Code=260 "RunTimeThemeRefForBundleIdentifierAndName() couldn't find Assets.car in bundle with identifier: com.apple.Sharing.AirDropUIRemoteNotifications" UserInfo={NSLocalizedDescription=RunTimeThemeRefForBundleIdentifierAndName() couldn't find Assets.car in bundle with identifier: com.apple.Sharing.AirDropUIRemoteNotifications}
2024-03-10 17:25:05.015 Df SpringBoard[2714:2352] [com.apple.UserNotifications:RemoteNotifications] [com.apple.MobileSMS] Update enabled user notifications for remote notifications: YES
2024-03-10 17:25:05.069 Df SpringBoard[2714:24b6] [com.apple.UserNotifications:LocalNotifications] [com.apple.MobileSMS] Setting 0 monitored regions [ stop: 0 start: 0 ]
2024-03-10 17:25:05.128 Df amsengagementd[2774:2111] [com.apple.amsengagementd:service] TreatmentStoreService: [A74E86F9] Fetching treatments (areas: ["L3TIy7c"]) ...
2024-03-10 17:25:05.131 Df parsecd[2870:24e2] [com.apple.AppleMediaServices:general] AMSTreatmentStore: [6AF52E03] Fetched treatments: {
}
2024-03-10 17:25:05.079 E  SpringBoard[2714:24bd] [com.apple.UserNotificationsKit:Icons] Notification icon is smaller than expanded size of 40.000000: AirDropUI-Notification-Icon in bundle /Volumes/Xcode/Xcode_14.2.app/Contents/Developer/Platforms/iPhoneOS.platform/Library/Developer/CoreSimulator/Profiles/Runtimes/iOS.simruntime/Contents/Resources/RuntimeRoot/System/Library/UserNotifications/Bundles/com.apple.Sharing.AirDropUIRemoteNotifications.bundle
2024-03-10 17:25:05.130 Df amsengagementd[2774:211a] [com.apple.amsengagementd:service] TreatmentStoreService: [A74E86F9] Fetched treatments ([:])
2024-03-10 17:25:05.014 E  SpringBoard[2714:24b7] [com.apple.BulletinBoard:Settings] Encountered error obtaining application record for section com.apple.Sharing.b7ce1794a1c8766816fc7b7500742862: The operation couldnt be completed. (OSStatus error -10814.)
2024-03-10 17:25:05.066 Df SpringBoard[2714:21ef] [com.apple.UserNotifications:LocalNotifications] [com.apple.accountnotifications] Load 0 pending notification dictionaries
2024-03-10 17:25:05.133 Df parsecd[2870:24df] [com.apple.CoreAnalytics:client] No XPC connection in Simulator
2024-03-10 17:25:05.130 Df SpringBoard[2714:1f24] [com.apple.UserNotificationsKit:Lists] Destination CSCombinedListViewController updating notification section settings for section com.apple.Sharing.AirDropUIRemoteNotifications
2024-03-10 17:25:05.130 Df SpringBoard[2714:1f24] [com.apple.UserNotificationsKit:Lists] Notification List [NCNotificationStructuredListViewController] updating notification section settings for section com.apple.Sharing.AirDropUIRemoteNotifications
2024-03-10 17:25:05.134 Df PosterBoard[2838:24c5] [com.apple.PosterBoard:Reaper] Cleaned up abandoned data store url 'file:///Users/chef/Library/Developer/CoreSimulator/Devices/FA441BBB-4AC7-424C-8E75-DDA61780E4A0/data/Library/Application%20Support/com.apple.remotemanagementd/'
2024-03-10 17:25:05.076 Df SpringBoard[2714:2352] [com.apple.UserNotifications:RemoteNotifications] [com.apple.MobileSMS] Enable user notifications for remote notifications
2024-03-10 17:25:05.135 Df PosterBoard[2838:24c5] [com.apple.PosterBoard:Reaper] Cleaned up abandoned data store url 'file:///Users/chef/Library/Developer/CoreSimulator/Devices/FA441BBB-4AC7-424C-8E75-DDA61780E4A0/data/Library/Application%20Support/Simulator/'
2024-03-10 17:25:05.130 Df SpringBoard[2714:1f24] [com.apple.SpringBoard:CoverSheet] Ignoring redundant update for <CSCombinedListViewController: 0x7fe7d8820200> because there is no content
2024-03-10 17:25:05.131 Df SpringBoard[2714:1f24] [com.apple.SpringBoard:CoverSheet] Ignoring redundant update for <CSCombinedListViewController: 0x7fe7d8820200> because there is no content
2024-03-10 17:25:05.132 Df SpringBoard[2714:1f24] [com.apple.SpringBoard:CoverSheet] Ignoring redundant update for <CSCombinedListViewController: 0x7fe7d8820200> because there is no content
2024-03-10 17:25:05.131 Df SpringBoard[2714:2352] [com.apple.UserNotifications:LocalNotifications] [com.apple.MobileSMS] Enabled visible user notifications for remote notifications
2024-03-10 17:25:05.128 E  SpringBoard[2714:21ef] [com.apple.UserNotifications:DataStore] No data found at /Users/chef/Library/Developer/CoreSimulator/Devices/FA441BBB-4AC7-424C-8E75-DDA61780E4A0/data/Library/UserNotifications/61852B28-4881-4B83-9D6A-3AA7D013F721/Schedule.plist
2024-03-10 17:25:05.134 Df SpringBoard[2714:21ef] [com.apple.UserNotifications:LocalNotifications] [com.apple.accountnotifications] Load last local notification fire date: (null)
2024-03-10 17:25:05.140 Df callservicesd[2768:230c] [com.apple.calls.callservicesd:Default] ConversationLinkSync: check in activity scheduled {criteria: <OS_xpc_dictionary: dictionary[0x600003f1a220]: { refcnt = 1, xrefcnt = 4, subtype = 0, count = 3 } <dictionary: 0x600003f1a220> { count = 3, transaction: 0, voucher = 0x0, contents =
	"Interval" => <int64: 0x8c49364d3fe5cf64>: 604800
	"AllowBattery" => <bool: 0x7ff860004fc0>: false
	"Priority" => <string: 0x600001560420> { length = 7, contents = "Utility" }
}>}
2024-03-10 17:25:05.127 Df SpringBoard[2714:24b7] [com.apple.BulletinBoard:Settings] Section settings for data provider com.apple.Sharing.b7ce1794a1c8766816fc7b7500742862: <BBSectionInfo: 0x600003545550> Section com.apple.Sharing.b7ce1794a1c8766816fc7b7500742862 <BBSectionInfoSettings: 0x60000304a880> Section settings: authorized = Authorized, authorization expiration date = (null), last user granted authorization date = (null), mute configuartion = (null), lock screen = YES, scheduled delivery = NO, announce setting = Disabled, shows on external devices = YES, shows custom settings = NO, content preview setting = Default Setting, Alert style = Modal, Push settings = [s:-SA] [e:-SA], grouping = Default (unmanaged) 'HomePod', hidden from settings
2024-03-10 17:25:05.133 Df SpringBoard[2714:2352] [com.apple.UserNotifications:RemoteNotifications] Calcualate topics because user notification settings authorization changed
2024-03-10 17:25:05.136 Df SpringBoard[2714:21ef] [com.apple.UserNotifications:LocalNotifications] [com.apple.accountnotifications] Update timers for 0 pending notifications (monitoring: 0)
2024-03-10 17:25:05.139 Df SpringBoard[2714:24b7] [com.apple.BulletinBoard:Connection] BBDataProviderManager adding data provider <BBRemoteDataProvider 0x60000226d310; com.apple.Sharing.HomePodRemoteNotifications> to BBServer
2024-03-10 17:25:05.139 Df SpringBoard[2714:21ef] [com.apple.UserNotifications:LocalNotifications] [com.apple.accountnotifications] Invalidate persistent timer
2024-03-10 17:25:05.140 E  SpringBoard[2714:24bd] [com.apple.BaseBoard:Common]  **** failed to open fd at tempPath=/Users/chef/Library/Developer/CoreSimulator/Devices/FA441BBB-4AC7-424C-8E75-DDA61780E4A0/data/tmp/sectionInfoIcon.AirDropUI-Notification-Icon./Volumes/Xcode/Xcode_14.2.app/Contents/Developer/Platforms/iPhoneOS.platform/Library/Developer/CoreSimulator/Profiles/Runtimes/iOS.simruntime/Contents/Resources/RuntimeRoot/System/Library/UserNotifications/Bundles/com.apple.Sharing.AirDropUIRemoteNotifications.bundle.(null).(null).17.cpbitmap.jLtP5W
2024-03-10 17:25:05.140 Df callservicesd[2768:230c] [com.apple.xpc.activity:Client] __XPC_ACTIVITY_CALLING_HANDLER__ returned from handler: ConversationLinkCheckInActivity (0x600002a0c960), current state 0, pending state 0
2024-03-10 17:25:05.141 E  SpringBoard[2714:24b7] [com.apple.BulletinBoard:Settings] Encountered error obtaining application record for section com.apple.Sharing.HomePodRemoteNotifications: The operation couldnt be completed. (OSStatus error -10814.)
2024-03-10 17:25:05.140 Df callservicesd[2768:230c] [com.apple.xpc.activity:Client] _xpc_activity_set_state: ConversationLinkCheckInActivity (0x600002a0c960), 1
2024-03-10 17:25:05.141 Df SpringBoard[2714:24cb] [com.apple.BulletinBoard:Connection] BBDataProviderProxy setting server proxy: <_NSXPCDistantObject: 0x60000226ccd0>
2024-03-10 17:25:05.148 Df SpringBoard[2714:24cb] [com.apple.UserNotifications:DataProviderFactory] [com.apple.Sharing.b7ce1794a1c8766816fc7b7500742862] Did create default data provider
2024-03-10 17:25:05.145 Df SpringBoard[2714:24b6] [com.apple.UIKit:AssetManager] Could not load asset catalog from bundle NSBundle </Volumes/Xcode/Xcode_14.2.app/Contents/Developer/Platforms/iPhoneOS.platform/Library/Developer/CoreSimulator/Profiles/Runtimes/iOS.simruntime/Contents/Resources/RuntimeRoot/System/Library/UserNotifications/Bundles/com.apple.Sharing.b7ce1794a1c8766816fc7b7500742862.bundle> (not yet loaded): Error Domain=NSCocoaErrorDomain Code=260 "RunTimeThemeRefForBundleIdentifierAndName() couldn't find Assets.car in bundle with identifier: com.apple.Sharing.b7ce1794a1c8766816fc7b7500742862" UserInfo={NSLocalizedDescription=RunTimeThemeRefForBundleIdentifierAndName() couldn't find Assets.car in bundle with identifier: com.apple.Sharing.b7ce1794a1c8766816fc7b7500742862}
2024-03-10 17:25:05.145 E  SpringBoard[2714:21ef] [com.apple.UserNotifications:DataStore] No data found at /Users/chef/Library/Developer/CoreSimulator/Devices/FA441BBB-4AC7-424C-8E75-DDA61780E4A0/data/Library/UserNotifications/61852B28-4881-4B83-9D6A-3AA7D013F721/Schedule.plist
2024-03-10 17:25:05.146 Df SpringBoard[2714:24b7] [com.apple.BulletinBoard:Settings] Section settings for data provider com.apple.Sharing.HomePodRemoteNotifications: <BBSectionInfo: 0x6000035767e0> Section com.apple.Sharing.HomePodRemoteNotifications <BBSectionInfoSettings: 0x60000304f0f0> Section settings: authorized = Authorized, authorization expiration date = (null), last user granted authorization date = (null), mute configuartion = (null), lock screen = YES, scheduled delivery = NO, announce setting = Disabled, shows on external devices = YES, shows custom settings = NO, content preview setting = Default Setting, Alert style = Modal, Push settings = [s:-SA] [e:-SA], grouping = Default (unmanaged) 'HomePod', hidden from settings
2024-03-10 17:25:05.149 Df SpringBoard[2714:24cb] [com.apple.UserNotifications:DataProviderFactory] [com.apple.Sharing.b7ce1794a1c8766816fc7b7500742862] Purging invalid notification records
