Error from getpwuid_r: 25 (Inappropriate ioctl for device)
Filtering the log data using "process != "locationd" AND process != "DTServiceHub" AND process != "mobileassetd""
Timestamp               Ty Process[PID:TID]
2024-03-10 17:25:04.305 Df runningboardd[2718:1f93] [com.apple.runningboard:ttl] [xpcservice<com.apple.CloudDocs.iCloudDriveFileProvider([osservice<com.apple.FileProvider>:2840])>:2873] Set darwin priority to: PRIO_DEFAULT
2024-03-10 17:25:04.306 Df log[2872:24a3] (LoggingSupport) Sending stream request to diagnosticd
2024-03-10 17:25:04.306 Df ind[2803:21c5] [com.apple.xpc.activity:Client] __xpc_activity_unregister: com.apple.ind.heartbeat (0x600001a3c320) seqno: 0, (is registered)
2024-03-10 17:25:04.304 Df cloudd[2767:2498] [com.apple.cloudkit.sim:OP] Operation <CKDFetchDatabaseChangesOperation: 0x7f938a90adc0; 224881F611599CF2 (RCE)  State: Not Started, QoS: Utility>, setting current request from (null) to <CKDFetchDatabaseChangesURLRequest: 0x7f938a91e030 8E6B585E-0D23-4D15-9CBF-FBC10191D2B4>
2024-03-10 17:25:04.306 Df SpringBoard[2714:2207] [com.apple.UserNotifications:DataProviderFactory] [com.apple.news] Application installed using default data provider
2024-03-10 17:25:04.305 Df runningboardd[2718:1f93] [com.apple.runningboard:process] 2873 Set Darwin GPU to "deny"
2024-03-10 17:25:04.306 Df ind[2803:21c5] [com.apple.xpc.activity:Client] _xpc_activity_unregister: com.apple.ind.heartbeat 0, last registration: true
2024-03-10 17:25:04.308 Df UserEventAgent[2717:1f69] [com.apple.xpc.activity:Activities] Unregistered XPC Activity on XPC remove event: com.apple.ind.heartbeat (0x7f7d56f07760)
2024-03-10 17:25:04.306 Df SpringBoard[2714:2207] [com.apple.UserNotifications:DataProviderFactory] [com.apple.Preferences] Application installed using default data provider
2024-03-10 17:25:04.309 Df fileproviderd[2840:2345] [com.apple.PlugInKit:lifecycle] [u 30FE4CDC-C293-4545-B522-D5AA5C57191C:m (null)] [com.apple.CloudDocs.iCloudDriveFileProvider(1.0)] acquired startup assertion
2024-03-10 17:25:04.306 Df SpringBoard[2714:2207] [com.apple.UserNotifications:DataProviderFactory] [com.apple.shortcuts] Application installed using default data provider
2024-03-10 17:25:04.306 Df SpringBoard[2714:2207] [com.apple.UserNotifications:DataProviderFactory] [com.apple.siri] Application installed using default data provider
2024-03-10 17:25:04.316 Df fileproviderd[2840:2345] [com.apple.runningboard:process] Hit the server for a process handle e2748c400000b39 that resolved to: [xpcservice<com.apple.CloudDocs.iCloudDriveFileProvider([osservice<com.apple.FileProvider>:2840])>:2873]
2024-03-10 17:25:04.312 Df SpringBoard[2714:2207] [com.apple.UserNotifications:DataProviderFactory] Getting all section infos possible default data providers
2024-03-10 17:25:04.310 A  runningboardd[2718:1f93] (RunningBoard) statesForPredicate
2024-03-10 17:25:04.305 Df cloudd[2767:2085] [com.apple.cloudkit.sim:OP] Finished operation <CKDModifySubscriptionsOperation: 0x7f9389f0cec0; qos=Utility, operationID=C5B6A2823B816D9F, requestIDs=[15105F76-D0E8-48EC-91D2-DDA1AE34FD75], stateFlags=executing, flags=allows-cellular|allows-expensive, runningFor=21.87, currentAccountID=AnonymousAccount, request=<CKDModifySubscriptionsURLRequest: 0x7f938a918940; UUID=15105F76-D0E8-48EC-91D2-DDA1AE34FD75, stateFlags=finished, flags=foreground|allows-cellular|allows-expensive, error=<CKError 0x600003162340: "Not Authenticated" (1002); "This request requires an authenticated account">>, containerID=com.apple.appleaccount.beneficiary> metrics=<CKOperationMetrics: 0x600003f6d160; cloudKitMetrics=<CKMetric: 0x600000d50240; startDate=2024-03-10 17:24:42 +0000, duration=21.861, queueing=21.702, executing=0.159, bytesUploaded=0, bytesDownloaded=0, connections=0, connectionsCreated=0, totalBytesByChunkProfile={  }, chunkCountByChunkProfile={  }, fileCountByChunkProfile={  }>> with error: <CKError 0x600003162340: "Not Authenticated" (1002); "T
2024-03-10 17:25:04.312 Df SpringBoard[2714:2207] [com.apple.UserNotifications:DataProviderFactory] [com.apple.accountnotifications] Automatically create data provider [ useDefaultDataProvider: 1 suppressUserAuthorizationPrompt: 1 hideSettings: 1]
2024-03-10 17:25:04.313 Df SpringBoard[2714:2207] [com.apple.UserNotifications:DataProviderFactory] [com.apple.accountnotifications] Create default data provider
2024-03-10 17:25:04.312 A  runningboardd[2718:1f95] (RunningBoard) lookupHandleForKey
2024-03-10 17:25:04.316 Df fileproviderd[2840:2345] [com.apple.PlugInKit:lifecycle] [u 30FE4CDC-C293-4545-B522-D5AA5C57191C:m (null)] [com.apple.CloudDocs.iCloudDriveFileProvider(1.0)] Prepare using sent as euid = 600, uid = 600, (persona not available)
2024-03-10 17:25:04.307 E  cloudd[2767:24a2] [com.apple.cdp:core] "Failed to fetch walrus status with error: Error Domain=CDPStateError Code=-5102 "(null)""
2024-03-10 17:25:04.316 Df fileproviderd[2840:2345] [com.apple.PlugInKit:lifecycle] [u 30FE4CDC-C293-4545-B522-D5AA5C57191C] [com.apple.CloudDocs.iCloudDriveFileProvider(1.0)] Sending prepareUsing to managed extension; this should launch it if not already running.
2024-03-10 17:25:04.307 A  cloudd[2767:2494] (CloudKitDaemon) url-request
2024-03-10 17:25:04.314 A  runningboardd[2718:1f93] (RunningBoard) state update
2024-03-10 17:25:04.309 Df cloudd[2767:2498] [com.apple.cloudkit.sim:OP] Operation <CKDFetchDatabaseChangesOperation: 0x7f938ab08280; CC245093A62D1383 (RCE)  State: Not Started, QoS: Utility>, setting current request from (null) to <CKDFetchDatabaseChangesURLRequest: 0x7f938a920090 7BAE9548-6BE5-44D5-B0F8-EBE103F1C46B>
2024-03-10 17:25:04.309 Df cloudd[2767:20c0] [com.apple.cloudkit.sim:OP] Operation <CKDFetchDatabaseChangesOperation: 0x7f938a90ca40; D4912492D00A80D9 (RCE)  State: Not Started, QoS: Utility>, setting current request from (null) to <CKDFetchDatabaseChangesURLRequest: 0x7f938ab0d280 86ADC806-1EC9-41EE-A639-08BDE3EEF994>
2024-03-10 17:25:04.321 Df ScreenTimeAgent[2843:2320] [com.apple.ScreenTimeAgent:persistence] scheduling persistent history cleanup
2024-03-10 17:25:04.317 A  cloudd[2767:2498] (CloudKitDaemon) url-request
2024-03-10 17:25:04.322 Df ScreenTimeAgent[2843:2320] [com.apple.xpc.activity:Client] xpc_activity_register: com.apple.ScreenTimeAgent.persistent-history-cleanup, criteria: dictionary
2024-03-10 17:25:04.318 A  runningboardd[2718:1f93] (RunningBoard) state notification
2024-03-10 17:25:04.318 A  cloudd[2767:20c0] (CloudKitDaemon) url-request
2024-03-10 17:25:04.323 A  SpringBoard[2714:21ef] (RunningBoardServices) observedProcessStatesDidChange
2024-03-10 17:25:04.318 Df cloudd[2767:2498] [com.apple.cloudkit.sim:Request] req: 7BAE9548-6BE5-44D5-B0F8-EBE103F1C46B, "<CKDFetchDatabaseChangesURLRequest: 0x7f938a920090 7BAE9548-6BE5-44D5-B0F8-EBE103F1C46B> Performing"
2024-03-10 17:25:04.324 Df SpringBoard[2714:21ef] [com.apple.runningboard:monitor] Received state update for 2789
2024-03-10 17:25:04.323 Df runningboardd[2718:1f93] [com.apple.runningboard:ttl] Released power assertion with ID 32861
2024-03-10 17:25:04.319 Df cloudd[2767:2494] [com.apple.cloudkit.sim:Request] req: 86ADC806-1EC9-41EE-A639-08BDE3EEF994, "<CKDFetchDatabaseChangesURLRequest: 0x7f938ab0d280 86ADC806-1EC9-41EE-A639-08BDE3EEF994> Performing"
2024-03-10 17:25:04.323 Df runningboardd[2718:1f95] [com.apple.runningboard:process] [osservice<com.apple.akd>:2789] Ignoring jetsam update because this process is not memory-managed
2024-03-10 17:25:04.320 Df cloudd[2767:2498] [com.apple.cloudkit.sim:Request] req: 7BAE9548-6BE5-44D5-B0F8-EBE103F1C46B, "This request requires an authenticated account"
2024-03-10 17:25:04.323 Df runningboardd[2718:1f95] [com.apple.runningboard:process] [osservice<com.apple.akd>:2789] Ignoring suspend because this process is not lifecycle managed
2024-03-10 17:25:04.316 Df cloudd[2767:20cb] [com.apple.cloudkit.sim:Request] req: 8E6B585E-0D23-4D15-9CBF-FBC10191D2B4, "<CKDFetchDatabaseChangesURLRequest: 0x7f938a91e030 8E6B585E-0D23-4D15-9CBF-FBC10191D2B4> Performing"
2024-03-10 17:25:04.323 Df runningboardd[2718:1f95] [com.apple.runningboard:process] [osservice<com.apple.akd>:2789] Ignoring role changes because this process is not role managed
2024-03-10 17:25:04.305 E  cloudd[2767:2490] [com.apple.cdp:core] "Failed to fetch walrus status with error: Error Domain=CDPStateError Code=-5102 "(null)""
2024-03-10 17:25:04.325 E  SpringBoard[2714:2207] [com.apple.UserNotifications:DataStore] No data found at /Users/chef/Library/Developer/CoreSimulator/Devices/FA441BBB-4AC7-424C-8E75-DDA61780E4A0/data/Library/UserNotifications/61852B28-4881-4B83-9D6A-3AA7D013F721/Categories.plist
2024-03-10 17:25:04.324 Df runningboardd[2718:1f95] [com.apple.runningboard:process] [osservice<com.apple.akd>:2789] Ignoring GPU update because this process is not GPU managed
2024-03-10 17:25:04.326 Df SpringBoard[2714:2207] [com.apple.UserNotifications:DataProviderFactory] [com.apple.appleaccount.notifications] Automatically create data provider [ useDefaultDataProvider: 1 suppressUserAuthorizationPrompt: 1 hideSettings: 1]
2024-03-10 17:25:04.326 Df SpringBoard[2714:2207] [com.apple.UserNotifications:DataProviderFactory] [com.apple.appleaccount.notifications] Create default data provider
2024-03-10 17:25:04.325 Df runningboardd[2718:1f95] [com.apple.runningboard:process] [osservice<com.apple.akd>:2789] Ignoring memory limit update because this process is not memory-managed
2024-03-10 17:25:04.295 A  cloudd[2767:20ca] (CloudKitDaemon) daemon/query
2024-03-10 17:25:04.324 Df cloudd[2767:20ca] [com.apple.cloudkit.sim:OP] Starting <CKDQueryOperation: 0x7f9389f20290; qos=Utility, operationID=B4A64DDFBB9E2AEE, operationGroupID=5462C4E0668D9F6F, operationGroupName=UserActionExplicit, flags=allows-cellular, runningFor=0.912, applicationBundleIdentifierOverrideForNetworkAttribution=com.apple.siri.embeddedspeech, currentAccountID=AnonymousAccount, applicationBundleIdentifierOverrideForContainerAccess=com.apple.triald, containerID=com.apple.trial>
2024-03-10 17:25:04.327 E  cloudd[2767:2496] [com.apple.cdp:core] "Daemon connection invalidated!"
2024-03-10 17:25:04.329 E  cloudd[2767:2496] [com.apple.cdp:core] "Daemon connection invalidated!"
2024-03-10 17:25:04.326 A  cloudd[2767:20ca] (CoreCDP) Walrus: Fetching status.
2024-03-10 17:25:04.322 Df cloudd[2767:20cb] [com.apple.cloudkit.sim:Request] req: 8E6B585E-0D23-4D15-9CBF-FBC10191D2B4, "This request requires an authenticated account"
2024-03-10 17:25:04.321 Df cloudd[2767:2498] [com.apple.cloudkit.sim:Request] req: 7BAE9548-6BE5-44D5-B0F8-EBE103F1C46B, "_finishOnLifecycleQueueWithError:, asked to finish with error <CKError 0x600003166790: "Not Authenticated" (1002); "This request requires an authenticated account">"
2024-03-10 17:25:04.348 A  cdpd[2788:20d2] (Accounts) accounts/accounts-with-types-sync
2024-03-10 17:25:04.320 Df cloudd[2767:2494] [com.apple.cloudkit.sim:Request] req: 86ADC806-1EC9-41EE-A639-08BDE3EEF994, "This request requires an authenticated account"
2024-03-10 17:25:04.350 E  cdpd[2788:20d2] [com.apple.cdp:core] "No Primary account."
2024-03-10 17:25:04.320 Df cloudd[2767:2085] [com.apple.cloudkit.sim:OP] Operation is finishing on callback queue with an error
2024-03-10 17:25:04.350 E  cdpd[2788:20d2] [com.apple.cdp:core] "No eligible primary account found, cannot fetch walrus status: Error Domain=CDPStateError Code=-5102 "(null)""
2024-03-10 17:25:04.350 E  cdpd[2788:20d2] [com.apple.cdp:core] "Failed to fetch walrus status with error code: -5102, error: Error Domain=CDPStateError Code=-5102 "(null)""
2024-03-10 17:25:04.354 Df ScreenTimeAgent[2843:2320] [com.apple.xpc.activity:Client] _xpc_activity_register: com.apple.ScreenTimeAgent.persistent-history-cleanup (0x6000020154a0), 0
2024-03-10 17:25:04.354 Df ScreenTimeAgent[2843:2320] [com.apple.xpc.activity:Client] xpc_activity_set_criteria: com.apple.ScreenTimeAgent.persistent-history-cleanup (0x6000020154a0), dict
2024-03-10 17:25:04.354 Df ScreenTimeAgent[2843:2320] [com.apple.UserNotifications:Connections] [com.apple.ScreenTimeNotifications] Creating a user notification center
2024-03-10 17:25:04.354 Df SpringBoard[2714:2207] [com.apple.UserNotifications:DataProviderFactory] [com.apple.askpermission.notifications] Automatically create data provider [ useDefaultDataProvider: 1 suppressUserAuthorizationPrompt: 1 hideSettings: 1]
2024-03-10 17:25:04.355 Df ScreenTimeAgent[2843:2320] [com.apple.UserNotifications:Connections] [com.apple.ScreenTimeDowntimeNotifications] Creating a user notification center
2024-03-10 17:25:04.355 Df ScreenTimeAgent[2843:2320] [com.apple.UserNotifications:Connections] [com.apple.ScreenTimeEnabledNotifications] Creating a user notification center
2024-03-10 17:25:04.349 Df cloudd[2767:2492] [com.apple.cloudkit.sim:OP] Operation <CKDModifySubscriptionsOperation: 0x7f938a90dc00; 09EEB9D7CFD38FFB (RCE)  State: Not Started, QoS: Utility>, setting current request from (null) to <CKDModifySubscriptionsURLRequest: 0x7f938a920eb0 EE5E5AF2-9A58-4BDA-8BB3-3CFA8E300573>
2024-03-10 17:25:04.349 A  cloudd[2767:2492] (CloudKitDaemon) url-request
2024-03-10 17:25:04.347 Df cloudd[2767:2494] [com.apple.cloudkit.sim:Request] req: 86ADC806-1EC9-41EE-A639-08BDE3EEF994, "_finishOnLifecycleQueueWithError:, asked to finish with error <CKError 0x600003165c50: "Not Authenticated" (1002); "This request requires an authenticated account">"
2024-03-10 17:25:04.357 Df SpringBoard[2714:2207] [com.apple.UserNotifications:DataProviderFactory] [com.apple.askpermission.notifications] Create default data provider
2024-03-10 17:25:04.350 Df cloudd[2767:2490] [com.apple.cloudkit.sim:OP] Operation <CKDFetchDatabaseChangesOperation: 0x7f938a90ce70; 74E87E4616E326F1 (RCE)  State: Not Started, QoS: Utility>, setting current request from (null) to <CKDFetchDatabaseChangesURLRequest: 0x7f9389f0c580 946C5FF4-2BFB-4859-BA24-EFA71C21C79C>
2024-03-10 17:25:04.357 E  SpringBoard[2714:2207] [com.apple.UserNotifications:DataStore] No data found at /Users/chef/Library/Developer/CoreSimulator/Devices/FA441BBB-4AC7-424C-8E75-DDA61780E4A0/data/Library/UserNotifications/E06BDAA8-61D0-40C0-836D-86298BBFFE5A/Categories.plist
2024-03-10 17:25:04.311 E  appleaccountd[2779:208c] [com.apple.appleaccount:cloudKit] Failed to create CKSubscription for database: Shared
2024-03-10 17:25:04.349 Df cloudd[2767:2492] [com.apple.cloudkit.sim:Request] req: EE5E5AF2-9A58-4BDA-8BB3-3CFA8E300573, "<CKDModifySubscriptionsURLRequest: 0x7f938a920eb0 EE5E5AF2-9A58-4BDA-8BB3-3CFA8E300573> Performing"
2024-03-10 17:25:04.357 Df SpringBoard[2714:2207] [com.apple.UserNotifications:DataProviderFactory] [com.apple.barcodesupport.nfc] Automatically create data provider [ useDefaultDataProvider: 1 suppressUserAuthorizationPrompt: 1 hideSettings: 1]
2024-03-10 17:25:04.357 Df SpringBoard[2714:2207] [com.apple.UserNotifications:DataProviderFactory] [com.apple.barcodesupport.nfc] Create default data provider
2024-03-10 17:25:04.351 E  cloudd[2767:2496] [com.apple.cdp:core] "Failed to fetch walrus status with error: Error Domain=CDPStateError Code=-5102 "(null)""
2024-03-10 17:25:04.357 E  SpringBoard[2714:2207] [com.apple.UserNotifications:DataStore] No data found at /Users/chef/Library/Developer/CoreSimulator/Devices/FA441BBB-4AC7-424C-8E75-DDA61780E4A0/data/Library/UserNotifications/C0952C92-CC89-459F-9025-C1C0A509ADF7/Categories.plist
2024-03-10 17:25:04.350 Df cloudd[2767:2085] [com.apple.cloudkit.sim:OP] Finished operation <CKDModifySubscriptionsOperation: 0x7f938a90c100; qos=Utility, operationID=DB1D3ADE191C9402, requestIDs=[F39B62FC-88BF-4FA7-903D-80FB929E68A4], stateFlags=executing, flags=allows-cellular|allows-expensive, runningFor=21.818, currentAccountID=AnonymousAccount, request=<CKDModifySubscriptionsURLRequest: 0x7f938a817be0; UUID=F39B62FC-88BF-4FA7-903D-80FB929E68A4, stateFlags=finished, flags=foreground|allows-cellular|allows-expensive, error=<CKError 0x60000317cea0: "Not Authenticated" (1002); "This request requires an authenticated account">>, containerID=com.apple.appleaccount.beneficiary.private> metrics=<CKOperationMetrics: 0x600003f71820; cloudKitMetrics=<CKMetric: 0x600000d58990; startDate=2024-03-10 17:24:42 +0000, duration=21.815, queueing=21.644, executing=0.171, bytesUploaded=0, bytesDownloaded=0, connections=0, connectionsCreated=0, totalBytesByChunkProfile={  }, chunkCountByChunkProfile={  }, fileCountByChunkProfile={  }>> with error: <CKError 0x60000317cea0: "Not Authenticated" (
2024-03-10 17:25:04.356 Df cloudd[2767:2492] [com.apple.cloudkit.sim:Request] req: EE5E5AF2-9A58-4BDA-8BB3-3CFA8E300573, "This request requires an authenticated account"
2024-03-10 17:25:04.366 Df SpringBoard[2714:2207] [com.apple.UserNotifications:DataProviderFactory] [com.apple.barcodesupport.qrcode] Automatically create data provider [ useDefaultDataProvider: 1 suppressUserAuthorizationPrompt: 1 hideSettings: 1]
2024-03-10 17:25:04.352 A  cloudd[2767:2490] (CloudKitDaemon) url-request
2024-03-10 17:25:04.359 Df cloudd[2767:2492] [com.apple.cloudkit.sim:Request] req: EE5E5AF2-9A58-4BDA-8BB3-3CFA8E300573, "_finishOnLifecycleQueueWithError:, asked to finish with error <CKError 0x60000317b8d0: "Not Authenticated" (1002); "This request requires an authenticated account">"
2024-03-10 17:25:04.366 Df SpringBoard[2714:2207] [com.apple.UserNotifications:DataProviderFactory] [com.apple.barcodesupport.qrcode] Create default data provider
2024-03-10 17:25:04.367 E  SpringBoard[2714:2207] [com.apple.UserNotifications:DataStore] No data found at /Users/chef/Library/Developer/CoreSimulator/Devices/FA441BBB-4AC7-424C-8E75-DDA61780E4A0/data/Library/UserNotifications/354332CE-6DEE-49C0-81AF-3FD9609A0C7D/Categories.plist
2024-03-10 17:25:04.360 Df cloudd[2767:2490] [com.apple.cloudkit.sim:Request] req: 946C5FF4-2BFB-4859-BA24-EFA71C21C79C, "<CKDFetchDatabaseChangesURLRequest: 0x7f9389f0c580 946C5FF4-2BFB-4859-BA24-EFA71C21C79C> Performing"
2024-03-10 17:25:04.368 Df SpringBoard[2714:2207] [com.apple.UserNotifications:DataProviderFactory] [com.apple.ClassKitProgressNotifications] Automatically create data provider [ useDefaultDataProvider: 1 suppressUserAuthorizationPrompt: 1 hideSettings: 1]
2024-03-10 17:25:04.362 E  cloudd[2767:20ca] [com.apple.cdp:core] "Daemon connection invalidated!"
2024-03-10 17:25:04.368 Df SpringBoard[2714:2207] [com.apple.UserNotifications:DataProviderFactory] [com.apple.ClassKitProgressNotifications] Create default data provider
2024-03-10 17:25:04.368 E  SpringBoard[2714:2207] [com.apple.UserNotifications:DataStore] No data found at /Users/chef/Library/Developer/CoreSimulator/Devices/FA441BBB-4AC7-424C-8E75-DDA61780E4A0/data/Library/UserNotifications/ED5BFD99-6CF5-4189-BEAF-8F0B36F04EC0/Categories.plist
2024-03-10 17:25:04.362 Df cloudd[2767:2085] [com.apple.cloudkit.sim:OP] Operation is finishing on callback queue with an error
2024-03-10 17:25:04.368 Df SpringBoard[2714:2207] [com.apple.UserNotifications:DataProviderFactory] [com.apple.cmas] Automatically create data provider [ useDefaultDataProvider: 1 suppressUserAuthorizationPrompt: 1 hideSettings: 1]
2024-03-10 17:25:04.369 Df ScreenTimeAgent[2843:2320] [com.apple.ScreenTime.agent:mirroring] using mirroring with automatic scheduling
2024-03-10 17:25:04.368 Df SpringBoard[2714:2207] [com.apple.UserNotifications:DataProviderFactory] [com.apple.cmas] Create default data provider
2024-03-10 17:25:04.352 Df cloudd[2767:20cb] [com.apple.cloudkit.sim:Request] req: 8E6B585E-0D23-4D15-9CBF-FBC10191D2B4, "_finishOnLifecycleQueueWithError:, asked to finish with error <CKError 0x600003164f00: "Not Authenticated" (1002); "This request requires an authenticated account">"
2024-03-10 17:25:04.370 E  SpringBoard[2714:2207] [com.apple.UserNotifications:DataStore] No data found at /Users/chef/Library/Developer/CoreSimulator/Devices/FA441BBB-4AC7-424C-8E75-DDA61780E4A0/data/Library/UserNotifications/5D85810D-461C-4989-B4B8-EFE58B2F692F/Categories.plist
2024-03-10 17:25:04.362 Df cloudd[2767:2490] [com.apple.cloudkit.sim:Request] req: 946C5FF4-2BFB-4859-BA24-EFA71C21C79C, "This request requires an authenticated account"
2024-03-10 17:25:04.367 Df cloudd[2767:2490] [com.apple.cloudkit.sim:Request] req: 946C5FF4-2BFB-4859-BA24-EFA71C21C79C, "_finishOnLifecycleQueueWithError:, asked to finish with error <CKError 0x600003164ed0: "Not Authenticated" (1002); "This request requires an authenticated account">"
2024-03-10 17:25:04.369 Df cloudd[2767:2085] [com.apple.cloudkit.sim:OP] Finished operation <CKDFetchDatabaseChangesOperation: 0x7f938ab08280; qos=Utility, operationID=CC245093A62D1383, requestIDs=[7BAE9548-6BE5-44D5-B0F8-EBE103F1C46B], stateFlags=executing, flags=allows-cellular|allows-expensive, runningFor=21.937, currentAccountID=AnonymousAccount, request=<CKDFetchDatabaseChangesURLRequest: 0x7f938a920090; UUID=7BAE9548-6BE5-44D5-B0F8-EBE103F1C46B, stateFlags=finished, flags=foreground|allows-cellular|allows-expensive, error=<CKError 0x600003166790: "Not Authenticated" (1002); "This request requires an authenticated account">>, containerID=com.apple.appleaccount.beneficiary> metrics=<CKOperationMetrics: 0x600003f75320; cloudKitMetrics=<CKMetric: 0x600000d54360; startDate=2024-03-10 17:24:42 +0000, duration=21.936, queueing=21.735, executing=0.202, bytesUploaded=0, bytesDownloaded=0, connections=0, connectionsCreated=0, totalBytesByChunkProfile={  }, chunkCountByChunkProfile={  }, fileCountByChunkProfile={  }>> with error: <CKError 0x600003166790: "Not Authenticated" (1002);
2024-03-10 17:25:04.367 Df cloudd[2767:2491] [com.apple.cloudkit.sim:OP] Initialized with container 0x7f938ab0da60. Background: 0, cellular: 1, expensive: 0, QOS: 0x11
2024-03-10 17:25:04.373 Df SpringBoard[2714:2207] [com.apple.UserNotifications:DataProviderFactory] [com.apple.coreaudio.adam.hae] Automatically create data provider [ useDefaultDataProvider: 1 suppressUserAuthorizationPrompt: 1 hideSettings: 1]
2024-03-10 17:25:04.374 Df SpringBoard[2714:2207] [com.apple.UserNotifications:DataProviderFactory] [com.apple.coreaudio.adam.hae] Create default data provider
2024-03-10 17:25:04.371 Df cloudd[2767:2085] [com.apple.cloudkit.sim:OP] Operation is finishing on callback queue with an error
2024-03-10 17:25:04.374 E  SpringBoard[2714:2207] [com.apple.UserNotifications:DataStore] No data found at /Users/chef/Library/Developer/CoreSimulator/Devices/FA441BBB-4AC7-424C-8E75-DDA61780E4A0/data/Library/UserNotifications/64076AAD-5AB4-4C61-818D-21A31E0E5BAA/Categories.plist
2024-03-10 17:25:04.375 Df cloudd[2767:2085] [com.apple.cloudkit.sim:OP] Finished operation <CKDFetchDatabaseChangesOperation: 0x7f938a90ca40; qos=Utility, operationID=D4912492D00A80D9, requestIDs=[86ADC806-1EC9-41EE-A639-08BDE3EEF994], stateFlags=executing, flags=allows-cellular|allows-expensive, runningFor=21.84, currentAccountID=AnonymousAccount, request=<CKDFetchDatabaseChangesURLRequest: 0x7f938ab0d280; UUID=86ADC806-1EC9-41EE-A639-08BDE3EEF994, stateFlags=finished, flags=foreground|allows-cellular|allows-expensive, error=<CKError 0x600003165c50: "Not Authenticated" (1002); "This request requires an authenticated account">>, containerID=com.apple.appleaccount.beneficiary.private> metrics=<CKOperationMetrics: 0x600003f7df60; cloudKitMetrics=<CKMetric: 0x600000d5c5a0; startDate=2024-03-10 17:24:42 +0000, duration=21.821, queueing=21.664, executing=0.157, bytesUploaded=0, bytesDownloaded=0, connections=0, connectionsCreated=0, totalBytesByChunkProfile={  }, chunkCountByChunkProfile={  }, fileCountByChunkProfile={  }>> with error: <CKError 0x600003165c50: "Not Authenticated"
2024-03-10 17:25:04.378 Df SpringBoard[2714:2207] [com.apple.UserNotifications:DataProviderFactory] [com.apple.donotdisturb] Automatically create data provider [ useDefaultDataProvider: 1 suppressUserAuthorizationPrompt: 1 hideSettings: 1]
2024-03-10 17:25:04.378 Df SpringBoard[2714:2207] [com.apple.UserNotifications:DataProviderFactory] [com.apple.donotdisturb] Create default data provider
2024-03-10 17:25:04.378 E  SpringBoard[2714:2207] [com.apple.UserNotifications:DataStore] No data found at /Users/chef/Library/Developer/CoreSimulator/Devices/FA441BBB-4AC7-424C-8E75-DDA61780E4A0/data/Library/UserNotifications/0A45AB50-DCB4-42F5-BB9F-A56C9368112A/Categories.plist
2024-03-10 17:25:04.379 Df SpringBoard[2714:2207] [com.apple.UserNotifications:DataProviderFactory] [com.apple.facetime] Automatically create data provider [ useDefaultDataProvider: 1 suppressUserAuthorizationPrompt: 1 hideSettings: 0]
2024-03-10 17:25:04.379 Df SpringBoard[2714:2207] [com.apple.UserNotifications:DataProviderFactory] [com.apple.facetime] Create default data provider
2024-03-10 17:25:04.382 Df SpringBoard[2714:2207] [com.apple.UserNotifications:DataProviderFactory] [com.apple.familynotifications] Automatically create data provider [ useDefaultDataProvider: 1 suppressUserAuthorizationPrompt: 1 hideSettings: 1]
2024-03-10 17:25:04.382 Df SpringBoard[2714:2207] [com.apple.UserNotifications:DataProviderFactory] [com.apple.familynotifications] Create default data provider
2024-03-10 17:25:04.385 Df SpringBoard[2714:2207] [com.apple.UserNotifications:DataProviderFactory] [com.apple.GameControllerNotifications] Automatically create data provider [ useDefaultDataProvider: 1 suppressUserAuthorizationPrompt: 1 hideSettings: 1]
2024-03-10 17:25:04.383 Df ScreenTimeAgent[2843:2320] [com.apple.NanoPreferencesSync:Framework] self: (0x600001102300)
2024-03-10 17:25:04.385 Df SpringBoard[2714:2207] [com.apple.UserNotifications:DataProviderFactory] [com.apple.GameControllerNotifications] Create default data provider
2024-03-10 17:25:04.384 Df ScreenTimeAgent[2843:2320] [com.apple.ScreenTimeAgent:checkpoint] ScreenTimeOrganizationController resuming with capabilities: <STScreenTimeCapabilities { Supported Infrastructure: [V1, V2] }>
2024-03-10 17:25:04.381 E  NewsToday2[2833:2277] [com.apple.news:Reachability] Could not get current data service descriptor: Error Domain=NSPOSIXErrorDomain Code=19 "Operation not supported by device"
2024-03-10 17:25:04.385 E  SpringBoard[2714:2207] [com.apple.UserNotifications:DataStore] No data found at /Users/chef/Library/Developer/CoreSimulator/Devices/FA441BBB-4AC7-424C-8E75-DDA61780E4A0/data/Library/UserNotifications/A2886F9A-0821-4916-8D0E-D6A9EC1E684E/Categories.plist
2024-03-10 17:25:04.384 A  ScreenTimeAgent[2843:2320] Resuming screen time organization controller
2024-03-10 17:25:04.385 Df SpringBoard[2714:2207] [com.apple.UserNotifications:DataProviderFactory] [com.apple.iCloud.FollowUp] Automatically create data provider [ useDefaultDataProvider: 1 suppressUserAuthorizationPrompt: 1 hideSettings: 1]
2024-03-10 17:25:04.385 Df SpringBoard[2714:2207] [com.apple.UserNotifications:DataProviderFactory] [com.apple.iCloud.FollowUp] Create default data provider
2024-03-10 17:25:04.386 E  SpringBoard[2714:2207] [com.apple.UserNotifications:DataStore] No data found at /Users/chef/Library/Developer/CoreSimulator/Devices/FA441BBB-4AC7-424C-8E75-DDA61780E4A0/data/Library/UserNotifications/FDCBC61E-2FF7-4363-88DA-D1264E657239/Categories.plist
2024-03-10 17:25:04.386 Df SpringBoard[2714:2207] [com.apple.UserNotifications:DataProviderFactory] [com.apple.identityservicesd.firewall] Automatically create data provider [ useDefaultDataProvider: 1 suppressUserAuthorizationPrompt: 1 hideSettings: 1]
2024-03-10 17:25:04.382 Df NewsToday2[2833:2277] [com.apple.news:Reachability] Reachability Changed. Network Reachable: 1, Reachable via Wi-Fi: 1, Reachable via Cellular: 0, CloudKit Access Allowed: 1
2024-03-10 17:25:04.386 Df SpringBoard[2714:2207] [com.apple.UserNotifications:DataProviderFactory] [com.apple.identityservicesd.firewall] Create default data provider
2024-03-10 17:25:04.382 E  NewsToday2[2833:2277] [com.apple.news:Reachability] Could not get current data service descriptor: Error Domain=NSPOSIXErrorDomain Code=19 "Operation not supported by device"
2024-03-10 17:25:04.386 E  SpringBoard[2714:2207] [com.apple.UserNotifications:DataStore] No data found at /Users/chef/Library/Developer/CoreSimulator/Devices/FA441BBB-4AC7-424C-8E75-DDA61780E4A0/data/Library/UserNotifications/B6476DED-C35D-439C-A6E3-850A2EDB5E4A/Categories.plist
2024-03-10 17:25:04.382 Df NewsToday2[2833:2277] [com.apple.news:Reachability] Reachability Changed. Network Reachable: 1, Reachable via Wi-Fi: 1, Reachable via Cellular: 0, CloudKit Access Allowed: 1
2024-03-10 17:25:04.386 Df SpringBoard[2714:2207] [com.apple.UserNotifications:DataProviderFactory] [com.apple.mobilephone] Automatically create data provider [ useDefaultDataProvider: 1 suppressUserAuthorizationPrompt: 1 hideSettings: 0]
2024-03-10 17:25:04.382 Df NewsToday2[2833:247b] [com.apple.CoreTelephony:Client] Connection has been invalidated
2024-03-10 17:25:04.388 Df SpringBoard[2714:2207] [com.apple.UserNotifications:DataProviderFactory] [com.apple.mobilephone] Create default data provider
2024-03-10 17:25:04.386 Df NewsToday2[2833:247b] [com.apple.CoreTelephony:Client] Sending selectors to server: (null)
2024-03-10 17:25:04.389 E  cfprefsd[2753:1f6f] [com.apple.defaults:cfprefsd] Couldn't open parent path due to [2: No such file or directory]
2024-03-10 17:25:04.375 Df cloudd[2767:2085] [com.apple.cloudkit.sim:OP] Operation is finishing on callback queue with an error
2024-03-10 17:25:04.392 Df SpringBoard[2714:2207] [com.apple.UserNotifications:DataProviderFactory] [com.apple.mobiletimer] Automatically create data provider [ useDefaultDataProvider: 1 suppressUserAuthorizationPrompt: 1 hideSettings: 1]
2024-03-10 17:25:04.386 Df NewsToday2[2833:247b] [com.apple.CoreTelephony:Client] Sending selectors to server: (null)
2024-03-10 17:25:04.390 E  cfprefsd[2753:1f6f] [com.apple.defaults:cfprefsd] Couldn't open parent path due to [2: No such file or directory]
2024-03-10 17:25:04.393 Df ScreenTimeAgent[2843:2320] [com.apple.ScreenTimeAgent:screenTimeOrganizationController] Migrated 0 defaults to new names
2024-03-10 17:25:04.375 Df cloudd[2767:2085] [com.apple.cloudkit.sim:OP] Finished operation <CKDModifySubscriptionsOperation: 0x7f938a90dc00; qos=Utility, operationID=09EEB9D7CFD38FFB, requestIDs=[EE5E5AF2-9A58-4BDA-8BB3-3CFA8E300573], stateFlags=executing, flags=allows-cellular|allows-expensive, runningFor=21.807, currentAccountID=AnonymousAccount, request=<CKDModifySubscriptionsURLRequest: 0x7f938a920eb0; UUID=EE5E5AF2-9A58-4BDA-8BB3-3CFA8E300573, stateFlags=finished, flags=foreground|allows-cellular|allows-expensive, error=<CKError 0x60000317b8d0: "Not Authenticated" (1002); "This request requires an authenticated account">>, containerID=com.apple.appleaccount.beneficiary.private> metrics=<CKOperationMetrics: 0x600003f748a0; cloudKitMetrics=<CKMetric: 0x600000d54360; startDate=2024-03-10 17:24:42 +0000, duration=21.789, queueing=21.631, executing=0.158, bytesUploaded=0, bytesDownloaded=0, connections=0, connectionsCreated=0, totalBytesByChunkProfile={  }, chunkCountByChunkProfile={  }, fileCountByChunkProfile={  }>> with error: <CKError 0x60000317b8d0: "Not Authenticated" (
2024-03-10 17:25:04.386 Df NewsToday2[2833:247b] [com.apple.CoreTelephony:Client] Sending selectors to server: (null)
2024-03-10 17:25:04.392 Df SpringBoard[2714:2207] [com.apple.UserNotifications:DataProviderFactory] [com.apple.mobiletimer] Create default data provider
2024-03-10 17:25:04.389 E  NewsToday2[2833:247b] [com.apple.CoreTelephony:Client] Updating selectors failed with: Error Domain=NSCocoaErrorDomain Code=4099 "The connection to service named com.apple.commcenter.coretelephony.xpc was invalidated from this process." UserInfo={NSDebugDescription=The connection to service named com.apple.commcenter.coretelephony.xpc was invalidated from this process.}
2024-03-10 17:25:04.397 Df SpringBoard[2714:2207] [com.apple.UserNotifications:DataProviderFactory] [com.apple.NDO.FollowUp] Automatically create data provider [ useDefaultDataProvider: 1 suppressUserAuthorizationPrompt: 1 hideSettings: 1]
2024-03-10 17:25:04.389 E  NewsToday2[2833:247b] [com.apple.CoreTelephony:Client] Updating selectors after delegate removal failed with: Error Domain=NSCocoaErrorDomain Code=4099 "The connection to service named com.apple.commcenter.coretelephony.xpc was invalidated from this process." UserInfo={NSDebugDescription=The connection to service named com.apple.commcenter.coretelephony.xpc was invalidated from this process.}
2024-03-10 17:25:04.398 Df SpringBoard[2714:2207] [com.apple.UserNotifications:DataProviderFactory] [com.apple.NDO.FollowUp] Create default data provider
2024-03-10 17:25:04.379 A  cloudd[2767:2496] (CloudKitDaemon) daemon/record-fetch-aggregator
2024-03-10 17:25:04.398 E  SpringBoard[2714:2207] [com.apple.UserNotifications:DataStore] No data found at /Users/chef/Library/Developer/CoreSimulator/Devices/FA441BBB-4AC7-424C-8E75-DDA61780E4A0/data/Library/UserNotifications/9A995E98-7C7C-4779-AA6F-87E41E3A8E2E/Categories.plist
2024-03-10 17:25:04.398 Df SpringBoard[2714:2207] [com.apple.UserNotifications:DataProviderFactory] [com.apple.RPUserNotificationAppSignIn] Automatically create data provider [ useDefaultDataProvider: 1 suppressUserAuthorizationPrompt: 1 hideSettings: 1]
2024-03-10 17:25:04.398 Df SpringBoard[2714:2207] [com.apple.UserNotifications:DataProviderFactory] [com.apple.RPUserNotificationAppSignIn] Create default data provider
2024-03-10 17:25:04.398 E  SpringBoard[2714:2207] [com.apple.UserNotifications:DataStore] No data found at /Users/chef/Library/Developer/CoreSimulator/Devices/FA441BBB-4AC7-424C-8E75-DDA61780E4A0/data/Library/UserNotifications/500200C1-F409-4642-B3E7-F7473FBFE632/Categories.plist
2024-03-10 17:25:04.391 E  NewsToday2[2833:247b] [com.apple.CoreTelephony:Client] Updating selectors after delegate removal failed with: Error Domain=NSCocoaErrorDomain Code=4099 "The connection to service named com.apple.commcenter.coretelephony.xpc was invalidated from this process." UserInfo={NSDebugDescription=The connection to service named com.apple.commcenter.coretelephony.xpc was invalidated from this process.}
2024-03-10 17:25:04.402 Df SpringBoard[2714:2207] [com.apple.UserNotifications:DataProviderFactory] [com.apple.Safari.PasswordBreachNotifications] Automatically create data provider [ useDefaultDataProvider: 1 suppressUserAuthorizationPrompt: 1 hideSettings: 1]
2024-03-10 17:25:04.402 Df SpringBoard[2714:2207] [com.apple.UserNotifications:DataProviderFactory] [com.apple.Safari.PasswordBreachNotifications] Create default data provider
2024-03-10 17:25:04.402 E  SpringBoard[2714:2207] [com.apple.UserNotifications:DataStore] No data found at /Users/chef/Library/Developer/CoreSimulator/Devices/FA441BBB-4AC7-424C-8E75-DDA61780E4A0/data/Library/UserNotifications/FD925FE1-E402-423C-9AFC-AFB5DF4228D8/Categories.plist
2024-03-10 17:25:04.404 Df SpringBoard[2714:2207] [com.apple.UserNotifications:DataProviderFactory] [com.apple.SensorKit.reminder] Automatically create data provider [ useDefaultDataProvider: 1 suppressUserAuthorizationPrompt: 1 hideSettings: 1]
2024-03-10 17:25:04.408 Df SpringBoard[2714:2207] [com.apple.UserNotifications:DataProviderFactory] [com.apple.SensorKit.reminder] Create default data provider
2024-03-10 17:25:04.408 E  appleaccountd[2779:20b3] [com.apple.appleaccount:cloudKit] Failed to create CKSubscription for database: Private
2024-03-10 17:25:04.408 E  SpringBoard[2714:2207] [com.apple.UserNotifications:DataStore] No data found at /Users/chef/Library/Developer/CoreSimulator/Devices/FA441BBB-4AC7-424C-8E75-DDA61780E4A0/data/Library/UserNotifications/4A29C689-9EF1-48FC-BCBF-26D15F033815/Categories.plist
2024-03-10 17:25:04.408 Df SpringBoard[2714:2207] [com.apple.UserNotifications:DataProviderFactory] [com.apple.Sharing.AirDropUIRemoteNotifications] Automatically create data provider [ useDefaultDataProvider: 1 suppressUserAuthorizationPrompt: 1 hideSettings: 1]
2024-03-10 17:25:04.408 Df SpringBoard[2714:2207] [com.apple.UserNotifications:DataProviderFactory] [com.apple.Sharing.AirDropUIRemoteNotifications] Create default data provider
2024-03-10 17:25:04.408 E  SpringBoard[2714:2207] [com.apple.UserNotifications:DataStore] No data found at /Users/chef/Library/Developer/CoreSimulator/Devices/FA441BBB-4AC7-424C-8E75-DDA61780E4A0/data/Library/UserNotifications/07FD2758-2EC6-4C04-8368-6FBDDF2FAF87/Categories.plist
2024-03-10 17:25:04.381 Df cloudd[2767:2496] [com.apple.cloudkit.sim:OP] Starting <CKDRecordFetchAggregator: 0x7f938ab08040; qos=Utility, operationID=FD54D8CAD5DD5C6B, operationGroupID=5462C4E0668D9F6F, operationGroupName=UserActionExplicit, flags=allows-cellular, runningFor=0.013, applicationBundleIdentifierOverrideForNetworkAttribution=com.apple.siri.embeddedspeech, currentAccountID=AnonymousAccount, applicationBundleIdentifierOverrideForContainerAccess=com.apple.triald, containerID=com.apple.trial>
2024-03-10 17:25:04.408 Df SpringBoard[2714:2207] [com.apple.UserNotifications:DataProviderFactory] [com.apple.Sharing.b7ce1794a1c8766816fc7b7500742862] Automatically create data provider [ useDefaultDataProvider: 1 suppressUserAuthorizationPrompt: 1 hideSettings: 1]
2024-03-10 17:25:04.408 Df SpringBoard[2714:2207] [com.apple.UserNotifications:DataProviderFactory] [com.apple.Sharing.b7ce1794a1c8766816fc7b7500742862] Create default data provider
2024-03-10 17:25:04.408 E  SpringBoard[2714:2207] [com.apple.UserNotifications:DataStore] No data found at /Users/chef/Library/Developer/CoreSimulator/Devices/FA441BBB-4AC7-424C-8E75-DDA61780E4A0/data/Library/UserNotifications/E73F186B-81FD-4E1A-85F1-E92E5E75C58E/Categories.plist
2024-03-10 17:25:04.409 Df SpringBoard[2714:2207] [com.apple.UserNotifications:DataProviderFactory] [com.apple.Sharing.HomePodRemoteNotifications] Automatically create data provider [ useDefaultDataProvider: 1 suppressUserAuthorizationPrompt: 1 hideSettings: 1]
2024-03-10 17:25:04.409 Df SpringBoard[2714:2207] [com.apple.UserNotifications:DataProviderFactory] [com.apple.Sharing.HomePodRemoteNotifications] Create default data provider
2024-03-10 17:25:04.410 E  SpringBoard[2714:2207] [com.apple.UserNotifications:DataStore] No data found at /Users/chef/Library/Developer/CoreSimulator/Devices/FA441BBB-4AC7-424C-8E75-DDA61780E4A0/data/Library/UserNotifications/A1ECCA40-1FC6-4BC6-8B9F-C09EFB521995/Categories.plist
2024-03-10 17:25:04.410 Df SpringBoard[2714:2207] [com.apple.UserNotifications:DataProviderFactory] [com.apple.ShazamNotifications] Automatically create data provider [ useDefaultDataProvider: 1 suppressUserAuthorizationPrompt: 1 hideSettings: 1]
2024-03-10 17:25:04.410 Df SpringBoard[2714:2207] [com.apple.UserNotifications:DataProviderFactory] [com.apple.ShazamNotifications] Create default data provider
2024-03-10 17:25:04.413 E  SpringBoard[2714:2207] [com.apple.UserNotifications:DataStore] No data found at /Users/chef/Library/Developer/CoreSimulator/Devices/FA441BBB-4AC7-424C-8E75-DDA61780E4A0/data/Library/UserNotifications/B48C3A59-10A9-4BB3-935C-49019AD6AD9F/Categories.plist
2024-03-10 17:25:04.412 Df ScreenTimeAgent[2843:2320] (libMobileGestalt.dylib) No persisted cache on this platform.
2024-03-10 17:25:04.381 Df cloudd[2767:2496] [com.apple.cloudkit.sim:OP] Operation is finishing on callback queue with an error
2024-03-10 17:25:04.382 Df cloudd[2767:2496] [com.apple.cloudkit.sim:OP] Finished operation <CKDFetchDatabaseChangesOperation: 0x7f938a90adc0; qos=Utility, operationID=224881F611599CF2, requestIDs=[8E6B585E-0D23-4D15-9CBF-FBC10191D2B4], stateFlags=executing, flags=allows-cellular|allows-expensive, runningFor=21.852, currentAccountID=AnonymousAccount, request=<CKDFetchDatabaseChangesURLRequest: 0x7f938a91e030; UUID=8E6B585E-0D23-4D15-9CBF-FBC10191D2B4, stateFlags=finished, flags=foreground|allows-cellular|allows-expensive, error=<CKError 0x600003164f00: "Not Authenticated" (1002); "This request requires an authenticated account">>, containerID=com.apple.appleaccount.beneficiary.private> metrics=<CKOperationMetrics: 0x600003f75d00; cloudKitMetrics=<CKMetric: 0x600000d543f0; startDate=2024-03-10 17:24:42 +0000, duration=21.852, queueing=21.636, executing=0.216, bytesUploaded=0, bytesDownloaded=0, connections=0, connectionsCreated=0, totalBytesByChunkProfile={  }, chunkCountByChunkProfile={  }, fileCountByChunkProfile={  }>> with error: <CKError 0x600003164f00: "Not Authenticated"
2024-03-10 17:25:04.384 Df cloudd[2767:2496] [com.apple.cloudkit.sim:OP] Operation is finishing on callback queue with an error
2024-03-10 17:25:04.395 Df cloudd[2767:2496] [com.apple.cloudkit.sim:OP] Finished operation <CKDFetchDatabaseChangesOperation: 0x7f938a90ce70; qos=Utility, operationID=74E87E4616E326F1, requestIDs=[946C5FF4-2BFB-4859-BA24-EFA71C21C79C], stateFlags=executing, flags=allows-cellular|allows-expensive, runningFor=21.843, currentAccountID=AnonymousAccount, request=<CKDFetchDatabaseChangesURLRequest: 0x7f9389f0c580; UUID=946C5FF4-2BFB-4859-BA24-EFA71C21C79C, stateFlags=finished, flags=foreground|allows-cellular|allows-expensive, error=<CKError 0x600003164ed0: "Not Authenticated" (1002); "This request requires an authenticated account">>, containerID=com.apple.appleaccount.beneficiary> metrics=<CKOperationMetrics: 0x600003f719c0; cloudKitMetrics=<CKMetric: 0x600000d58480; startDate=2024-03-10 17:24:42 +0000, duration=21.837, queueing=21.684, executing=0.153, bytesUploaded=0, bytesDownloaded=0, connections=0, connectionsCreated=0, totalBytesByChunkProfile={  }, chunkCountByChunkProfile={  }, fileCountByChunkProfile={  }>> with error: <CKError 0x600003164ed0: "Not Authenticated" (1002);
2024-03-10 17:25:04.404 Df cloudd[2767:2491] [com.apple.cloudkit.sim:OP] Operation <CKDQueryOperation: 0x7f9389f20290; B4A64DDFBB9E2AEE (RC)  State: Not Started, QoS: Utility>, setting current request from (null) to <CKDQueryURLRequest: 0x7f938ab08270 6D9E3FEA-1CC9-4FBA-8EBA-FE46F1EFF51E>
2024-03-10 17:25:04.410 A  cloudd[2767:2491] (CloudKitDaemon) url-request
2024-03-10 17:25:04.416 Df SpringBoard[2714:2207] [com.apple.UserNotifications:DataProviderFactory] [com.apple.shortcuts.AutomationLockscreenNotifications] Automatically create data provider [ useDefaultDataProvider: 1 suppressUserAuthorizationPrompt: 1 hideSettings: 1]
2024-03-10 17:25:04.416 Df SpringBoard[2714:2207] [com.apple.UserNotifications:DataProviderFactory] [com.apple.shortcuts.AutomationLockscreenNotifications] Create default data provider
2024-03-10 17:25:04.418 Df SpringBoard[2714:2207] [com.apple.UserNotifications:DataProviderFactory] [com.apple.siri.NotificationSource] Automatically create data provider [ useDefaultDataProvider: 1 suppressUserAuthorizationPrompt: 1 hideSettings: 1]
2024-03-10 17:25:04.418 Df SpringBoard[2714:2207] [com.apple.UserNotifications:DataProviderFactory] [com.apple.siri.NotificationSource] Create default data provider
2024-03-10 17:25:04.419 Df SpringBoard[2714:2207] [com.apple.UserNotifications:DataProviderFactory] [com.apple.sosd.usernotification] Automatically create data provider [ useDefaultDataProvider: 1 suppressUserAuthorizationPrompt: 1 hideSettings: 1]
2024-03-10 17:25:04.419 Df SpringBoard[2714:2207] [com.apple.UserNotifications:DataProviderFactory] [com.apple.sosd.usernotification] Create default data provider
2024-03-10 17:25:04.415 Df cloudd[2767:2491] [com.apple.cloudkit.sim:Request] req: 6D9E3FEA-1CC9-4FBA-8EBA-FE46F1EFF51E, "<CKDQueryURLRequest: 0x7f938ab08270 6D9E3FEA-1CC9-4FBA-8EBA-FE46F1EFF51E> Performing"
2024-03-10 17:25:04.419 E  SpringBoard[2714:2207] [com.apple.UserNotifications:DataStore] No data found at /Users/chef/Library/Developer/CoreSimulator/Devices/FA441BBB-4AC7-424C-8E75-DDA61780E4A0/data/Library/UserNotifications/F03B99B5-B613-4192-B319-CBEF1AD3C0A4/Categories.plist
2024-03-10 17:25:04.419 Df SpringBoard[2714:2207] [com.apple.UserNotifications:DataProviderFactory] [com.apple.studentd.notifications] Automatically create data provider [ useDefaultDataProvider: 1 suppressUserAuthorizationPrompt: 1 hideSettings: 1]
2024-03-10 17:25:04.419 Df SpringBoard[2714:2207] [com.apple.UserNotifications:DataProviderFactory] [com.apple.studentd.notifications] Create default data provider
2024-03-10 17:25:04.420 E  SpringBoard[2714:2207] [com.apple.UserNotifications:DataStore] No data found at /Users/chef/Library/Developer/CoreSimulator/Devices/FA441BBB-4AC7-424C-8E75-DDA61780E4A0/data/Library/UserNotifications/24F4B6B9-7A18-43CC-9391-40D0DD1E3BBC/Categories.plist
2024-03-10 17:25:04.420 Df SpringBoard[2714:2207] [com.apple.UserNotifications:DataProviderFactory] [com.apple.Safari.PasswordBreachNotifications] Automatically create data provider [ useDefaultDataProvider: 1 suppressUserAuthorizationPrompt: 1 hideSettings: 1]
2024-03-10 17:25:04.421 Df SpringBoard[2714:2207] [com.apple.UserNotifications:DataProviderFactory] [com.apple.MobileSMS] Automatically create data provider [ useDefaultDataProvider: 1 suppressUserAuthorizationPrompt: 1 hideSettings: 0]
2024-03-10 17:25:04.421 Df SpringBoard[2714:2207] [com.apple.UserNotifications:DataProviderFactory] [com.apple.MobileSMS] Create default data provider
2024-03-10 17:25:04.422 E  SpringBoard[2714:2207] [com.apple.UserNotifications:DataStore] No data found at /Users/chef/Library/Developer/CoreSimulator/Devices/FA441BBB-4AC7-424C-8E75-DDA61780E4A0/data/Library/UserNotifications/F7B2928F-686A-4AC0-96DC-ABF8581A1DB6/Categories.plist
2024-03-10 17:25:04.422 Df SpringBoard[2714:2207] [com.apple.UserNotifications:DataProviderFactory] [com.apple.Preferences] Automatically create data provider [ useDefaultDataProvider: 1 suppressUserAuthorizationPrompt: 1 hideSettings: 1]
2024-03-10 17:25:04.422 Df SpringBoard[2714:2207] [com.apple.UserNotifications:DataProviderFactory] [com.apple.Preferences] Create default data provider
2024-03-10 17:25:04.425 Df SpringBoard[2714:2207] [com.apple.UserNotifications:DataProviderFactory] [com.apple.shortcuts] Automatically create data provider [ useDefaultDataProvider: 1 suppressUserAuthorizationPrompt: 1 hideSettings: 1]
2024-03-10 17:25:04.421 Df cloudd[2767:2491] [com.apple.cloudkit.sim:Request] req: 6D9E3FEA-1CC9-4FBA-8EBA-FE46F1EFF51E, "<CKDQueryURLRequest: 0x7f938ab08270 6D9E3FEA-1CC9-4FBA-8EBA-FE46F1EFF51E> Requires a url for the app partition, getting it"
2024-03-10 17:25:04.425 Df SpringBoard[2714:2207] [com.apple.UserNotifications:DataProviderFactory] [com.apple.shortcuts] Create default data provider
2024-03-10 17:25:04.428 Df SpringBoard[2714:2207] [com.apple.UserNotifications:DataProviderFactory] [com.apple.siri] Automatically create data provider [ useDefaultDataProvider: 1 suppressUserAuthorizationPrompt: 1 hideSettings: 1]
2024-03-10 17:25:04.428 Df SpringBoard[2714:2207] [com.apple.UserNotifications:DataProviderFactory] [com.apple.siri] Create default data provider
2024-03-10 17:25:04.429 E  SpringBoard[2714:2207] [com.apple.UserNotifications:DataStore] No data found at /Users/chef/Library/Developer/CoreSimulator/Devices/FA441BBB-4AC7-424C-8E75-DDA61780E4A0/data/Library/UserNotifications/3F1BFD27-FF1A-45C7-AE68-6856C3E51FD6/Categories.plist
2024-03-10 17:25:04.429 Df SpringBoard[2714:2207] [com.apple.UserNotifications:Settings] Getting sectionInfos for section identifiers: {(
    "com.apple.Passbook",
    "com.apple.ScreenTimeEnabledNotifications",
    "com.apple.ScreenTimeDowntimeNotifications",
    "com.apple.ScreenTimeNotifications",
    "com.apple.SoundDetectionNotifications",
    "com.apple.ctnotifytool",
    "com.apple.Maps",
    "com.apple.gamecenter",
    "com.apple.AppleMediaServicesUI.engagement.notifications",
    "com.apple.Bridge",
    "com.apple.mobilecal",
    "com.apple.Home",
    "com.apple.FindMySafetyAlertsNotifications",
    "com.apple.reminders",
    "com.apple.Health",
    "com.apple.news",
    "com.apple.mobileslideshow",
    "com.apple.VoiceOverNotifications",
    "com.apple.Sharing.TVRemoteNotifications",
    "com.apple.RTTNotifications",
    "com.apple.Sharing.WatchRemoteNotifications"
)}
2024-03-10 17:25:04.425 Df cloudd[2767:2491] [com.apple.cloudkit.sim:OP] Initialized with container 0x7f938ab0da60. Background: 0, cellular: 1, expensive: 0, QOS: 0x11
2024-03-10 17:25:04.431 E  SpringBoard[2714:225a] [com.apple.UserNotifications:DataStore] No data found at /Users/chef/Library/Developer/CoreSimulator/Devices/FA441BBB-4AC7-424C-8E75-DDA61780E4A0/data/Library/UserNotifications/61852B28-4881-4B83-9D6A-3AA7D013F721/Categories.plist
2024-03-10 17:25:04.431 E  SpringBoard[2714:225a] [com.apple.UserNotifications:DataStore] No data found at /Users/chef/Library/Developer/CoreSimulator/Devices/FA441BBB-4AC7-424C-8E75-DDA61780E4A0/data/Library/UserNotifications/61852B28-4881-4B83-9D6A-3AA7D013F721/Topics.plist
2024-03-10 17:25:04.431 Df SpringBoard[2714:225a] [com.apple.BulletinBoard:General] BBDataProvider: Data provider <com.apple.accountnotifications> is missing sort descriptors -- section will not be sorted!
2024-03-10 17:25:04.432 E  SpringBoard[2714:225a] [com.apple.UserNotifications:DataStore] No data found at /Users/chef/Library/Developer/CoreSimulator/Devices/FA441BBB-4AC7-424C-8E75-DDA61780E4A0/data/Library/UserNotifications/899E2225-524D-4A50-B52E-BDB098D099DD/Topics.plist
2024-03-10 17:25:04.425 A  cloudd[2767:2491] (CloudKitDaemon) daemon/container-specific-info
2024-03-10 17:25:04.432 Df SpringBoard[2714:225a] [com.apple.BulletinBoard:General] BBDataProvider: Data provider <com.apple.appleaccount.notifications> is missing sort descriptors -- section will not be sorted!
2024-03-10 17:25:04.432 E  SpringBoard[2714:225a] [com.apple.UserNotifications:DataStore] No data found at /Users/chef/Library/Developer/CoreSimulator/Devices/FA441BBB-4AC7-424C-8E75-DDA61780E4A0/data/Library/UserNotifications/E06BDAA8-61D0-40C0-836D-86298BBFFE5A/Categories.plist
2024-03-10 17:25:04.432 E  SpringBoard[2714:225a] [com.apple.UserNotifications:DataStore] No data found at /Users/chef/Library/Developer/CoreSimulator/Devices/FA441BBB-4AC7-424C-8E75-DDA61780E4A0/data/Library/UserNotifications/E06BDAA8-61D0-40C0-836D-86298BBFFE5A/Topics.plist
2024-03-10 17:25:04.433 Df SpringBoard[2714:2350] [com.apple.UserNotifications:AttachmentsService] Suspending attachment service
