2024-03-10 17:25:05.150 Df SpringBoard[2714:21ef] [com.apple.UserNotifications:LocalNotifications] [com.apple.accountnotifications] Load last local notification fire date: (null)
2024-03-10 17:25:05.157 Df PosterBoard[2838:24c5] [com.apple.PosterBoard:Reaper] Cleaned up abandoned data store url 'file:///Users/chef/Library/Developer/CoreSimulator/Devices/FA441BBB-4AC7-424C-8E75-DDA61780E4A0/data/Library/Application%20Support/FileProvider/'
2024-03-10 17:25:05.151 Df SpringBoard[2714:24cb] [com.apple.BulletinBoard:Connection] BBDataProviderProxy setting server proxy: <_NSXPCDistantObject: 0x60000226c730>
2024-03-10 17:25:05.151 Df SpringBoard[2714:24b7] [com.apple.BulletinBoard:Connection] BBDataProviderManager adding data provider <BBRemoteDataProvider 0x600002273070; com.apple.ShazamNotifications> to BBServer
2024-03-10 17:25:05.151 Df SpringBoard[2714:24bd] [com.apple.BulletinBoard:Connection] BBDataProviderProxy resuming proxy queue
2024-03-10 17:25:05.156 Df SpringBoard[2714:24cb] [com.apple.UserNotifications:DataProviderFactory] [com.apple.Sharing.HomePodRemoteNotifications] Did create default data provider
2024-03-10 17:25:05.155 E  SpringBoard[2714:24b6] [com.apple.UserNotificationsKit:Icons] Notification icon is smaller than expanded size of 40.000000: 78C22122-4FAA-4FD2-AEB4-2A1A8F00AED5 in bundle /Volumes/Xcode/Xcode_14.2.app/Contents/Developer/Platforms/iPhoneOS.platform/Library/Developer/CoreSimulator/Profiles/Runtimes/iOS.simruntime/Contents/Resources/RuntimeRoot/System/Library/UserNotifications/Bundles/com.apple.Sharing.b7ce1794a1c8766816fc7b7500742862.bundle
2024-03-10 17:25:05.151 Df SpringBoard[2714:21ef] [com.apple.UserNotifications:LocalNotifications] [com.apple.accountnotifications] Find next notification with current trigger date after last fire date 0001-01-01 00:00:00.000 +0000
2024-03-10 17:25:05.160 Df cloudd[2767:2491] [com.apple.cloudkit.sim:Request] req: 6D9E3FEA-1CC9-4FBA-8EBA-FE46F1EFF51E, "<CKDQueryURLRequest: 0x7f938ab08270 6D9E3FEA-1CC9-4FBA-8EBA-FE46F1EFF51E> Requires zone id gates, grabbing them from gatekeeper, expectDelay false"
2024-03-10 17:25:05.157 E  SpringBoard[2714:24b7] [com.apple.BulletinBoard:Settings] Encountered error obtaining application record for section com.apple.ShazamNotifications: The operation couldnt be completed. (OSStatus error -10814.)
2024-03-10 17:25:05.161 Df CalendarWidgetExtension[2860:2413] (libMobileGestalt.dylib) No persisted cache on this platform.
2024-03-10 17:25:05.158 Df PosterBoard[2838:24c5] [com.apple.PosterBoard:Reaper] Cleaned up abandoned data store url 'file:///Users/chef/Library/Developer/CoreSimulator/Devices/FA441BBB-4AC7-424C-8E75-DDA61780E4A0/data/Library/Application%20Support/FaceTime/'
2024-03-10 17:25:05.160 Df cloudd[2767:2491] [com.apple.cloudkit.sim:Request] req: 6D9E3FEA-1CC9-4FBA-8EBA-FE46F1EFF51E, "Performing request with URL=https://gateway.icloud.com:443/ckdatabase/api/client/query/retrieve background=0 allowCellular=1 allowExpensive=0 (timeouts 300.0s, -1.0s)"
2024-03-10 17:25:05.161 Df SpringBoard[2714:1f24] [com.apple.UserNotificationsKit:Lists] Destination CSCombinedListViewController updating notification section settings for section com.apple.Sharing.b7ce1794a1c8766816fc7b7500742862
2024-03-10 17:25:05.161 Df SpringBoard[2714:1f24] [com.apple.UserNotificationsKit:Lists] Notification List [NCNotificationStructuredListViewController] updating notification section settings for section com.apple.Sharing.b7ce1794a1c8766816fc7b7500742862
2024-03-10 17:25:05.161 Df SpringBoard[2714:1f24] [com.apple.SpringBoard:CoverSheet] Ignoring redundant update for <CSCombinedListViewController: 0x7fe7d8820200> because there is no content
2024-03-10 17:25:05.162 Df SpringBoard[2714:1f24] [com.apple.SpringBoard:CoverSheet] Ignoring redundant update for <CSCombinedListViewController: 0x7fe7d8820200> because there is no content
2024-03-10 17:25:05.162 Df SpringBoard[2714:1f24] [com.apple.SpringBoard:CoverSheet] Ignoring redundant update for <CSCombinedListViewController: 0x7fe7d8820200> because there is no content
2024-03-10 17:25:05.156 Df SpringBoard[2714:24bd] [com.apple.BulletinBoard:Connection] BBDataProviderProxy resuming proxy queue
2024-03-10 17:25:05.164 Df PosterBoard[2838:24c5] [com.apple.PosterBoard:Reaper] Cleaned up abandoned data store url 'file:///Users/chef/Library/Developer/CoreSimulator/Devices/FA441BBB-4AC7-424C-8E75-DDA61780E4A0/data/Library/Application%20Support/com.apple.ProtectedCloudStorage/'
2024-03-10 17:25:05.158 Df SpringBoard[2714:24cb] [com.apple.UserNotifications:DataProviderFactory] [com.apple.Sharing.HomePodRemoteNotifications] Purging invalid notification records
2024-03-10 17:25:05.162 E  SpringBoard[2714:2207] [com.apple.BaseBoard:Common]  **** failed to open fd at tempPath=/Users/chef/Library/Developer/CoreSimulator/Devices/FA441BBB-4AC7-424C-8E75-DDA61780E4A0/data/tmp/sectionInfoIcon.78C22122-4FAA-4FD2-AEB4-2A1A8F00AED5./Volumes/Xcode/Xcode_14.2.app/Contents/Developer/Platforms/iPhoneOS.platform/Library/Developer/CoreSimulator/Profiles/Runtimes/iOS.simruntime/Contents/Resources/RuntimeRoot/System/Library/UserNotifications/Bundles/com.apple.Sharing.b7ce1794a1c8766816fc7b7500742862.bundle.(null).(null).17.cpbitmap.8kRbsN
2024-03-10 17:25:04.841 Df SpringBoard[2714:24be] [com.apple.UserNotifications:Connections] [com.apple.Passbook] Setting 23 notification categories
2024-03-10 17:25:05.168 Df SpringBoard[2714:24b6] [com.apple.UIKit:AssetManager] Could not load asset catalog from bundle NSBundle </Volumes/Xcode/Xcode_14.2.app/Contents/Developer/Platforms/iPhoneOS.platform/Library/Developer/CoreSimulator/Profiles/Runtimes/iOS.simruntime/Contents/Resources/RuntimeRoot/System/Library/UserNotifications/Bundles/com.apple.Sharing.HomePodRemoteNotifications.bundle> (not yet loaded): Error Domain=NSCocoaErrorDomain Code=260 "RunTimeThemeRefForBundleIdentifierAndName() couldn't find Assets.car in bundle with identifier: com.apple.Sharing.HomePodRemoteNotifications" UserInfo={NSLocalizedDescription=RunTimeThemeRefForBundleIdentifierAndName() couldn't find Assets.car in bundle with identifier: com.apple.Sharing.HomePodRemoteNotifications}
2024-03-10 17:25:04.632 Df SpringBoard[2714:24b9] [com.apple.BaseBoard:Common] Resolved bundle path /Volumes/Xcode/Xcode_14.2.app/Contents/Developer/Platforms/iPhoneOS.platform/Library/Developer/CoreSimulator/Profiles/Runtimes/iOS.simruntime/Contents/Resources/RuntimeRoot/System/Library/PrivateFrameworks/AssistantServices.framework does not match executable assistantd
2024-03-10 17:25:05.159 Df SpringBoard[2714:24b7] [com.apple.BulletinBoard:Settings] Section settings for data provider com.apple.ShazamNotifications: <BBSectionInfo: 0x60000357d340> Section com.apple.ShazamNotifications <BBSectionInfoSettings: 0x6000030777b0> Section settings: authorized = Authorized, authorization expiration date = (null), last user granted authorization date = (null), mute configuartion = (null), notification center = YES, lock screen = YES, scheduled delivery = NO, announce setting = Disabled, shows on external devices = YES, shows custom settings = NO, content preview setting = Default Setting, Alert style = Banner, Push settings = [s:-SA] [e:-SA], grouping = Default (unmanaged) 'Music Recognition', hidden from settings
2024-03-10 17:25:05.159 Df SpringBoard[2714:21ef] [com.apple.UserNotifications:LocalNotifications] [com.apple.accountnotifications] No upcoming local notifications
2024-03-10 17:25:05.171 Df SpringBoard[2714:21ef] [com.apple.UserNotifications:LocalNotifications] [com.apple.accountnotifications] Update regions for 0 pending notifications
2024-03-10 17:25:05.173 E  SpringBoard[2714:21ef] [com.apple.UserNotifications:DataStore] No data found at /Users/chef/Library/Developer/CoreSimulator/Devices/FA441BBB-4AC7-424C-8E75-DDA61780E4A0/data/Library/UserNotifications/685AF26F-E35C-4EC5-903D-7224687E2E3F/PendingNotifications.plist
2024-03-10 17:25:05.173 Df SpringBoard[2714:24cb] [com.apple.UserNotifications:RemoteNotifications] [com.apple.accountnotifications] Update enabled user notifications for remote notifications: YES
2024-03-10 17:25:05.171 Df SpringBoard[2714:24b7] [com.apple.BulletinBoard:General] BBServer: Update bulletins in section com.apple.ShazamNotifications for feed 1
2024-03-10 17:25:05.175 Df SpringBoard[2714:21ef] [com.apple.UserNotifications:LocalNotifications] [com.apple.Home] Load 0 pending notification dictionaries
2024-03-10 17:25:05.175 Df SpringBoard[2714:24cb] [com.apple.UserNotifications:RemoteNotifications] [com.apple.accountnotifications] Enable user notifications for remote notifications
2024-03-10 17:25:05.177 Df SpringBoard[2714:24cb] [com.apple.UserNotifications:LocalNotifications] [com.apple.accountnotifications] Enabled visible user notifications for remote notifications
2024-03-10 17:25:05.178 Df SpringBoard[2714:24cb] [com.apple.UserNotifications:RemoteNotifications] Calcualate topics because user notification settings authorization changed
2024-03-10 17:25:05.176 E  SpringBoard[2714:21ef] [com.apple.UserNotifications:DataStore] No data found at /Users/chef/Library/Developer/CoreSimulator/Devices/FA441BBB-4AC7-424C-8E75-DDA61780E4A0/data/Library/UserNotifications/685AF26F-E35C-4EC5-903D-7224687E2E3F/Schedule.plist
2024-03-10 17:25:05.175 E  SpringBoard[2714:24b6] [com.apple.UserNotificationsKit:Icons] Notification icon is smaller than expanded size of 40.000000: HomePod_Glyph in bundle /Volumes/Xcode/Xcode_14.2.app/Contents/Developer/Platforms/iPhoneOS.platform/Library/Developer/CoreSimulator/Profiles/Runtimes/iOS.simruntime/Contents/Resources/RuntimeRoot/System/Library/UserNotifications/Bundles/com.apple.Sharing.HomePodRemoteNotifications.bundle
2024-03-10 17:25:05.176 Df SpringBoard[2714:24bd] [com.apple.BulletinBoard:Connection] BBDataProviderProxy setting server proxy: <_NSXPCDistantObject: 0x60000226ca00>
2024-03-10 17:25:05.176 Df SpringBoard[2714:24b9] [com.apple.UserNotifications:Connections] [com.apple.Passbook] Getting notification settings
2024-03-10 17:25:05.178 Df SpringBoard[2714:21ef] [com.apple.UserNotifications:LocalNotifications] [com.apple.Home] Load last local notification fire date: (null)
2024-03-10 17:25:05.176 Df SpringBoard[2714:24b7] [com.apple.BulletinBoard:Connection] BBDataProviderManager adding data provider <BBRemoteDataProvider 0x600002276030; com.apple.shortcuts.AutomationLockscreenNotifications> to BBServer
2024-03-10 17:25:05.174 A  SpringBoard[2714:24bf] (CoreLocation) CL: CLLocationManager
2024-03-10 17:25:05.181 Df SpringBoard[2714:1f24] [com.apple.UserNotificationsKit:Lists] Destination CSCombinedListViewController updating notification section settings for section com.apple.Sharing.HomePodRemoteNotifications
2024-03-10 17:25:05.186 Df assetsd[2857:2487] [com.apple.photos.backend:LibraryServices] LSM-0x7feaa3b099c0: Completed operation <PLLibraryServicesOperation: 0x7feaa3b09c90>{name = 'Create singleton albums if required'} in 0.089364 seconds with QoS QOS_CLASS_UTILITY
2024-03-10 17:25:05.182 Df SpringBoard[2714:1f24] [com.apple.UserNotificationsKit:Lists] Notification List [NCNotificationStructuredListViewController] updating notification section settings for section com.apple.Sharing.HomePodRemoteNotifications
2024-03-10 17:25:05.187 Df assetsd[2857:2487] [com.apple.photos.backend:LibraryServices] LSM-0x7feaa3b099c0: Starting operation <PLLibraryServicesOperation: 0x7feaa3b09dd0>{name = 'Detect and enqueue outstanding transaction crash recovery operations'} with QoS QOS_CLASS_UTILITY
2024-03-10 17:25:05.182 Df SpringBoard[2714:1f24] [com.apple.SpringBoard:CoverSheet] Ignoring redundant update for <CSCombinedListViewController: 0x7fe7d8820200> because there is no content
2024-03-10 17:25:05.182 Df SpringBoard[2714:1f24] [com.apple.SpringBoard:CoverSheet] Ignoring redundant update for <CSCombinedListViewController: 0x7fe7d8820200> because there is no content
2024-03-10 17:25:05.182 Df SpringBoard[2714:1f24] [com.apple.SpringBoard:CoverSheet] Ignoring redundant update for <CSCombinedListViewController: 0x7fe7d8820200> because there is no content
2024-03-10 17:25:05.182 Df SpringBoard[2714:24cb] [com.apple.BulletinBoard:Connection] BBDataProviderProxy resuming proxy queue
2024-03-10 17:25:05.182 Df SpringBoard[2714:24bd] [com.apple.UserNotifications:DataProviderFactory] [com.apple.ShazamNotifications] Did create default data provider
2024-03-10 17:25:05.182 E  SpringBoard[2714:24b7] [com.apple.BulletinBoard:Settings] Encountered error obtaining application record for section com.apple.shortcuts.AutomationLockscreenNotifications: The operation couldnt be completed. (OSStatus error -10814.)
2024-03-10 17:25:05.181 E  SpringBoard[2714:24be] [com.apple.BaseBoard:Common]  **** failed to open fd at tempPath=/Users/chef/Library/Developer/CoreSimulator/Devices/FA441BBB-4AC7-424C-8E75-DDA61780E4A0/data/tmp/sectionInfoIcon.HomePod_Glyph./Volumes/Xcode/Xcode_14.2.app/Contents/Developer/Platforms/iPhoneOS.platform/Library/Developer/CoreSimulator/Profiles/Runtimes/iOS.simruntime/Contents/Resources/RuntimeRoot/System/Library/UserNotifications/Bundles/com.apple.Sharing.HomePodRemoteNotifications.bundle.(null).(null).17.cpbitmap.B6hGkB
2024-03-10 17:25:05.188 Df SpringBoard[2714:24b7] [com.apple.BulletinBoard:Settings] Section settings for data provider com.apple.shortcuts.AutomationLockscreenNotifications: <BBSectionInfo: 0x600003577e90> Section com.apple.shortcuts.AutomationLockscreenNotifications <BBSectionInfoSettings: 0x60000304f210> Section settings: authorized = Authorized, authorization expiration date = (null), last user granted authorization date = (null), mute configuartion = (null), notification center = YES, lock screen = YES, scheduled delivery = NO, announce setting = Disabled, shows on external devices = YES, shows custom settings = NO, content preview setting = Always show, Alert style = Banner, Push settings = [s:-SA] [e:-SA], grouping = Default (unmanaged), hidden from settings
2024-03-10 17:25:05.181 Df SpringBoard[2714:21ef] [com.apple.UserNotifications:LocalNotifications] [com.apple.Home] Update timers for 0 pending notifications (monitoring: 0)
2024-03-10 17:25:05.196 Df distnoted[2740:1f66] [com.apple.distnoted:diagnostic] register name: com.apple.LaunchServices.applicationRegistered object: kCFNotificationAnyObject token: 300000001 pid: 2860
2024-03-10 17:25:05.182 Df SpringBoard[2714:24bf] [com.apple.locationd.Core:Client] {"msg":"CLLocationManager", "event":activity, "_cmd":monitoredRegions, "self":"0x600000041120"}
2024-03-10 17:25:05.142 Df SpringBoard[2714:21f2] [com.apple.UserNotifications:Connections] [com.apple.facetime] Setting 8 notification categories
2024-03-10 17:25:05.188 Df SpringBoard[2714:24bd] [com.apple.UserNotifications:DataProviderFactory] [com.apple.ShazamNotifications] Purging invalid notification records
2024-03-10 17:25:05.196 Df distnoted[2740:1f66] [com.apple.distnoted:diagnostic] register name: com.apple.LaunchServices.applicationUnregistered object: kCFNotificationAnyObject token: 400000000 pid: 2860
2024-03-10 17:25:05.192 Df SpringBoard[2714:24b7] [com.apple.BulletinBoard:General] BBServer: Update bulletins in section com.apple.shortcuts.AutomationLockscreenNotifications for feed 1
2024-03-10 17:25:05.190 Df SpringBoard[2714:21ef] [com.apple.UserNotifications:LocalNotifications] [com.apple.Home] Invalidate persistent timer
2024-03-10 17:25:05.183 Df SpringBoard[2714:24b9] [com.apple.UserNotifications:Settings] Getting effectiveSectionInfo for section identifier: com.apple.Passbook
2024-03-10 17:25:05.197 Df SpringBoard[2714:1f24] [com.apple.UserNotificationsKit:Lists] Destination CSCombinedListViewController updating notification section settings for section com.apple.ShazamNotifications
2024-03-10 17:25:05.197 Df SpringBoard[2714:1f24] [com.apple.UserNotificationsKit:Lists] Notification List [NCNotificationStructuredListViewController] updating notification section settings for section com.apple.ShazamNotifications
2024-03-10 17:25:05.198 Df SpringBoard[2714:1f24] [com.apple.SpringBoard:CoverSheet] Ignoring redundant update for <CSCombinedListViewController: 0x7fe7d8820200> because there is no content
2024-03-10 17:25:05.198 Df SpringBoard[2714:1f24] [com.apple.SpringBoard:CoverSheet] Ignoring redundant update for <CSCombinedListViewController: 0x7fe7d8820200> because there is no content
2024-03-10 17:25:05.199 Df SpringBoard[2714:1f24] [com.apple.SpringBoard:CoverSheet] Ignoring redundant update for <CSCombinedListViewController: 0x7fe7d8820200> because there is no content
2024-03-10 17:25:05.203 E  cfprefsd[2753:1f6f] [com.apple.defaults:cfprefsd] Couldn't open parent path due to [2: No such file or directory]
2024-03-10 17:25:05.197 E  SpringBoard[2714:24be] [com.apple.BaseBoard:Common]  **** failed to open fd at tempPath=/Users/chef/Library/Developer/CoreSimulator/Devices/FA441BBB-4AC7-424C-8E75-DDA61780E4A0/data/tmp/sectionInfoIcon.music-recognition-55./Volumes/Xcode/Xcode_14.2.app/Contents/Developer/Platforms/iPhoneOS.platform/Library/Developer/CoreSimulator/Profiles/Runtimes/iOS.simruntime/Contents/Resources/RuntimeRoot/System/Library/UserNotifications/Bundles/com.apple.ShazamNotifications.bundle.(null).(null).17.cpbitmap.9ZFxUl
2024-03-10 17:25:05.194 Df SpringBoard[2714:24ca] [com.apple.BulletinBoard:Connection] BBDataProviderProxy setting server proxy: <_NSXPCDistantObject: 0x6000021cf020>
2024-03-10 17:25:05.193 E  SpringBoard[2714:21ef] [com.apple.UserNotifications:DataStore] No data found at /Users/chef/Library/Developer/CoreSimulator/Devices/FA441BBB-4AC7-424C-8E75-DDA61780E4A0/data/Library/UserNotifications/685AF26F-E35C-4EC5-903D-7224687E2E3F/Schedule.plist
2024-03-10 17:25:05.205 E  cfprefsd[2753:1f6f] [com.apple.defaults:cfprefsd] Couldn't open parent path due to [2: No such file or directory]
2024-03-10 17:25:05.193 Df SpringBoard[2714:24b7] [com.apple.BulletinBoard:Connection] BBDataProviderManager adding data provider <BBRemoteDataProvider 0x600002275ef0; com.apple.siri.NotificationSource> to BBServer
2024-03-10 17:25:05.193 Df SpringBoard[2714:24bf] [com.apple.UserNotifications:LocalNotifications] [com.apple.accountnotifications] Setting 0 monitored regions [ stop: 0 start: 0 ]
2024-03-10 17:25:05.200 Df SpringBoard[2714:24ca] [com.apple.UserNotifications:DataProviderFactory] [com.apple.shortcuts.AutomationLockscreenNotifications] Did create default data provider
2024-03-10 17:25:05.200 Df SpringBoard[2714:21f2] [com.apple.BulletinBoard:Connection] BBDataProviderProxy resuming proxy queue
2024-03-10 17:25:05.202 Df SpringBoard[2714:24ca] [com.apple.UserNotifications:DataProviderFactory] [com.apple.shortcuts.AutomationLockscreenNotifications] Purging invalid notification records
2024-03-10 17:25:05.200 Df SpringBoard[2714:21ef] [com.apple.UserNotifications:LocalNotifications] [com.apple.Home] Load last local notification fire date: (null)
2024-03-10 17:25:04.435 Df SpringBoard[2714:234d] [com.apple.UserNotifications:Connections] [com.apple.appleaccount.notifications] Setting 1 notification categories
2024-03-10 17:25:05.202 E  SpringBoard[2714:24b7] [com.apple.BulletinBoard:Settings] Encountered error obtaining application record for section com.apple.siri.NotificationSource: The operation couldnt be completed. (OSStatus error -10814.)
2024-03-10 17:25:05.202 E  SpringBoard[2714:24b6] [com.apple.UserNotificationsKit:Icons] Notification icon is smaller than expanded size of 40.000000: Shortcuts in bundle /Volumes/Xcode/Xcode_14.2.app/Contents/Developer/Platforms/iPhoneOS.platform/Library/Developer/CoreSimulator/Profiles/Runtimes/iOS.simruntime/Contents/Resources/RuntimeRoot/System/Library/UserNotifications/Bundles/com.apple.shortcuts.AutomationLockscreenNotifications.bundle
2024-03-10 17:25:05.206 E  cfprefsd[2753:1f6f] [com.apple.defaults:cfprefsd] Couldn't open parent path due to [2: No such file or directory]
2024-03-10 17:25:05.205 Df SpringBoard[2714:21ef] [com.apple.UserNotifications:LocalNotifications] [com.apple.Home] Find next notification with current trigger date after last fire date 0001-01-01 00:00:00.000 +0000
2024-03-10 17:25:05.210 E  cfprefsd[2753:1f6f] [com.apple.defaults:cfprefsd] Couldn't open parent path due to [2: No such file or directory]
2024-03-10 17:25:05.214 A  runningboardd[2718:1f95] (RunningBoard) incoming connection
2024-03-10 17:25:05.208 Df SpringBoard[2714:24b7] [com.apple.BulletinBoard:Settings] Section settings for data provider com.apple.siri.NotificationSource: <BBSectionInfo: 0x600003577de0> Section com.apple.siri.NotificationSource <BBSectionInfoSettings: 0x60000304ed90> Section settings: authorized = Authorized, authorization expiration date = (null), last user granted authorization date = (null), mute configuartion = (null), notification center = YES, lock screen = YES, scheduled delivery = NO, announce setting = Disabled, shows on external devices = YES, shows custom settings = NO, content preview setting = Default Setting, Alert style = Banner, Push settings = [s:---] [e:---], grouping = Default (unmanaged) 'Siri', hidden from settings
2024-03-10 17:25:05.211 Df com.apple.CloudDocs.iCloudDriveFileProvider[2873:249c] [com.apple.runningboard:connection] Initializing connection
2024-03-10 17:25:05.214 Df runningboardd[2718:1f95] [com.apple.runningboard:connection] Incoming connection from 2873, user 600/600
2024-03-10 17:25:05.209 Df SpringBoard[2714:21ef] [com.apple.UserNotifications:LocalNotifications] [com.apple.Home] No upcoming local notifications
2024-03-10 17:25:05.212 Df com.apple.CloudDocs.iCloudDriveFileProvider[2873:249c] [com.apple.runningboard:process] Removing all cached process handles
2024-03-10 17:25:05.210 Df SpringBoard[2714:24b7] [com.apple.BulletinBoard:General] BBServer: Update bulletins in section com.apple.siri.NotificationSource for feed 1
2024-03-10 17:25:05.209 Df PosterBoard[2838:24c6] [com.apple.FileURL:default] kExcludedFromBackupXattrName set on path: /Users/chef/Library/Developer/CoreSimulator/Devices/FA441BBB-4AC7-424C-8E75-DDA61780E4A0/data/Library/Application Support/PRBPosterExtensionDataStore/59/Extensions/com.apple.NanoUniverse.AegirProxyApp.AegirPoster/staticdescriptors/D22EC136-A0FB-4A51-8288-6D0DCB5B2A37/versions/0
2024-03-10 17:25:05.213 Df com.apple.CloudDocs.iCloudDriveFileProvider[2873:24e6] [com.apple.runningboard:connection] Sending handshake request attempt #1 to server
2024-03-10 17:25:05.213 Df SpringBoard[2714:1f24] [com.apple.UserNotificationsKit:Lists] Destination CSCombinedListViewController updating notification section settings for section com.apple.shortcuts.AutomationLockscreenNotifications
2024-03-10 17:25:05.213 Df com.apple.CloudDocs.iCloudDriveFileProvider[2873:24e6] [com.apple.runningboard:connection] Creating connection to com.apple.runningboard
2024-03-10 17:25:05.215 A  runningboardd[2718:1f95] (RunningBoard) handshakeWithRequest
2024-03-10 17:25:05.211 Df SpringBoard[2714:21ef] [com.apple.UserNotifications:LocalNotifications] [com.apple.Home] Update regions for 0 pending notifications
2024-03-10 17:25:05.215 Df runningboardd[2718:1f95] [com.apple.runningboard:connection] Setting client for [xpcservice<com.apple.CloudDocs.iCloudDriveFileProvider([osservice<com.apple.FileProvider>:2840])>:2873] as ready
2024-03-10 17:25:05.216 Df com.apple.CloudDocs.iCloudDriveFileProvider[2873:24e6] [com.apple.runningboard:connection] Handshake succeeded
2024-03-10 17:25:05.213 Df SpringBoard[2714:1f24] [com.apple.UserNotificationsKit:Lists] Notification List [NCNotificationStructuredListViewController] updating notification section settings for section com.apple.shortcuts.AutomationLockscreenNotifications
2024-03-10 17:25:05.215 Df runningboardd[2718:1f95] [com.apple.runningboard:connection] Received handshake request from 2873 with 0 assertion descriptors
2024-03-10 17:25:05.216 Df com.apple.CloudDocs.iCloudDriveFileProvider[2873:24e6] [com.apple.runningboard:connection] Identity resolved as xpcservice<com.apple.CloudDocs.iCloudDriveFileProvider([osservice<com.apple.FileProvider>:2840])>
2024-03-10 17:25:05.214 Df SpringBoard[2714:1f24] [com.apple.SpringBoard:CoverSheet] Ignoring redundant update for <CSCombinedListViewController: 0x7fe7d8820200> because there is no content
2024-03-10 17:25:05.215 Df runningboardd[2718:1f95] [com.apple.runningboard:connection] Handshake successful with 2873; sending response
2024-03-10 17:25:05.214 Df SpringBoard[2714:1f24] [com.apple.SpringBoard:CoverSheet] Ignoring redundant update for <CSCombinedListViewController: 0x7fe7d8820200> because there is no content
2024-03-10 17:25:05.224 Df distnoted[2740:1f66] [com.apple.distnoted:diagnostic] unregister token: 300000001 pid: 2860
2024-03-10 17:25:05.216 Df SpringBoard[2714:1f24] [com.apple.SpringBoard:CoverSheet] Ignoring redundant update for <CSCombinedListViewController: 0x7fe7d8820200> because there is no content
2024-03-10 17:25:05.224 Df distnoted[2740:1f66] [com.apple.distnoted:diagnostic] unregister token: 400000000 pid: 2860
2024-03-10 17:25:05.214 Df SpringBoard[2714:24bf] [com.apple.UserNotifications:RemoteNotifications] [com.apple.Home] Update enabled user notifications for remote notifications: YES
2024-03-10 17:25:05.220 Df com.apple.CloudDocs.iCloudDriveFileProvider[2873:249c] [com.apple.PlugInKit:lifecycle] Bootstrapping; Bootstrap complete. Ready for handshake from host.
2024-03-10 17:25:05.217 Df PosterBoard[2838:24c6] [com.apple.FileURL:default] kExcludedFromBackupXattrName set on path: /Users/chef/Library/Developer/CoreSimulator/Devices/FA441BBB-4AC7-424C-8E75-DDA61780E4A0/data/Library/Application Support/PRBPosterExtensionDataStore/59/Extensions/com.apple.NanoUniverse.AegirProxyApp.AegirPoster/staticdescriptors/D22EC136-A0FB-4A51-8288-6D0DCB5B2A37/versions/0/supplements
2024-03-10 17:25:05.212 Df SpringBoard[2714:2350] [com.apple.BulletinBoard:Connection] Got effective section info [ result: 0 ]
2024-03-10 17:25:05.212 Df SpringBoard[2714:24b7] [com.apple.BulletinBoard:Connection] BBDataProviderManager adding data provider <BBRemoteDataProvider 0x6000021d7840; com.apple.sosd.usernotification> to BBServer
2024-03-10 17:25:05.228 Df distnoted[2740:1f66] [com.apple.distnoted:diagnostic] register name: com.apple.LaunchServices.applicationRegistered object: kCFNotificationAnyObject token: 500000000 pid: 2860
2024-03-10 17:25:05.214 E  SpringBoard[2714:24b8] [com.apple.BaseBoard:Common]  **** failed to open fd at tempPath=/Users/chef/Library/Developer/CoreSimulator/Devices/FA441BBB-4AC7-424C-8E75-DDA61780E4A0/data/tmp/sectionInfoIcon.Shortcuts./Volumes/Xcode/Xcode_14.2.app/Contents/Developer/Platforms/iPhoneOS.platform/Library/Developer/CoreSimulator/Profiles/Runtimes/iOS.simruntime/Contents/Resources/RuntimeRoot/System/Library/UserNotifications/Bundles/com.apple.shortcuts.AutomationLockscreenNotifications.bundle.(null).(null).17.cpbitmap.jTaMAo
2024-03-10 17:25:05.233 Df com.apple.CloudDocs.iCloudDriveFileProvider[2873:24e9] [com.apple.PlugInKit:lifecycle] [u 30FE4CDC-C293-4545-B522-D5AA5C57191C] [(null)((null))] Prepare received as euid = 600, uid = 600, (persona not available)
2024-03-10 17:25:05.228 Df distnoted[2740:1f66] [com.apple.distnoted:diagnostic] register name: com.apple.LaunchServices.applicationUnregistered object: kCFNotificationAnyObject token: 600000001 pid: 2860
2024-03-10 17:25:05.213 Df SpringBoard[2714:24be] [com.apple.BulletinBoard:Connection] BBDataProviderProxy setting server proxy: <_NSXPCDistantObject: 0x60000226c500>
2024-03-10 17:25:05.220 Df SpringBoard[2714:2350] [com.apple.UserNotifications:Settings] [com.apple.accountnotifications] Got effective section info [ hasResult: 1 ]
2024-03-10 17:25:05.218 Df SpringBoard[2714:24bf] [com.apple.UserNotifications:RemoteNotifications] [com.apple.Home] Enable user notifications for remote notifications
2024-03-10 17:25:05.238 Df homed[2831:24bb] [com.apple.HomeKit:HMDMainDriver] homed launched with ROAR Disabled
2024-03-10 17:25:05.232 Df SpringBoard[2714:1f24] [com.apple.UserNotificationsKit:Lists] Destination CSCombinedListViewController updating notification section settings for section com.apple.siri.NotificationSource
2024-03-10 17:25:05.237 Df com.apple.CloudDocs.iCloudDriveFileProvider[2873:24e9] [com.apple.PlugInKit:lifecycle] [u 858810A1-C221-408B-9B5F-1D843454E81B] [com.apple.CloudDocs.iCloudDriveFileProvider(1.0)] Set sole personality.
2024-03-10 17:25:05.233 Df SpringBoard[2714:1f24] [com.apple.UserNotificationsKit:Lists] Notification List [NCNotificationStructuredListViewController] updating notification section settings for section com.apple.siri.NotificationSource
2024-03-10 17:25:05.233 Df PosterBoard[2838:24c6] [com.apple.FileURL:default] kExcludedFromBackupXattrName set on path: /Users/chef/Library/Developer/CoreSimulator/Devices/FA441BBB-4AC7-424C-8E75-DDA61780E4A0/data/Library/Application Support/PRBPosterExtensionDataStore/59/Extensions/com.apple.NanoUniverse.AegirProxyApp.AegirPoster/staticdescriptors/D22EC136-A0FB-4A51-8288-6D0DCB5B2A37/versions/0/supplements/0
2024-03-10 17:25:05.243 E  cfprefsd[2753:1f6f] [com.apple.defaults:cfprefsd] Couldn't open parent path due to [2: No such file or directory]
2024-03-10 17:25:05.235 Df SpringBoard[2714:1f24] [com.apple.SpringBoard:CoverSheet] Ignoring redundant update for <CSCombinedListViewController: 0x7fe7d8820200> because there is no content
2024-03-10 17:25:05.236 Df SpringBoard[2714:1f24] [com.apple.SpringBoard:CoverSheet] Ignoring redundant update for <CSCombinedListViewController: 0x7fe7d8820200> because there is no content
2024-03-10 17:25:05.237 Df SpringBoard[2714:1f24] [com.apple.SpringBoard:CoverSheet] Ignoring redundant update for <CSCombinedListViewController: 0x7fe7d8820200> because there is no content
2024-03-10 17:25:05.214 E  SpringBoard[2714:21ef] [com.apple.UserNotifications:DataStore] No data found at /Users/chef/Library/Developer/CoreSimulator/Devices/FA441BBB-4AC7-424C-8E75-DDA61780E4A0/data/Library/UserNotifications/E06BDAA8-61D0-40C0-836D-86298BBFFE5A/PendingNotifications.plist
2024-03-10 17:25:05.223 E  SpringBoard[2714:24b7] [com.apple.BulletinBoard:Settings] Encountered error obtaining application record for section com.apple.sosd.usernotification: The operation couldnt be completed. (OSStatus error -10814.)
2024-03-10 17:25:05.223 Df SpringBoard[2714:24b8] [com.apple.BulletinBoard:Connection] BBDataProviderProxy resuming proxy queue
2024-03-10 17:25:05.246 Df PosterBoard[2838:24c6] [com.apple.FileURL:default] kExcludedFromBackupXattrName set on path: /Users/chef/Library/Developer/CoreSimulator/Devices/FA441BBB-4AC7-424C-8E75-DDA61780E4A0/data/Library/Application Support/PRBPosterExtensionDataStore/59/Extensions/com.apple.NanoUniverse.AegirProxyApp.AegirPoster/staticdescriptors/D22EC136-A0FB-4A51-8288-6D0DCB5B2A37/versions/0/contents
2024-03-10 17:25:05.214 A  SpringBoard[2714:24b6] (CoreLocation) CL: CLLocationManager
2024-03-10 17:25:05.245 Df SpringBoard[2714:24b7] [com.apple.BulletinBoard:Settings] Section settings for data provider com.apple.sosd.usernotification: <BBSectionInfo: 0x600003544f20> Section com.apple.sosd.usernotification <BBSectionInfoSettings: 0x60000304b8d0> Section settings: authorized = Authorized, authorization expiration date = (null), last user granted authorization date = (null), mute configuartion = (null), notification center = YES, lock screen = YES, scheduled delivery = NO, announce setting = Disabled, shows on external devices = YES, shows custom settings = NO, content preview setting = Default Setting, Alert style = Banner, Push settings = [s:BSA] [e:BSA], grouping = Default (unmanaged), hidden from settings
2024-03-10 17:25:05.258 Df parsecd[2870:2484] (libMobileGestalt.dylib) No persisted cache on this platform.
2024-03-10 17:25:05.241 Df SpringBoard[2714:21ef] [com.apple.UserNotifications:LocalNotifications] [com.apple.askpermission.notifications] Load 0 pending notification dictionaries
2024-03-10 17:25:05.246 Df SpringBoard[2714:24b6] [com.apple.locationd.Core:Client] {"msg":"CLLocationManager", "event":activity, "_cmd":monitoredRegions, "self":"0x600000041120"}
2024-03-10 17:25:05.232 E  SpringBoard[2714:2207] [com.apple.BaseBoard:Common]  **** failed to open fd at tempPath=/Users/chef/Library/Developer/CoreSimulator/Devices/FA441BBB-4AC7-424C-8E75-DDA61780E4A0/data/tmp/sectionInfoIcon.SiriNotification./Volumes/Xcode/Xcode_14.2.app/Contents/Developer/Platforms/iPhoneOS.platform/Library/Developer/CoreSimulator/Profiles/Runtimes/iOS.simruntime/Contents/Resources/RuntimeRoot/System/Library/UserNotifications/Bundles/com.apple.siri.NotificationSource.bundle.(null).(null).17.cpbitmap.pxUHnx
2024-03-10 17:25:05.266 Df homed[2831:24bb] (libMobileGestalt.dylib) No persisted cache on this platform.
2024-03-10 17:25:05.250 E  SpringBoard[2714:21ef] [com.apple.UserNotifications:DataStore] No data found at /Users/chef/Library/Developer/CoreSimulator/Devices/FA441BBB-4AC7-424C-8E75-DDA61780E4A0/data/Library/UserNotifications/E06BDAA8-61D0-40C0-836D-86298BBFFE5A/Schedule.plist
2024-03-10 17:25:05.267 A  parsecd[2870:24df] (CoreLocation) CL: CLLocationManager
2024-03-10 17:25:05.223 Df SpringBoard[2714:24be] [com.apple.UserNotifications:DataProviderFactory] [com.apple.siri.NotificationSource] Did create default data provider
2024-03-10 17:25:05.267 Df homed[2831:24bb] (libMobileGestalt.dylib) Failed to copy the SysCfgDict MG key with error: 0
2024-03-10 17:25:05.267 Df parsecd[2870:24df] [com.apple.locationd.Core:Client] {"msg":"CLLocationManager", "event":activity, "_cmd":initWithEffectiveBundleIdentifier:bundlePath:websiteIdentifier:delegate:silo:, "self":"0x600002960220", "identifier":(null), "bundlePath":/System/Library/PrivateFrameworks/CoreParsec.framework}
2024-03-10 17:25:05.249 Df SpringBoard[2714:24b7] [com.apple.BulletinBoard:General] BBServer: Update bulletins in section com.apple.sosd.usernotification for feed 1
2024-03-10 17:25:05.267 Df homed[2831:24bb] (libMobileGestalt.dylib) no value found for key CLCG
2024-03-10 17:25:05.267 Df parsecd[2870:24df] [com.apple.locationd.Core:Core] {"msg":"state transition", "event":state_transition, "state":LocationManager, "id":"0x600002960220", "property":init, "new":'00 00 00 00 00 00 F0 BF 00 00 00 00 00 00 F0 BF 00 00 00 00 00 00 00 00 00 00 00 00 00 00 F0 3F 01 00 00 00 00 00 00 00 00 00 00 00 00 00 00 00 00 00 00 00 00 00 00 00 00 00 00 00 00 00 00 01 00 00 00 00 00 00 00 00 00 00 00 00 00 00 00 00'}
2024-03-10 17:25:05.233 Df SpringBoard[2714:24bf] [com.apple.UserNotifications:LocalNotifications] [com.apple.Home] Enabled visible user notifications for remote notifications
2024-03-10 17:25:05.268 Df homed[2831:24bb] (libMobileGestalt.dylib) Failed to copy the SysCfgDict MG key with error: 0
2024-03-10 17:25:05.267 Df parsecd[2870:24df] [com.apple.locationd.Core:Core] {"msg":"state transition", "event":state_transition, "state":LocationManager, "id":"0x600002960220", "property":lifecycle, "old":"0x0", "new":"0x60000006c380"}
2024-03-10 17:25:05.225 Df SpringBoard[2714:24b9] [com.apple.UserNotifications:Settings] [com.apple.Passbook] Getting effective section info
2024-03-10 17:25:05.267 Df parsecd[2870:24df] [com.apple.locationd.Core:Client] {"msg":"client allocated", "client":"0x7fc5f3006080"}
2024-03-10 17:25:05.273 A  homed[2831:24bb] (HMFoundation) HMFActivity
2024-03-10 17:25:05.256 Df SpringBoard[2714:24be] [com.apple.UserNotifications:DataProviderFactory] [com.apple.siri.NotificationSource] Purging invalid notification records
2024-03-10 17:25:05.267 A  parsecd[2870:24df] (CoreLocation) CL: _CLClientCreateConnection
2024-03-10 17:25:05.256 Df SpringBoard[2714:21ef] [com.apple.UserNotifications:LocalNotifications] [com.apple.askpermission.notifications] Load last local notification fire date: (null)
2024-03-10 17:25:05.257 Df PosterBoard[2838:24c6] [com.apple.FileURL:default] kExcludedFromBackupXattrName set on path: /Users/chef/Library/Developer/CoreSimulator/Devices/FA441BBB-4AC7-424C-8E75-DDA61780E4A0/data/Library/Application Support/PRBPosterExtensionDataStore/59/Extensions/com.apple.NanoUniverse.AegirProxyApp.AegirPoster/staticdescriptors/D22EC136-A0FB-4A51-8288-6D0DCB5B2A37/versions/0/contents/.com.apple.posterkit.provider.containerURL.posterDescriptorGalleryOptions.plist
2024-03-10 17:25:05.267 Df parsecd[2870:24df] [com.apple.locationd.Core:Client] {"msg":"_CLClientCreateConnection", "event":activity, "client":"0x7fc5f3006080"}
2024-03-10 17:25:05.259 Df SpringBoard[2714:24b9] [com.apple.BulletinBoard:Connection] Getting requested effective section info (sync)
2024-03-10 17:25:05.267 A  parsecd[2870:24e0] (LocationSupport) CL: Sending cached messages to daemon
2024-03-10 17:25:05.258 Df SpringBoard[2714:24bf] [com.apple.UserNotifications:RemoteNotifications] Calcualate topics because user notification settings authorization changed
2024-03-10 17:25:05.276 A  runningboardd[2718:1f84] (RunningBoard) lookupHandleForPredicate
2024-03-10 17:25:05.268 Df parsecd[2870:24e0] [com.apple.LocationSupport:Connection] {"msg":"Sending cached messages to daemon", "event":activity}
2024-03-10 17:25:05.278 Df assetsd[2857:2487] [com.apple.photos.backend:LibraryServices] LSM-0x7feaa3b099c0: Completed operation <PLLibraryServicesOperation: 0x7feaa3b09dd0>{name = 'Detect and enqueue outstanding transaction crash recovery operations'} in 0.091432 seconds with QoS QOS_CLASS_UTILITY
2024-03-10 17:25:05.258 Df SpringBoard[2714:24b7] [com.apple.BulletinBoard:Connection] BBDataProviderManager adding data provider <BBRemoteDataProvider 0x60000226e580; com.apple.studentd.notifications> to BBServer
2024-03-10 17:25:05.268 A  parsecd[2870:24df] (LocationSupport) CL: CLConnectionClient::sendMessage(cache)
2024-03-10 17:25:05.278 Df assetsd[2857:2487] [com.apple.photos.backend:LibraryServices] LSM-0x7feaa3b099c0: Starting operation <PLLibraryServicesOperation: 0x7feaa3d0b430>{name = 'Handle locale change if necessary'} with QoS QOS_CLASS_UTILITY
2024-03-10 17:25:05.266 Df SpringBoard[2714:24be] [com.apple.BulletinBoard:Connection] BBDataProviderProxy setting server proxy: <_NSXPCDistantObject: 0x6000021ce490>
2024-03-10 17:25:05.271 A  parsecd[2870:24e0] (LocationSupport) CL: CLConnection::sendMessage
2024-03-10 17:25:05.267 A  parsecd[2870:24e2] (libsystem_containermanager.dylib) container_create_or_lookup_app_group_path_by_app_group_identifier
2024-03-10 17:25:05.267 Df SpringBoard[2714:21ef] [com.apple.UserNotifications:LocalNotifications] [com.apple.askpermission.notifications] Update timers for 0 pending notifications (monitoring: 0)
2024-03-10 17:25:05.275 Df parsecd[2870:24df] [com.apple.locationd.Core:Core] {"msg":"state transition", "event":state_transition, "state":LocationManager, "id":"0x600002960220", "property":pausesLocationUpdatesAutomatically, "old":0, "new":3}
2024-03-10 17:25:05.225 E  SpringBoard[2714:2350] [com.apple.UserNotifications:DataStore] No data found at /Users/chef/Library/Developer/CoreSimulator/Devices/FA441BBB-4AC7-424C-8E75-DDA61780E4A0/data/Library/UserNotifications/61852B28-4881-4B83-9D6A-3AA7D013F721/DeliveredNotifications.plist
2024-03-10 17:25:05.276 A  parsecd[2870:24df] (LocationSupport) CL: CLConnectionClient::sendMessage(cache)
2024-03-10 17:25:05.278 Df runningboardd[2718:1f84] [com.apple.runningboard:process] _resolveProcessWithIdentifier pid 2870 euid 600 auid 600
2024-03-10 17:25:05.272 E  SpringBoard[2714:24b7] [com.apple.BulletinBoard:Settings] Encountered error obtaining application record for section com.apple.studentd.notifications: The operation couldnt be completed. (OSStatus error -10814.)
2024-03-10 17:25:05.277 A  parsecd[2870:24e4] (LocationSupport) CL: CLConnection::sendMessage
2024-03-10 17:25:05.278 Df runningboardd[2718:1f84] [com.apple.runningboard:process] Resolved pid 2870 to [osservice<com.apple.parsecd>:2870]
2024-03-10 17:25:05.274 Df SpringBoard[2714:21ef] [com.apple.UserNotifications:LocalNotifications] [com.apple.askpermission.notifications] Invalidate persistent timer
2024-03-10 17:25:05.272 Df SpringBoard[2714:24bf] [com.apple.BulletinBoard:Connection] BBDataProviderProxy resuming proxy queue
2024-03-10 17:25:05.278 E  runningboardd[2718:1f84] [com.apple.runningboard:jetsam] memorystatus_control error: MEMORYSTATUS_CMD_CONVERT_MEMLIMIT_MB(-1) returned -1 1 (Operation not permitted)
2024-03-10 17:25:05.257 Df SpringBoard[2714:2352] [com.apple.UIKit:AssetManager] Could not load asset catalog from bundle NSBundle </Volumes/Xcode/Xcode_14.2.app/Contents/Developer/Platforms/iPhoneOS.platform/Library/Developer/CoreSimulator/Profiles/Runtimes/iOS.simruntime/Contents/Resources/RuntimeRoot/System/Library/UserNotifications/Bundles/com.apple.sosd.usernotification.bundle> (not yet loaded): Error Domain=NSCocoaErrorDomain Code=260 "RunTimeThemeRefForBundleIdentifierAndName() couldn't find Assets.car in bundle with identifier: com.apple.sosd.usernotification" UserInfo={NSLocalizedDescription=RunTimeThemeRefForBundleIdentifierAndName() couldn't find Assets.car in bundle with identifier: com.apple.sosd.usernotification}
2024-03-10 17:25:05.277 A  parsecd[2870:24df] (CoreLocation) CL: CLLocationManager
2024-03-10 17:25:05.279 E  runningboardd[2718:1f84] [com.apple.runningboard:jetsam] memorystatus_control error: MEMORYSTATUS_CMD_CONVERT_MEMLIMIT_MB(0) returned -1 1 (Operation not permitted)
2024-03-10 17:25:05.256 Df SpringBoard[2714:24b6] [com.apple.UserNotifications:LocalNotifications] [com.apple.Home] Setting 0 monitored regions [ stop: 0 start: 0 ]
2024-03-10 17:25:05.276 Df PosterBoard[2838:24c6] [com.apple.FileURL:default] kExcludedFromBackupXattrName set on path: /Users/chef/Library/Developer/CoreSimulator/Devices/FA441BBB-4AC7-424C-8E75-DDA61780E4A0/data/Library/Application Support/PRBPosterExtensionDataStore/59/Extensions/com.apple.NanoUniverse.AegirProxyApp.AegirPoster/staticdescriptors/D22EC136-A0FB-4A51-8288-6D0DCB5B2A37/versions/0/contents/com.apple.posterkit.provider.contents.galleryOptions
2024-03-10 17:25:05.282 Df parsecd[2870:24df] [com.apple.locationd.Core:Client] {"msg":"CLLocationManager", "event":activity, "_cmd":setDynamicAccuracyReductionEnabled:, "self":"0x600002960220", "enabled":1}
2024-03-10 17:25:05.278 E  SpringBoard[2714:21ef] [com.apple.UserNotifications:DataStore] No data found at /Users/chef/Library/Developer/CoreSimulator/Devices/FA441BBB-4AC7-424C-8E75-DDA61780E4A0/data/Library/UserNotifications/E06BDAA8-61D0-40C0-836D-86298BBFFE5A/Schedule.plist
2024-03-10 17:25:05.283 Df parsecd[2870:24df] [com.apple.locationd.Core:Core] {"msg":"state transition", "event":state_transition, "state":LocationManager, "id":"0x600002960220", "property":dynamicAccuracyReductionEnabled, "old":0, "new":1}
2024-03-10 17:25:05.281 Df runningboardd[2718:1f84] [com.apple.runningboard:general] _bundleMatchesProcessWithExecutablePath using realpath and comparing /Volumes/Xcode/Xcode_14.2.app/Contents/Developer/Platforms/iPhoneOS.platform/Library/Developer/CoreSimulator/Profiles/Runtimes/iOS.simruntime/Contents/Resources/RuntimeRoot/System/Library/PrivateFrameworks/CoreParsec.framework/parsecd and /Volumes/Xcode/Xcode_14.2.app/Contents/Developer/Platforms/iPhoneOS.platform/Library/Developer/CoreSimulator/Profiles/Runtimes/iOS.simruntime/Contents/Resources/RuntimeRoot/System/Library/PrivateFrameworks/CoreParsec.framework/CoreParsec
2024-03-10 17:25:05.276 Df SpringBoard[2714:24b7] [com.apple.BulletinBoard:Settings] Section settings for data provider com.apple.studentd.notifications: <BBSectionInfo: 0x600003579fa0> Section com.apple.studentd.notifications <BBSectionInfoSettings: 0x60000304b600> Section settings: authorized = Authorized, authorization expiration date = (null), last user granted authorization date = (null), mute configuartion = (null), notification center = YES, lock screen = YES, scheduled delivery = NO, announce setting = Disabled, shows on external devices = YES, shows custom settings = NO, content preview setting = Always show, Alert style = Modal, Push settings = [s:-SA] [e:-SA], grouping = Default (unmanaged) 'Classroom', hidden from settings
2024-03-10 17:25:05.285 A  parsecd[2870:24df] (CoreLocation) CL: CLLocationManager
2024-03-10 17:25:05.289 Df SpringBoard[2714:1f24] [com.apple.UserNotificationsKit:Lists] Destination CSCombinedListViewController updating notification section settings for section com.apple.sosd.usernotification
2024-03-10 17:25:05.286 Df parsecd[2870:24df] [com.apple.locationd.Core:Client] {"msg":"CLLocationManager", "event":activity, "_cmd":setDesiredAccuracy:, "self":"0x600002960220", "accuracy":"1000.000000"}
2024-03-10 17:25:05.295 Df distnoted[2740:1f66] [com.apple.distnoted:diagnostic] unregister token: 500000000 pid: 2860
2024-03-10 17:25:05.289 Df SpringBoard[2714:1f24] [com.apple.UserNotificationsKit:Lists] Notification List [NCNotificationStructuredListViewController] updating notification section settings for section com.apple.sosd.usernotification
2024-03-10 17:25:05.285 Df runningboardd[2718:1f84] [com.apple.runningboard:general] Full encoding handle [osservice<com.apple.parsecd>:2870], with data 57a4001900000b36, and pid 2870
2024-03-10 17:25:05.295 Df distnoted[2740:1f66] [com.apple.distnoted:diagnostic] unregister token: 600000001 pid: 2860
2024-03-10 17:25:05.287 Df parsecd[2870:24df] [com.apple.locationd.Core:Core] {"msg":"state transition", "event":state_transition, "state":LocationManager, "id":"0x600002960220", "property":desiredAccuracy, "old":"-1.000000", "new":"1000.000000"}
2024-03-10 17:25:05.291 Df SpringBoard[2714:1f24] [com.apple.SpringBoard:CoverSheet] Ignoring redundant update for <CSCombinedListViewController: 0x7fe7d8820200> because there is no content
2024-03-10 17:25:05.299 Df assetsd[2857:2487] [com.apple.photos.backend:LibraryServices] LSM-0x7feaa3b099c0: localeChangeCheck operation found locale change: NO
2024-03-10 17:25:05.285 Df runningboardd[2718:1f84] [com.apple.runningboard:process] [osservice<com.apple.parsecd>:2870] Memory Limits: active 0 inactive 0
 <RBUnmanagedJetsamProperties| tasklimit=0
(null)>
2024-03-10 17:25:05.292 Df SpringBoard[2714:1f24] [com.apple.SpringBoard:CoverSheet] Ignoring redundant update for <CSCombinedListViewController: 0x7fe7d8820200> because there is no content
2024-03-10 17:25:05.273 A  parsecd[2870:2484] (libsystem_containermanager.dylib) container_create_or_lookup_app_group_path_by_app_group_identifier
2024-03-10 17:25:05.293 Df SpringBoard[2714:1f24] [com.apple.SpringBoard:CoverSheet] Ignoring redundant update for <CSCombinedListViewController: 0x7fe7d8820200> because there is no content
2024-03-10 17:25:05.300 Df assetsd[2857:2487] [com.apple.photos.backend:LibraryServices] LSM-0x7feaa3b099c0: Completed operation <PLLibraryServicesOperation: 0x7feaa3d0b430>{name = 'Handle locale change if necessary'} in 0.021980 seconds with QoS QOS_CLASS_UTILITY
2024-03-10 17:25:05.274 Df parsecd[2870:24e2] [com.apple.containermanager:xpc] Requesting app group container lookup; identifier = group.com.apple.PegasusConfiguration, euid = 600, uid = 600, platform = 7
2024-03-10 17:25:05.290 E  SpringBoard[2714:24c0] [com.apple.BaseBoard:Common]  **** failed to open fd at tempPath=/Users/chef/Library/Developer/CoreSimulator/Devices/FA441BBB-4AC7-424C-8E75-DDA61780E4A0/data/tmp/sectionInfoIcon.SOS_80_masked./Volumes/Xcode/Xcode_14.2.app/Contents/Developer/Platforms/iPhoneOS.platform/Library/Developer/CoreSimulator/Profiles/Runtimes/iOS.simruntime/Contents/Resources/RuntimeRoot/System/Library/UserNotifications/Bundles/com.apple.sosd.usernotification.bundle.(null).(null).17.cpbitmap.YhHOO3
2024-03-10 17:25:05.300 Df containermanagerd[2757:1f98] [com.apple.containermanager:fs] stat [/Users/chef/Library/Developer/CoreSimulator/Devices/FA441BBB-4AC7-424C-8E75-DDA61780E4A0/data/Containers/Shared/AppGroup/EC316BD1-04CD-4002-B9A9-45CE0F329FCC/.com.apple.mobile_container_manager.metadata.plist]: exists: 1, isDirectory: 0, fsNode: <MCMFSNode: 0x6000023442c0; inode = 1571237, device = 16777229, ctime = 1676042344>
2024-03-10 17:25:05.287 Df runningboardd[2718:1f84] [com.apple.runningboard:process] [osservice<com.apple.parsecd>:2870] This process will not be managed.
2024-03-10 17:25:05.276 Df SpringBoard[2714:2350] [com.apple.UserNotifications:DataStore] Saving file at /Users/chef/Library/Developer/CoreSimulator/Devices/FA441BBB-4AC7-424C-8E75-DDA61780E4A0/data/Library/UserNotifications/61852B28-4881-4B83-9D6A-3AA7D013F721/DeliveredNotifications.plist with 0 items
2024-03-10 17:25:05.305 Df fileproviderd[2840:2345] [com.apple.PlugInKit:lifecycle] [u 30FE4CDC-C293-4545-B522-D5AA5C57191C:m (null)] [com.apple.CloudDocs.iCloudDriveFileProvider(1.0)] Begin using sent as euid = 600, uid = 600, (persona not available)
2024-03-10 17:25:05.290 Df parsecd[2870:2484] [com.apple.containermanager:xpc] Requesting app group container lookup; identifier = group.com.apple.PegasusConfiguration, euid = 600, uid = 600, platform = 7
2024-03-10 17:25:05.288 Df SpringBoard[2714:24b7] [com.apple.BulletinBoard:General] BBServer: Update bulletins in section com.apple.studentd.notifications for feed 1
2024-03-10 17:25:05.298 E  SpringBoard[2714:24b8] [com.apple.UserNotificationsKit:Icons] Notification icon is smaller than expanded size of 40.000000: ClassroomIconDefault in bundle /Volumes/Xcode/Xcode_14.2.app/Contents/Developer/Platforms/iPhoneOS.platform/Library/Developer/CoreSimulator/Profiles/Runtimes/iOS.simruntime/Contents/Resources/RuntimeRoot/System/Library/UserNotifications/Bundles/com.apple.studentd.notifications.bundle
2024-03-10 17:25:05.304 A  runningboardd[2718:1f84] (RunningBoard) infoPlistResultForInstance
2024-03-10 17:25:05.295 Df PosterBoard[2838:24c6] [com.apple.FileURL:default] kExcludedFromBackupXattrName set on path: /Users/chef/Library/Developer/CoreSimulator/Devices/FA441BBB-4AC7-424C-8E75-DDA61780E4A0/data/Library/Application Support/PRBPosterExtensionDataStore/59/Extensions/com.apple.NanoUniverse.AegirProxyApp.AegirPoster/staticdescriptors/D22EC136-A0FB-4A51-8288-6D0DCB5B2A37/versions/0/contents/.com.apple.posterkit.provider.contents.configurableOptions.plist
