2024-03-10 17:25:04.433 Df SpringBoard[2714:225a] [com.apple.BulletinBoard:General] BBDataProvider: Data provider <com.apple.askpermission.notifications> is missing sort descriptors -- section will not be sorted!
2024-03-10 17:25:04.451 Df ScreenTimeAgent[2843:2320] [com.apple.ScreenTimeAgent:checkpoint] STScreenTimeOrganizationController: Starting account change observation
2024-03-10 17:25:04.432 Df SpringBoard[2714:2355] [com.apple.BulletinBoard:Connection] com.apple.usernotificationsserver.DefaultDataProviderFactory updating data provider proxy for section com.apple.accountnotifications
2024-03-10 17:25:04.454 A  ScreenTimeAgent[2843:2320] (Accounts) accounts/accounts-with-types
2024-03-10 17:25:04.439 E  SpringBoard[2714:225a] [com.apple.UserNotifications:DataStore] No data found at /Users/chef/Library/Developer/CoreSimulator/Devices/FA441BBB-4AC7-424C-8E75-DDA61780E4A0/data/Library/UserNotifications/C0952C92-CC89-459F-9025-C1C0A509ADF7/Categories.plist
2024-03-10 17:25:04.455 Df distnoted[2740:1f66] [com.apple.distnoted:diagnostic] register name: ACDAccountStoreDidChangeNotification object: kCFNotificationAnyObject token: 100000000 pid: 2843
2024-03-10 17:25:04.440 Df SpringBoard[2714:2355] [com.apple.BulletinBoard:Connection] com.apple.usernotificationsserver.DefaultDataProviderFactory updating data provider proxy for section com.apple.appleaccount.notifications
2024-03-10 17:25:04.446 Df SpringBoard[2714:2350] [com.apple.UserNotifications:AttachmentsService] Resuming attachment service
2024-03-10 17:25:04.435 Df SpringBoard[2714:234f] [com.apple.UserNotifications:Connections] [com.apple.CarKit.notifications] Setting 0 notification categories
2024-03-10 17:25:04.446 Df SpringBoard[2714:2351] [com.apple.BulletinBoard:Connection] com.apple.usernotificationsserver.DefaultDataProviderFactory adding new data provider proxy for section com.apple.accountnotifications
2024-03-10 17:25:04.433 Df SpringBoard[2714:2352] [com.apple.UserNotifications:Settings] [{(
    "com.apple.Passbook",
    "com.apple.ScreenTimeEnabledNotifications",
    "com.apple.ScreenTimeDowntimeNotifications",
    "com.apple.ScreenTimeNotifications",
    "com.apple.SoundDetectionNotifications",
    "com.apple.ctnotifytool",
    "com.apple.Maps",
    "com.apple.gamecenter",
    "com.apple.AppleMediaServicesUI.engagement.notifications",
    "com.apple.Bridge",
    "com.apple.mobilecal",
    "com.apple.Home",
    "com.apple.FindMySafetyAlertsNotifications",
    "com.apple.reminders",
    "com.apple.Health",
    "com.apple.news",
    "com.apple.mobileslideshow",
    "com.apple.VoiceOverNotifications",
    "com.apple.Sharing.TVRemoteNotifications",
    "com.apple.RTTNotifications",
    "com.apple.Sharing.WatchRemoteNotifications"
)}] Got section infos [ hasResult: 1 ]
2024-03-10 17:25:04.433 Df SpringBoard[2714:21ef] [com.apple.UserNotifications:Settings] UNSNotificationSettingsService [{(
    "com.apple.PosterBoard",
    "com.apple.SharedWebCredentialViewService",
    "com.apple.AXRemoteViewService",
    "com.apple.news",
    "com.apple.SoundDetectionNotifications",
    "com.apple.siri.NotificationSource",
    "com.apple.PeopleMessageService",
    "com.apple.shortcuts.runtime",
    "com.apple.GameControllerNotifications",
    "com.apple.reminders",
    "com.apple.SharingViewService",
    "com.apple.ShazamNotifications",
    "com.apple.AppleMediaServicesUI.engagement.notifications",
    "com.apple.AuthKitUIService",
    "com.apple.SleepLockScreen",
    "com.apple.mobilecal",
    "com.apple.accountnotifications",
    "com.apple.InputUI",
    "com.apple.identityservicesd.firewall",
    "com.apple.DocumentsApp",
    "com.apple.FontInstallViewService",
    "com.apple.ScreenTimeUnlock",
    "com.apple.appleaccount.notifications",
    "com.apple.ClipViewService",
    "com.apple.Batteries",
    "com.apple.shortcuts.AutomationLockscreenNotifications",
    "com.apple.BarcodeScanner",
    "co] Getting Notification Sources For BundleIdentifiers
2024-03-10 17:25:04.452 Df SpringBoard[2714:2351] [com.apple.BulletinBoard:Connection] com.apple.usernotificationsserver.DefaultDataProviderFactory adding new data provider proxy for section com.apple.appleaccount.notifications
2024-03-10 17:25:04.451 Df SpringBoard[2714:2350] [com.apple.UserNotifications:AttachmentsService] Attachment integrity check complete
2024-03-10 17:25:04.450 Df SpringBoard[2714:2355] [com.apple.BulletinBoard:Connection] com.apple.usernotificationsserver.DefaultDataProviderFactory updating data provider proxy for section com.apple.askpermission.notifications
2024-03-10 17:25:04.450 E  SpringBoard[2714:225a] [com.apple.UserNotifications:DataStore] No data found at /Users/chef/Library/Developer/CoreSimulator/Devices/FA441BBB-4AC7-424C-8E75-DDA61780E4A0/data/Library/UserNotifications/C0952C92-CC89-459F-9025-C1C0A509ADF7/Topics.plist
2024-03-10 17:25:04.456 Df SpringBoard[2714:2353] [com.apple.BulletinBoard:Connection] BBDataProviderManager adding data provider <BBRemoteDataProvider 0x6000022730c0; com.apple.accountnotifications> to BBServer
2024-03-10 17:25:04.455 Df SpringBoard[2714:21ef] [com.apple.UserNotifications:Settings] Getting effectiveSectionInfos for section identifiers: {(
    "com.apple.PosterBoard",
    "com.apple.SharedWebCredentialViewService",
    "com.apple.AXRemoteViewService",
    "com.apple.news",
    "com.apple.SoundDetectionNotifications",
    "com.apple.siri.NotificationSource",
    "com.apple.PeopleMessageService",
    "com.apple.shortcuts.runtime",
    "com.apple.GameControllerNotifications",
    "com.apple.reminders",
    "com.apple.SharingViewService",
    "com.apple.ShazamNotifications",
    "com.apple.AppleMediaServicesUI.engagement.notifications",
    "com.apple.AuthKitUIService",
    "com.apple.SleepLockScreen",
    "com.apple.mobilecal",
    "com.apple.accountnotifications",
    "com.apple.InputUI",
    "com.apple.identityservicesd.firewall",
    "com.apple.DocumentsApp",
    "com.apple.FontInstallViewService",
    "com.apple.ScreenTimeUnlock",
    "com.apple.appleaccount.notifications",
    "com.apple.ClipViewService",
    "com.apple.Batteries",
    "com.apple.shortcuts.AutomationLockscreenNotifications",
    "com.apple.BarcodeScanner",
    "co
2024-03-10 17:25:04.426 Df cloudd[2767:2491] [com.apple.cloudkit.sim:OP] Starting <CKDContainerSpecificInfoOperation: 0x7f938a9217b0; qos=Utility, operationID=BAFDCFA3D4AF0F0F, operationGroupID=5462C4E0668D9F6F, operationGroupName=UserActionExplicit, flags=allows-cellular, runningFor=0, applicationBundleIdentifierOverrideForNetworkAttribution=com.apple.siri.embeddedspeech, currentAccountID=AnonymousAccount, applicationBundleIdentifierOverrideForContainerAccess=com.apple.triald, containerID=com.apple.trial>
2024-03-10 17:25:04.456 Df SpringBoard[2714:225a] [com.apple.BulletinBoard:General] BBDataProvider: Data provider <com.apple.barcodesupport.nfc> is missing sort descriptors -- section will not be sorted!
2024-03-10 17:25:04.456 Df SpringBoard[2714:24b6] [com.apple.BulletinBoard:Connection] com.apple.usernotificationsserver.DefaultDataProviderFactory adding new data provider proxy for section com.apple.askpermission.notifications
2024-03-10 17:25:04.456 Df SpringBoard[2714:21ef] [com.apple.UserNotifications:Settings] Getting effective section infos from settingsGateway: [<BBSettingsGateway: 0x600000377320>]
2024-03-10 17:25:04.457 Df SpringBoard[2714:24b6] [com.apple.BulletinBoard:Connection] com.apple.usernotificationsserver.DefaultDataProviderFactory updating data provider proxy for section com.apple.barcodesupport.nfc
2024-03-10 17:25:04.457 E  SpringBoard[2714:225a] [com.apple.UserNotifications:DataStore] No data found at /Users/chef/Library/Developer/CoreSimulator/Devices/FA441BBB-4AC7-424C-8E75-DDA61780E4A0/data/Library/UserNotifications/354332CE-6DEE-49C0-81AF-3FD9609A0C7D/Categories.plist
2024-03-10 17:25:04.458 Df SpringBoard[2714:2355] [com.apple.BulletinBoard:Connection] com.apple.usernotificationsserver.DefaultDataProviderFactory adding new data provider proxy for section com.apple.barcodesupport.nfc
2024-03-10 17:25:04.458 Df SpringBoard[2714:21ef] [com.apple.BulletinBoard:Connection] Getting requested effective section infos (sync)
2024-03-10 17:25:04.458 E  SpringBoard[2714:225a] [com.apple.UserNotifications:DataStore] No data found at /Users/chef/Library/Developer/CoreSimulator/Devices/FA441BBB-4AC7-424C-8E75-DDA61780E4A0/data/Library/UserNotifications/354332CE-6DEE-49C0-81AF-3FD9609A0C7D/Topics.plist
2024-03-10 17:25:04.458 E  SpringBoard[2714:2353] [com.apple.BulletinBoard:Settings] Encountered error obtaining application record for section com.apple.accountnotifications: The operation couldnt be completed. (OSStatus error -10814.)
2024-03-10 17:25:04.460 Df SpringBoard[2714:225a] [com.apple.BulletinBoard:General] BBDataProvider: Data provider <com.apple.barcodesupport.qrcode> is missing sort descriptors -- section will not be sorted!
2024-03-10 17:25:04.461 Df SpringBoard[2714:2353] [com.apple.BulletinBoard:Settings] Section settings for data provider com.apple.accountnotifications: <BBSectionInfo: 0x60000357ae10> Section com.apple.accountnotifications <BBSectionInfoSettings: 0x600003050b40> Section settings: authorized = Authorized, authorization expiration date = (null), last user granted authorization date = (null), mute configuartion = (null), notification center = YES, lock screen = YES, scheduled delivery = NO, CarPlay = YES, announce setting = Disabled, shows on external devices = YES, shows custom settings = NO, content preview setting = Default Setting, Alert style = Banner, Push settings = [s:BSA] [e:BSA], grouping = Default (unmanaged), hidden from settings
2024-03-10 17:25:04.461 Df SpringBoard[2714:2350] [com.apple.BulletinBoard:Connection] com.apple.usernotificationsserver.DefaultDataProviderFactory updating data provider proxy for section com.apple.barcodesupport.qrcode
2024-03-10 17:25:04.461 E  SpringBoard[2714:225a] [com.apple.UserNotifications:DataStore] No data found at /Users/chef/Library/Developer/CoreSimulator/Devices/FA441BBB-4AC7-424C-8E75-DDA61780E4A0/data/Library/UserNotifications/ED5BFD99-6CF5-4189-BEAF-8F0B36F04EC0/Categories.plist
2024-03-10 17:25:04.462 Df SpringBoard[2714:2351] [com.apple.BulletinBoard:Connection] com.apple.usernotificationsserver.DefaultDataProviderFactory adding new data provider proxy for section com.apple.barcodesupport.qrcode
2024-03-10 17:25:04.462 Df SpringBoard[2714:2353] [com.apple.BulletinBoard:General] BBServer: Update bulletins in section com.apple.accountnotifications for feed 1
2024-03-10 17:25:04.463 E  SpringBoard[2714:225a] [com.apple.UserNotifications:DataStore] No data found at /Users/chef/Library/Developer/CoreSimulator/Devices/FA441BBB-4AC7-424C-8E75-DDA61780E4A0/data/Library/UserNotifications/ED5BFD99-6CF5-4189-BEAF-8F0B36F04EC0/Topics.plist
2024-03-10 17:25:04.466 Df SpringBoard[2714:225a] [com.apple.BulletinBoard:General] BBDataProvider: Data provider <com.apple.ClassKitProgressNotifications> is missing sort descriptors -- section will not be sorted!
2024-03-10 17:25:04.466 Df SpringBoard[2714:2353] [com.apple.BulletinBoard:Connection] BBDataProviderManager adding data provider <BBRemoteDataProvider 0x600002272f80; com.apple.appleaccount.notifications> to BBServer
2024-03-10 17:25:04.466 E  SpringBoard[2714:24b8] [com.apple.UserNotificationsKit:Icons] Notification icon is smaller than expanded size of 40.000000: AccountNotification in bundle /Volumes/Xcode/Xcode_14.2.app/Contents/Developer/Platforms/iPhoneOS.platform/Library/Developer/CoreSimulator/Profiles/Runtimes/iOS.simruntime/Contents/Resources/RuntimeRoot/System/Library/UserNotifications/Bundles/com.apple.accountnotifications.bundle
2024-03-10 17:25:04.466 E  SpringBoard[2714:225a] [com.apple.UserNotifications:DataStore] No data found at /Users/chef/Library/Developer/CoreSimulator/Devices/FA441BBB-4AC7-424C-8E75-DDA61780E4A0/data/Library/UserNotifications/5D85810D-461C-4989-B4B8-EFE58B2F692F/Categories.plist
2024-03-10 17:25:04.467 Df SpringBoard[2714:2350] [com.apple.BulletinBoard:Connection] BBDataProviderProxy setting server proxy: <_NSXPCDistantObject: 0x60000226ed50>
2024-03-10 17:25:04.468 Df dmd[2830:225d] Connected <CATTaskSession: 0x600000a88750 { state = Connected, session = B4F7FBF1-C038-4420-8C1D-663B59B812A8, transport = <CATXPCTransport: 0x600001b84960 { state = Connected }> }>
2024-03-10 17:25:04.467 Df SpringBoard[2714:24b7] [com.apple.BulletinBoard:Connection] com.apple.usernotificationsserver.DefaultDataProviderFactory updating data provider proxy for section com.apple.ClassKitProgressNotifications
2024-03-10 17:25:04.467 E  SpringBoard[2714:225a] [com.apple.UserNotifications:DataStore] No data found at /Users/chef/Library/Developer/CoreSimulator/Devices/FA441BBB-4AC7-424C-8E75-DDA61780E4A0/data/Library/UserNotifications/5D85810D-461C-4989-B4B8-EFE58B2F692F/Topics.plist
2024-03-10 17:25:04.467 Df SpringBoard[2714:24b6] [com.apple.BulletinBoard:Connection] BBDataProviderProxy resuming proxy queue
2024-03-10 17:25:04.467 Df SpringBoard[2714:2350] [com.apple.UserNotifications:DataProviderFactory] [com.apple.accountnotifications] Did create default data provider
2024-03-10 17:25:04.471 Df ScreenTimeAgent[2843:24a6] (DeviceManagement) Client did connect: <CATTaskClient: 0x600003f19180 { state = Connected, session = B4F7FBF1-C038-4420-8C1D-663B59B812A8, transport = <CATXPCTransport: 0x600003210410 { state = Connected }> }>
2024-03-10 17:25:04.468 Df SpringBoard[2714:225a] [com.apple.BulletinBoard:General] BBDataProvider: Data provider <com.apple.cmas> is missing sort descriptors -- section will not be sorted!
2024-03-10 17:25:04.469 Df SpringBoard[2714:1f24] [com.apple.UserNotificationsKit:Lists] Destination CSCombinedListViewController updating notification section settings for section com.apple.accountnotifications
2024-03-10 17:25:04.469 Df SpringBoard[2714:1f24] [com.apple.UserNotificationsKit:Lists] Notification List [NCNotificationStructuredListViewController] updating notification section settings for section com.apple.accountnotifications
2024-03-10 17:25:04.470 Df SpringBoard[2714:1f24] [com.apple.SpringBoard:CoverSheet] Ignoring redundant update for <CSCombinedListViewController: 0x7fe7d8820200> because there is no content
2024-03-10 17:25:04.471 Df SpringBoard[2714:1f24] [com.apple.SpringBoard:CoverSheet] Ignoring redundant update for <CSCombinedListViewController: 0x7fe7d8820200> because there is no content
2024-03-10 17:25:04.471 Df SpringBoard[2714:1f24] [com.apple.SpringBoard:CoverSheet] Ignoring redundant update for <CSCombinedListViewController: 0x7fe7d8820200> because there is no content
2024-03-10 17:25:04.470 Df SpringBoard[2714:24b8] [com.apple.BulletinBoard:Connection] com.apple.usernotificationsserver.DefaultDataProviderFactory updating data provider proxy for section com.apple.cmas
2024-03-10 17:25:04.468 E  SpringBoard[2714:2353] [com.apple.BulletinBoard:Settings] Encountered error obtaining application record for section com.apple.appleaccount.notifications: The operation couldnt be completed. (OSStatus error -10814.)
2024-03-10 17:25:04.469 E  SpringBoard[2714:225a] [com.apple.UserNotifications:DataStore] No data found at /Users/chef/Library/Developer/CoreSimulator/Devices/FA441BBB-4AC7-424C-8E75-DDA61780E4A0/data/Library/UserNotifications/64076AAD-5AB4-4C61-818D-21A31E0E5BAA/Categories.plist
2024-03-10 17:25:04.467 Df SpringBoard[2714:24b7] [com.apple.BulletinBoard:Connection] com.apple.usernotificationsserver.DefaultDataProviderFactory adding new data provider proxy for section com.apple.ClassKitProgressNotifications
2024-03-10 17:25:04.469 Df SpringBoard[2714:2350] [com.apple.UserNotifications:DataProviderFactory] [com.apple.accountnotifications] Purging invalid notification records
2024-03-10 17:25:04.472 Df SpringBoard[2714:234f] [com.apple.UserNotificationsKit:Lists] NCNotificationListPersistentStateManager successfully wrote notification list persistent state to file
2024-03-10 17:25:04.472 Df SpringBoard[2714:2353] [com.apple.BulletinBoard:Settings] Section settings for data provider com.apple.appleaccount.notifications: <BBSectionInfo: 0x60000357aec0> Section com.apple.appleaccount.notifications <BBSectionInfoSettings: 0x600003050f30> Section settings: authorized = Authorized, authorization expiration date = (null), last user granted authorization date = (null), mute configuartion = (null), notification center = YES, lock screen = YES, scheduled delivery = NO, announce setting = Disabled, shows on external devices = YES, shows custom settings = NO, content preview setting = Default Setting, Alert style = Banner, Push settings = [s:BSA] [e:BSA], grouping = Default (unmanaged) 'Settings', hidden from settings
2024-03-10 17:25:04.472 Df SpringBoard[2714:24b7] [com.apple.BulletinBoard:Connection] com.apple.usernotificationsserver.DefaultDataProviderFactory adding new data provider proxy for section com.apple.cmas
2024-03-10 17:25:04.472 E  SpringBoard[2714:225a] [com.apple.UserNotifications:DataStore] No data found at /Users/chef/Library/Developer/CoreSimulator/Devices/FA441BBB-4AC7-424C-8E75-DDA61780E4A0/data/Library/UserNotifications/64076AAD-5AB4-4C61-818D-21A31E0E5BAA/Topics.plist
2024-03-10 17:25:04.472 Df SpringBoard[2714:2350] [com.apple.UserNotifications:DataStore] [com.apple.accountnotifications] Remove all delivered notifications that are no longer valid
2024-03-10 17:25:04.475 Df SpringBoard[2714:225a] [com.apple.BulletinBoard:General] BBDataProvider: Data provider <com.apple.coreaudio.adam.hae> is missing sort descriptors -- section will not be sorted!
2024-03-10 17:25:04.477 E  voiced[2847:23f7] [com.apple.voiceserviceslogging:default] process is not running as user Mobile: it won't share the same UserDefaults as voiced
2024-03-10 17:25:04.474 E  SpringBoard[2714:24b7] [com.apple.BaseBoard:Common]  **** failed to open fd at tempPath=/Users/chef/Library/Developer/CoreSimulator/Devices/FA441BBB-4AC7-424C-8E75-DDA61780E4A0/data/tmp/sectionInfoIcon.AccountNotification./Volumes/Xcode/Xcode_14.2.app/Contents/Developer/Platforms/iPhoneOS.platform/Library/Developer/CoreSimulator/Profiles/Runtimes/iOS.simruntime/Contents/Resources/RuntimeRoot/System/Library/UserNotifications/Bundles/com.apple.accountnotifications.bundle.(null).(null).17.cpbitmap.iivPIW
2024-03-10 17:25:04.473 Df SpringBoard[2714:2353] [com.apple.BulletinBoard:General] BBServer: Update bulletins in section com.apple.appleaccount.notifications for feed 1
2024-03-10 17:25:04.478 A  diagnosticextensionsd[2820:2279] (IDS) Framework init with service, commands
2024-03-10 17:25:04.476 Df SpringBoard[2714:2351] [com.apple.BulletinBoard:Connection] com.apple.usernotificationsserver.DefaultDataProviderFactory updating data provider proxy for section com.apple.coreaudio.adam.hae
2024-03-10 17:25:04.481 Df diagnosticextensionsd[2820:2279] [com.apple.IDS:_IDSService] _IDSService - initing {self: 0x600003b502c0, service: com.apple.private.alloy.ded.watch, commands: (null), manualAck: NO}
2024-03-10 17:25:04.475 E  SpringBoard[2714:225a] [com.apple.UserNotifications:DataStore] No data found at /Users/chef/Library/Developer/CoreSimulator/Devices/FA441BBB-4AC7-424C-8E75-DDA61780E4A0/data/Library/UserNotifications/0A45AB50-DCB4-42F5-BB9F-A56C9368112A/Categories.plist
2024-03-10 17:25:04.475 Df SpringBoard[2714:2350] [com.apple.UserNotifications:Settings] Getting effectiveSectionInfo for section identifier: com.apple.accountnotifications
2024-03-10 17:25:04.477 E  SpringBoard[2714:225a] [com.apple.UserNotifications:DataStore] No data found at /Users/chef/Library/Developer/CoreSimulator/Devices/FA441BBB-4AC7-424C-8E75-DDA61780E4A0/data/Library/UserNotifications/0A45AB50-DCB4-42F5-BB9F-A56C9368112A/Topics.plist
2024-03-10 17:25:04.476 Df SpringBoard[2714:24b8] [com.apple.BulletinBoard:Connection] com.apple.usernotificationsserver.DefaultDataProviderFactory adding new data provider proxy for section com.apple.coreaudio.adam.hae
2024-03-10 17:25:04.476 Df SpringBoard[2714:2353] [com.apple.BulletinBoard:Connection] BBDataProviderManager adding data provider <BBRemoteDataProvider 0x6000021d11d0; com.apple.askpermission.notifications> to BBServer
2024-03-10 17:25:04.481 Df SpringBoard[2714:1f24] [com.apple.UserNotificationsKit:Lists] Destination CSCombinedListViewController updating notification section settings for section com.apple.appleaccount.notifications
2024-03-10 17:25:04.488 Df com.apple.siri.embeddedspeech[2827:235b] [com.apple.trial:_] Acquired managed-directory lock: /Users/chef/Library/Developer/CoreSimulator/Devices/FA441BBB-4AC7-424C-8E75-DDA61780E4A0/data/Library/Trial/NamespaceDescriptors/v2/factorPackSets/46b3ffca-bc33-4122-8770-30eb34637dd5
2024-03-10 17:25:04.490 Df com.apple.siri.embeddedspeech[2827:235b] [com.apple.trial:_] Unable to resolve candidate path based on calling process entitlement; falling back on naive access() check.
2024-03-10 17:25:04.490 Df com.apple.siri.embeddedspeech[2827:235b] [com.apple.trial:_] Acquired managed-directory lock: /Users/chef/Library/Developer/CoreSimulator/Devices/FA441BBB-4AC7-424C-8E75-DDA61780E4A0/data/Library/Trial/NamespaceDescriptors/v2/factorPackSets/46b3ffca-bc33-4122-8770-30eb34637dd5/legacyNamespaceFactorPacks/SIRI_UNDERSTANDING_ASR_ASSISTANT
2024-03-10 17:25:04.482 Df SpringBoard[2714:1f24] [com.apple.UserNotificationsKit:Lists] Notification List [NCNotificationStructuredListViewController] updating notification section settings for section com.apple.appleaccount.notifications
2024-03-10 17:25:04.491 E  cfprefsd[2753:1f64] [com.apple.defaults:cfprefsd] Couldn't open parent path due to [2: No such file or directory]
2024-03-10 17:25:04.483 Df SpringBoard[2714:1f24] [com.apple.SpringBoard:CoverSheet] Ignoring redundant update for <CSCombinedListViewController: 0x7fe7d8820200> because there is no content
2024-03-10 17:25:04.495 Df voiced[2847:23f7] [com.apple.voiceserviceslogging:default] client 'com.apple.AssistantServices' and accessory '' set auto download voice assets:(
    "en-US:nora:undefined:unknown"
)
2024-03-10 17:25:04.493 E  cfprefsd[2753:1f64] [com.apple.defaults:cfprefsd] Couldn't open parent path due to [2: No such file or directory]
2024-03-10 17:25:04.495 Df voiced[2847:23f7] [com.apple.trial:_] Initializing TRIClient. Trial version: TrialXP_Sim-347.3.11
2024-03-10 17:25:04.483 Df SpringBoard[2714:1f24] [com.apple.SpringBoard:CoverSheet] Ignoring redundant update for <CSCombinedListViewController: 0x7fe7d8820200> because there is no content
2024-03-10 17:25:04.484 Df SpringBoard[2714:1f24] [com.apple.SpringBoard:CoverSheet] Ignoring redundant update for <CSCombinedListViewController: 0x7fe7d8820200> because there is no content
2024-03-10 17:25:04.478 Df SpringBoard[2714:225a] [com.apple.BulletinBoard:General] BBDataProvider: Data provider <com.apple.donotdisturb> is missing sort descriptors -- section will not be sorted!
2024-03-10 17:25:04.497 Df CalendarWidgetExtension[2860:2413] [com.apple.runningboard:connection] Initializing connection
2024-03-10 17:25:04.482 E  SpringBoard[2714:2353] [com.apple.BulletinBoard:Settings] Encountered error obtaining application record for section com.apple.askpermission.notifications: The operation couldnt be completed. (OSStatus error -10814.)
2024-03-10 17:25:04.481 Df SpringBoard[2714:24b7] [com.apple.BulletinBoard:Connection] BBDataProviderProxy setting server proxy: <_NSXPCDistantObject: 0x60000226c690>
2024-03-10 17:25:04.485 Df SpringBoard[2714:24b6] [com.apple.BulletinBoard:Connection] com.apple.usernotificationsserver.DefaultDataProviderFactory updating data provider proxy for section com.apple.donotdisturb
2024-03-10 17:25:04.486 E  SpringBoard[2714:225a] [com.apple.UserNotifications:DataStore] No data found at /Users/chef/Library/Developer/CoreSimulator/Devices/FA441BBB-4AC7-424C-8E75-DDA61780E4A0/data/Library/UserNotifications/0AAAE696-9854-4F85-B364-77A8F9148266/Topics.plist
2024-03-10 17:25:04.497 Df voiced[2847:23f7] [com.apple.trial:_] TRIStandardPaths 0x6000001eb4b0 (no container): using Trial root dir /Users/chef/Library/Developer/CoreSimulator/Devices/FA441BBB-4AC7-424C-8E75-DDA61780E4A0/data/Library/Trial
2024-03-10 17:25:04.485 Df SpringBoard[2714:2353] [com.apple.BulletinBoard:Settings] Section settings for data provider com.apple.askpermission.notifications: <BBSectionInfo: 0x60000357b0d0> Section com.apple.askpermission.notifications <BBSectionInfoSettings: 0x600003050bd0> Section settings: authorized = Authorized, authorization expiration date = (null), last user granted authorization date = (null), mute configuartion = (null), notification center = YES, lock screen = YES, scheduled delivery = NO, time sensitive = YES, user configured time sensitive = NO, announce setting = Disabled, shows on external devices = YES, shows custom settings = NO, content preview setting = Default Setting, Alert style = Banner, Push settings = [s:BSA] [e:BSA], grouping = Default (unmanaged) 'Family', hidden from settings
2024-03-10 17:25:04.497 Df voiced[2847:23f7] [com.apple.trial:_] Finished lazy initialization of TRIClient
2024-03-10 17:25:04.496 Df SpringBoard[2714:225a] [com.apple.BulletinBoard:General] BBDataProvider: Data provider <com.apple.facetime> is missing sort descriptors -- section will not be sorted!
2024-03-10 17:25:04.498 Df voiced[2847:23f7] [com.apple.trial:_] adding update handler 0 for namespace SIRI_TEXT_TO_SPEECH
2024-03-10 17:25:04.495 Df SpringBoard[2714:24b8] [com.apple.BulletinBoard:Connection] com.apple.usernotificationsserver.DefaultDataProviderFactory adding new data provider proxy for section com.apple.donotdisturb
2024-03-10 17:25:04.487 Df SpringBoard[2714:234f] [com.apple.BulletinBoard:Connection] BBDataProviderProxy resuming proxy queue
2024-03-10 17:25:04.499 E  SpringBoard[2714:225a] [com.apple.UserNotifications:DataStore] No data found at /Users/chef/Library/Developer/CoreSimulator/Devices/FA441BBB-4AC7-424C-8E75-DDA61780E4A0/data/Library/UserNotifications/F2FE2DD4-5491-4749-9308-0FCA62C57E63/Topics.plist
2024-03-10 17:25:04.503 Df triald[2781:23b8] [com.apple.triald:server] Connection to com.apple.triald.namespace-management from com.apple.siri.embeddedspeech (2827) was invalidated.
2024-03-10 17:25:04.498 Df SpringBoard[2714:2353] [com.apple.BulletinBoard:General] BBServer: Update bulletins in section com.apple.askpermission.notifications for feed 1
2024-03-10 17:25:04.501 Df SpringBoard[2714:225a] [com.apple.BulletinBoard:General] BBDataProvider: Data provider <com.apple.familynotifications> is missing sort descriptors -- section will not be sorted!
2024-03-10 17:25:04.482 E  SpringBoard[2714:2351] [com.apple.BaseBoard:Common]  **** failed to open fd at tempPath=/Users/chef/Library/Developer/CoreSimulator/Devices/FA441BBB-4AC7-424C-8E75-DDA61780E4A0/data/tmp/sectionInfoIcon.DefaultIcon./Volumes/Xcode/Xcode_14.2.app/Contents/Developer/Platforms/iPhoneOS.platform/Library/Developer/CoreSimulator/Profiles/Runtimes/iOS.simruntime/Contents/Resources/RuntimeRoot/System/Library/UserNotifications/Bundles/com.apple.appleaccount.notifications.bundle.(null).(null).17.cpbitmap.yqKA0b
2024-03-10 17:25:04.487 Df SpringBoard[2714:24b7] [com.apple.UserNotifications:DataProviderFactory] [com.apple.appleaccount.notifications] Did create default data provider
2024-03-10 17:25:04.502 Df SpringBoard[2714:2353] [com.apple.BulletinBoard:Connection] BBDataProviderManager adding data provider <BBRemoteDataProvider 0x60000226ef30; com.apple.barcodesupport.nfc> to BBServer
2024-03-10 17:25:04.506 Df CalendarWidgetExtension[2860:2413] [com.apple.runningboard:process] Removing all cached process handles
2024-03-10 17:25:04.503 E  SpringBoard[2714:225a] [com.apple.UserNotifications:DataStore] No data found at /Users/chef/Library/Developer/CoreSimulator/Devices/FA441BBB-4AC7-424C-8E75-DDA61780E4A0/data/Library/UserNotifications/A2886F9A-0821-4916-8D0E-D6A9EC1E684E/Categories.plist
2024-03-10 17:25:04.505 Df SpringBoard[2714:24b7] [com.apple.UserNotifications:DataProviderFactory] [com.apple.appleaccount.notifications] Purging invalid notification records
2024-03-10 17:25:04.500 Df SpringBoard[2714:24b8] [com.apple.BulletinBoard:Connection] com.apple.usernotificationsserver.DefaultDataProviderFactory updating data provider proxy for section com.apple.facetime
2024-03-10 17:25:04.506 Df SpringBoard[2714:24b7] [com.apple.BulletinBoard:Connection] BBDataProviderProxy setting server proxy: <_NSXPCDistantObject: 0x6000021d1f40>
2024-03-10 17:25:04.507 E  SpringBoard[2714:2353] [com.apple.BulletinBoard:Settings] Encountered error obtaining application record for section com.apple.barcodesupport.nfc: The operation couldnt be completed. (OSStatus error -10814.)
2024-03-10 17:25:04.506 E  SpringBoard[2714:225a] [com.apple.UserNotifications:DataStore] No data found at /Users/chef/Library/Developer/CoreSimulator/Devices/FA441BBB-4AC7-424C-8E75-DDA61780E4A0/data/Library/UserNotifications/A2886F9A-0821-4916-8D0E-D6A9EC1E684E/Topics.plist
2024-03-10 17:25:04.507 E  SpringBoard[2714:24bd] [com.apple.UserNotificationsKit:Icons] Notification icon is smaller than expanded size of 40.000000: icon in bundle /Volumes/Xcode/Xcode_14.2.app/Contents/Developer/Platforms/iPhoneOS.platform/Library/Developer/CoreSimulator/Profiles/Runtimes/iOS.simruntime/Contents/Resources/RuntimeRoot/System/Library/UserNotifications/Bundles/com.apple.askpermission.notifications.bundle
2024-03-10 17:25:04.507 Df SpringBoard[2714:24b7] [com.apple.UserNotifications:DataProviderFactory] [com.apple.askpermission.notifications] Did create default data provider
2024-03-10 17:25:04.507 Df SpringBoard[2714:2353] [com.apple.BulletinBoard:Settings] Section settings for data provider com.apple.barcodesupport.nfc: <BBSectionInfo: 0x600003544210> Section com.apple.barcodesupport.nfc <BBSectionInfoSettings: 0x60000304ae20> Section settings: authorized = Authorized, authorization expiration date = (null), last user granted authorization date = (null), mute configuartion = (null), notification center = YES, lock screen = YES, scheduled delivery = NO, announce setting = Disabled, shows on external devices = YES, shows custom settings = NO, content preview setting = Always show, Alert style = Banner, Push settings = [s:-SA] [e:-SA], grouping = Default (unmanaged), hidden from settings
2024-03-10 17:25:04.509 Df SpringBoard[2714:24b7] [com.apple.UserNotifications:DataProviderFactory] [com.apple.askpermission.notifications] Purging invalid notification records
2024-03-10 17:25:04.507 Df SpringBoard[2714:24b8] [com.apple.BulletinBoard:Connection] com.apple.usernotificationsserver.DefaultDataProviderFactory updating data provider proxy for section com.apple.familynotifications
2024-03-10 17:25:04.509 Df SpringBoard[2714:2353] [com.apple.BulletinBoard:General] BBServer: Update bulletins in section com.apple.barcodesupport.nfc for feed 1
2024-03-10 17:25:04.507 Df SpringBoard[2714:2351] [com.apple.BulletinBoard:Connection] com.apple.usernotificationsserver.DefaultDataProviderFactory adding new data provider proxy for section com.apple.facetime
2024-03-10 17:25:04.508 Df SpringBoard[2714:225a] [com.apple.BulletinBoard:General] BBDataProvider: Data provider <com.apple.GameControllerNotifications> is missing sort descriptors -- section will not be sorted!
2024-03-10 17:25:04.511 Df SpringBoard[2714:1f24] [com.apple.UserNotificationsKit:Lists] Destination CSCombinedListViewController updating notification section settings for section com.apple.askpermission.notifications
2024-03-10 17:25:04.511 Df SpringBoard[2714:1f24] [com.apple.UserNotificationsKit:Lists] Notification List [NCNotificationStructuredListViewController] updating notification section settings for section com.apple.askpermission.notifications
2024-03-10 17:25:04.511 Df SpringBoard[2714:1f24] [com.apple.SpringBoard:CoverSheet] Ignoring redundant update for <CSCombinedListViewController: 0x7fe7d8820200> because there is no content
2024-03-10 17:25:04.511 Df SpringBoard[2714:1f24] [com.apple.SpringBoard:CoverSheet] Ignoring redundant update for <CSCombinedListViewController: 0x7fe7d8820200> because there is no content
2024-03-10 17:25:04.512 Df SpringBoard[2714:1f24] [com.apple.SpringBoard:CoverSheet] Ignoring redundant update for <CSCombinedListViewController: 0x7fe7d8820200> because there is no content
2024-03-10 17:25:04.512 Df SpringBoard[2714:1f24] [com.apple.UserNotificationsKit:Lists] Destination CSCombinedListViewController updating notification section settings for section com.apple.barcodesupport.nfc
2024-03-10 17:25:04.512 Df SpringBoard[2714:1f24] [com.apple.UserNotificationsKit:Lists] Notification List [NCNotificationStructuredListViewController] updating notification section settings for section com.apple.barcodesupport.nfc
2024-03-10 17:25:04.426 Df cloudd[2767:2491] [com.apple.cloudkit.sim:OP] Operation <CKDContainerSpecificInfoOperation: 0x7f938a9217b0; BAFDCFA3D4AF0F0F (RC)  State: Not Started, QoS: Utility>, setting current request from (null) to <CKDContainerSpecificInfoURLRequest: 0x7f938a91e030 147DA6B2-6537-41C9-AA1C-ED8F0D3F10CA>
2024-03-10 17:25:04.513 Df SpringBoard[2714:1f24] [com.apple.SpringBoard:CoverSheet] Ignoring redundant update for <CSCombinedListViewController: 0x7fe7d8820200> because there is no content
2024-03-10 17:25:04.514 A  runningboardd[2718:1f93] (RunningBoard) incoming connection
2024-03-10 17:25:04.513 Df SpringBoard[2714:1f24] [com.apple.SpringBoard:CoverSheet] Ignoring redundant update for <CSCombinedListViewController: 0x7fe7d8820200> because there is no content
2024-03-10 17:25:04.514 Df runningboardd[2718:1f93] [com.apple.runningboard:connection] Incoming connection from 2860, user 600/600
2024-03-10 17:25:04.513 Df SpringBoard[2714:1f24] [com.apple.SpringBoard:CoverSheet] Ignoring redundant update for <CSCombinedListViewController: 0x7fe7d8820200> because there is no content
2024-03-10 17:25:04.510 Df CalendarWidgetExtension[2860:24c2] [com.apple.runningboard:connection] Sending handshake request attempt #1 to server
2024-03-10 17:25:04.512 Df SpringBoard[2714:24bf] [com.apple.BulletinBoard:Connection] com.apple.usernotificationsserver.DefaultDataProviderFactory updating data provider proxy for section com.apple.GameControllerNotifications
2024-03-10 17:25:04.504 Df triald[2781:23b8] [com.apple.xpc.activity:Client] _xpc_activity_dispatch: beginning dispatch, activity name com.apple.triald.task-queue, seqno 0
2024-03-10 17:25:04.513 Df CalendarWidgetExtension[2860:24c2] [com.apple.runningboard:connection] Creating connection to com.apple.runningboard
2024-03-10 17:25:04.516 A  runningboardd[2718:1f93] (RunningBoard) handshakeWithRequest
2024-03-10 17:25:04.507 Df SpringBoard[2714:24be] [com.apple.BulletinBoard:Connection] BBDataProviderProxy resuming proxy queue
2024-03-10 17:25:04.429 A  cloudd[2767:2491] (CloudKitDaemon) url-request
2024-03-10 17:25:04.504 Df triald[2781:205a] [com.apple.xpc.activity:Client] xpc_activity_set_criteria: com.apple.triald.post-upgrade-require-inexpensive-networking (0x600001ca0820), setting state now to 0
2024-03-10 17:25:04.516 Df runningboardd[2718:1f93] [com.apple.runningboard:connection] Setting client for [xpcservice<com.apple.mobilecal.CalendarWidgetExtension([osservice<com.apple.chronod>:2762])>:2860] as ready
2024-03-10 17:25:04.512 Df SpringBoard[2714:24b7] [com.apple.BulletinBoard:Connection] BBDataProviderProxy setting server proxy: <_NSXPCDistantObject: 0x600002276e40>
2024-03-10 17:25:04.520 Df routined[2721:1fd1] [com.apple.xpc.activity:Client] xpc_activity_set_criteria: com.apple.routined.persistence.mirroring.post-install (0x600000f49860), setting state now to 0
2024-03-10 17:25:04.517 Df CalendarWidgetExtension[2860:24c2] [com.apple.runningboard:connection] Handshake succeeded
2024-03-10 17:25:04.504 Df triald[2781:205a] [com.apple.xpc.activity:Client] _xpc_activity_set_state: com.apple.triald.post-upgrade-require-inexpensive-networking (0x600001ca0820), 0
2024-03-10 17:25:04.516 Df runningboardd[2718:1f93] [com.apple.runningboard:connection] Received handshake request from 2860 with 0 assertion descriptors
2024-03-10 17:25:04.511 E  SpringBoard[2714:225a] [com.apple.UserNotifications:DataStore] No data found at /Users/chef/Library/Developer/CoreSimulator/Devices/FA441BBB-4AC7-424C-8E75-DDA61780E4A0/data/Library/UserNotifications/FDCBC61E-2FF7-4363-88DA-D1264E657239/Categories.plist
2024-03-10 17:25:04.516 Df runningboardd[2718:1f93] [com.apple.runningboard:connection] Handshake successful with 2860; sending response
2024-03-10 17:25:04.514 Df SpringBoard[2714:24bf] [com.apple.BulletinBoard:Connection] BBDataProviderManager adding data provider <BBRemoteDataProvider 0x6000021d09b0; com.apple.barcodesupport.qrcode> to BBServer
2024-03-10 17:25:04.511 Df SpringBoard[2714:2351] [com.apple.BulletinBoard:Connection] com.apple.usernotificationsserver.DefaultDataProviderFactory adding new data provider proxy for section com.apple.familynotifications
2024-03-10 17:25:04.431 Df cloudd[2767:2491] [com.apple.cloudkit.sim:Request] req: 147DA6B2-6537-41C9-AA1C-ED8F0D3F10CA, "<CKDContainerSpecificInfoURLRequest: 0x7f938a91e030 147DA6B2-6537-41C9-AA1C-ED8F0D3F10CA> Performing"
2024-03-10 17:25:04.514 E  SpringBoard[2714:225a] [com.apple.UserNotifications:DataStore] No data found at /Users/chef/Library/Developer/CoreSimulator/Devices/FA441BBB-4AC7-424C-8E75-DDA61780E4A0/data/Library/UserNotifications/FDCBC61E-2FF7-4363-88DA-D1264E657239/Topics.plist
2024-03-10 17:25:04.517 Df CalendarWidgetExtension[2860:24c2] [com.apple.runningboard:connection] Identity resolved as xpcservice<com.apple.mobilecal.CalendarWidgetExtension([osservice<com.apple.chronod>:2762])>
2024-03-10 17:25:04.514 Df SpringBoard[2714:24b7] [com.apple.UserNotifications:DataProviderFactory] [com.apple.barcodesupport.nfc] Did create default data provider
2024-03-10 17:25:04.435 Df cloudd[2767:2491] [com.apple.cloudkit.sim:Request] req: 147DA6B2-6537-41C9-AA1C-ED8F0D3F10CA, "Performing request with URL=https://gateway.icloud.com/setup/setup/ck/v1/ckAppInit?container=com.apple.trial background=0 allowCellular=1 allowExpensive=0 (timeouts 300.0s, -1.0s)"
2024-03-10 17:25:04.515 Df SpringBoard[2714:234f] [com.apple.BulletinBoard:Connection] com.apple.usernotificationsserver.DefaultDataProviderFactory adding new data provider proxy for section com.apple.GameControllerNotifications
2024-03-10 17:25:04.520 Df routined[2721:1fd1] [com.apple.xpc.activity:Client] _xpc_activity_set_state: com.apple.routined.persistence.mirroring.post-install (0x600000f49860), 0
2024-03-10 17:25:04.518 Df voiced[2847:23f7] [com.apple.voiceserviceslogging:event] #Trial Cancelling voice downloads: (
)
2024-03-10 17:25:04.504 Df triald[2781:205a] [com.apple.xpc.activity:Client] __XPC_ACTIVITY_CALLING_HANDLER__: com.apple.triald.post-upgrade-require-inexpensive-networking (0x600001ca0820), current state 0, pending state 0
2024-03-10 17:25:04.522 Df NewsToday2[2833:2277] [com.apple.news:Default] Parsed a times of day configuration with morning: (Start: 18000, End: 36000), afternoon: (Start: 36000, End: 57600), evening: (Start: 57600, End: 79200) and night: (Start: 79200, End: 18000)
2024-03-10 17:25:04.515 Df SpringBoard[2714:2353] [com.apple.BulletinBoard:Connection] BBDataProviderProxy resuming proxy queue
2024-03-10 17:25:04.520 Df routined[2721:1fd1] [com.apple.xpc.activity:Client] __XPC_ACTIVITY_CALLING_HANDLER__: com.apple.routined.persistence.mirroring.post-install (0x600000f49860), current state 0, pending state 0
2024-03-10 17:25:04.522 Df NewsToday2[2833:2277] [com.apple.news:Paywall] PaywallConfigs are not equal: 'paywallConfigs' have changed
2024-03-10 17:25:04.515 Df SpringBoard[2714:21ef] [com.apple.BulletinBoard:Connection] Got 9 effective section infos
2024-03-10 17:25:03.480 Df nanotimekitcompaniond[2775:22bf] [com.apple.xpc.activity:Client] xpc_activity_set_criteria, lower half: com.apple.nanotimekit.daemon-activity (0x6000027c8d20), dict
2024-03-10 17:25:04.520 Df routined[2721:1fd2] [com.apple.xpc.activity:Client] xpc_activity_set_criteria: com.apple.routined.persistence.mirroring.backup (0x600000f40960), dict
2024-03-10 17:25:04.527 Df NewsToday2[2833:2277] [com.apple.news:Default] Key-value store <app-config> will schedule save
2024-03-10 17:25:04.516 Df SpringBoard[2714:24b7] [com.apple.UserNotifications:DataProviderFactory] [com.apple.barcodesupport.nfc] Purging invalid notification records
2024-03-10 17:25:04.448 E  cloudd[2767:2491] [com.apple.cloudkit.sim:CK] Couldn't pull url from backing account <CKDAccount 0x600002a7a080> ("(null)" Account ID: AnonymousAccount) or container <CKDContainer: 0x7f938ab0da60; containerID=<CKContainerID: 0x600003142490; containerIdentifier=com.apple.trial, containerEnvironment="Production">, applicationID=<CKDApplicationID: 0x60000317daa0; applicationBundleID=com.apple.triald>, personaID=(null), containerID=<CKContainerID: 0x600003142490; containerIdentifier=com.apple.trial, containerEnvironment="Production">, flags=clientBundleIsAppleExecutable>
2024-03-10 17:25:04.527 Df NewsToday2[2833:2277] [com.apple.news:AppConfiguration] configuration manager notify observers with significantConfigChange: 0 paywallConfigDidChange: 1
2024-03-10 17:25:04.516 Df SpringBoard[2714:225a] [com.apple.BulletinBoard:General] BBDataProvider: Data provider <com.apple.iCloud.FollowUp> is missing sort descriptors -- section will not be sorted!
2024-03-10 17:25:04.520 Df routined[2721:1fd2] [com.apple.xpc.activity:Client] __XPC_ACTIVITY_CALLING_HANDLER__ returned from handler: com.apple.routined.persistence.mirroring.backup (0x600000f40960), current state 0, pending state 0
2024-03-10 17:25:04.515 E  SpringBoard[2714:24bf] [com.apple.BulletinBoard:Settings] Encountered error obtaining application record for section com.apple.barcodesupport.qrcode: The operation couldnt be completed. (OSStatus error -10814.)
2024-03-10 17:25:04.530 Df nanotimekitcompaniond[2775:22bf] [com.apple.xpc.activity:Client] _xpc_activity_set_criteria: com.apple.nanotimekit.daemon-activity (0x6000027c8d20), dict
2024-03-10 17:25:04.504 Df triald[2781:205a] [com.apple.triald:server] Checking in for com.apple.triald.post-upgrade-require-inexpensive-networking
2024-03-10 17:25:04.455 E  cloudd[2767:2491] [com.apple.cloudkit.sim:CK] Couldn't pull url from backing account <CKDAccount 0x600002a7a080> ("(null)" Account ID: AnonymousAccount) or container <CKDContainer: 0x7f938ab0da60; containerID=<CKContainerID: 0x600003142490; containerIdentifier=com.apple.trial, containerEnvironment="Production">, applicationID=<CKDApplicationID: 0x60000317daa0; applicationBundleID=com.apple.triald>, personaID=(null), containerID=<CKContainerID: 0x600003142490; containerIdentifier=com.apple.trial, containerEnvironment="Production">, flags=clientBundleIsAppleExecutable>
2024-03-10 17:25:04.524 Df SpringBoard[2714:2350] [com.apple.UserNotifications:Settings] [com.apple.accountnotifications] Getting effective section info
2024-03-10 17:25:04.525 E  SpringBoard[2714:225a] [com.apple.UserNotifications:DataStore] No data found at /Users/chef/Library/Developer/CoreSimulator/Devices/FA441BBB-4AC7-424C-8E75-DDA61780E4A0/data/Library/UserNotifications/B6476DED-C35D-439C-A6E3-850A2EDB5E4A/Categories.plist
2024-03-10 17:25:04.521 Df routined[2721:1fd2] [com.apple.xpc.activity:Client] _xpc_activity_set_state: com.apple.routined.persistence.mirroring.backup (0x600000f40960), 1
2024-03-10 17:25:04.521 Df routined[2721:1fd2] [com.apple.xpc.activity:Client] xpc_activity_set_criteria, lower half: com.apple.routined.persistence.mirroring.backup (0x600000f40960), dict
2024-03-10 17:25:04.530 Df nanotimekitcompaniond[2775:22bf] [com.apple.xpc.activity:Client] _xpc_activity_set_criteria: xpc_set_event com.apple.nanotimekit.daemon-activity, 2
2024-03-10 17:25:04.524 Df SpringBoard[2714:21ef] [com.apple.UserNotifications:Settings] UNSNotificationSettingsService [{(
    "com.apple.PosterBoard",
    "com.apple.SharedWebCredentialViewService",
    "com.apple.AXRemoteViewService",
    "com.apple.news",
    "com.apple.SoundDetectionNotifications",
    "com.apple.siri.NotificationSource",
    "com.apple.PeopleMessageService",
    "com.apple.shortcuts.runtime",
    "com.apple.GameControllerNotifications",
    "com.apple.reminders",
    "com.apple.SharingViewService",
    "com.apple.ShazamNotifications",
    "com.apple.AppleMediaServicesUI.engagement.notifications",
    "com.apple.AuthKitUIService",
    "com.apple.SleepLockScreen",
    "com.apple.mobilecal",
    "com.apple.accountnotifications",
    "com.apple.InputUI",
    "com.apple.identityservicesd.firewall",
    "com.apple.DocumentsApp",
    "com.apple.FontInstallViewService",
    "com.apple.ScreenTimeUnlock",
    "com.apple.appleaccount.notifications",
    "com.apple.ClipViewService",
    "com.apple.Batteries",
    "com.apple.shortcuts.AutomationLockscreenNotifications",
    "com.apple.BarcodeScanner",
    "co] Returning Notification Sources For BundleIdentifiers <decode: missing data>
2024-03-10 17:25:04.528 E  SpringBoard[2714:225a] [com.apple.UserNotifications:DataStore] No data found at /Users/chef/Library/Developer/CoreSimulator/Devices/FA441BBB-4AC7-424C-8E75-DDA61780E4A0/data/Library/UserNotifications/B6476DED-C35D-439C-A6E3-850A2EDB5E4A/Topics.plist
2024-03-10 17:25:04.525 Df SpringBoard[2714:2350] [com.apple.BulletinBoard:Connection] Getting requested effective section info (sync)
2024-03-10 17:25:04.525 Df SpringBoard[2714:234f] [com.apple.BulletinBoard:Connection] com.apple.usernotificationsserver.DefaultDataProviderFactory updating data provider proxy for section com.apple.iCloud.FollowUp
2024-03-10 17:25:04.531 Df SpringBoard[2714:225a] [com.apple.BulletinBoard:General] BBDataProvider: Data provider <com.apple.identityservicesd.firewall> is missing sort descriptors -- section will not be sorted!
2024-03-10 17:25:04.534 Df SpringBoard[2714:2353] [com.apple.BulletinBoard:Connection] com.apple.usernotificationsserver.DefaultDataProviderFactory adding new data provider proxy for section com.apple.iCloud.FollowUp
2024-03-10 17:25:04.531 E  SpringBoard[2714:21ef] [com.apple.UserNotifications:DataStore] No data found at /Users/chef/Library/Developer/CoreSimulator/Devices/FA441BBB-4AC7-424C-8E75-DDA61780E4A0/data/Library/UserNotifications/0AAAE696-9854-4F85-B364-77A8F9148266/PendingNotifications.plist
2024-03-10 17:25:04.525 Df SpringBoard[2714:24bf] [com.apple.BulletinBoard:Settings] Section settings for data provider com.apple.barcodesupport.qrcode: <BBSectionInfo: 0x60000357ee10> Section com.apple.barcodesupport.qrcode <BBSectionInfoSettings: 0x600003068870> Section settings: authorized = Authorized, authorization expiration date = (null), last user granted authorization date = (null), mute configuartion = (null), notification center = YES, lock screen = YES, scheduled delivery = NO, announce setting = Disabled, shows on external devices = YES, shows custom settings = NO, content preview setting = Always show, Alert style = Modal, Push settings = [s:--A] [e:--A], grouping = Default (unmanaged), hidden from settings
2024-03-10 17:25:04.504 Df triald[2781:205a] [com.apple.xpc.activity:Client] __XPC_ACTIVITY_CALLING_HANDLER__ returned from handler: com.apple.triald.post-upgrade-require-inexpensive-networking (0x600001ca0820), current state 0, pending state 0
2024-03-10 17:25:04.543 Df SpringBoard[2714:1f24] [com.apple.UserNotificationsKit:Lists] Destination CSCombinedListViewController updating notification section settings for section com.apple.barcodesupport.qrcode
2024-03-10 17:25:04.543 Df SpringBoard[2714:1f24] [com.apple.UserNotificationsKit:Lists] Notification List [NCNotificationStructuredListViewController] updating notification section settings for section com.apple.barcodesupport.qrcode
2024-03-10 17:25:04.543 Df SpringBoard[2714:1f24] [com.apple.SpringBoard:CoverSheet] Ignoring redundant update for <CSCombinedListViewController: 0x7fe7d8820200> because there is no content
2024-03-10 17:25:04.543 Df SpringBoard[2714:1f24] [com.apple.SpringBoard:CoverSheet] Ignoring redundant update for <CSCombinedListViewController: 0x7fe7d8820200> because there is no content
2024-03-10 17:25:04.544 Df SpringBoard[2714:1f24] [com.apple.SpringBoard:CoverSheet] Ignoring redundant update for <CSCombinedListViewController: 0x7fe7d8820200> because there is no content
2024-03-10 17:25:04.539 Df SpringBoard[2714:2207] [com.apple.BulletinBoard:Connection] com.apple.usernotificationsserver.DefaultDataProviderFactory updating data provider proxy for section com.apple.identityservicesd.firewall
2024-03-10 17:25:04.542 Df SpringBoard[2714:24bf] [com.apple.BulletinBoard:General] BBServer: Update bulletins in section com.apple.barcodesupport.qrcode for feed 1
2024-03-10 17:25:04.540 Df SpringBoard[2714:21ef] [com.apple.UserNotifications:LocalNotifications] [com.apple.facetime] Load 0 pending notification dictionaries
2024-03-10 17:25:04.540 E  SpringBoard[2714:225a] [com.apple.UserNotifications:DataStore] No data found at /Users/chef/Library/Developer/CoreSimulator/Devices/FA441BBB-4AC7-424C-8E75-DDA61780E4A0/data/Library/UserNotifications/A26D9758-756B-4B0B-9806-00BB3874AD7D/Topics.plist
2024-03-10 17:25:04.545 Df SpringBoard[2714:24bf] [com.apple.BulletinBoard:Connection] BBDataProviderManager adding data provider <BBRemoteDataProvider 0x6000022771b0; com.apple.ClassKitProgressNotifications> to BBServer
2024-03-10 17:25:04.535 Df voiced[2847:23f7] [com.apple.trial:_] Acquired managed-directory lock: /Users/chef/Library/Developer/CoreSimulator/Devices/FA441BBB-4AC7-424C-8E75-DDA61780E4A0/data/Library/Trial/NamespaceDescriptors/v2/factorPackSets/88b26bf3-6dcf-42dd-8c3d-06cba2bb1ea7
2024-03-10 17:25:04.545 Df SpringBoard[2714:225a] [com.apple.BulletinBoard:General] BBDataProvider: Data provider <com.apple.mobilephone> is missing sort descriptors -- section will not be sorted!
