com.apple.reminders.WidgetExtension
com.apple.Health.Sleep.SleepWidgetExtension
com.apple.PassbookStub.PassbookWidgets
com.apple.news.widget
com.apple.Batteries.BatteriesWidget
com.apple.Health.HealthMedicationsWidgetExtension
}
2024-03-10 17:36:26.604 E  tccd[2869:2151] [com.apple.TCC:access] bundleRecordWithBundleIdentifier failed for com.apple.willowd: Error Domain=NSOSStatusErrorDomain Code=-10814 "(null)" UserInfo={_LSFunction=+[LSBundleRecord bundleRecordWithBundleIdentifier:allowPlaceholder:error:], _LSLine=158, NSUnderlyingError=0x600000bcdb90 {Error Domain=NSOSStatusErrorDomain Code=-10814 "Unable to find this application extension record in the Launch Services database." UserInfo={NSDebugDescription=Unable to find this application extension record in the Launch Services database., _LSLine=699, _LSFunction=_LSPluginFindWithPlatformInfo}}}
2024-03-10 17:36:26.588 Df runningboardd[2861:20aa] [com.apple.runningboard:ttl] Invalidating assertion 2861-2903-67 (target:[xpcservice<com.apple.ScreenTimeWidgetApplication.ScreenTimeWidgetExtension([osservice<com.apple.chronod>:2903])>:2981]) from originator [osservice<com.apple.chronod>:2903]
2024-03-10 17:36:26.593 Df chronod[2903:2375] [com.apple.chrono:timeline.store] Task [6] [com.apple.ScreenTimeWidgetApplication.ScreenTimeWidgetExtension:com.apple.ScreenTimeWidgetApplication:7227504733474769685] Completed
2024-03-10 17:36:26.604 E  tccd[2869:2151] [com.apple.TCC:access] -[TCCDAccessIdentity initWithMessage:]: self.bundle=0x0, bundle:(null); for: com.apple.willowd with url: (null)
2024-03-10 17:36:26.606 E  cfprefsd[2896:2083] [com.apple.defaults:cfprefsd] Couldn't open parent path due to [2: No such file or directory]
2024-03-10 17:36:26.586 Df runningboardd[2861:20ad] [com.apple.runningboard:ttl] Attempting to rename power assertion 32873 for target xpcservice<com.apple.ScreenTimeWidgetApplication.ScreenTimeWidgetExtension([osservice<com.apple.chronod>:2903])> to xpcservice<com.apple.ScreenTimeWidgetApplication.ScreenTimeWidgetExtension([osservice<com.apple.chronod>:2903])>;2861-2903-121:[ScreenTimeWidgetApplication.ScreenTimeWidgetExtension-5C0232FC3FE3];2861-2903-127:[ScreenTimeWidgetApplication.ScreenTimeWidgetExtension-2DA5A8ABACED];2861-2903-67:[ScreenTimeWidgetApplication.ScreenTimeWidgetExtension-2DA5A8ABACED]
2024-03-10 17:36:26.593 Df chronod[2903:228c] [com.apple.chrono:tasksession] [2C03B1DB]: _taskQueue_teardown() with task timeline<[com.apple.ScreenTimeWidgetApplication.ScreenTimeWidgetExtension:com.apple.ScreenTimeWidgetApplication:7227504733474769685]>.2C03B1DB
2024-03-10 17:36:26.580 Df geod[2982:23ed] [com.apple.network:boringssl] boringssl_context_evaluate_trust_async(1635) [C30.1.1:2][0x7fd7d420bb40] Performing external trust evaluation
2024-03-10 17:36:26.609 E  cfprefsd[2896:2083] [com.apple.defaults:cfprefsd] Couldn't open parent path due to [2: No such file or directory]
2024-03-10 17:36:26.596 Df chronod[2903:2375] [com.apple.chrono:timeline.store] Task [6] [com.apple.ScreenTimeWidgetApplication.ScreenTimeWidgetExtension:com.apple.ScreenTimeWidgetApplication:7227504733474769685] Reload failure
2024-03-10 17:36:26.610 Df healthd[2868:25d6] [com.apple.HealthKit:infrastructure] [HDPairedFeaturePropertiesSyncManager:IrregularRhythmNotificationsV2] Initiating NanoPreferencesSync of feature properties
2024-03-10 17:36:26.599 A  chronod[2903:228d] (RunningBoardServices) observedProcessStatesDidChange
2024-03-10 17:36:26.586 Df runningboardd[2861:2095] [com.apple.runningboard:monitor] Calculated state for xpcservice<com.apple.ScreenTimeWidgetApplication.ScreenTimeWidgetExtension([osservice<com.apple.chronod>:2903])>: running-active (role: NonUserInteractive)
2024-03-10 17:36:26.610 Df healthd[2868:25d6] [com.apple.NanoPreferencesSync:Framework] self: (0x600000c4cb40)
2024-03-10 17:36:26.591 Df PosterBoard[2983:257b] [com.apple.FileURL:default] kExcludedFromBackupXattrName set on path: /Users/chef/Library/Developer/CoreSimulator/Devices/FA441BBB-4AC7-424C-8E75-DDA61780E4A0/data/Library/Application Support/PRBPosterExtensionDataStore/59/Extensions/com.apple.GradientPoster.GradientPosterExtension/descriptors/BCD559B9-B6DE-40B0-AE58-F946B94324CC/versions/0/contents
2024-03-10 17:36:26.598 Df chronod[2903:228c] [com.apple.chrono:tasksession] [2C03B1DB]: _taskQueue_complete() with task timeline<[com.apple.ScreenTimeWidgetApplication.ScreenTimeWidgetExtension:com.apple.ScreenTimeWidgetApplication:7227504733474769685]>.2C03B1DB
2024-03-10 17:36:26.592 A  runningboardd[2861:20ab] (RunningBoard) incoming connection
2024-03-10 17:36:26.604 Df tccd[2869:2151] [com.apple.TCC:access] REPLY: (600) function=TCCAccessCopyInformationForBundle, msgID=2910.18
2024-03-10 17:36:26.610 Df healthd[2868:25d6] [com.apple.NanoPreferencesSync:Framework] synchronizeUserDefaultsDomain: (com.apple.private.health.feature-properties.IrregularRhythmNotificationsV2.companion); keys: ({(
    AvailableRegionsContentVersion,
    AvailableRegionsVersion,
    AvailableRegions,
    UDIDeviceIdentifier,
    CountrySetProvenance,
    YearOfRelease,
    FeatureVersion,
    UpdateVersion
)}); container: ((null)); appGroupContainer: ((null))
2024-03-10 17:36:26.604 Df chronod[2903:228d] [com.apple.runningboard:monitor] Received state update for 2981
2024-03-10 17:36:26.616 Df remindd[2886:2324] [com.apple.apsd:connection] <APSConnection: 0x6000035c6920> Flushing any queuedDelegateBlocks 0
2024-03-10 17:36:26.586 Df geod[2982:23ed] [com.apple.network:boringssl] boringssl_context_evaluate_trust_async_external(1620) [C30.1.1:2][0x7fd7d420bb40] Asyncing for external verify block
2024-03-10 17:36:26.604 Df runningboardd[2861:20ab] [com.apple.runningboard:connection] Incoming connection from 2972, user 600/600
2024-03-10 17:36:26.616 Df remindd[2886:2324] [com.apple.UserNotifications:Connections] [com.apple.reminders] Got 0 delivered notifications [ hasCompletionHandler: 1 ]
2024-03-10 17:36:26.605 Df chronod[2903:228c] [com.apple.chrono:activityscheduler] [2C03B1DB]: activity completed
2024-03-10 17:36:26.616 Df remindd[2886:2324] [com.apple.UserNotifications:Connections] [com.apple.reminders] Got notification settings [ hasResult: 1 hasCompletionHandler: 1 ]
2024-03-10 17:36:26.596 Df geod[2982:23ed] (CFNetwork) Connection 30: asked to evaluate TLS Trust
2024-03-10 17:36:26.619 Df healthd[2868:25d6] [com.apple.NanoPreferencesSync:Framework] -[NPSManager connection]: Can't get xpcConnection- either there's a daemon failure or the daemon can't be launched because no watches are paired
2024-03-10 17:36:26.607 Df chronod[2903:228c] [com.apple.chrono:taskservice] [2C03B1DB]: task session completed.
=== Messages dropped during live streaming (use `log show` to see what they were)
2024-03-10 17:36:26.885 Df homed[2972:25a7] [com.apple.HomeKit:HMDHomeManager] Home manager generation counter 0 does not match client's (assistantd) value of 18446744073709551615 (forced to update anyways).
2024-03-10 17:36:26.860 Df apsd[2904:20d1] [com.apple.apsd:topicManager] <APSTopicManager: 0x600001dd0460> no change detected between the new and old server filter - cancelling any pending updates
2024-03-10 17:36:26.863 Df apsd[2904:20d1] [com.apple.apsd:courier] copyTokenForDomain sandbox.push.apple.com (null)
2024-03-10 17:36:26.853 Df geod[2982:23f7] [com.apple.network:connection] nw_flow_connected [C30.1.1 104.123.204.118:443 ready socket-flow (satisfied (Path is satisfied), interface: en3, proxy)] Output protocol connected (CFNetworkConnection-396959812)
2024-03-10 17:36:26.886 Df homed[2972:25a7] [com.apple.HomeKit:HMDHomeManager] Number of homes - 0 / 0, Time to encode homes: 0.0013 s
2024-03-10 17:36:26.867 A  apsd[2904:20d1] (Security) SecItemCopyMatching_ios
2024-03-10 17:36:26.886 Df PosterBoard[2983:257b] [com.apple.FileURL:default] kExcludedFromBackupXattrName set on path: /Users/chef/Library/Developer/CoreSimulator/Devices/FA441BBB-4AC7-424C-8E75-DDA61780E4A0/data/Library/Application Support/PRBPosterExtensionDataStore/59/Extensions/com.apple.GradientPoster.GradientPosterExtension/descriptors/001D8CE7-2152-40BA-BFE9-050A6837A05B/versions/0
2024-03-10 17:36:26.887 Df homed[2972:25a7] [com.apple.HomeKit:HMDHomeManager] Home manager HAP metadata version 880 does not match client's value of 0
2024-03-10 17:36:26.870 Df apsd[2904:20d1] [com.apple.apsd:courier] copyTokenForDomain sandbox.push.apple.com (null)
2024-03-10 17:36:26.888 Df homed[2972:25a7] [com.apple.HomeKit:HMDHomeManager] Time to encode metadata: 0.0018 s
2024-03-10 17:36:26.875 A  apsd[2904:20d1] (Security) SecItemCopyMatching_ios
2024-03-10 17:36:26.891 A  assistantd[2863:2359] (HMFoundation) HMFActivity
2024-03-10 17:36:26.894 A  healthd[2868:25d6] (CoreFoundation) Updating Key-Value Observers Of Preferences
2024-03-10 17:36:26.894 E  cfprefsd[2896:2083] [com.apple.defaults:cfprefsd] Couldn't open parent path due to [2: No such file or directory]
2024-03-10 17:36:26.878 Df apsd[2904:20d1] [com.apple.apsd:courier] <APSCourier 0x7f7a5e804080 development> adding connectionserver <APSConnectionServer: 0x6000009d8b00>, setting publicToken:(null)
2024-03-10 17:36:26.872 Df geod[2982:23f7] [com.apple.network:connection] nw_flow_connected [C30 104.123.204.118:443 in_progress parent-flow (satisfied (Path is satisfied), interface: en3, proxy)] Output protocol connected (endpoint_flow)
2024-03-10 17:36:26.890 Df homed[2972:25a7] [com.apple.HomeKit:default] Answering incoming message kFetchHomeConfigurationRequestKey (80A95B2C-6C0D-4F2D-AD44-E761C450D9FE) from client 'assistantd' that does expect a response
2024-03-10 17:36:26.879 Df apsd[2904:20d1] [com.apple.apsd:courier] copyTokenForDomain sandbox.push.apple.com (null)
2024-03-10 17:36:26.896 E  cfprefsd[2896:2083] [com.apple.defaults:cfprefsd] Couldn't open parent path due to [2: No such file or directory]
2024-03-10 17:36:26.899 A  mediaremoted[2865:24e7] (RunningBoardServices) observedProcessStatesDidChange
2024-03-10 17:36:26.900 Df identityservicesd[2872:20d4] [com.apple.apsd:connection] <APSConnection: 0x6000039c3720> setEnabledTopics (
) ignoredTopics (
) opportunisticTopics (
) nonWakingTopics (
) sendToDaemon: NO completion: (null)
2024-03-10 17:36:26.883 A  apsd[2904:20d1] (Security) SecItemCopyMatching_ios
2024-03-10 17:36:26.903 Df triald[2924:23df] [com.apple.triald:server] Rollout 648cada15dbc71671bb3aa1b.240000116 supports namespace compatibility versions {2400} for namespace "SIRI_EXPERIENCE_CAM", but the namespace descriptor declares download compatibility with version 1201. (This is unlikely to be an issue, unless you're REALLY sure rollout 648cada15dbc71671bb3aa1b should be available on this device.)
2024-03-10 17:36:26.898 A  runningboardd[2861:20ac] (RunningBoard) state update
2024-03-10 17:36:26.901 Df mediaremoted[2865:24e7] [com.apple.runningboard:monitor] Received state update for 3014
2024-03-10 17:36:26.900 Df identityservicesd[2872:20d4] [com.apple.apsd:connection] <APSConnection: 0x6000039c3720> got all nil topics, considering this as a change to flush any cached topics in apsd for named ports.
2024-03-10 17:36:26.905 Df triald[2924:23df] [com.apple.triald:server] Rollout 648cada15dbc71671bb3aa1b.240000116 supports namespace compatibility versions {2400} for namespace "SIRI_UNDERSTANDING_MORPHUN", but the namespace descriptor declares download compatibility with version 1002. (This is unlikely to be an issue, unless you're REALLY sure rollout 648cada15dbc71671bb3aa1b should be available on this device.)
2024-03-10 17:36:26.892 Df apsd[2904:20d1] [com.apple.apsd:courier] copyTokenForDomain sandbox.push.apple.com (null)
2024-03-10 17:36:26.900 Df identityservicesd[2872:20d4] [com.apple.apsd:connection] APS <APSConnection: 0x6000039c3720> _connection is NULL in _sendEnabledTopics:ignoredTopics:opportunisticTopics:!
2024-03-10 17:36:26.905 Df triald[2924:23df] [com.apple.triald:server] Rollout 648cada15dbc71671bb3aa1b.240000116 supports namespace compatibility versions {2400} for namespace "SIRI_UNDERSTANDING_NL", but the namespace descriptor declares download compatibility with version 1200. (This is unlikely to be an issue, unless you're REALLY sure rollout 648cada15dbc71671bb3aa1b should be available on this device.)
2024-03-10 17:36:26.892 A  apsd[2904:20d1] (Security) SecItemCopyMatching_ios
2024-03-10 17:36:26.879 Df geod[2982:23f7] [com.apple.network:connection] [C30 104.123.204.118:443 ready parent-flow (satisfied (Path is satisfied), viable, interface: en3, proxy)] event: flow:finish_connect @0.600s
2024-03-10 17:36:26.900 Df identityservicesd[2872:20d4] [com.apple.apsd:connection] <APSConnection: 0x6000039c3720> setEnableCriticalReliability NO sendToDaemon NO
2024-03-10 17:36:26.906 Df triald[2924:23df] [com.apple.triald:server] Rollout 648cada15dbc71671bb3aa1b.240000116 supports namespace compatibility versions {2400} for namespace "SIRI_UNDERSTANDING_ATTENTION_ASSETS", but the namespace descriptor declares download compatibility with version 1200. (This is unlikely to be an issue, unless you're REALLY sure rollout 648cada15dbc71671bb3aa1b should be available on this device.)
2024-03-10 17:36:26.893 Df apsd[2904:20d1] [com.apple.apsd:daemon] Do we need to enable the courier? needToken YES  _hasEnabledCouriers YES
2024-03-10 17:36:26.920 A  chronod[2903:2375] (RunningBoardServices) observedProcessStatesDidChange
2024-03-10 17:36:26.900 Df identityservicesd[2872:20d4] [com.apple.apsd:connection] <APSConnection: 0x6000039c3720> _setUsesAppLaunchStats NO sendToDaemon NO
2024-03-10 17:36:26.919 A  SpringBoard[2857:232c] (RunningBoardServices) observedProcessStatesDidChange
2024-03-10 17:36:26.907 Df triald[2924:23df] [com.apple.triald:server] Rollout 648cada15dbc71671bb3aa1b.240000116 supports namespace compatibility versions {2400} for namespace "SIRI_UNDERSTANDING_ASR_ASSISTANT", but the namespace descriptor declares download compatibility with version 1200. (This is unlikely to be an issue, unless you're REALLY sure rollout 648cada15dbc71671bb3aa1b should be available on this device.)
2024-03-10 17:36:26.893 Df apsd[2904:20d1] [com.apple.apsd:daemon] Connecting courier <APSCourier 0x7f7a5e804080 development> immediately to get public token
2024-03-10 17:36:26.891 Df PosterBoard[2983:257b] [com.apple.FileURL:default] kExcludedFromBackupXattrName set on path: /Users/chef/Library/Developer/CoreSimulator/Devices/FA441BBB-4AC7-424C-8E75-DDA61780E4A0/data/Library/Application Support/PRBPosterExtensionDataStore/59/Extensions/com.apple.GradientPoster.GradientPosterExtension/descriptors/001D8CE7-2152-40BA-BFE9-050A6837A05B/versions/0/supplements
2024-03-10 17:36:26.900 Df identityservicesd[2872:20d4] [com.apple.apsd:connection] <APSConnection: 0x6000039c3720> _setTrackActivityPresence NO sendToDaemon NO
2024-03-10 17:36:26.922 A  mediaremoted[2865:24ea] (RunningBoardServices) observedProcessStatesDidChange
2024-03-10 17:36:26.907 Df triald[2924:23df] [com.apple.triald:server] Found the following incompatible namespace names: (
    "SIRI_UNDERSTANDING_ATTENTION_ASSETS",
    "SIRI_UNDERSTANDING_ASR_ASSISTANT",
    "SIRI_UNDERSTANDING_NL",
    "SIRI_EXPERIENCE_CAM",
    "SIRI_UNDERSTANDING_MORPHUN"
)
2024-03-10 17:36:26.898 Df apsd[2904:20d1] [com.apple.apsd:daemon] Setting connection <APSConnectionServer: 0x6000009d8b00> on peer: <xpc object>
2024-03-10 17:36:26.920 Df chronod[2903:2375] [com.apple.runningboard:monitor] Received state update for 2981
2024-03-10 17:36:26.920 Df SpringBoard[2857:232c] [com.apple.runningboard:monitor] Received state update for 2981
2024-03-10 17:36:26.900 Df identityservicesd[2872:20d4] [com.apple.apsd:connection] <APSConnection: 0x6000039c3720> _setEnableStatusNotifications NO sendToDaemon NO
2024-03-10 17:36:26.907 A  triald[2924:23df] (Security) SecTrustEvaluateIfNecessary
2024-03-10 17:36:26.922 Df mediaremoted[2865:24ea] [com.apple.runningboard:monitor] Received state update for 2981
2024-03-10 17:36:26.899 Df apsd[2904:20d1] [com.apple.apsd:connectionServer] Dispatching high priority message on server: <APSConnectionServer: 0x6000009d8b00>
2024-03-10 17:36:26.902 Df identityservicesd[2872:20d4] [com.apple.apsd:connection] <APSConnection: 0x6000039c3720> setMessageSize: 0
2024-03-10 17:36:26.907 Df triald[2924:23df] [com.apple.securityd:xpc] user sessions enabled, targeting 600
2024-03-10 17:36:26.901 A  assistantd[2863:2359] (HMFoundation) HMFActivity
2024-03-10 17:36:26.898 A  runningboardd[2861:20ac] (RunningBoard) state notification
2024-03-10 17:36:26.904 Df identityservicesd[2872:20d4] [com.apple.apsd:connection] <APSConnection: 0x6000039c3720> setLargeMessageSize: 0
2024-03-10 17:36:26.893 Df geod[2982:23f7] [com.apple.network:connection] nw_connection_report_state_with_handler_on_nw_queue [C30] reporting state ready
2024-03-10 17:36:26.916 Df identityservicesd[2872:20d4] [com.apple.apsd:connection] <APSConnection: 0x6000039c3720> Delivering did reconnect apsd
2024-03-10 17:36:26.903 Df runningboardd[2861:20ab] [com.apple.runningboard:ttl] Released power assertion with ID 32873
2024-03-10 17:36:26.933 E  cfprefsd[2896:2083] [com.apple.defaults:cfprefsd] Couldn't open parent path due to [2: No such file or directory]
2024-03-10 17:36:26.917 Df identityservicesd[2872:20d4] [com.apple.apsd:connection] <APSConnection: 0x6000039c3720> queuing call to delegate to tolerate setDelegate race
2024-03-10 17:36:26.902 Df geod[2982:23f7] [com.apple.network:connection] [C30 104.123.204.118:443 ready parent-flow (satisfied (Path is satisfied), viable, interface: en3, proxy)] event: flow:changed_viability @0.623s
2024-03-10 17:36:26.902 Df runningboardd[2861:20ac] [com.apple.runningboard:monitor] Calculated state for xpcservice<com.apple.ScreenTimeWidgetApplication.ScreenTimeWidgetExtension([osservice<com.apple.chronod>:2903])>: running-suspended (role: None)
2024-03-10 17:36:26.921 Df identityservicesd[2872:20d4] [com.apple.apsd:connection] <APSConnection: 0x6000039c3720> Delivering publicToken from apsd: (null)
2024-03-10 17:36:26.936 Df parsec-fbf[2996:24a7] [com.apple.xpc.activity:Client] __XPC_ACTIVITY_CALLING_HANDLER__ returned from handler: com.apple.parsec-fbf.flush (0x60000273c140), current state 0, pending state 0
2024-03-10 17:36:26.920 A  assistantd[2863:2359] (HMFoundation) HMFActivity
2024-03-10 17:36:26.937 Df apsd[2904:20d1] Looking up connection on peer: 5d704b70   found <APSConnectionServer: 0x6000009d8b00>
2024-03-10 17:36:26.936 E  cfprefsd[2896:2083] [com.apple.defaults:cfprefsd] Couldn't open parent path due to [2: No such file or directory]
2024-03-10 17:36:26.936 Df cloudd[2910:21f5] [com.apple.xpc.activity:Client] xpc_activity_set_criteria: com.apple.cloudkit.tokenregistration (0x600002bfa1c0), setting state now to 0
2024-03-10 17:36:26.922 Df identityservicesd[2872:20d4] [com.apple.apsd:connection] <APSConnection: 0x6000039c3720> Delivering connectionStatusChange from apsd: NO
2024-03-10 17:36:26.939 Df healthd[2868:25d6] [com.apple.HealthKit:infrastructure] [HDPairedFeaturePropertiesSyncManager:MenstrualCycles] Initiating NanoPreferencesSync of feature properties
2024-03-10 17:36:26.936 Df parsec-fbf[2996:24a7] [com.apple.xpc.activity:Client] _xpc_activity_set_state: com.apple.parsec-fbf.flush (0x60000273c140), 1
2024-03-10 17:36:26.939 Df corespeechd[2997:24b3] [com.apple.mobileassetd:Notice] +[MAAsset startCatalogDownload:options:completionWithError:]_block_invoke: Got the download meta data reply for com.apple.MobileAsset.VoiceTriggerAssets, response: 0 (MADownloadSuccessful)
2024-03-10 17:36:26.917 Df geod[2982:23f7] [com.apple.network:connection] [C30.1 gspe35-ssl.ls.apple.com:443 ready resolver (satisfied (Path is satisfied), viable, interface: en3, proxy)] event: flow:finish_transport @0.637s
2024-03-10 17:36:26.936 Df cloudd[2910:21f5] [com.apple.xpc.activity:Client] _xpc_activity_set_state: com.apple.cloudkit.tokenregistration (0x600002bfa1c0), 0
2024-03-10 17:36:26.937 Df apsd[2904:20d1] [com.apple.apsd:connectionServer] <APSConnectionServer: 0x6000009d8b00>: Enabling status notifications for connection
2024-03-10 17:36:26.925 Df identityservicesd[2872:2032] [com.apple.IDS:FaceTime] Created APSConnection: 0x6000039c3720  (Max size: 5120  Environment: (null))
2024-03-10 17:36:26.939 Df healthd[2868:25d6] [com.apple.NanoPreferencesSync:Framework] self: (0x600000c43780)
2024-03-10 17:36:26.922 Df PosterBoard[2983:257b] [com.apple.FileURL:default] kExcludedFromBackupXattrName set on path: /Users/chef/Library/Developer/CoreSimulator/Devices/FA441BBB-4AC7-424C-8E75-DDA61780E4A0/data/Library/Application Support/PRBPosterExtensionDataStore/59/Extensions/com.apple.GradientPoster.GradientPosterExtension/descriptors/001D8CE7-2152-40BA-BFE9-050A6837A05B/versions/0/supplements/0
2024-03-10 17:36:26.924 Df assistantd[2863:2359] [com.apple.HomeKit:HMHomeManager] [C7A7816F-81C1-4F8F-8F24-E9DE52FC182C] Notifying client did update homes for delegate: <ADHomeInfoManager: 0x6000022b2380>
2024-03-10 17:36:26.939 Df corespeechd[2997:24b3] [com.apple.corespeech:Framework] -[CSAssetController _downloadAssetCatalogForAssetType:complete:]_block_invoke Meta data downloaded successfully for assetType 0
2024-03-10 17:36:26.924 Df geod[2982:23f7] [com.apple.network:connection] [C30 104.123.204.118:443 ready parent-flow (satisfied (Path is satisfied), viable, interface: en3, proxy)] event: flow:finish_transport @0.645s
2024-03-10 17:36:26.928 Df identityservicesd[2872:2032] [com.apple.apsd:connection] <APSConnection: 0x6000039c3720> setting delegate <FTMessageDelivery_APS: 0x6000031c9cc0> {asyncSetDelegate: NO}
2024-03-10 17:36:26.939 Df healthd[2868:25d6] [com.apple.NanoPreferencesSync:Framework] synchronizeUserDefaultsDomain: (com.apple.private.health.feature-properties.MenstrualCycles.companion); keys: ({(
    AvailableRegionsContentVersion,
    AvailableRegionsVersion,
    AvailableRegions,
    UDIDeviceIdentifier,
    CountrySetProvenance,
    YearOfRelease,
    FeatureVersion,
    UpdateVersion
)}); container: ((null)); appGroupContainer: ((null))
2024-03-10 17:36:26.938 Df apsd[2904:20d1] Looking up connection on peer: 5d704b70   found <APSConnectionServer: 0x6000009d8b00>
2024-03-10 17:36:26.936 Df cloudd[2910:21f5] [com.apple.xpc.activity:Client] __XPC_ACTIVITY_CALLING_HANDLER__: com.apple.cloudkit.tokenregistration (0x600002bfa1c0), current state 0, pending state 0
2024-03-10 17:36:26.929 Df geod[2982:23f7] [com.apple.network:connection] [C30.1.1 104.123.204.118:443 ready socket-flow (satisfied (Path is satisfied), interface: en3, proxy)] event: flow:changed_viability @0.650s
2024-03-10 17:36:26.938 Df apsd[2904:20d1] [com.apple.apsd:connectionServer] <APSConnectionServer: 0x6000009d8b00>: connection set enabled topics from (null) to {(
)}
2024-03-10 17:36:26.936 Df cloudd[2910:2155] [com.apple.xpc.activity:Client] _xpc_activity_set_criteria: com.apple.cloudkit.tokenregistration (0x600002bf26c0), check-in
2024-03-10 17:36:26.930 Df identityservicesd[2872:2032] [com.apple.apsd:connection] <APSConnection: 0x6000039c3720> Delivering queued delegate calls: 1
2024-03-10 17:36:26.938 Df apsd[2904:20d1] [com.apple.apsd:connectionServer] <APSConnectionServer: 0x6000009d8b00>: connection set ignored topics from (null) to {(
)}
2024-03-10 17:36:26.953 Df healthd[2868:25d6] [com.apple.NanoPreferencesSync:Framework] -[NPSManager connection]: Can't get xpcConnection- either there's a daemon failure or the daemon can't be launched because no watches are paired
2024-03-10 17:36:26.938 Df apsd[2904:20d1] [com.apple.apsd:connectionServer] <APSConnectionServer: 0x6000009d8b00>: connection set opportunistic topics from (null) to {(
)}
2024-03-10 17:36:26.954 E  cfprefsd[2896:2083] [com.apple.defaults:cfprefsd] Couldn't open parent path due to [2: No such file or directory]
2024-03-10 17:36:26.932 Df geod[2982:23f7] [com.apple.network:connection] [C30.1 gspe35-ssl.ls.apple.com:443 ready resolver (satisfied (Path is satisfied), viable, interface: en3, proxy)] event: flow:changed_viability @0.652s
2024-03-10 17:36:26.953 Df healthd[2868:25d6] [com.apple.NanoPreferencesSync:Framework] self: (0x600000c43780)
2024-03-10 17:36:26.931 Df identityservicesd[2872:2032] [com.apple.apsd:connection] <APSConnection: 0x6000039c3720> _setEnableStatusNotifications YES sendToDaemon YES
2024-03-10 17:36:26.938 Df apsd[2904:20d1] [com.apple.apsd:connectionServer] <APSConnectionServer: 0x6000009d8b00>: connection set non-waking topics from (null) to {(
)}
2024-03-10 17:36:26.937 Df identityservicesd[2872:25eb] [com.apple.apsd:connection] <APSConnection: 0x6000039c3720> setEnabledTopics (
) ignoredTopics (
) opportunisticTopics (
) nonWakingTopics (
) sendToDaemon: YES completion: (null)
2024-03-10 17:36:26.939 Df apsd[2904:20d1] [com.apple.apsd:topicManager] <APSTopicManager: 0x600001dd0460> received topic update for UsesALS pretend NO but there is no change.
2024-03-10 17:36:26.937 Df assistantd[2863:2359] [com.apple.HomeKit:HMHomeManager] [C7A7816F-81C1-4F8F-8F24-E9DE52FC182C] HomeManager status from daemon is No Account after fetch/merge. Marking framework merge completed
2024-03-10 17:36:26.935 Df geod[2982:23f7] [com.apple.network:connection] [C30 104.123.204.118:443 ready parent-flow (satisfied (Path is satisfied), viable, interface: en3, proxy)] event: flow:changed_viability @0.655s
2024-03-10 17:36:26.937 Df identityservicesd[2872:25eb] [com.apple.apsd:connection] <APSConnection: 0x6000039c3720> got all nil topics, considering this as a change to flush any cached topics in apsd for named ports.
2024-03-10 17:36:26.940 Df apsd[2904:20d1] [com.apple.apsd:courier] <APSCourier 0x7f7a5e804080 development> flush any pending work that ALS told us to queue for its managed topics {(
)}, processMode systemToken
=== Messages dropped during live streaming (use `log show` to see what they were)
2024-03-10 17:36:27.325 Df com.apple.siri.embeddedspeech[2973:2485] [com.apple.trial:_] Released managed-directory lock: /Users/chef/Library/Developer/CoreSimulator/Devices/FA441BBB-4AC7-424C-8E75-DDA61780E4A0/data/Library/Trial/NamespaceDescriptors/v2/factorPackSets/46b3ffca-bc33-4122-8770-30eb34637dd5
2024-03-10 17:36:27.270 Df healthd[2868:2606] [com.apple.HealthKit:menstrual_cycles] [HDBackgroundFeatureDeliveryManager:MenstrualCyclesHeartRateInput] Enqueueing maintenance operation to check initial delivery state
2024-03-10 17:36:27.305 Df PosterBoard[2983:257b] [com.apple.FileURL:default] kExcludedFromBackupXattrName set on path: /Users/chef/Library/Developer/CoreSimulator/Devices/FA441BBB-4AC7-424C-8E75-DDA61780E4A0/data/Library/Application Support/PRBPosterExtensionDataStore/59/Extensions/com.apple.GradientPoster.GradientPosterExtension/descriptors/21E7A809-5E96-4D6A-B9C7-75B4764E446A/versions/0/supplements
2024-03-10 17:36:27.326 E  cfprefsd[2896:2083] [com.apple.defaults:cfprefsd] Couldn't open parent path due to [2: No such file or directory]
2024-03-10 17:36:27.328 Df avatarsd[2937:23bb] [com.apple.xpc.activity:Client] _xpc_activity_dispatch: com.apple.avatar.activity.UserRequestedBackup (0x600002a5cbe0): found an activity with matching seqno 0
2024-03-10 17:36:27.318 Df healthd[2868:25f6] [com.apple.HealthKit:database] Finished first journal merge cleanup.
2024-03-10 17:36:27.328 Df avatarsd[2937:23bb] [com.apple.xpc.activity:Client] _xpc_activity_begin_running: com.apple.avatar.activity.UserRequestedBackup (0x600002a5cbe0) seqno: 0.
2024-03-10 17:36:27.318 Df healthd[2868:25ff] [com.apple.HealthKit:infrastructure] <HDRestorableAlarmScheduler:0x6000019d61c0> Removing all events with client identifier: HDMCNotificationManager
2024-03-10 17:36:27.320 Df healthd[2868:2468] [com.apple.HealthKit:medications] [com.apple.healthd.medications.scheduler]: Initialized; Last Success: (null) (0 errors since)
2024-03-10 17:36:27.331 Df geod[2982:23b2] [com.apple.xpc.activity:Client] xpc_activity_set_criteria: com.apple.geo.ma.resource.server (0x600002574320), dict
2024-03-10 17:36:27.331 Df geod[2982:23b2] [com.apple.xpc.activity:Client] __XPC_ACTIVITY_CALLING_HANDLER__ returned from handler: com.apple.geo.ma.resource.server (0x600002574320), current state 0, pending state 0
2024-03-10 17:36:27.327 Df healthd[2868:25f1] [com.apple.HealthKit:workouts] Current activity move mode is Not Set
2024-03-10 17:36:27.331 Df avatarsd[2937:23bb] [com.apple.xpc.activity:Client] _xpc_activity_dispatch: lower half, activity name com.apple.avatar.activity.UserRequestedBackup (0x600002a5cbe0), seqno from top half was 0
2024-03-10 17:36:27.331 Df geod[2982:23b2] [com.apple.xpc.activity:Client] _xpc_activity_set_state: com.apple.geo.ma.resource.server (0x600002574320), 1
2024-03-10 17:36:27.332 Df triald[2924:23df] [com.apple.securityd:xpc] cleaning up unpooled xpc conn to trustd 0x600000df8540
2024-03-10 17:36:27.279 Df healthd[2868:260a] [com.apple.HealthKit:cinnamon] [HDBackgroundFeatureDeliveryManager:IrregularRhythmNotificationsV2] Enqueueing maintenance operation to check initial delivery state
2024-03-10 17:36:27.331 Df avatarsd[2937:23bb] [com.apple.xpc.activity:Client] _xpc_activity_dispatch: created connection 0x7fc9cf805d20 for activity name com.apple.avatar.activity.UserRequestedBackup (0x600002a5cbe0), seqno 0
2024-03-10 17:36:27.333 Df triald[2924:2197] [com.apple.securityd:xpc] got event: Connection invalid
2024-03-10 17:36:27.328 Df healthd[2868:25f1] [com.apple.HealthKit:workouts] NFC permission: before='Disabled' current='On With Workouts'
2024-03-10 17:36:27.331 Df avatarsd[2937:23bb] [com.apple.xpc.activity:Client] _xpc_activity_set_state: com.apple.avatar.activity.UserRequestedBackup (0x600002a5cbe0), 2
2024-03-10 17:36:27.329 Df PosterBoard[2983:257b] [com.apple.FileURL:default] kExcludedFromBackupXattrName set on path: /Users/chef/Library/Developer/CoreSimulator/Devices/FA441BBB-4AC7-424C-8E75-DDA61780E4A0/data/Library/Application Support/PRBPosterExtensionDataStore/59/Extensions/com.apple.GradientPoster.GradientPosterExtension/descriptors/21E7A809-5E96-4D6A-B9C7-75B4764E446A/versions/0/supplements/0
2024-03-10 17:36:27.334 Df triald[2924:23df] [com.apple.triald:server] Note: Rollout 63f9578e238e7b23a1f3030a.240000005 involves namespace SMART_REPLY_ACTIONS_EN but it is not registered with Trial. Factor packs for this namespace shall not be downloaded.
2024-03-10 17:36:27.266 Df healthd[2868:2604] [com.apple.HealthKit:respiratory] [HDBackgroundFeatureDeliveryManager:OxygenSaturationRecording] Enqueueing maintenance operation to check initial delivery state
2024-03-10 17:36:27.331 Df avatarsd[2937:23bb] [com.apple.xpc.activity:Client] _xpc_activity_set_state: send new state to CTS: com.apple.avatar.activity.UserRequestedBackup (0x600002a5cbe0), 2
2024-03-10 17:36:27.334 Df triald[2924:23df] [com.apple.triald:server] Found the following incompatible namespace names: (
    "<TRIClientSelectedNamespace 0x6000010e0060>: {\134n    name: \134"SMART_REPLY_ACTIONS_EN\134"\134n    compatibility_version: 1\134n}"
)
2024-03-10 17:36:27.330 Df healthd[2868:25f1] [com.apple.HealthKit:workouts] Found no workouts from a watch. NFC will be on only when app is frontmost
2024-03-10 17:36:26.027 Df homed[2972:25a1] [com.apple.apsd:connection] <APSConnection: 0x600002304000> Delivering publicToken from apsd: (null)
2024-03-10 17:36:27.334 A  triald[2924:23df] (Security) SecTrustEvaluateIfNecessary
2024-03-10 17:36:27.265 E  healthd[2868:2601] [com.apple.IDS:utilities] IDSInternalQueue - assertQueueIsNotCurrent in -[IDSService initWithService:commands:manuallyAckMessages:] failed {symbols: (
	0   IDS                                 0x00007ff808310b5b nbuffer_compact + 130579
	1   IDS                                 0x00007ff80828007e IDSServiceCalculatedPseudonymChanges + 1546
	2   IDS                                 0x00007ff80820d6e0 IDSActivityMonitorMaxTokenCount + 9664
	3   libdispatch.dylib                   0x00007ff80013ca3a _dispatch_client_callout + 8
	4   libdispatch.dylib                   0x00007ff80014d14d _dispatch_lane_barrier_sync_invoke_and_complete + 92
	5   IDS                                 0x00007ff8082f9eb6 nbuffer_compact + 37230
	6   IDS                                 0x00007ff80820d58c IDSActivityMonitorMaxTokenCount + 9324
	7   HealthDaemon                        0x00007ff81d94f3a3 -[HDIDSInvitationManager initWithServiceIdentifier:messageClass:schema:] + 244
	8   HealthDaemon                        0x00007ff81d43b528 __57-[HDSummarySharingEntryIDSManager profileDidBecomeReady:]_block_invoke }. The only acceptable callstack includes dealloc.
2024-03-10 17:36:27.335 Df triald[2924:23df] [com.apple.securityd:xpc] user sessions enabled, targeting 600
2024-03-10 17:36:27.331 Df healthd[2868:25f1] [com.apple.HealthKit:workouts] <HDGymKitPairingManager: 0x600002248280>: Not enabling field detect as it's not permitted: _gymKitSettings.nfcPermission=On With Workouts
2024-03-10 17:36:27.339 Df UserEventAgent[2858:2064] [com.apple.xpc.activity:Activities] Running XPC Activity (PID 2937): com.apple.avatar.activity.UserRequestedBackup (0x7f8cf4807160)
2024-03-10 17:36:27.332 Df healthd[2868:25f1] [com.apple.HealthKit:workouts] <HDGymKitPairingManager: 0x600002248280>: Ending active field detect session
2024-03-10 17:36:27.333 Df healthd[2868:25f1] [com.apple.HealthKit:workouts] <HDGymKitPairingManager: 0x600002248280>: Express mode assertion is taken only when the Workout app is frontmost
2024-03-10 17:36:27.340 E  appleaccountd[2922:21cc] [com.apple.appleaccount:cloudKit] Error during fetch database changes operation: <CKError 0x600003244870: "Not Authenticated" (9/1002); "This request requires an authenticated account">
2024-03-10 17:36:27.341 Df homed[2972:25a1] [com.apple.HomeKit:Accounts.AppleAccountManager] Starting
2024-03-10 17:36:27.340 Df apsd[2904:20d1] [com.apple.apsd:connectionServer] Ignoring token acknowledgement from homed
2024-03-10 17:36:27.341 E  appleaccountd[2922:21cc] [com.apple.appleaccount:cloudKit] Error fetching ckDatabase (com.apple.appleaccount.custodian) changes: <CKError 0x600003244870: "Not Authenticated" (9/1002); "This request requires an authenticated account">
2024-03-10 17:36:27.338 Df PosterBoard[2983:257b] [com.apple.FileURL:default] kExcludedFromBackupXattrName set on path: /Users/chef/Library/Developer/CoreSimulator/Devices/FA441BBB-4AC7-424C-8E75-DDA61780E4A0/data/Library/Application Support/PRBPosterExtensionDataStore/59/Extensions/com.apple.GradientPoster.GradientPosterExtension/descriptors/21E7A809-5E96-4D6A-B9C7-75B4764E446A/versions/0/contents
2024-03-10 17:36:27.342 Df appleaccountd[2922:21cc] [com.apple.cloudkit.sim:OP] Finished operation <CKFetchDatabaseChangesOperation: 0x7fe70b708da0; databaseScope=Private, operationID=398C90B91EFAC2F8, resolvedConfig={ timeoutForRequest=60, discretionary=Non-Disc }, qos=Default, stateFlags=executing, metrics=<CKOperationMetrics: 0x600003c403c0; cloudKitMetrics=<CKMetric: 0x600000e5c5a0; startDate=2024-03-10 17:36:01 +0000, duration=21.807, queueing=21.415, executing=0.392, bytesUploaded=0, bytesDownloaded=0, connections=0, connectionsCreated=0, totalBytesByChunkProfile={  }, chunkCountByChunkProfile={  }, fileCountByChunkProfile={  }>>, databaseScope=Private>  with error: <CKError 0x6000032453b0: "Not Authenticated" (1002); "This request requires an authenticated account">
2024-03-10 17:36:27.343 A  siriactionsd[2939:246b] (CoreFoundation) Updating Key-Value Observers Of Preferences
2024-03-10 17:36:27.320 Df healthd[2868:25fa] [com.apple.HealthKit:infrastructure] <HDRestorableAlarmScheduler:0x6000019d61c0> Enumerating due events
2024-03-10 17:36:27.342 A  appleaccountd[2922:21cc] (CloudKit) client/submit-event-metric
2024-03-10 17:36:27.332 Df healthd[2868:2601] [com.apple.IDS:XPC] Created XPC service with name: com.apple.private.alloy.health.sync.sharingsetup-idswake  (Connection: 0x7fe62281f620)
2024-03-10 17:36:27.348 Df triald[2924:23df] [com.apple.securityd:xpc] cleaning up unpooled xpc conn to trustd 0x600000df47e0
2024-03-10 17:36:27.348 Df triald[2924:2197] [com.apple.securityd:xpc] got event: Connection invalid
2024-03-10 17:36:27.343 E  appleaccountd[2922:21cc] [com.apple.appleaccount:cloudKit] Error during fetch database changes operation: <CKError 0x60000324fb70: "Not Authenticated" (9/1002); "This request requires an authenticated account">
2024-03-10 17:36:27.343 E  appleaccountd[2922:21cc] [com.apple.appleaccount:cloudKit] Error fetching ckDatabase (com.apple.appleaccount.custodian.private) changes: <CKError 0x60000324fb70: "Not Authenticated" (9/1002); "This request requires an authenticated account">
2024-03-10 17:36:27.343 Df appleaccountd[2922:21cc] [com.apple.cloudkit.sim:OP] Finished operation <CKFetchDatabaseChangesOperation: 0x7fe70d1092b0; databaseScope=Shared, operationID=6D36605ADF8FB255, resolvedConfig={ timeoutForRequest=60, discretionary=Non-Disc }, qos=Default, stateFlags=executing, metrics=<CKOperationMetrics: 0x600003c4ed20; cloudKitMetrics=<CKMetric: 0x600000e59170; startDate=2024-03-10 17:36:01 +0000, duration=21.793, queueing=21.443, executing=0.350, bytesUploaded=0, bytesDownloaded=0, connections=0, connectionsCreated=0, totalBytesByChunkProfile={  }, chunkCountByChunkProfile={  }, fileCountByChunkProfile={  }>>, databaseScope=Shared>  with error: <CKError 0x60000324de90: "Not Authenticated" (1002); "This request requires an authenticated account">
2024-03-10 17:36:27.276 Df healthd[2868:2609] [com.apple.HealthKit:infrastructure] [HDBackgroundFeatureDeliveryManager:GlucoseEnhancedCharting] Enqueueing maintenance operation to check initial delivery state
2024-03-10 17:36:27.349 Df triald[2924:23df] [com.apple.triald:server] Note: Rollout 62745b8e85854550ad70b6e4.240000073 involves namespace SIRI_TTS_DEVICE_TRAINING but it is not registered with Trial. Factor packs for this namespace shall not be downloaded.
2024-03-10 17:36:27.344 A  appleaccountd[2922:21cc] (CloudKit) client/submit-event-metric
2024-03-10 17:36:27.253 Df healthd[2868:2603] [com.apple.Sleep:sync] <HKSPSyncAnchorContainer: 0x600000c60720; id: healthd.widgetSchedulingManager> updating from container: <HKSPSyncAnchorContainer: 0x600000c619e0; id: HDSPSleepStoreServer; schedule: 0; settings: 0; record: 0; state: 0; mode: 0; event: 0>
2024-03-10 17:36:27.350 Df contactsd[2926:2406] [com.apple.xpc.activity:Client] __XPC_ACTIVITY_CALLING_HANDLER__ returned from handler: com.apple.contactsd.PurgeChangeHistoryService (0x600001034000), current state 0, pending state 0
2024-03-10 17:36:27.350 Df triald[2924:23df] [com.apple.triald:server] Found the following incompatible namespace names: (
    "<TRIClientSelectedNamespace 0x6000010e0060>: {\134n    name: \134"SIRI_TTS_DEVICE_TRAINING\134"\134n    compatibility_version: 1\134n    compatibility_version: 2000\134n    compatibility_version: 2001\134n    compatibility_version: 2002\134n    compatibility_version: 2100\134n    compatibility_version: 2200\134n}"
)
2024-03-10 17:36:27.344 Df cloudd[2910:2231] [com.apple.cloudkit.sim:OP] Initialized with container 0x7fcbd6208b90. Background: 0, cellular: 1, expensive: 1, QOS: 0x9
2024-03-10 17:36:27.251 Df healthd[2868:25fb] [com.apple.HealthKit:heart_rate] [HDBackgroundFeatureDeliveryManager:CardioFitness] Enqueueing maintenance operation to check initial delivery state
2024-03-10 17:36:27.351 Df containermanagerd[2901:20b4] [com.apple.containermanager:fs] stat [/Users/chef/Library/Developer/CoreSimulator/Devices/FA441BBB-4AC7-424C-8E75-DDA61780E4A0/data/Containers/Data/Application/57085F42-FB5C-4379-AFA1-9D4218C673D0/.com.apple.mobile_container_manager.metadata.plist]: exists: 1, isDirectory: 0
2024-03-10 17:36:27.351 Df contactsd[2926:2406] [com.apple.xpc.activity:Client] _xpc_activity_set_state: com.apple.contactsd.PurgeChangeHistoryService (0x600001034000), 1
2024-03-10 17:36:27.350 A  triald[2924:23df] (Security) SecTrustEvaluateIfNecessary
2024-03-10 17:36:27.252 Df healthd[2868:2602] [com.apple.HealthKit:cinnamon] [HDBackgroundFeatureDeliveryManager:ElectrocardiogramV2Recording] Enqueueing maintenance operation to check initial delivery state
2024-03-10 17:36:27.351 Df containermanagerd[2901:20b4] [com.apple.containermanager:fs] stat [/Users/chef/Library/Developer/CoreSimulator/Devices/FA441BBB-4AC7-424C-8E75-DDA61780E4A0/data/Containers/Data/Application/6BC65D09-53A0-48C9-BA92-3E0B30F853F2]: exists: 1, isDirectory: 1
2024-03-10 17:36:27.354 E  cloudd[2910:2239] [com.apple.cloudkit.sim:CK] Couldn't pull url from backing account <CKDAccount 0x600000fe2000> ("(null)" Account ID: AnonymousAccount) or container <CKDContainer: 0x7fcbd6104580; containerID=<CKContainerID: 0x6000014f20d0; containerIdentifier=com.apple.appleaccount.beneficiary, containerEnvironment="Production">, applicationID=<CKDApplicationID: 0x6000014f0fc0; applicationBundleIdentifierForPushTopicGeneration=com.apple.appleaccount.beneficiary, applicationBundleID=com.apple.appleaccountd>, personaID=(null), containerID=<CKContainerID: 0x6000014f20d0; containerIdentifier=com.apple.appleaccount.beneficiary, containerEnvironment="Production">, flags=clientBundleIsAppleExecutable|zoneish|anonymousToServerShareParticipants>
2024-03-10 17:36:27.354 Df UserEventAgent[2858:2064] [com.apple.xpc.alarm:All] Registering job "HDRestorableAlarmScheduler for HDProfile:00000000-0000-0000-0000-000000000000" due in 51812 seconds.
2024-03-10 17:36:27.350 Df triald[2924:23df] [com.apple.securityd:xpc] user sessions enabled, targeting 600
2024-03-10 17:36:27.251 Df healthd[2868:2043] [com.apple.ActivitySharing:default] Attempting to start submanagers
2024-03-10 17:36:27.351 Df containermanagerd[2901:20b4] [com.apple.containermanager:fs] stat [/Users/chef/Library/Developer/CoreSimulator/Devices/FA441BBB-4AC7-424C-8E75-DDA61780E4A0/data/Containers/Data/Application/6BC65D09-53A0-48C9-BA92-3E0B30F853F2/.com.apple.mobile_container_manager.metadata.plist]: exists: 1, isDirectory: 0
2024-03-10 17:36:27.339 Df healthd[2868:2603] [com.apple.Sleep:sync] <HKSPSyncAnchorContainer: 0x600000c60720; id: healthd.widgetSchedulingManager> updated schedule sync anchor: 0
2024-03-10 17:36:27.352 Df containermanagerd[2901:20b4] [com.apple.containermanager:fs] stat [/Users/chef/Library/Developer/CoreSimulator/Devices/FA441BBB-4AC7-424C-8E75-DDA61780E4A0/data/Containers/Data/Application/E7C1133A-450B-4E3F-A330-BF79457D2375]: exists: 1, isDirectory: 1
2024-03-10 17:36:27.359 Df triald[2924:23df] [com.apple.securityd:xpc] cleaning up unpooled xpc conn to trustd 0x600000df8540
2024-03-10 17:36:27.344 Df PosterBoard[2983:257b] [com.apple.FileURL:default] kExcludedFromBackupXattrName set on path: /Users/chef/Library/Developer/CoreSimulator/Devices/FA441BBB-4AC7-424C-8E75-DDA61780E4A0/data/Library/Application Support/PRBPosterExtensionDataStore/59/Extensions/com.apple.GradientPoster.GradientPosterExtension/descriptors/21E7A809-5E96-4D6A-B9C7-75B4764E446A/versions/0/contents/com.apple.posterkit.provider.contents.galleryOptions
2024-03-10 17:36:27.354 E  cloudd[2910:2239] [com.apple.cloudkit.sim:CK] Couldn't pull url from backing account <CKDAccount 0x600000fe2000> ("(null)" Account ID: AnonymousAccount) or container <CKDContainer: 0x7fcbd6104580; containerID=<CKContainerID: 0x6000014f20d0; containerIdentifier=com.apple.appleaccount.beneficiary, containerEnvironment="Production">, applicationID=<CKDApplicationID: 0x6000014f0fc0; applicationBundleIdentifierForPushTopicGeneration=com.apple.appleaccount.beneficiary, applicationBundleID=com.apple.appleaccountd>, personaID=(null), containerID=<CKContainerID: 0x6000014f20d0; containerIdentifier=com.apple.appleaccount.beneficiary, containerEnvironment="Production">, flags=clientBundleIsAppleExecutable|zoneish|anonymousToServerShareParticipants>
2024-03-10 17:36:27.359 Df triald[2924:2197] [com.apple.securityd:xpc] got event: Connection invalid
2024-03-10 17:36:27.360 E  cloudd[2910:2239] [com.apple.RTCReporting:LegacyClient] RTCReporting session limit (5) exceeded
2024-03-10 17:36:27.316 Df healthd[2868:25fd] [com.apple.HealthKit:respiratory] [HKRPOxygenSaturationSettings] Setting background measurements enabled: 0
2024-03-10 17:36:27.262 Df healthd[2868:25f4] [com.apple.HealthKit:ontology] <HDOntologyFeatureCoordinator: 0x600002f75950>: Re-evaluate required features due to profileDidBecomeReady
2024-03-10 17:36:27.255 Df healthd[2868:25f7] [com.apple.xpc.activity:Client] _xpc_activity_register: com.apple.healthd.medications.gated-reschedule (0x600003d50c80), 0
2024-03-10 17:36:27.361 E  cloudd[2910:2239] [com.apple.cloudkit.sim:CK] Couldn't pull url from backing account <CKDAccount 0x600000ff6380> ("(null)" Account ID: AnonymousAccount) or container <CKDContainer: 0x7fcbd620b830; containerID=<CKContainerID: 0x6000014d6af0; containerIdentifier=com.apple.appleaccount.beneficiary.private, containerEnvironment="Production">, applicationID=<CKDApplicationID: 0x6000014d6b80; applicationBundleIdentifierForPushTopicGeneration=com.apple.appleaccount.beneficiary.private, applicationBundleID=com.apple.appleaccountd>, personaID=(null), containerID=<CKContainerID: 0x6000014d6af0; containerIdentifier=com.apple.appleaccount.beneficiary.private, containerEnvironment="Production">, flags=clientBundleIsAppleExecutable|zoneish|anonymousToServerShareParticipants>
2024-03-10 17:36:27.339 Df healthd[2868:25fa] [com.apple.HealthKit:infrastructure] [HDXPCAlarmScheduler] scheduling event: <HDXPCAlarmEvent:0x600000c1e560 name:HDRestorableAlarmScheduler for HDProfile:00000000-0000-0000-0000-000000000000 fireDate:3/11/24, 8:00:00 AM GMT isUserVisible:0>
2024-03-10 17:36:27.337 Df healthd[2868:2601] [com.apple.IDS:_IDSService] Client setup service -- checked in {service: com.apple.private.alloy.health.sync.sharingsetup}
2024-03-10 17:36:27.362 A  diagnosticextensionsd[2941:22d7] (IDS) Framework Set Protobuf Action
2024-03-10 17:36:27.358 Df healthd[2868:25f1] [com.apple.IDS:XPC] Connection went invalid: 0x7fe62281f620
2024-03-10 17:36:27.362 A  diagnosticextensionsd[2941:22d7] (IDS) Framework Set Protobuf Action
2024-03-10 17:36:27.362 A  diagnosticextensionsd[2941:22d7] (IDS) Framework Set Protobuf Action
2024-03-10 17:36:27.358 A  healthd[2868:25f6] (IDS) Framework init with service, commands
2024-03-10 17:36:27.362 A  diagnosticextensionsd[2941:22d7] (IDS) Framework Set Protobuf Action
2024-03-10 17:36:27.351 Df healthd[2868:25f7] [com.apple.xpc.activity:Client] xpc_activity_set_criteria: com.apple.healthd.medications.gated-reschedule (0x600003d50c80), check-in
2024-03-10 17:36:27.368 Df triald[2924:23df] [com.apple.triald:server] Note: Rollout 64c17a9925d75a7281053d4c.240000002 involves namespace SIRI_AUDIO_DISABLE_MEDIA_ENTITY_SYNC but it is not registered with Trial. Factor packs for this namespace shall not be downloaded.
2024-03-10 17:36:27.362 A  diagnosticextensionsd[2941:22d7] (IDS) Framework Set Protobuf Action
2024-03-10 17:36:27.351 Df healthd[2868:25f4] [com.apple.HealthKit:ontology] <HDOntologyFeatureCoordinator: 0x600002f75950>: underlying conditions require shards: [(CHR, NO), (CoreMeds, nil), (MedsEducation, nil), (MedsScanning, NO), (Interactions, nil)]
2024-03-10 17:36:27.359 Df PosterBoard[2983:257b] [com.apple.FileURL:default] kExcludedFromBackupXattrName set on path: /Users/chef/Library/Developer/CoreSimulator/Devices/FA441BBB-4AC7-424C-8E75-DDA61780E4A0/data/Library/Application Support/PRBPosterExtensionDataStore/59/Extensions/com.apple.GradientPoster.GradientPosterExtension/descriptors/21E7A809-5E96-4D6A-B9C7-75B4764E446A/versions/0/contents/.com.apple.posterkit.provider.contents.configurableOptions.plist
2024-03-10 17:36:27.368 Df triald[2924:23df] [com.apple.triald:server] Found the following incompatible namespace names: (
    "<TRIClientSelectedNamespace 0x6000010e0060>: {\134n    name: \134"SIRI_AUDIO_DISABLE_MEDIA_ENTITY_SYNC\134"\134n    compatibility_version: 1\134n}"
)
2024-03-10 17:36:27.348 Df healthd[2868:25fd] [com.apple.HealthKit:respiratory] [HKRPUserDefaultsSyncProvider] Requesting NanoSync to sync com.apple.private.health.respiratory user defaults domain for keys: {(
    BackgroundMeasurementsEnabled
)}
2024-03-10 17:36:27.368 A  triald[2924:23df] (Security) SecTrustEvaluateIfNecessary
2024-03-10 17:36:27.369 Df triald[2924:23df] [com.apple.securityd:xpc] user sessions enabled, targeting 600
2024-03-10 17:36:27.359 Df healthd[2868:25f6] [com.apple.IDS:_IDSService] _IDSService - initing {self: 0x600003b55b80, service: com.apple.private.alloy.health.sync.sharingsetup, commands: (null), manualAck: NO}
2024-03-10 17:36:27.355 Df healthd[2868:25fa] [com.apple.HealthKit:data_collection] Calorimetry data collection disabled because CM calorie push model is enabled.
2024-03-10 17:36:27.375 Df triald[2924:23df] [com.apple.securityd:xpc] cleaning up unpooled xpc conn to trustd 0x600000dfc540
2024-03-10 17:36:27.375 Df triald[2924:2197] [com.apple.securityd:xpc] got event: Connection invalid
2024-03-10 17:36:27.369 Df PosterBoard[2983:257b] [com.apple.FileURL:default] kExcludedFromBackupXattrName set on path: /Users/chef/Library/Developer/CoreSimulator/Devices/FA441BBB-4AC7-424C-8E75-DDA61780E4A0/data/Library/Application Support/PRBPosterExtensionDataStore/59/Extensions/com.apple.GradientPoster.GradientPosterExtension/descriptors/21E7A809-5E96-4D6A-B9C7-75B4764E446A/versions/0/contents/com.apple.posterkit.provider.contents.userInfo
2024-03-10 17:36:27.354 Df healthd[2868:25ff] [com.apple.HealthKit:infrastructure] <HDRestorableAlarmScheduler:0x6000019d61c0> Enumerating due events
2024-03-10 17:36:27.364 Df healthd[2868:25f4] [com.apple.HealthKit:ontology] HDOntologyFeatureCoordinator: has new required shards NO
2024-03-10 17:36:27.310 Df healthd[2868:25fe] [com.apple.HealthKit:workouts] Current activity move mode is Not Set
2024-03-10 17:36:27.305 Df healthd[2868:2600] [com.apple.HealthKit:database] Finished first journal merge cleanup.
