2024-03-10 17:36:25.627 A  healthd[2868:2043] (libsystem_containermanager.dylib) container_query_t
2024-03-10 17:36:25.628 Df healthd[2868:2043] [com.apple.containermanager:xpc] Query; euid = 600, uid = 600, query = <dictionary: 0x600002859f80> { count = 8, transaction: 0, voucher = 0x0, contents =
	"ContainerClass" => <uint64: 0x928b90fda8990a3d>: 13
	"Platform" => <uint64: 0x928b90fda8990a37>: 7
	"Flags" => <uint64: 0x928b90f4a8990a33>: 38654705667
	"Explicit" => <uint64: 0x928b90fda8990a16>: 38
	"PrivateFlags" => <uint64: 0x928b90fda8990a33>: 3
	"Transient" => <bool: 0x7ff860004fc0>: false
	"Command" => <uint64: 0x928b90fda8990a17>: 39
	"GroupIdentifiers" => <array: 0x60000035a970> { count = 1, capacity = 10, contents =
		0: <string: 0x60000035a910> { length = 43, contents = "systemgroup.com.apple.configurationprofiles" }
	}
}
2024-03-10 17:36:25.634 Df cloudd[2910:2526] (CFNetwork) Task <260B3B1F-CCE8-408D-B5B8-951C7E9FBF24>.<1> TAKING power assertion.
2024-03-10 17:36:25.627 Df PosterBoard[2983:257b] [com.apple.FileURL:default] kExcludedFromBackupXattrName set on path: /Users/chef/Library/Developer/CoreSimulator/Devices/FA441BBB-4AC7-424C-8E75-DDA61780E4A0/data/Library/Application Support/PRBPosterExtensionDataStore/59/Extensions/com.apple.GradientPoster.GradientPosterExtension/descriptors/9C655099-9B38-4CC5-B417-0D6E43F9AEB8/versions/0/supplements/0
2024-03-10 17:36:25.640 Df cloudd[2910:2526] (CFNetwork) Task <260B3B1F-CCE8-408D-B5B8-951C7E9FBF24>.<1> now using Connection 5
2024-03-10 17:36:25.640 Df cloudd[2910:2526] (CFNetwork) Task <260B3B1F-CCE8-408D-B5B8-951C7E9FBF24>.<1> sent request, body S 584
2024-03-10 17:36:25.630 Df cloudd[2910:2531] (CFNetwork) Task <7EE33BE7-9570-4CBF-B0D0-11754BA18705>.<3> finished successfully
2024-03-10 17:36:25.641 Df cloudd[2910:2525] [com.apple.c2:default] captureMetricsForTask=CKDQueryURLRequest requestUUID:A03B168D-1858-4BCB-898F-93108FA815BD:host=gateway.icloud.com:remoteAddress=17.248.192.1:443:localAddress=10.125.2.210:49271:connectionUUID=DBE61970-B22F-4A07-AB3E-728795948568:qualityOfService=utility:reuse=1:i=en3:tlsVersion=TLSv13:protocol=h2:requestHeaderBytes=87:requestBodyBytes=722:responseHeaderBytes=534:responseBodyBytes=2822:err=F:dnsDuration=-1.000:tcpStartDelay=-1.000:tcpDuration=-1.000:sslStartDelay=-1.000:sslDuration=-1.000:requestStartDelay=-1.000:requestDuration=0.046:responseStartDelay=0.077:responseDuration=0.007:transactionDuration=0.130:outOfProcess=F:allowCellular=T:allowExpensive=F:powerNap=F:app=com.apple.siri.embeddedspeech:2app=:pool=com.apple.cloudkit.BackgroundConnectionPool:tlsPinning=T:retryNetworkFailures=F:disc=F:duet=none:reqTimeout=300.00:resTimeout=-1.00:appleIdSessionId=:metricRequest=F
2024-03-10 17:36:25.642 E  cloudd[2910:2525] [com.apple.RTCReporting:LegacyClient] RTCReporting session limit (5) exceeded
2024-03-10 17:36:25.643 Df cloudd[2910:2525] [com.apple.c2:default] [<C2Session: 0x6000028fcc60> removeTask:<C2SessionTask: 0x600003ee4ba0>] - withDescription:CKDQueryURLRequest requestUUID:A03B168D-1858-4BCB-898F-93108FA815BD
2024-03-10 17:36:25.639 Df PosterBoard[2983:257b] [com.apple.FileURL:default] kExcludedFromBackupXattrName set on path: /Users/chef/Library/Developer/CoreSimulator/Devices/FA441BBB-4AC7-424C-8E75-DDA61780E4A0/data/Library/Application Support/PRBPosterExtensionDataStore/59/Extensions/com.apple.GradientPoster.GradientPosterExtension/descriptors/9C655099-9B38-4CC5-B417-0D6E43F9AEB8/versions/0/contents
2024-03-10 17:36:25.643 Df cloudd[2910:2525] [com.apple.cloudkit.sim:Request] req: A03B168D-1858-4BCB-898F-93108FA815BD, "URLSession:task:didCompleteWithError: (null)"
2024-03-10 17:36:25.630 Df homed[2972:2377] [com.apple.HomeKit:HMDMainDriver] Controller user name : (null)
2024-03-10 17:36:25.644 Df cloudd[2910:2525] [com.apple.cloudkit.sim:Request] req: A03B168D-1858-4BCB-898F-93108FA815BD, "_finishOnLifecycleQueueWithError:, asked to finish with error (null)"
2024-03-10 17:36:25.648 Df parsec-fbf[2996:25bd] [com.apple.GeoServices:UserDefaults] Received unknown message: "resourcemanifest.didStartStopLoadingResources"
2024-03-10 17:36:25.650 Df cloudd[2910:2525] [com.apple.cloudkit.sim:OP] Finished operation <CKDRecordFetchAggregator: 0x7fcbd4f1b200; qos=Utility, operationID=F3D61C7D4FB6409D, operationGroupID=7EA2C9C57711763E, operationGroupName=UserActionExplicit, stateFlags=executing, flags=allows-cellular, runningFor=2.603, applicationBundleIdentifierOverrideForNetworkAttribution=com.apple.siri.embeddedspeech, currentAccountID=AnonymousAccount, applicationBundleIdentifierOverrideForContainerAccess=com.apple.triald, containerID=com.apple.trial> metrics=<CKOperationMetrics: 0x600001adde20; cloudKitMetrics=<CKMetric: 0x6000028fcab0; startDate=2024-03-10 17:36:23 +0000, duration=2.583, queueing=0.073, executing=2.509, bytesUploaded=0, bytesDownloaded=0, connections=0, connectionsCreated=0, totalBytesByChunkProfile={  }, chunkCountByChunkProfile={  }, fileCountByChunkProfile={  }>>
2024-03-10 17:36:25.649 Df financed[2943:2252] [com.apple.xpc.activity:Client] xpc_activity_set_criteria: com.apple.coredata.cloudkit.activity.setup.047B327B-752E-499A-9DE0-190BC3D77B14 (0x6000024c6260), setting state now to 0
2024-03-10 17:36:25.649 Df mapspushd[2916:21f2] [com.apple.GeoServices:UserDefaults] Received unknown message: "resourcemanifest.didStartStopLoadingResources"
2024-03-10 17:36:25.651 Df cloudd[2910:2532] [com.apple.cloudkit.sim:OP] Finished operation <CKDQueryOperation: 0x7fcbd6027f20; qos=Utility, operationID=BDB76C6DB8619787, finishedChildOpIDs=[F3D61C7D4FB6409D], requestIDs=[870363DA-3EE1-4278-8E9D-60F95719D89A, 1E78C8CE-E1ED-45D5-9DDF-2911B726FE0E, A03B168D-1858-4BCB-898F-93108FA815BD], operationGroupID=7EA2C9C57711763E, operationGroupName=UserActionExplicit, stateFlags=executing, flags=allows-cellular, runningFor=3.305, applicationBundleIdentifierOverrideForNetworkAttribution=com.apple.siri.embeddedspeech, currentAccountID=AnonymousAccount, applicationBundleIdentifierOverrideForContainerAccess=com.apple.triald, request=<CKDQueryURLRequest: 0x7fcbd6118910; UUID=A03B168D-1858-4BCB-898F-93108FA815BD, stateFlags=finished, flags=foreground|allows-cellular|deny-expensive>, containerID=com.apple.trial> metrics=<CKOperationMetrics: 0x600001acc3c0; cloudKitMetrics=<CKMetric: 0x6000028f1170; startDate=2024-03-10 17:36:22 +0000, duration=3.305, queueing=2.101, executing=3.587, bytesUploaded=2009, bytesDownloaded=1211312, connections=3, connectionsCreat<decode: missing data><decode: missing data>
2024-03-10 17:36:25.649 Df financed[2943:2252] [com.apple.xpc.activity:Client] _xpc_activity_set_state: com.apple.coredata.cloudkit.activity.setup.047B327B-752E-499A-9DE0-190BC3D77B14 (0x6000024c6260), 0
2024-03-10 17:36:25.649 Df mapspushd[2916:21f3] [com.apple.runningboard:connection] Handshake succeeded
2024-03-10 17:36:25.653 Df healthd[2868:25be] [com.apple.xpc.activity:Client] xpc_activity_set_criteria, lower half: com.apple.healthd.database.journal.merge.secondary (0x600003d506e0), check-in
2024-03-10 17:36:25.652 Df triald[2924:25b7] [com.apple.triald:server] Received RolloutNotification with CKRecordID <CKRecordID: 0x6000034d8ca0; recordName=3489ad44-85e4-4276-a1d1-f415f0199185, zoneID=_defaultZone:__defaultOwner__>
2024-03-10 17:36:25.649 Df financed[2943:2252] [com.apple.xpc.activity:Client] __XPC_ACTIVITY_CALLING_HANDLER__: com.apple.coredata.cloudkit.activity.setup.047B327B-752E-499A-9DE0-190BC3D77B14 (0x6000024c6260), current state 0, pending state 0
2024-03-10 17:36:25.653 Df healthd[2868:25be] [com.apple.xpc.activity:Client] _xpc_activity_set_criteria: com.apple.healthd.database.journal.merge.secondary (0x600003d506e0), check-in
2024-03-10 17:36:25.655 Df navd[2887:2464] [com.apple.GeoServices:UserDefaults] Received unknown message: "resourcemanifest.didStartStopLoadingResources"
2024-03-10 17:36:25.653 Df geod[2982:25a5] [com.apple.xpc.activity:Client] xpc_activity_register: com.apple.geod.OpportunisticTileDownloader, criteria: check-in
2024-03-10 17:36:25.651 Df containermanagerd[2901:20b0] [com.apple.containermanager:fs] stat [/Users/chef/Library/Developer/CoreSimulator/Devices/FA441BBB-4AC7-424C-8E75-DDA61780E4A0/data/Containers/Shared/SystemGroup/systemgroup.com.apple.configurationprofiles/.com.apple.mobile_container_manager.metadata.plist]: exists: 1, isDirectory: 0, fsNode: <MCMFSNode: 0x60000332a0a0; inode = 1571300, device = 16777232, ctime = 1676042344>
2024-03-10 17:36:25.654 Df routined[2864:21df] [com.apple.GeoServices:UserDefaults] Received unknown message: "resourcemanifest.didStartStopLoadingResources"
2024-03-10 17:36:25.656 Df com.apple.MapKit.SnapshotService[2993:24c4] [com.apple.GeoServices:UserDefaults] Received unknown message: "resourcemanifest.didStartStopLoadingResources"
2024-03-10 17:36:25.657 Df calaccessd[2991:24ca] [com.apple.calendar.notification:AlarmEngine] Alarms may have changed: NO
2024-03-10 17:36:25.657 Df healthd[2868:2043] [com.apple.containermanager:unspecified] container_query_get_single_result: success
2024-03-10 17:36:25.657 Df triald[2924:23df] [com.apple.triald:server] Finished fetchRolloutNotifications query with 91 results cursor (null) error (null)
2024-03-10 17:36:25.649 Df financed[2943:2252] [com.apple.xpc.activity:Client] __XPC_ACTIVITY_CALLING_HANDLER__ returned from handler: com.apple.coredata.cloudkit.activity.setup.047B327B-752E-499A-9DE0-190BC3D77B14 (0x6000024c6260), current state 0, pending state 0
2024-03-10 17:36:25.645 Df PosterBoard[2983:257b] [com.apple.FileURL:default] kExcludedFromBackupXattrName set on path: /Users/chef/Library/Developer/CoreSimulator/Devices/FA441BBB-4AC7-424C-8E75-DDA61780E4A0/data/Library/Application Support/PRBPosterExtensionDataStore/59/Extensions/com.apple.GradientPoster.GradientPosterExtension/descriptors/9C655099-9B38-4CC5-B417-0D6E43F9AEB8/versions/0/contents/com.apple.posterkit.provider.contents.galleryOptions
2024-03-10 17:36:25.659 Df calaccessd[2991:24ca] [com.apple.calendar.notification:AlarmEngine] Rescheduling timer
2024-03-10 17:36:25.657 A  healthd[2868:2043] (libsystem_containermanager.dylib) container_copy_object
2024-03-10 17:36:25.661 Df weatherd[2945:2291] [com.apple.UserNotifications:Connections] [com.apple.weather] Got notification settings [ hasResult: 1 ]
2024-03-10 17:36:25.662 Df SpringBoard[2857:258c] [com.apple.UserNotifications:Connections] [com.apple.weather] Getting notification settings
2024-03-10 17:36:25.653 Df geod[2982:23b1] [com.apple.xpc.activity:Client] _xpc_activity_set_criteria: com.apple.geod.OpportunisticResourceLoading (0x6000025781e0), check-in
2024-03-10 17:36:25.670 A  triald[2924:23df] (Security) SecTrustEvaluateIfNecessary
2024-03-10 17:36:25.652 Df containermanagerd[2901:20b0] [com.apple.containermanager:query] Query result: count = 1, error = (null)
2024-03-10 17:36:25.661 Df calaccessd[2991:24cc] [com.apple.calendar.daemon:CADServer] Forwarded darwin notification named: com.apple.springboard.finishedstartup to module: <CALNNotificationServerModule: 0x600003754000>.
2024-03-10 17:36:25.657 Df healthd[2868:2043] [com.apple.containermanager:unspecified] container_system_group_path_for_identifier: success
2024-03-10 17:36:25.662 Df weatherd[2945:2291] [com.apple.UserNotifications:Connections] [com.apple.weather] Getting notification settings (sync)
2024-03-10 17:36:25.652 Df containermanagerd[2901:20b0] [com.apple.containermanager:xpc] [600] command=39, client=<com.apple.healthd, u=<600/20/600/2/600>, uid=600, pid=2868, sandboxed=0, platform=7 (1/1/1) [(null)]>, error=(null)
2024-03-10 17:36:25.671 Df triald[2924:23df] [com.apple.securityd:keychain] System Keychain Always Supported set via feature flag to disabled
2024-03-10 17:36:25.661 Df calaccessd[2991:24cc] [com.apple.calendar.daemon:CADServer] Finished forwarding darwin notifications to modules.
2024-03-10 17:36:25.657 Df healthd[2868:2043] [com.apple.ManagedConfiguration:MC] Got system group container path from MCM for systemgroup.com.apple.configurationprofiles: /Users/chef/Library/Developer/CoreSimulator/Devices/FA441BBB-4AC7-424C-8E75-DDA61780E4A0/data/Containers/Shared/SystemGroup/systemgroup.com.apple.configurationprofiles
2024-03-10 17:36:25.674 Df SpringBoard[2857:258c] [com.apple.UserNotifications:Settings] Getting effectiveSectionInfo for section identifier: com.apple.weather
2024-03-10 17:36:25.654 Df geod[2982:25a5] [com.apple.xpc.activity:Client] _xpc_activity_register: com.apple.geod.OpportunisticTileDownloader (0x600002564e60), 0
2024-03-10 17:36:25.661 Df calaccessd[2991:24cc] [com.apple.calendar.daemon:CADServer] Forwarding darwin notifications to modules.
2024-03-10 17:36:25.674 Df SpringBoard[2857:258c] [com.apple.UserNotifications:Settings] [com.apple.weather] Getting effective section info
2024-03-10 17:36:25.654 Df geod[2982:25a5] [com.apple.xpc.activity:Client] xpc_activity_set_criteria: com.apple.geod.OpportunisticTileDownloader (0x600002564e60), check-in
2024-03-10 17:36:25.677 Df triald[2924:23df] [com.apple.securityd:xpc] user sessions enabled, targeting 600
2024-03-10 17:36:25.675 Df SpringBoard[2857:258c] [com.apple.BulletinBoard:Connection] Getting requested effective section info (sync)
2024-03-10 17:36:25.676 Df SpringBoard[2857:258c] [com.apple.BulletinBoard:Connection] Got effective section info [ result: 0 ]
2024-03-10 17:36:25.677 E  homed[2972:2377] [com.apple.HomeKit:HMDPersistentStore] Failed to load data store from file path /Users/chef/Library/Developer/CoreSimulator/Devices/FA441BBB-4AC7-424C-8E75-DDA61780E4A0/data/Library/homed/protected-home.config: Error Domain=NSCocoaErrorDomain Code=260 "The file protected-home.config couldnt be opened because there is no such file." UserInfo={NSFilePath=/Users/chef/Library/Developer/CoreSimulator/Devices/FA441BBB-4AC7-424C-8E75-DDA61780E4A0/data/Library/homed/protected-home.config, NSUnderlyingError=0x600001431e90 {Error Domain=NSPOSIXErrorDomain Code=2 "No such file or directory"}}
2024-03-10 17:36:25.672 Df healthd[2868:2043] [com.apple.HealthKit:default] [com.apple.healthd.awd-submission-manager.fitness-daily]: Registering DISABLED.
2024-03-10 17:36:25.676 Df SpringBoard[2857:258c] [com.apple.UserNotifications:Settings] [com.apple.weather] Got effective section info [ hasResult: 0 ]
2024-03-10 17:36:25.682 Df parsec-fbf[2996:25bd] [com.apple.GeoServices:UserDefaults] Received unknown message: "resourcemanifest.didChangeActiveTileGroup"
2024-03-10 17:36:25.682 Df cloudd[2910:2525] (CFNetwork) Task <260B3B1F-CCE8-408D-B5B8-951C7E9FBF24>.<1> received response, status 200 content K
2024-03-10 17:36:25.678 E  homed[2972:2377] [com.apple.HomeKit:HMDMainDriver] Unable to load home data configuration: Error Domain=NSCocoaErrorDomain Code=260 "The file protected-home.config couldnt be opened because there is no such file." UserInfo={NSFilePath=/Users/chef/Library/Developer/CoreSimulator/Devices/FA441BBB-4AC7-424C-8E75-DDA61780E4A0/data/Library/homed/protected-home.config, NSUnderlyingError=0x600001431e90 {Error Domain=NSPOSIXErrorDomain Code=2 "No such file or directory"}}
2024-03-10 17:36:25.672 Df healthd[2868:2043] [com.apple.xpc.activity:Client] xpc_activity_register: com.apple.healthd.awd-submission-manager.fitness-daily, criteria: check-in
2024-03-10 17:36:25.683 E  cfprefsd[2896:207f] [com.apple.defaults:cfprefsd] Couldn't open parent path due to [2: No such file or directory]
2024-03-10 17:36:25.649 Df mapspushd[2916:21f3] [com.apple.runningboard:connection] Identity resolved as osservice<com.apple.Maps.mapspushd>
2024-03-10 17:36:25.659 Df PosterBoard[2983:257b] [com.apple.FileURL:default] kExcludedFromBackupXattrName set on path: /Users/chef/Library/Developer/CoreSimulator/Devices/FA441BBB-4AC7-424C-8E75-DDA61780E4A0/data/Library/Application Support/PRBPosterExtensionDataStore/59/Extensions/com.apple.GradientPoster.GradientPosterExtension/descriptors/9C655099-9B38-4CC5-B417-0D6E43F9AEB8/versions/0/contents/.com.apple.posterkit.provider.contents.configurableOptions.plist
2024-03-10 17:36:25.682 Df cloudd[2910:2525] (CFNetwork) Task <260B3B1F-CCE8-408D-B5B8-951C7E9FBF24>.<1> done using Connection 5
2024-03-10 17:36:25.672 Df healthd[2868:2043] [com.apple.xpc.activity:Client] _xpc_activity_register: com.apple.healthd.awd-submission-manager.fitness-daily (0x600003d580a0), 0
2024-03-10 17:36:25.685 E  cfprefsd[2896:207f] [com.apple.defaults:cfprefsd] Couldn't open parent path due to [2: No such file or directory]
2024-03-10 17:36:25.683 Df mapspushd[2916:21ab] [com.apple.GeoServices:UserDefaults] Received unknown message: "resourcemanifest.didChangeActiveTileGroup"
2024-03-10 17:36:25.683 Df routined[2864:21df] [com.apple.GeoServices:UserDefaults] Received unknown message: "resourcemanifest.didChangeActiveTileGroup"
2024-03-10 17:36:25.682 Df cloudd[2910:2525] [com.apple.network:connection] [C5] event: client:connection_idle @0.369s
2024-03-10 17:36:25.691 E  adprivacyd[2920:21c9] [com.apple.coredata:error] error: Failed to stat path '/private/var/mobile/Library/Application Support/com.apple.ap.adprivacyd/FeatureModel.sqlite', errno 2 / No such file or directory.
2024-03-10 17:36:25.694 Df trustd[2927:21c8] (CFNetwork) Task <67291A7D-61F4-4F1A-8F5E-8590BCB960A3>.<1> resuming, timeouts(60.0, 604800.0) QOS(0x11) Voucher <OS_voucher: 0x600001b2b390>
2024-03-10 17:36:25.692 Df suggestd[2919:212f] [com.apple.trial:_] Initializing TRIClient. Trial version: TrialXP_Sim-347.3.11
2024-03-10 17:36:25.675 Df healthd[2868:2043] [com.apple.xpc.activity:Client] xpc_activity_set_criteria: com.apple.healthd.awd-submission-manager.fitness-daily (0x600003d580a0), check-in
2024-03-10 17:36:25.691 E  adprivacyd[2920:21c9] [com.apple.coredata:error] error: Executing as effective user 600
2024-03-10 17:36:25.694 Df trustd[2927:21c8] (CFNetwork) [Telemetry]: Activity <nw_activity 12:2[504DD350-6D31-4862-9764-2E1102E43763] (reporting strategy default)> on Task <67291A7D-61F4-4F1A-8F5E-8590BCB960A3>.<1> was not selected for reporting
2024-03-10 17:36:25.699 A  runningboardd[2861:20aa] (RunningBoard) lookupHandleForPredicate
2024-03-10 17:36:25.702 Df navd[2887:2466] [com.apple.GeoServices:UserDefaults] Received unknown message: "resourcemanifest.didChangeActiveTileGroup"
2024-03-10 17:36:25.693 Df suggestd[2919:212f] [com.apple.trial:_] TRIStandardPaths 0x60000028f000 (no container): using Trial root dir /Users/chef/Library/Developer/CoreSimulator/Devices/FA441BBB-4AC7-424C-8E75-DDA61780E4A0/data/Library/Trial
2024-03-10 17:36:25.691 E  adprivacyd[2920:21c9] [com.apple.coredata:error] error: Failed to statfs file; errno 2 / No such file or directory.
2024-03-10 17:36:25.686 A  healthd[2868:25cb] (LocationSupport) CL: Sending cached messages to daemon
2024-03-10 17:36:25.698 Df trustd[2927:2305] [com.apple.CFNetwork:ATS] Task <67291A7D-61F4-4F1A-8F5E-8590BCB960A3>.<1> {strength 0, tls 4, sub 0, sig 1, ciphers 0, bundle 1, builtin 0}
2024-03-10 17:36:25.682 Df cloudd[2910:2525] (CFNetwork) Task <260B3B1F-CCE8-408D-B5B8-951C7E9FBF24>.<1> response ended
2024-03-10 17:36:25.703 Df com.apple.MapKit.SnapshotService[2993:24c6] [com.apple.GeoServices:UserDefaults] Received unknown message: "resourcemanifest.didChangeActiveTileGroup"
2024-03-10 17:36:25.691 E  adprivacyd[2920:21c9] [com.apple.coredata:error] error: Logging status information for directory path: /private/var/mobile/Library/Application Support/com.apple.ap.adprivacyd
2024-03-10 17:36:25.686 Df healthd[2868:25cb] [com.apple.LocationSupport:Connection] {"msg":"Sending cached messages to daemon", "event":activity}
2024-03-10 17:36:25.699 Df trustd[2927:2305] (CFNetwork) Connection 0: creating secure tcp or quic connection
2024-03-10 17:36:25.682 Df cloudd[2910:2532] (CFNetwork) Task <260B3B1F-CCE8-408D-B5B8-951C7E9FBF24>.<1> RELEASING power assertion.
2024-03-10 17:36:25.691 E  adprivacyd[2920:21c9] [com.apple.coredata:error] error: Executing as effective user 600
2024-03-10 17:36:25.683 Df cloudd[2910:2525] [com.apple.CFNetwork:Summary] Task <260B3B1F-CCE8-408D-B5B8-951C7E9FBF24>.<1> summary for task success {transaction_duration_ms=380, response_status=200, connection=5, protocol="h2", domain_lookup_duration_ms=16, connect_duration_ms=195, secure_connection_duration_ms=145, private_relay=false, request_start_ms=337, request_duration_ms=0, response_start_ms=379, response_duration_ms=0, request_bytes=770, response_bytes=204, cache_hit=false}
2024-03-10 17:36:25.691 E  adprivacyd[2920:21c9] [com.apple.coredata:error] error: Information for /
2024-03-10 17:36:25.702 Df runningboardd[2861:20aa] [com.apple.runningboard:process] _resolveProcessWithIdentifier pid 2868 euid 600 auid 600
2024-03-10 17:36:25.685 Df PosterBoard[2983:257b] [com.apple.FileURL:default] kExcludedFromBackupXattrName set on path: /Users/chef/Library/Developer/CoreSimulator/Devices/FA441BBB-4AC7-424C-8E75-DDA61780E4A0/data/Library/Application Support/PRBPosterExtensionDataStore/59/Extensions/com.apple.GradientPoster.GradientPosterExtension/descriptors/9C655099-9B38-4CC5-B417-0D6E43F9AEB8/versions/0/contents/com.apple.posterkit.provider.contents.userInfo
2024-03-10 17:36:25.685 Df cloudd[2910:2531] (CFNetwork) Task <260B3B1F-CCE8-408D-B5B8-951C7E9FBF24>.<1> finished successfully
2024-03-10 17:36:25.691 E  adprivacyd[2920:21c9] [com.apple.coredata:error] error:   File Device ID: 	0
2024-03-10 17:36:25.702 Df runningboardd[2861:20aa] [com.apple.runningboard:process] Resolved pid 2868 to [osservice<com.apple.healthd>:2868]
2024-03-10 17:36:25.699 Df trustd[2927:2305] (CFNetwork) Connection 7: enabling TLS
2024-03-10 17:36:25.688 Df cloudd[2910:2531] [com.apple.c2:default] captureMetricsForTask=MetricRequest-FF406B0B-8563-4938-A43F-10EEABF1DCAB:host=metrics.icloud.com:remoteAddress=17.248.192.30:443:localAddress=10.125.2.210:49274:connectionUUID=7C7BDEDA-6D96-4978-AB06-81D6159BD4B8:qualityOfService=utility:reuse=0:i=en3:tlsVersion=TLSv12:protocol=h2:requestHeaderBytes=177:requestBodyBytes=584:responseHeaderBytes=204:responseBodyBytes=0:err=F:dnsDuration=0.016:tcpStartDelay=0.016:tcpDuration=0.195:sslStartDelay=0.050:sslDuration=0.194:requestStartDelay=0.049:requestDuration=0.000:responseStartDelay=0.041:responseDuration=0.001:transactionDuration=0.042:outOfProcess=F:allowCellular=T:allowExpensive=F:powerNap=F:app=com.apple.siri.embeddedspeech:2app=:pool=:tlsPinning=T:retryNetworkFailures=F:disc=F:duet=none:reqTimeout=-1.00:resTimeout=30.00:appleIdSessionId=:metricRequest=T
2024-03-10 17:36:25.702 E  runningboardd[2861:20aa] [com.apple.runningboard:jetsam] memorystatus_control error: MEMORYSTATUS_CMD_CONVERT_MEMLIMIT_MB(-1) returned -1 1 (Operation not permitted)
2024-03-10 17:36:25.699 Df trustd[2927:2305] (CFNetwork) Connection 7: starting, TC(0x0)
2024-03-10 17:36:25.702 E  runningboardd[2861:20aa] [com.apple.runningboard:jetsam] memorystatus_control error: MEMORYSTATUS_CMD_CONVERT_MEMLIMIT_MB(0) returned -1 1 (Operation not permitted)
2024-03-10 17:36:25.701 Df trustd[2927:2305] [com.apple.network:connection] [C7 56CFCA59-E4DD-47E8-B57C-107AADB34691 ocsp2.apple.com:443 quic-connection, bundle id: com.apple.triald, url hash: 25614dcd, definite, attribution: developer, context: com.apple.CFNetwork.NSURLSession.{2284FA4A-3CEE-4F3E-AC7E-DEE19BAA6D8D}{(null)}{Y}{2} (private), proc: F7888FCD-4824-3D8F-BDB7-A3EFA4233111, account id: com.apple.trustd.TrustURLSession] start
2024-03-10 17:36:25.696 Df cloudd[2910:2531] [com.apple.c2:default] [<C2Session: 0x6000028f46c0> removeTask:<C2SessionTask: 0x600003efb720>] - withDescription:MetricRequest-FF406B0B-8563-4938-A43F-10EEABF1DCAB
2024-03-10 17:36:25.706 Df runningboardd[2861:20aa] [com.apple.runningboard:general] _bundleMatchesProcessWithExecutablePath using realpath and comparing /Volumes/Xcode/Xcode_14.2.app/Contents/Developer/Platforms/iPhoneOS.platform/Library/Developer/CoreSimulator/Profiles/Runtimes/iOS.simruntime/Contents/Resources/RuntimeRoot/System/Library/Frameworks/HealthKit.framework/healthd and /Volumes/Xcode/Xcode_14.2.app/Contents/Developer/Platforms/iPhoneOS.platform/Library/Developer/CoreSimulator/Profiles/Runtimes/iOS.simruntime/Contents/Resources/RuntimeRoot/System/Library/Frameworks/HealthKit.framework/HealthKit
2024-03-10 17:36:25.709 Df trustd[2927:2305] [com.apple.network:connection] [C7 ocsp2.apple.com:443 initial parent-flow ((null))] event: path:start @0.004s
2024-03-10 17:36:25.710 Df runningboardd[2861:20aa] [com.apple.runningboard:general] Full encoding handle [osservice<com.apple.healthd>:2868], with data 59744c0500000b34, and pid 2868
2024-03-10 17:36:25.716 Df trustd[2927:2305] [com.apple.network:connection] [C7 ocsp2.apple.com:443 waiting parent-flow (satisfied (Path is satisfied), interface: en3)] event: path:satisfied @0.011s, uuid: D8646289-931A-4771-AB89-784BBD90905F
2024-03-10 17:36:25.715 Df runningboardd[2861:20aa] [com.apple.runningboard:process] [osservice<com.apple.healthd>:2868] Memory Limits: active 0 inactive 0
 <RBUnmanagedJetsamProperties| tasklimit=0
(null)>
2024-03-10 17:36:25.729 Df triald[2924:218e] [com.apple.triald:server] TRIXPCNamespaceManagementRequestHandler 0x600003afe220: end statusOfDownloadForFactors:(
    "com.apple.siri.asr.assistant.tr_TR"
) withNamespace:SIRI_UNDERSTANDING_ASR_ASSISTANT fstate:(null) qos:21 completion:
2024-03-10 17:36:25.717 Df runningboardd[2861:20aa] [com.apple.runningboard:process] [osservice<com.apple.healthd>:2868] This process will not be managed.
2024-03-10 17:36:25.732 Df triald[2924:25bf] [com.apple.triald:server] Connection to com.apple.triald.namespace-management from com.apple.siri.embeddedspeech (2973) was invalidated.
2024-03-10 17:36:25.720 Df trustd[2927:2305] [com.apple.network:connection] [C7 ocsp2.apple.com:443 in_progress parent-flow (satisfied (Path is satisfied), interface: en3)] event: flow:start_child @0.015s
2024-03-10 17:36:25.732 Df triald[2924:25bf] [com.apple.xpc.activity:Client] xpc_activity_set_criteria, lower half: com.apple.triald.client-trigger.cellular (0x6000005f0320), check-in
2024-03-10 17:36:25.722 Df trustd[2927:2305] [com.apple.network:connection] nw_connection_report_state_with_handler_on_nw_queue [C7] reporting state preparing
2024-03-10 17:36:25.737 Df com.apple.siri.embeddedspeech[2973:2485] [com.apple.trial:_] Acquired managed-directory lock: /Users/chef/Library/Developer/CoreSimulator/Devices/FA441BBB-4AC7-424C-8E75-DDA61780E4A0/data/Library/Trial/NamespaceDescriptors/v2/factorPackSets/46b3ffca-bc33-4122-8770-30eb34637dd5
2024-03-10 17:36:25.725 Df trustd[2927:2305] [com.apple.network:connection] [C7.1 ocsp2.apple.com:443 initial path ((null))] event: path:start @0.021s
2024-03-10 17:36:25.740 E  appleaccountd[2922:2207] [com.apple.appleaccount:cloudKit] Failed to create CKSubscription for database: Shared
2024-03-10 17:36:25.738 Df com.apple.siri.embeddedspeech[2973:2485] [com.apple.trial:_] Unable to resolve candidate path based on calling process entitlement; falling back on naive access() check.
2024-03-10 17:36:25.731 Df trustd[2927:2305] [com.apple.network:connection] [C7.1 ocsp2.apple.com:443 waiting path (satisfied (Path is satisfied), interface: en3)] event: path:satisfied @0.026s, uuid: D8646289-931A-4771-AB89-784BBD90905F
2024-03-10 17:36:25.740 Df voiced[2994:25bc] [com.apple.xpc.activity:Client] xpc_activity_set_criteria, lower half: com.apple.voiced.postInstall (0x600003c8c000), check-in
2024-03-10 17:36:25.742 Df homed[2972:25a2] [com.apple.apsd:connection] <APSConnection: 0x600002304000> Async Delivering publicToken from apsd: (null)
2024-03-10 17:36:25.745 A  adprivacyd[2920:2187] (Security) SecItemCopyMatching_ios
2024-03-10 17:36:25.739 Df com.apple.siri.embeddedspeech[2973:2485] [com.apple.trial:_] Acquired managed-directory lock: /Users/chef/Library/Developer/CoreSimulator/Devices/FA441BBB-4AC7-424C-8E75-DDA61780E4A0/data/Library/Trial/NamespaceDescriptors/v2/factorPackSets/46b3ffca-bc33-4122-8770-30eb34637dd5/legacyNamespaceFactorPacks/SIRI_UNDERSTANDING_ASR_ASSISTANT
2024-03-10 17:36:25.746 E  com.apple.FaceTime.FTConversationService[2986:245d] [com.apple.libsqlite3:logging] BUG IN CLIENT OF libsqlite3.dylib: database integrity compromised by API violation: vnode unlinked while in use: /Users/chef/Library/Developer/CoreSimulator/Devices/FA441BBB-4AC7-424C-8E75-DDA61780E4A0/data/Library/Application Support/FaceTime/FaceTime.sqlite3
2024-03-10 17:36:25.731 Df trustd[2927:2305] [com.apple.network:connection] [C7.1 ocsp2.apple.com:443 in_progress transform (satisfied (Path is satisfied), interface: en3)] event: transform:start @0.027s
2024-03-10 17:36:25.740 Df voiced[2994:25bc] [com.apple.xpc.activity:Client] _xpc_activity_set_criteria: com.apple.voiced.postInstall (0x600003c8c000), check-in
2024-03-10 17:36:24.800 Df triald[2924:2320] [com.apple.xpc.activity:Client] _xpc_activity_begin_running: com.apple.triald.setup-assistant-fetch (0x6000005f0140) seqno: 0.
2024-03-10 17:36:25.746 E  com.apple.FaceTime.FTConversationService[2986:245d] [com.apple.libsqlite3:logging] invalidated open fd: 3 (0x11)
2024-03-10 17:36:25.745 Df triald[2924:2320] [com.apple.xpc.activity:Client] xpc_activity_set_criteria, lower half: com.apple.triald.task-queue (0x6000005f0280), check-in
2024-03-10 17:36:25.732 Df triald[2924:23ba] [com.apple.xpc.activity:Client] _xpc_activity_dispatch: com.apple.triald.client-trigger.cellular (0x6000005f0320): found an activity with matching seqno 0
2024-03-10 17:36:25.737 Df trustd[2927:2305] [com.apple.network:connection] [C7.1.1 ocsp2.apple.com:443 initial path ((null))] event: path:start @0.032s
2024-03-10 17:36:25.744 Df homed[2972:25a2] [com.apple.CoreAnalytics:client] No XPC connection in Simulator
2024-03-10 17:36:25.758 Df healthd[2868:2043] [com.apple.NanoRegistry:framework] Suspending registry operation queue.
2024-03-10 17:36:25.745 Df triald[2924:23ba] [com.apple.xpc.activity:Client] _xpc_activity_begin_running: com.apple.triald.client-trigger.cellular (0x6000005f0320) seqno: 0.
2024-03-10 17:36:25.737 Df trustd[2927:2305] [com.apple.network:connection] [C7.1.1 ocsp2.apple.com:443 waiting path (satisfied (Path is satisfied), interface: en3)] event: path:satisfied @0.033s, uuid: D9A4E8E3-3ACC-47F8-87DB-31E219C953D0
2024-03-10 17:36:25.745 Df triald[2924:23ba] [com.apple.xpc.activity:Client] _xpc_activity_dispatch: beginning dispatch, activity name com.apple.triald.retries-networking, seqno 0
2024-03-10 17:36:25.761 Df healthd[2868:2468] [com.apple.NanoRegistry:framework] -[NRPairedDeviceRegistry initWithBoost:disconnected:]_block_invoke: status(2) compatibilityState (0)
2024-03-10 17:36:25.748 E  trustd[2927:2305] [com.apple.network:] -[NWOSURLEndpoint initWithURL:] failed to get scheme from <private>
2024-03-10 17:36:25.711 Df geod[2982:23af] [com.apple.xpc.activity:Client] __XPC_ACTIVITY_CALLING_HANDLER__: com.apple.geo.analytics (0x600002578140), current state 0, pending state 0
2024-03-10 17:36:25.746 Df triald[2924:2197] [com.apple.xpc.activity:Client] _xpc_activity_dispatch: com.apple.triald.client-trigger.wifi (0x6000005fc0a0): state is checking and criteria is checking. Calling _xpc_activity_set_criteria(...CHECK_IN)
2024-03-10 17:36:25.761 Df healthd[2868:25cb] [com.apple.NanoRegistry:framework] Resuming registry operation queue.
2024-03-10 17:36:25.748 E  trustd[2927:2305] [com.apple.network:] __nwlog_err_simulate_crash simulate crash already simulated "nw_proxy_config_create_pac_url called with null pac_url"
2024-03-10 17:36:25.746 Df triald[2924:2197] [com.apple.xpc.activity:Client] _xpc_activity_set_criteria: com.apple.triald.client-trigger.wifi (0x6000005fc0a0), check-in
2024-03-10 17:36:25.765 E  ProtectedCloudKeySyncing[2961:22c7] [com.apple.libsqlite3:logging] BUG IN CLIENT OF libsqlite3.dylib: database integrity compromised by API violation: vnode unlinked while in use: /Users/chef/Library/Developer/CoreSimulator/Devices/FA441BBB-4AC7-424C-8E75-DDA61780E4A0/data/Library/Application Support/com.apple.ProtectedCloudStorage/KeysSyncingVersion3-(null)-ProtectedCloudStorage.db-wal
2024-03-10 17:36:25.755 E  trustd[2927:2305] [com.apple.network:] nw_proxy_config_create_pac_url called with null pac_url, dumping backtrace:
        [x86_64] libnetcore-3013.60.42
    0   Network                             0x00007ff805a3a7e7 __nw_create_backtrace_string + 135
    1   Network                             0x00007ff80598c7c3 nw_proxy_config_create_pac_url + 963
    2   Network                             0x00007ff8059927d3 __nw_proxy_configs_create_with_schema_array_block_invoke + 243
    3   libxpc.dylib                        0x00007ff80007e9cb xpc_array_apply + 62
    4   Network                             0x00007ff8059922a1 nw_proxy_configs_create_with_schema_array + 145
    5   Network                             0x00007ff805c8e7ae __nw_path_copy_proxy_configs_block_invoke_2 + 62
    6   libxpc.dylib                        0x00007ff80007e9cb xpc_array_apply + 62
    7   Network                             0x00007ff805c8e726 __nw_path_copy_proxy_configs_block_invoke + 182
    8   Network                             0x00007ff805c8e377 nw_path_copy_proxy_configs + 231
    9   Network <>
2024-03-10 17:36:25.764 Df homed[2972:2377] [com.apple.HomeKit:HMDMainDriver] Checking backing store for uncommitted transactions...
2024-03-10 17:36:25.766 Df healthd[2868:2468] [com.apple.HealthKit:workouts] <HDGymKitPairingManager: 0x600002248280>: Ending field detect session
2024-03-10 17:36:25.765 E  ProtectedCloudKeySyncing[2961:22c7] [com.apple.libsqlite3:logging] invalidated open fd: 5 (0x11)
2024-03-10 17:36:25.755 Df trustd[2927:2305] [com.apple.network:connection] [C7.1.1 ocsp2.apple.com:443 in_progress resolver (satisfied (Path is satisfied), interface: en3, proxy)] event: resolver:start_dns @0.051s
2024-03-10 17:36:25.765 E  ProtectedCloudKeySyncing[2961:22c7] [com.apple.libsqlite3:logging] BUG IN CLIENT OF libsqlite3.dylib: database integrity compromised by API violation: vnode unlinked while in use: /Users/chef/Library/Developer/CoreSimulator/Devices/FA441BBB-4AC7-424C-8E75-DDA61780E4A0/data/Library/Application Support/com.apple.ProtectedCloudStorage/PCSAnalytics.db
2024-03-10 17:36:25.765 E  ProtectedCloudKeySyncing[2961:22c7] [com.apple.libsqlite3:logging] invalidated open fd: 7 (0x11)
2024-03-10 17:36:25.758 Df trustd[2927:2305] (CFNetwork) Task <67291A7D-61F4-4F1A-8F5E-8590BCB960A3>.<1> setting up Connection 7
2024-03-10 17:36:25.762 Df PosterBoard[2983:25b0] [com.apple.FileURL:default] kExcludedFromBackupXattrName set on path: /Users/chef/Library/Developer/CoreSimulator/Devices/FA441BBB-4AC7-424C-8E75-DDA61780E4A0/data/Library/Application Support/PRBPosterExtensionDataStore/59/Extensions/com.apple.GradientPoster.GradientPosterExtension/descriptors/1E32F16F-9A3D-4984-A0F9-CFFAE6D35864/versions/0
2024-03-10 17:36:25.780 E  voiced[2994:24f6] [com.apple.voiceserviceslogging:default] #Trial Unexpected voice factor name: com.apple.siri.tts.voice.en_US.nora.neural.premium.experiment.9999
2024-03-10 17:36:25.786 Df healthd[2868:2043] [com.apple.runningboard:connection] Initializing connection
2024-03-10 17:36:25.787 A  runningboardd[2861:20aa] (RunningBoard) incoming connection
2024-03-10 17:36:25.787 Df runningboardd[2861:20aa] [com.apple.runningboard:connection] Incoming connection from 2868, user 600/600
2024-03-10 17:36:25.789 Df voiced[2994:24f6] [com.apple.voiceserviceslogging:default] #Trial Found suitable voice: Type:gryphon, Name: nora, Languages: en-US, Gender: female, Footprint: premium, Installed: 1, ContentVersion: 744, MasteredVersion: (null), downloadSize: 450245924, isBuiltIn: 0
2024-03-10 17:36:25.787 Df healthd[2868:2043] [com.apple.runningboard:process] Removing all cached process handles
2024-03-10 17:36:25.787 Df healthd[2868:25cb] [com.apple.runningboard:connection] Sending handshake request attempt #1 to server
2024-03-10 17:36:25.772 Df trustd[2927:2305] [com.apple.network:connection] nw_endpoint_resolver_update [C7.1.1 ocsp2.apple.com:443 in_progress resolver (satisfied (Path is satisfied), interface: en3, proxy)] Adding endpoint handler for 17.253.5.202:443
2024-03-10 17:36:25.787 Df healthd[2868:25cb] [com.apple.runningboard:connection] Creating connection to com.apple.runningboard
2024-03-10 17:36:25.775 Df trustd[2927:2305] [com.apple.network:connection] nw_endpoint_resolver_update [C7.1.1 ocsp2.apple.com:443 in_progress resolver (satisfied (Path is satisfied), interface: en3, proxy)] Adding endpoint handler for 17.253.5.201:443
2024-03-10 17:36:25.791 Df healthd[2868:2043] [com.apple.HealthKit:workouts] <HDWatchAppStateMonitor: 0x600000c49d00>: Adding layout observer for com.apple.SessionTrackerApp
2024-03-10 17:36:25.789 Df voiced[2994:24f6] [com.apple.voiceserviceslogging:default] Selected voice Type:gryphon, Name: nora, Languages: en-US, Gender: female, Footprint: premium, Installed: 1, ContentVersion: 744, MasteredVersion: (null), downloadSize: 450245924, isBuiltIn: 0
2024-03-10 17:36:25.790 Df runningboardd[2861:20aa] [com.apple.runningboard:process] _resolveProcessWithIdentifier pid 2868 euid 600 auid 600
2024-03-10 17:36:25.775 Df trustd[2927:2305] [com.apple.network:connection] nw_endpoint_resolver_update [C7.1.1 ocsp2.apple.com:443 in_progress resolver (satisfied (Path is satisfied), interface: en3, proxy)] Adding endpoint handler for 17.253.1.201:443
2024-03-10 17:36:25.783 Df PosterBoard[2983:25b0] [com.apple.FileURL:default] kExcludedFromBackupXattrName set on path: /Users/chef/Library/Developer/CoreSimulator/Devices/FA441BBB-4AC7-424C-8E75-DDA61780E4A0/data/Library/Application Support/PRBPosterExtensionDataStore/59/Extensions/com.apple.GradientPoster.GradientPosterExtension/descriptors/1E32F16F-9A3D-4984-A0F9-CFFAE6D35864/versions/0/supplements
2024-03-10 17:36:25.799 A  homed[2972:2377] (BiomeStorage) _BMXPCFileManager._fileHandleForFileAtPath:flags:protection:error:
2024-03-10 17:36:25.790 Df runningboardd[2861:20aa] [com.apple.runningboard:process] Resolved pid 2868 to [osservice<com.apple.healthd>:2868]
2024-03-10 17:36:25.785 Df trustd[2927:2305] [com.apple.network:connection] nw_endpoint_resolver_update [C7.1.1 ocsp2.apple.com:443 in_progress resolver (satisfied (Path is satisfied), interface: en3, proxy)] Adding endpoint handler for 17.253.1.204:443
2024-03-10 17:36:25.793 A  healthd[2868:2043] (CoreFoundation) Loading Preferences From User Session CFPrefsD
2024-03-10 17:36:25.790 E  runningboardd[2861:20aa] [com.apple.runningboard:jetsam] memorystatus_control error: MEMORYSTATUS_CMD_CONVERT_MEMLIMIT_MB(-1) returned -1 1 (Operation not permitted)
2024-03-10 17:36:25.786 Df trustd[2927:2305] [com.apple.network:connection] [C7.1.1 ocsp2.apple.com:443 in_progress resolver (satisfied (Path is satisfied), interface: en3, proxy)] event: resolver:receive_dns @0.082s
2024-03-10 17:36:25.790 E  runningboardd[2861:20aa] [com.apple.runningboard:jetsam] memorystatus_control error: MEMORYSTATUS_CMD_CONVERT_MEMLIMIT_MB(0) returned -1 1 (Operation not permitted)
2024-03-10 17:36:25.804 Df biomed[2913:22fc] [com.apple.Biome:BiomeAccessService] Incoming connection from homed(2972)
2024-03-10 17:36:25.805 A  SpringBoard[2857:258c] (RunningBoardServices) observedProcessStatesDidChange
2024-03-10 17:36:25.792 Df runningboardd[2861:20aa] [com.apple.runningboard:general] _bundleMatchesProcessWithExecutablePath using realpath and comparing /Volumes/Xcode/Xcode_14.2.app/Contents/Developer/Platforms/iPhoneOS.platform/Library/Developer/CoreSimulator/Profiles/Runtimes/iOS.simruntime/Contents/Resources/RuntimeRoot/System/Library/Frameworks/HealthKit.framework/healthd and /Volumes/Xcode/Xcode_14.2.app/Contents/Developer/Platforms/iPhoneOS.platform/Library/Developer/CoreSimulator/Profiles/Runtimes/iOS.simruntime/Contents/Resources/RuntimeRoot/System/Library/Frameworks/HealthKit.framework/HealthKit
2024-03-10 17:36:25.807 Df SpringBoard[2857:258c] [com.apple.runningboard:process] Hit the server for a process handle 70aa8d300000b34 that resolved to: [osservice<com.apple.healthd>:2868]
2024-03-10 17:36:25.793 Df runningboardd[2861:20aa] [com.apple.runningboard:general] Full encoding handle [osservice<com.apple.healthd>:2868], with data 470aa8d300000b34, and pid 2868
2024-03-10 17:36:25.808 A  homed[2972:2377] (BiomeStorage) _BMXPCFileManager._fileHandleForFileAtPath:flags:protection:error:
2024-03-10 17:36:25.807 Df SpringBoard[2857:258c] [com.apple.runningboard:monitor] Received state update for 2868
2024-03-10 17:36:25.794 Df runningboardd[2861:20aa] [com.apple.runningboard:process] [osservice<com.apple.healthd>:2868] Memory Limits: active 0 inactive 0
 <RBUnmanagedJetsamProperties| tasklimit=0
(null)>
2024-03-10 17:36:25.793 Df trustd[2927:2305] [com.apple.network:connection] [C7.1.1.1 17.253.5.202:443 initial path ((null))] event: path:start @0.088s
2024-03-10 17:36:25.795 Df runningboardd[2861:20aa] [com.apple.runningboard:process] [osservice<com.apple.healthd>:2868] This process will not be managed.
2024-03-10 17:36:25.795 Df trustd[2927:2305] [com.apple.network:connection] [C7.1.1.1 17.253.5.202:443 waiting path (satisfied (Path is satisfied), interface: en3)] event: path:satisfied @0.090s, uuid: 69211792-5531-491E-87CC-06923DB51F41
2024-03-10 17:36:25.802 Df runningboardd[2861:20aa] [com.apple.runningboard:ttl] Now tracking process: [osservice<com.apple.healthd>:2868]
2024-03-10 17:36:25.797 Df PosterBoard[2983:25b0] [com.apple.FileURL:default] kExcludedFromBackupXattrName set on path: /Users/chef/Library/Developer/CoreSimulator/Devices/FA441BBB-4AC7-424C-8E75-DDA61780E4A0/data/Library/Application Support/PRBPosterExtensionDataStore/59/Extensions/com.apple.GradientPoster.GradientPosterExtension/descriptors/1E32F16F-9A3D-4984-A0F9-CFFAE6D35864/versions/0/supplements/0
2024-03-10 17:36:25.797 E  trustd[2927:2305] [com.apple.network:] -[NWOSURLEndpoint initWithURL:] failed to get scheme from <private>
2024-03-10 17:36:25.813 Df healthd[2868:2043] [com.apple.pairedsync:framework] -[PSYSyncCoordinator initWithServiceName:serviceLookupPath:]: com.apple.pairedsync.healthd
2024-03-10 17:36:25.814 A  homed[2972:2377] (BiomeStorage) _BMXPCFileManager._fileHandleForFileAtPath:flags:protection:error:
2024-03-10 17:36:25.802 E  trustd[2927:2305] [com.apple.network:] __nwlog_err_simulate_crash simulate crash already simulated "nw_proxy_config_create_pac_url called with null pac_url"
2024-03-10 17:36:25.806 A  runningboardd[2861:20ad] (RunningBoard) lookupHandleForKey
2024-03-10 17:36:25.823 E  appleaccountd[2922:2204] [com.apple.appleaccount:cloudKit] Failed to create CKSubscription for database: Shared
2024-03-10 17:36:25.807 E  trustd[2927:2305] [com.apple.network:] nw_proxy_config_create_pac_url called with null pac_url, dumping backtrace:
        [x86_64] libnetcore-3013.60.42
    0   Network                             0x00007ff805a3a7e7 __nw_create_backtrace_string + 135
    1   Network                             0x00007ff80598c7c3 nw_proxy_config_create_pac_url + 963
    2   Network                             0x00007ff8059927d3 __nw_proxy_configs_create_with_schema_array_block_invoke + 243
    3   libxpc.dylib                        0x00007ff80007e9cb xpc_array_apply + 62
    4   Network                             0x00007ff8059922a1 nw_proxy_configs_create_with_schema_array + 145
    5   Network                             0x00007ff805c8e7ae __nw_path_copy_proxy_configs_block_invoke_2 + 62
    6   libxpc.dylib                        0x00007ff80007e9cb xpc_array_apply + 62
    7   Network                             0x00007ff805c8e726 __nw_path_copy_proxy_configs_block_invoke + 182
    8   Network                             0x00007ff805c8e377 nw_path_copy_proxy_configs + 231
    9   Network <>
2024-03-10 17:36:25.824 Df homed[2972:2377] [com.apple.xpc.activity:Client] xpc_activity_register: com.apple.homed.HMDMobileAssetManager.BackgroundActivityScheduler, criteria: dictionary
2024-03-10 17:36:25.826 Df healthd[2868:2043] (PairedSync) Error: Could not create service from plist at path: file:///Volumes/Xcode/Xcode_14.2.app/Contents/Developer/Platforms/iPhoneOS.platform/Library/Developer/CoreSimulator/Profiles/Runtimes/iOS.simruntime/Contents/Resources/RuntimeRoot/System/Library/PairedSyncServices/com.apple.pairedsync.healthd.plist. Returning nil PSYSyncCoordinator for service name com.apple.pairedsync.healthd.  Please check that your plist exists and is in the correct format.
2024-03-10 17:36:25.824 Df homed[2972:2377] [com.apple.xpc.activity:Client] _xpc_activity_register: com.apple.homed.HMDMobileAssetManager.BackgroundActivityScheduler (0x600002b0c500), 0
2024-03-10 17:36:25.808 A  runningboardd[2861:20ac] (RunningBoard) statesForPredicate
2024-03-10 17:36:25.808 Df trustd[2927:2305] [com.apple.network:connection] [C7.1.1.1 17.253.5.202:443 in_progress socket-flow (satisfied (Path is satisfied), interface: en3, proxy)] event: flow:start_connect @0.103s
2024-03-10 17:36:25.832 Df healthd[2868:2043] [com.apple.UserNotifications:Connections] [com.apple.Health] Creating a user notification center
2024-03-10 17:36:25.824 Df homed[2972:2377] [com.apple.xpc.activity:Client] xpc_activity_set_criteria: com.apple.homed.HMDMobileAssetManager.BackgroundActivityScheduler (0x600002b0c500), dict
2024-03-10 17:36:25.806 Df runningboardd[2861:20aa] [com.apple.libxpc.OSLaunchdJob:all] <OSLaunchdJob | handle=9C5715CD-A5F3-4CD7-B42F-831D02294634>: copyJobWithPid:2868 created a job
2024-03-10 17:36:25.833 Df homed[2972:2377] [com.apple.HomeKit:capabilities.controller] [(null)] Finished loading current capabilities
2024-03-10 17:36:25.811 Df runningboardd[2861:20ac] [com.apple.libxpc.OSLaunchdJob:all] <OSLaunchdJob | handle=9C5715CD-A5F3-4CD7-B42F-831D02294634>: monitor initial info is running, pid=2868
2024-03-10 17:36:25.836 E  cfprefsd[2896:207c] [com.apple.defaults:cfprefsd] Couldn't open parent path due to [2: No such file or directory]
2024-03-10 17:36:25.838 Df accountsd[2906:2122] [com.apple.accounts:core] "<NSXPCConnection: 0x6000010b86e0> connection from pid 2933 on mach service named com.apple.accountsd.accountmanager (ind) received"
2024-03-10 17:36:25.838 E  cfprefsd[2896:207c] [com.apple.defaults:cfprefsd] Couldn't open parent path due to [2: No such file or directory]
2024-03-10 17:36:25.840 Df healthd[2868:25cb] [com.apple.runningboard:connection] Handshake succeeded
2024-03-10 17:36:25.813 Df PosterBoard[2983:25b0] [com.apple.FileURL:default] kExcludedFromBackupXattrName set on path: /Users/chef/Library/Developer/CoreSimulator/Devices/FA441BBB-4AC7-424C-8E75-DDA61780E4A0/data/Library/Application Support/PRBPosterExtensionDataStore/59/Extensions/com.apple.GradientPoster.GradientPosterExtension/descriptors/1E32F16F-9A3D-4984-A0F9-CFFAE6D35864/versions/0/contents
2024-03-10 17:36:25.812 Df runningboardd[2861:20ac] [com.apple.runningboard:general] [osservice<com.apple.healthd>:2868] reported to RB as running
2024-03-10 17:36:25.834 Df trustd[2927:218f] [com.apple.network:connection] nw_socket_handle_socket_event [C7.1.1.1:3] Socket received CONNECTED event
2024-03-10 17:36:25.840 Df healthd[2868:25cb] [com.apple.runningboard:connection] Identity resolved as osservice<com.apple.healthd>
2024-03-10 17:36:25.814 A  runningboardd[2861:20aa] (RunningBoard) handshakeWithRequest
2024-03-10 17:36:25.834 Df trustd[2927:218f] [com.apple.network:connection] nw_flow_connected [C7.1.1.1 17.253.5.202:443 in_progress socket-flow (satisfied (Path is satisfied), interface: en3, proxy)] Transport protocol connected (socket)
2024-03-10 17:36:25.819 Df runningboardd[2861:20ac] [com.apple.libxpc.OSLaunchdJob:all] <OSLaunchdJob | handle=9C5715CD-A5F3-4CD7-B42F-831D02294634>: starting monitoring
2024-03-10 17:36:25.855 Df voiced[2994:24f6] [com.apple.voiceserviceslogging:event] Voice update decision: shouldDownload:0, canUseBattery:1. Reason: triggerType:2, compactVoiceSelected:0, mismatchedVoiceName:0, activeSiriUser:1, serverExperimentDelay:0
2024-03-10 17:36:25.825 Df runningboardd[2861:20aa] [com.apple.runningboard:connection] Setting client for [osservice<com.apple.healthd>:2868] as ready
2024-03-10 17:36:25.855 Df voiced[2994:24f6] [com.apple.voiceserviceslogging:event] Updating VoiceResource for 'en-US'
2024-03-10 17:36:25.834 Df runningboardd[2861:20aa] [com.apple.runningboard:connection] Received handshake request from 2868 with 0 assertion descriptors
2024-03-10 17:36:25.856 Df voiced[2994:24f6] [com.apple.voiceserviceslogging:event] #Trial Enqueue downloading resource: VoiceResource: en-US_CV(null)
2024-03-10 17:36:25.836 Df runningboardd[2861:20aa] [com.apple.runningboard:connection] Handshake successful with 2868; sending response
2024-03-10 17:36:25.834 Df trustd[2927:218f] [com.apple.network:connection] [C7.1.1.1 17.253.5.202:443 in_progress socket-flow (satisfied (Path is satisfied), interface: en3, proxy)] event: flow:finish_transport @0.130s
2024-03-10 17:36:25.841 Df PosterBoard[2983:25b0] [com.apple.FileURL:default] kExcludedFromBackupXattrName set on path: /Users/chef/Library/Developer/CoreSimulator/Devices/FA441BBB-4AC7-424C-8E75-DDA61780E4A0/data/Library/Application Support/PRBPosterExtensionDataStore/59/Extensions/com.apple.GradientPoster.GradientPosterExtension/descriptors/1E32F16F-9A3D-4984-A0F9-CFFAE6D35864/versions/0/contents/com.apple.posterkit.provider.contents.galleryOptions
2024-03-10 17:36:25.853 Df homed[2972:2377] [com.apple.HomeKit:default] Opening database context: <HMBLocalSQLContext, Context: {length = 8, bytes = 0x0000000000000000}, Url: file:///Users/chef/Library/Developer/CoreSimulator/Devices/FA441BBB-4AC7-424C-8E75-DDA61780E4A0/data/Library/homed/datastore3.sqlite, Readonly: NO>
2024-03-10 17:36:25.871 Df chronod[2903:2289] [com.apple.chrono:descriptor] [com.apple.PassbookStub.PassbookWidgets] scheduling query
2024-03-10 17:36:25.872 Df voiced[2994:24f8] [com.apple.voiceserviceslogging:default] #Trial Found local resource, skip downloading. Target resource: <VSTrialVoiceResource: 0x600000d8f0c0>
