2024-03-10 17:36:25.430 Df triald[2924:25b7] [com.apple.triald:server] Received RolloutNotification with CKRecordID <CKRecordID: 0x6000034edc60; recordName=6fdd53be-1abb-4563-8d2b-0aae3dfbce70, zoneID=_defaultZone:__defaultOwner__>
2024-03-10 17:36:25.434 E  SpringBoard[2857:232c] [com.apple.UserNotifications:DataStore] No data found at /Users/chef/Library/Developer/CoreSimulator/Devices/FA441BBB-4AC7-424C-8E75-DDA61780E4A0/data/Library/UserNotifications/8E18E48A-DD46-4CB2-AF76-3A88DBC45B34/Schedule.plist
2024-03-10 17:36:25.432 Df cloudd[2910:21f0] (CFNetwork) Task <260B3B1F-CCE8-408D-B5B8-951C7E9FBF24>.<1> auth completion disp=1 cred=0x0
2024-03-10 17:36:25.426 Df geod[2982:23f7] (CFNetwork) Connection 27: done
2024-03-10 17:36:25.438 Df SpringBoard[2857:232c] [com.apple.UserNotifications:LocalNotifications] [com.apple.Preferences] Load last local notification fire date: (null)
2024-03-10 17:36:25.448 Df trustd[2927:21c8] [com.apple.securityd:ocsp] ocsp responder: (null) did not include status of requested cert
2024-03-10 17:36:25.434 Df SpringBoard[2857:2593] [com.apple.UserNotifications:Connections] [com.apple.shortcuts.AutomationLockscreenNotifications] Setting 1 notification categories
2024-03-10 17:36:25.448 Df trustd[2927:21c8] [com.apple.securityd:policy] cert[0]: AnchorApple =(path)[]> 0
2024-03-10 17:36:25.440 Df SpringBoard[2857:232c] [com.apple.UserNotifications:LocalNotifications] [com.apple.Preferences] Find next notification with current trigger date after last fire date 0001-01-01 00:00:00.000 +0000
2024-03-10 17:36:25.434 Df triald[2924:25b7] [com.apple.triald:server] Received RolloutNotification with CKRecordID <CKRecordID: 0x6000034eef80; recordName=91d178a0-9b06-4c74-b8ae-e39b2c52844e, zoneID=_defaultZone:__defaultOwner__>
2024-03-10 17:36:25.439 Df triald[2924:25b7] [com.apple.triald:server] Received RolloutNotification with CKRecordID <CKRecordID: 0x6000034ecaa0; recordName=d854b12b-b4f4-4fb4-bc7c-296df32d1b3c, zoneID=_defaultZone:__defaultOwner__>
2024-03-10 17:36:25.439 Df triald[2924:25b7] [com.apple.triald:server] Received RolloutNotification with CKRecordID <CKRecordID: 0x6000034edd00; recordName=7366fd05-68e7-47d0-9e47-f9108866fa48, zoneID=_defaultZone:__defaultOwner__>
2024-03-10 17:36:25.441 Df SpringBoard[2857:232c] [com.apple.UserNotifications:LocalNotifications] [com.apple.Preferences] No upcoming local notifications
2024-03-10 17:36:25.442 Df SpringBoard[2857:232c] [com.apple.UserNotifications:LocalNotifications] [com.apple.Preferences] Update regions for 0 pending notifications
2024-03-10 17:36:25.443 Df SpringBoard[2857:232c] [com.apple.UserNotifications:DataProviderFactory] [com.apple.shortcuts] Default data provider section info did change
2024-03-10 17:36:25.445 Df SpringBoard[2857:232c] [com.apple.UserNotifications:DataProviderFactory] [com.apple.shortcuts] User notification settings were enabled
2024-03-10 17:36:25.443 Df SpringBoard[2857:2593] [com.apple.UserNotifications:Connections] [com.apple.shortcuts] Getting delivered notifications
2024-03-10 17:36:25.443 Df SpringBoard[2857:258d] [com.apple.UserNotifications:RemoteNotifications] [com.apple.Preferences] Update enabled user notifications for remote notifications: YES
2024-03-10 17:36:25.454 Df SpringBoard[2857:258d] [com.apple.UserNotifications:RemoteNotifications] [com.apple.Preferences] Enable user notifications for remote notifications
2024-03-10 17:36:25.454 Df SpringBoard[2857:258d] [com.apple.UserNotifications:LocalNotifications] [com.apple.Preferences] Enabled visible user notifications for remote notifications
2024-03-10 17:36:25.454 Df SpringBoard[2857:258d] [com.apple.UserNotifications:RemoteNotifications] Calcualate topics because user notification settings authorization changed
2024-03-10 17:36:25.443 A  SpringBoard[2857:258c] (CoreLocation) CL: CLLocationManager
2024-03-10 17:36:25.433 A  cloudd[2910:21f0] (Security) SecTrustEvaluateIfNecessaryFastAsync
2024-03-10 17:36:25.451 Df SpringBoard[2857:232c] [com.apple.UserNotifications:DataProviderFactory] [com.apple.shortcuts] Notify observers that user notifications settings were updated
2024-03-10 17:36:25.435 Df cloudd[2910:21f0] [com.apple.securityd:xpc] user sessions enabled, targeting 600
2024-03-10 17:36:25.454 Df SpringBoard[2857:258c] [com.apple.locationd.Core:Client] {"msg":"CLLocationManager", "event":activity, "_cmd":monitoredRegions, "self":"0x6000005a94f0"}
2024-03-10 17:36:25.455 E  SpringBoard[2857:232c] [com.apple.UserNotifications:DataStore] No data found at /Users/chef/Library/Developer/CoreSimulator/Devices/FA441BBB-4AC7-424C-8E75-DDA61780E4A0/data/Library/UserNotifications/2AAA643A-7F98-4195-8027-BEC10B683ED3/PendingNotifications.plist
2024-03-10 17:36:25.455 Df SpringBoard[2857:232c] [com.apple.UserNotifications:LocalNotifications] [com.apple.shortcuts] Load 0 pending notification dictionaries
2024-03-10 17:36:25.431 Df PosterBoard[2983:257b] [com.apple.FileURL:default] kExcludedFromBackupXattrName set on path: /Users/chef/Library/Developer/CoreSimulator/Devices/FA441BBB-4AC7-424C-8E75-DDA61780E4A0/data/Library/Application Support/PRBPosterExtensionDataStore/59/Extensions/com.apple.GradientPoster.GradientPosterExtension/staticdescriptors/6144315F-19E2-4E20-8325-8D35026179D9/versions/0/contents/com.apple.posterkit.provider.contents.galleryOptions
2024-03-10 17:36:25.433 Df geod[2982:23f7] (CFNetwork) Connection 29: TLS Trust result 0
2024-03-10 17:36:25.455 E  SpringBoard[2857:232c] [com.apple.UserNotifications:DataStore] No data found at /Users/chef/Library/Developer/CoreSimulator/Devices/FA441BBB-4AC7-424C-8E75-DDA61780E4A0/data/Library/UserNotifications/2AAA643A-7F98-4195-8027-BEC10B683ED3/Schedule.plist
2024-03-10 17:36:25.423 Df cloudd[2910:2531] [com.apple.c2:default] [<C2SessionTask: 0x600003ee4ba0> setTask:LocalDataTask <7EE33BE7-9570-4CBF-B0D0-11754BA18705>.<3>]
2024-03-10 17:36:25.437 Df geod[2982:23f7] [com.apple.network:boringssl] boringssl_context_evaluate_trust_async_external_block_invoke_3(1576) [C29.1.1.1:2][0x7fd7d4219fe0] Returning from external verify block with result: true
2024-03-10 17:36:25.455 Df SpringBoard[2857:232c] [com.apple.UserNotifications:LocalNotifications] [com.apple.shortcuts] Load last local notification fire date: (null)
2024-03-10 17:36:25.442 Df geod[2982:23f7] [com.apple.network:boringssl] boringssl_context_certificate_verify_callback(1797) [C29.1.1.1:2][0x7fd7d4219fe0] Certificate verification result: OK
2024-03-10 17:36:25.456 Df SpringBoard[2857:232c] [com.apple.UserNotifications:LocalNotifications] [com.apple.shortcuts] Update timers for 0 pending notifications (monitoring: 0)
2024-03-10 17:36:25.456 Df SpringBoard[2857:2593] [com.apple.UserNotifications:Connections] [com.apple.shortcuts] Getting delivered notifications
2024-03-10 17:36:25.440 Df cloudd[2910:2531] [com.apple.c2:default] created task (CKDQueryURLRequest requestUUID:A03B168D-1858-4BCB-898F-93108FA815BD). nsurlsessionCached (T). configurationName (route=gateway.icloud.com:outOfProcess=F:powerNap=F:app=com.apple.siri.embeddedspeech).
2024-03-10 17:36:25.444 Df geod[2982:23f7] [com.apple.network:boringssl] boringssl_context_info_handler(2069) [C29.1.1.1:2][0x7fd7d4219fe0] Client handshake state: TLS 1.3 client read_server_finished
2024-03-10 17:36:25.456 Df SpringBoard[2857:232c] [com.apple.UserNotifications:LocalNotifications] [com.apple.shortcuts] Invalidate persistent timer
2024-03-10 17:36:25.457 Df SpringBoard[2857:258c] [com.apple.UserNotifications:LocalNotifications] [com.apple.Preferences] Setting 0 monitored regions [ stop: 0 start: 0 ]
2024-03-10 17:36:25.457 E  SpringBoard[2857:232c] [com.apple.UserNotifications:DataStore] No data found at /Users/chef/Library/Developer/CoreSimulator/Devices/FA441BBB-4AC7-424C-8E75-DDA61780E4A0/data/Library/UserNotifications/2AAA643A-7F98-4195-8027-BEC10B683ED3/Schedule.plist
2024-03-10 17:36:25.445 Df geod[2982:23f7] [com.apple.network:boringssl] boringssl_context_info_handler(2069) [C29.1.1.1:2][0x7fd7d4219fe0] Client handshake state: TLS 1.3 client send_end_of_early_data
2024-03-10 17:36:25.457 Df SpringBoard[2857:232c] [com.apple.UserNotifications:LocalNotifications] [com.apple.shortcuts] Load last local notification fire date: (null)
2024-03-10 17:36:25.447 Df geod[2982:23f7] [com.apple.network:boringssl] boringssl_context_info_handler(2069) [C29.1.1.1:2][0x7fd7d4219fe0] Client handshake state: TLS 1.3 client send_client_encrypted_extensions
2024-03-10 17:36:25.459 Df SpringBoard[2857:232c] [com.apple.UserNotifications:LocalNotifications] [com.apple.shortcuts] Find next notification with current trigger date after last fire date 0001-01-01 00:00:00.000 +0000
2024-03-10 17:36:25.457 Df geod[2982:23f7] [com.apple.network:boringssl] boringssl_context_info_handler(2069) [C29.1.1.1:2][0x7fd7d4219fe0] Client handshake state: TLS 1.3 client send_client_certificate
2024-03-10 17:36:25.459 Df SpringBoard[2857:232c] [com.apple.UserNotifications:LocalNotifications] [com.apple.shortcuts] No upcoming local notifications
2024-03-10 17:36:25.466 Df SpringBoard[2857:232c] [com.apple.UserNotifications:LocalNotifications] [com.apple.shortcuts] Update regions for 0 pending notifications
2024-03-10 17:36:25.457 Df geod[2982:23f7] [com.apple.network:boringssl] boringssl_context_info_handler(2069) [C29.1.1.1:2][0x7fd7d4219fe0] Client handshake state: TLS 1.3 client complete_second_flight
2024-03-10 17:36:25.466 Df SpringBoard[2857:232c] [com.apple.UserNotifications:DataProviderFactory] [com.apple.siri] Default data provider section info did change
2024-03-10 17:36:25.459 Df geod[2982:23f7] [com.apple.network:boringssl] boringssl_context_info_handler(2069) [C29.1.1.1:2][0x7fd7d4219fe0] Client handshake state: TLS 1.3 client done
2024-03-10 17:36:25.467 Df SpringBoard[2857:258c] [com.apple.UserNotifications:RemoteNotifications] [com.apple.shortcuts] Update enabled user notifications for remote notifications: YES
2024-03-10 17:36:25.466 A  SpringBoard[2857:2593] (CoreLocation) CL: CLLocationManager
2024-03-10 17:36:25.459 Df geod[2982:23f7] [com.apple.network:boringssl] boringssl_context_info_handler(2069) [C29.1.1.1:2][0x7fd7d4219fe0] Client handshake state: TLS client finish_client_handshake
2024-03-10 17:36:25.458 Df cloudd[2910:2531] (CFNetwork) Task <7EE33BE7-9570-4CBF-B0D0-11754BA18705>.<3> resuming, timeouts(300.0, 604800.0) QOS(0x11) Voucher <OS_voucher: 0x6000039e74d0>
2024-03-10 17:36:25.468 Df SpringBoard[2857:258c] [com.apple.UserNotifications:RemoteNotifications] [com.apple.shortcuts] Enable user notifications for remote notifications
2024-03-10 17:36:25.458 Df cloudd[2910:2531] (CFNetwork) [Telemetry]: Activity <nw_activity 12:2[3546C276-79AB-4BD5-A3C0-4C9A9EDFEAF2] (reporting strategy default)> on Task <7EE33BE7-9570-4CBF-B0D0-11754BA18705>.<3> was not selected for reporting
2024-03-10 17:36:25.468 Df SpringBoard[2857:2593] [com.apple.locationd.Core:Client] {"msg":"CLLocationManager", "event":activity, "_cmd":monitoredRegions, "self":"0x6000005a94f0"}
2024-03-10 17:36:25.459 Df cloudd[2910:2526] [com.apple.CFNetwork:ATS] Task <7EE33BE7-9570-4CBF-B0D0-11754BA18705>.<3> {strength 0, tls 4, sub 0, sig 1, ciphers 0, bundle 1, builtin 0}
2024-03-10 17:36:25.467 Df SpringBoard[2857:232c] [com.apple.UserNotifications:DataProviderFactory] [com.apple.siri] User notification settings were enabled
2024-03-10 17:36:25.460 Df cloudd[2910:2526] [com.apple.network:connection] [C4] event: client:connection_reused @1.032s
2024-03-10 17:36:25.458 Df PosterBoard[2983:257b] [com.apple.FileURL:default] kExcludedFromBackupXattrName set on path: /Users/chef/Library/Developer/CoreSimulator/Devices/FA441BBB-4AC7-424C-8E75-DDA61780E4A0/data/Library/Application Support/PRBPosterExtensionDataStore/59/Extensions/com.apple.GradientPoster.GradientPosterExtension/staticdescriptors/6144315F-19E2-4E20-8325-8D35026179D9/versions/0/contents/.com.apple.posterkit.provider.contents.configurableOptions.plist
2024-03-10 17:36:25.470 Df SpringBoard[2857:232c] [com.apple.UserNotifications:DataProviderFactory] [com.apple.siri] Notify observers that user notifications settings were updated
2024-03-10 17:36:25.471 E  SpringBoard[2857:232c] [com.apple.UserNotifications:DataStore] No data found at /Users/chef/Library/Developer/CoreSimulator/Devices/FA441BBB-4AC7-424C-8E75-DDA61780E4A0/data/Library/UserNotifications/3F1BFD27-FF1A-45C7-AE68-6856C3E51FD6/PendingNotifications.plist
2024-03-10 17:36:25.471 Df SpringBoard[2857:232c] [com.apple.UserNotifications:LocalNotifications] [com.apple.siri] Load 0 pending notification dictionaries
2024-03-10 17:36:25.468 Df geod[2982:23f7] [com.apple.network:boringssl] boringssl_context_info_handler(2069) [C29.1.1.1:2][0x7fd7d4219fe0] Client handshake state: TLS client done
2024-03-10 17:36:25.469 Df SpringBoard[2857:258c] [com.apple.UserNotifications:LocalNotifications] [com.apple.shortcuts] Enabled visible user notifications for remote notifications
2024-03-10 17:36:25.471 Df SpringBoard[2857:258c] [com.apple.UserNotifications:RemoteNotifications] Calcualate topics because user notification settings authorization changed
2024-03-10 17:36:25.468 Df geod[2982:23f7] [com.apple.network:boringssl] boringssl_context_info_handler(2058) [C29.1.1.1:2][0x7fd7d4219fe0] Client handshake done
2024-03-10 17:36:25.476 Df cloudd[2910:2526] (CFNetwork) Task <7EE33BE7-9570-4CBF-B0D0-11754BA18705>.<3> TAKING power assertion.
2024-03-10 17:36:25.471 E  SpringBoard[2857:232c] [com.apple.UserNotifications:DataStore] No data found at /Users/chef/Library/Developer/CoreSimulator/Devices/FA441BBB-4AC7-424C-8E75-DDA61780E4A0/data/Library/UserNotifications/3F1BFD27-FF1A-45C7-AE68-6856C3E51FD6/Schedule.plist
2024-03-10 17:36:25.469 Df geod[2982:23f7] [com.apple.network:boringssl] nw_protocol_boringssl_signal_connected(738) [C29.1.1.1:2][0x7fd7d4219fe0] TLS connected [version(0x0304) ciphersuite(TLS_AES_256_GCM_SHA384) group(0x001d) signature_alg(0x0403) alpn(http/1.1) resumed(0) offered_ticket(0) false_started(0) ocsp_received(1) sct_received(0) connect_time(503ms) flight_time(270ms) rtt(261ms) write_stalls(0) read_stalls(2)]
2024-03-10 17:36:25.477 Df cloudd[2910:2526] [com.apple.network:connection] [C4] event: client:connection_idle @1.049s
2024-03-10 17:36:25.474 Df SpringBoard[2857:232c] [com.apple.UserNotifications:LocalNotifications] [com.apple.siri] Load last local notification fire date: (null)
2024-03-10 17:36:25.469 Df geod[2982:23f7] [com.apple.network:connection] nw_flow_connected [C29.1.1.1 104.123.154.200:443 in_progress socket-flow (satisfied (Path is satisfied), interface: en3, proxy)] Output protocol connected (CFNetworkConnection-396959812)
2024-03-10 17:36:25.477 Df cloudd[2910:21f0] (CFNetwork) Task <7EE33BE7-9570-4CBF-B0D0-11754BA18705>.<3> RELEASING power assertion.
2024-03-10 17:36:25.475 Df PosterBoard[2983:257b] [com.apple.FileURL:default] kExcludedFromBackupXattrName set on path: /Users/chef/Library/Developer/CoreSimulator/Devices/FA441BBB-4AC7-424C-8E75-DDA61780E4A0/data/Library/Application Support/PRBPosterExtensionDataStore/59/Extensions/com.apple.GradientPoster.GradientPosterExtension/staticdescriptors/6144315F-19E2-4E20-8325-8D35026179D9/versions/0/contents/com.apple.posterkit.provider.contents.userInfo
2024-03-10 17:36:25.474 Df SpringBoard[2857:232c] [com.apple.UserNotifications:LocalNotifications] [com.apple.siri] Update timers for 0 pending notifications (monitoring: 0)
2024-03-10 17:36:25.474 Df SpringBoard[2857:232c] [com.apple.UserNotifications:LocalNotifications] [com.apple.siri] Invalidate persistent timer
2024-03-10 17:36:25.470 Df geod[2982:23f7] [com.apple.network:connection] [C29.1.1.1 104.123.154.200:443 ready socket-flow (satisfied (Path is satisfied), interface: en3, proxy)] event: flow:child_finish_connect @0.675s
2024-03-10 17:36:25.474 Df SpringBoard[2857:2593] [com.apple.UserNotifications:LocalNotifications] [com.apple.shortcuts] Setting 0 monitored regions [ stop: 0 start: 0 ]
2024-03-10 17:36:25.471 Df geod[2982:23f7] [com.apple.network:connection] [C29 104.123.154.200:443 in_progress parent-flow (satisfied (Path is satisfied), interface: en3)] event: flow:start_connect @0.675s
2024-03-10 17:36:25.478 A  cloudd[2910:21f0] (CloudKitDaemon) url-request-transmission
2024-03-10 17:36:25.476 E  SpringBoard[2857:232c] [com.apple.UserNotifications:DataStore] No data found at /Users/chef/Library/Developer/CoreSimulator/Devices/FA441BBB-4AC7-424C-8E75-DDA61780E4A0/data/Library/UserNotifications/3F1BFD27-FF1A-45C7-AE68-6856C3E51FD6/Schedule.plist
2024-03-10 17:36:25.471 Df geod[2982:23f7] [com.apple.network:connection] nw_flow_connected [C29.1.1.1 104.123.154.200:443 ready socket-flow (satisfied (Path is satisfied), interface: en3, proxy)] Transport protocol connected (socket)
2024-03-10 17:36:25.478 Df cloudd[2910:21f0] [com.apple.cloudkit.sim:Request] req: A03B168D-1858-4BCB-898F-93108FA815BD, "requestForEstablishedConnection"
2024-03-10 17:36:25.478 Df SpringBoard[2857:232c] [com.apple.UserNotifications:LocalNotifications] [com.apple.siri] Load last local notification fire date: (null)
2024-03-10 17:36:25.484 Df trustd[2927:21c8] [com.apple.securityd:policy] cert[0]: AnchorApple =(path)[]> 0
2024-03-10 17:36:25.479 Df cloudd[2910:21f0] [com.apple.CFNetwork:ATS] Task <7EE33BE7-9570-4CBF-B0D0-11754BA18705>.<3> {strength 0, tls 4, sub 0, sig 1, ciphers 0, bundle 1, builtin 0}
2024-03-10 17:36:25.478 Df geod[2982:23f7] [com.apple.network:connection] [C29.1.1.1 104.123.154.200:443 ready socket-flow (satisfied (Path is satisfied), interface: en3, proxy)] event: flow:finish_transport @0.683s
2024-03-10 17:36:25.479 Df SpringBoard[2857:232c] [com.apple.UserNotifications:LocalNotifications] [com.apple.siri] Find next notification with current trigger date after last fire date 0001-01-01 00:00:00.000 +0000
2024-03-10 17:36:25.479 Df cloudd[2910:21f0] [com.apple.network:connection] [C4] event: client:connection_reused @1.052s
2024-03-10 17:36:25.479 Df geod[2982:23f7] [com.apple.network:connection] [C29.1.1 gspe21-ssl.ls.apple.com:443 ready resolver (satisfied (Path is satisfied), interface: en3, proxy)] event: flow:finish_transport @0.683s
2024-03-10 17:36:25.484 Df trustd[2927:21c8] [com.apple.securityd:policy] cert[0]: IntermediateMarkerOid =(path)[force]> 0
2024-03-10 17:36:25.479 Df SpringBoard[2857:232c] [com.apple.UserNotifications:LocalNotifications] [com.apple.siri] No upcoming local notifications
2024-03-10 17:36:25.480 Df geod[2982:23f7] [com.apple.network:connection] [C29.1 gspe21-ssl.ls.apple.com:443 ready transform (satisfied (Path is satisfied), interface: en3)] event: flow:finish_transport @0.684s
2024-03-10 17:36:25.480 Df SpringBoard[2857:232c] [com.apple.UserNotifications:LocalNotifications] [com.apple.siri] Update regions for 0 pending notifications
2024-03-10 17:36:25.482 A  SpringBoard[2857:2593] (CoreLocation) CL: CLLocationManager
2024-03-10 17:36:25.482 Df SpringBoard[2857:232c] [com.apple.UserNotifications:DataProviderFactory] [com.apple.Passbook] Default data provider section info did change
2024-03-10 17:36:25.485 Df geod[2982:23f7] [com.apple.network:connection] nw_flow_connected [C29.1.1.1 104.123.154.200:443 ready socket-flow (satisfied (Path is satisfied), interface: en3, proxy)] Output protocol connected (CFNetworkConnection-396959812)
2024-03-10 17:36:25.482 Df SpringBoard[2857:258c] [com.apple.UserNotifications:RemoteNotifications] [com.apple.siri] Update enabled user notifications for remote notifications: YES
2024-03-10 17:36:25.484 Df SpringBoard[2857:232c] [com.apple.UserNotifications:DataProviderFactory] [com.apple.Passbook] User notification settings were enabled
2024-03-10 17:36:25.486 Df geod[2982:23f7] [com.apple.network:connection] nw_flow_connected [C29 104.123.154.200:443 in_progress parent-flow (satisfied (Path is satisfied), interface: en3)] Output protocol connected (endpoint_flow)
2024-03-10 17:36:25.484 Df SpringBoard[2857:2593] [com.apple.locationd.Core:Client] {"msg":"CLLocationManager", "event":activity, "_cmd":monitoredRegions, "self":"0x6000005a94f0"}
2024-03-10 17:36:25.485 Df SpringBoard[2857:232c] [com.apple.UserNotifications:DataProviderFactory] [com.apple.Passbook] Notify observers that user notifications settings were updated
2024-03-10 17:36:25.489 Df geod[2982:23f7] [com.apple.network:connection] [C29 104.123.154.200:443 ready parent-flow (satisfied (Path is satisfied), viable, interface: en3)] event: flow:finish_connect @0.694s
2024-03-10 17:36:25.485 Df SpringBoard[2857:258c] [com.apple.UserNotifications:RemoteNotifications] [com.apple.siri] Enable user notifications for remote notifications
2024-03-10 17:36:25.489 Df SpringBoard[2857:2593] [com.apple.UserNotifications:LocalNotifications] [com.apple.siri] Setting 0 monitored regions [ stop: 0 start: 0 ]
2024-03-10 17:36:25.492 Df geod[2982:23f7] [com.apple.network:connection] nw_connection_report_state_with_handler_on_nw_queue [C29] reporting state ready
2024-03-10 17:36:25.492 Df SpringBoard[2857:258c] [com.apple.UserNotifications:LocalNotifications] [com.apple.siri] Enabled visible user notifications for remote notifications
2024-03-10 17:36:25.494 Df geod[2982:23f7] [com.apple.network:connection] [C29 104.123.154.200:443 ready parent-flow (satisfied (Path is satisfied), viable, interface: en3)] event: flow:changed_viability @0.698s
2024-03-10 17:36:25.489 Df SpringBoard[2857:232c] [com.apple.UserNotifications:DataProviderFactory] [com.apple.Home] Default data provider section info did change
2024-03-10 17:36:25.495 Df geod[2982:23f7] [com.apple.network:connection] [C29.1.1 gspe21-ssl.ls.apple.com:443 ready resolver (satisfied (Path is satisfied), interface: en3, proxy)] event: flow:finish_transport @0.699s
2024-03-10 17:36:25.494 Df SpringBoard[2857:258c] [com.apple.UserNotifications:RemoteNotifications] Calcualate topics because user notification settings authorization changed
2024-03-10 17:36:25.496 Df geod[2982:23f7] [com.apple.network:connection] [C29.1 gspe21-ssl.ls.apple.com:443 ready transform (satisfied (Path is satisfied), viable, interface: en3)] event: flow:finish_transport @0.700s
2024-03-10 17:36:25.487 Df cloudd[2910:21f0] (CFNetwork) Task <7EE33BE7-9570-4CBF-B0D0-11754BA18705>.<3> TAKING power assertion.
2024-03-10 17:36:25.495 Df SpringBoard[2857:232c] [com.apple.UserNotifications:DataProviderFactory] [com.apple.Home] User notification settings were enabled
2024-03-10 17:36:25.496 Df geod[2982:23f7] [com.apple.network:connection] [C29 104.123.154.200:443 ready parent-flow (satisfied (Path is satisfied), viable, interface: en3)] event: flow:finish_transport @0.700s
2024-03-10 17:36:25.491 Df cloudd[2910:21f0] (CFNetwork) Task <7EE33BE7-9570-4CBF-B0D0-11754BA18705>.<3> now using Connection 4
2024-03-10 17:36:25.498 Df SpringBoard[2857:232c] [com.apple.UserNotifications:DataProviderFactory] [com.apple.Home] Notify observers that user notifications settings were updated
2024-03-10 17:36:25.496 Df geod[2982:23f7] [com.apple.network:connection] [C29.1.1.1 104.123.154.200:443 ready socket-flow (satisfied (Path is satisfied), interface: en3, proxy)] event: flow:changed_viability @0.701s
2024-03-10 17:36:25.491 Df cloudd[2910:21f0] (CFNetwork) Connection 5: TLS Trust result 0
2024-03-10 17:36:25.502 Df healthd[2868:2043] [com.apple.trial:_] Initializing TRIClient. Trial version: TrialXP_Sim-347.3.11
2024-03-10 17:36:25.497 Df geod[2982:23f7] [com.apple.network:connection] [C29.1.1 gspe21-ssl.ls.apple.com:443 ready resolver (satisfied (Path is satisfied), interface: en3, proxy)] event: flow:changed_viability @0.701s
2024-03-10 17:36:25.492 Df cloudd[2910:21f0] [com.apple.network:boringssl] boringssl_context_evaluate_trust_async_external_block_invoke_3(1576) [C5.1.1.1:2][0x7fcbd4f1de40] Returning from external verify block with result: true
2024-03-10 17:36:25.497 Df geod[2982:23f7] [com.apple.network:connection] [C29.1 gspe21-ssl.ls.apple.com:443 ready transform (satisfied (Path is satisfied), viable, interface: en3)] event: flow:changed_viability @0.701s
2024-03-10 17:36:25.509 Df voiced[2994:24f6] [com.apple.trial:_] Released managed-directory lock: /Users/chef/Library/Developer/CoreSimulator/Devices/FA441BBB-4AC7-424C-8E75-DDA61780E4A0/data/Library/Trial/NamespaceDescriptors/v2/factorPackSets/88b26bf3-6dcf-42dd-8c3d-06cba2bb1ea7
2024-03-10 17:36:25.492 Df cloudd[2910:21f0] [com.apple.network:boringssl] boringssl_context_certificate_verify_callback(1797) [C5.1.1.1:2][0x7fcbd4f1de40] Certificate verification result: OK
2024-03-10 17:36:25.498 Df geod[2982:23f7] [com.apple.network:connection] [C29 104.123.154.200:443 ready parent-flow (satisfied (Path is satisfied), viable, interface: en3)] event: flow:changed_viability @0.702s
2024-03-10 17:36:25.492 Df cloudd[2910:21f0] [com.apple.network:boringssl] boringssl_context_info_handler(2069) [C5.1.1.1:2][0x7fcbd4f1de40] Client handshake state: TLS client read_server_key_exchange
2024-03-10 17:36:25.498 Df geod[2982:23f7] [com.apple.network:connection] nw_flow_connected [C29 104.123.154.200:443 ready parent-flow (satisfied (Path is satisfied), viable, interface: en3)] Output protocol connected (endpoint_flow)
2024-03-10 17:36:25.494 Df cloudd[2910:21f0] [com.apple.network:boringssl] boringssl_context_info_handler(2069) [C5.1.1.1:2][0x7fcbd4f1de40] Client handshake state: TLS client read_certificate_request
2024-03-10 17:36:25.527 Df assistantd[2863:235a] [com.apple.xpc.activity:Client] xpc_activity_set_criteria: com.apple.siri.xpc_activity.peer_fetch (0x600003d8c460), setting state now to 0
2024-03-10 17:36:25.497 Df cloudd[2910:21f0] [com.apple.network:boringssl] boringssl_context_info_handler(2069) [C5.1.1.1:2][0x7fcbd4f1de40] Client handshake state: TLS client read_server_hello_done
2024-03-10 17:36:25.527 Df assistantd[2863:235a] [com.apple.xpc.activity:Client] _xpc_activity_set_state: com.apple.siri.xpc_activity.peer_fetch (0x600003d8c460), 0
2024-03-10 17:36:25.500 Df cloudd[2910:21f0] [com.apple.network:boringssl] boringssl_context_info_handler(2069) [C5.1.1.1:2][0x7fcbd4f1de40] Client handshake state: TLS client send_client_certificate
2024-03-10 17:36:25.530 Df healthd[2868:2043] [com.apple.xpc.activity:Client] xpc_activity_register: com.apple.healthd.database.journal.merge.secondary, criteria: check-in
2024-03-10 17:36:25.527 Df assistantd[2863:235a] [com.apple.xpc.activity:Client] __XPC_ACTIVITY_CALLING_HANDLER__: com.apple.siri.xpc_activity.peer_fetch (0x600003d8c460), current state 0, pending state 0
2024-03-10 17:36:25.531 Df syncdefaultsd[2908:2139] [com.apple.xpc.activity:Client] _xpc_activity_set_criteria: com.apple.KeyValueService.Production.Private.sync (0x6000035f43c0), check-in
2024-03-10 17:36:25.503 Df cloudd[2910:21f0] [com.apple.network:boringssl] boringssl_context_info_handler(2069) [C5.1.1.1:2][0x7fcbd4f1de40] Client handshake state: TLS client send_client_key_exchange
2024-03-10 17:36:25.530 A  passd[2882:24ac] (CoreFoundation) Loading Preferences From User Session CFPrefsD
2024-03-10 17:36:25.527 Df assistantd[2863:2357] [com.apple.xpc.activity:Client] _xpc_activity_set_criteria: com.apple.siri.xpc_activity.refresh_validation (0x600003df1fe0), check-in
2024-03-10 17:36:25.504 Df geod[2982:23f7] [com.apple.securityd:xpc] cleaning up unpooled xpc conn to trustd 0x600002d7ebc0
2024-03-10 17:36:25.505 Df cloudd[2910:21f0] [com.apple.network:boringssl] boringssl_context_info_handler(2069) [C5.1.1.1:2][0x7fcbd4f1de40] Client handshake state: TLS client send_client_certificate_verify
2024-03-10 17:36:25.514 Df geod[2982:23f7] (CFNetwork) Connection 29: connected successfully
2024-03-10 17:36:25.515 Df cloudd[2910:21f0] [com.apple.network:boringssl] boringssl_context_info_handler(2069) [C5.1.1.1:2][0x7fcbd4f1de40] Client handshake state: TLS client send_client_finished
2024-03-10 17:36:25.514 Df geod[2982:23ed] [com.apple.securityd:xpc] got event: Connection invalid
2024-03-10 17:36:25.522 Df cloudd[2910:21f0] [com.apple.network:boringssl] boringssl_context_info_handler(2069) [C5.1.1.1:2][0x7fcbd4f1de40] Client handshake state: TLS client finish_flight
2024-03-10 17:36:25.515 Df PosterBoard[2983:25b0] [com.apple.FileURL:default] kExcludedFromBackupXattrName set on path: /Users/chef/Library/Developer/CoreSimulator/Devices/FA441BBB-4AC7-424C-8E75-DDA61780E4A0/data/Library/Application Support/PRBPosterExtensionDataStore/59/Extensions/com.apple.GradientPoster.GradientPosterExtension/descriptors/E00CD1FD-7713-4965-AFEC-FDC5942063FC/versions/0
2024-03-10 17:36:25.535 Df healthd[2868:2043] [com.apple.xpc.activity:Client] _xpc_activity_register: com.apple.healthd.database.journal.merge.secondary (0x600003d506e0), 0
2024-03-10 17:36:25.519 Df geod[2982:23f7] (CFNetwork) Connection 29: TLS handshake complete
2024-03-10 17:36:25.525 Df cloudd[2910:21f0] [com.apple.network:boringssl] boringssl_context_info_handler(2069) [C5.1.1.1:2][0x7fcbd4f1de40] Client handshake state: TLS client read_session_ticket
2024-03-10 17:36:25.535 Df healthd[2868:2043] [com.apple.xpc.activity:Client] xpc_activity_set_criteria: com.apple.healthd.database.journal.merge.secondary (0x600003d506e0), check-in
2024-03-10 17:36:25.525 Df geod[2982:23f7] (CFNetwork) Connection 29: ready C(N) E(N)
2024-03-10 17:36:25.527 Df cloudd[2910:21f0] [com.apple.network:boringssl] boringssl_context_info_handler(2069) [C5.1.1.1:2][0x7fcbd4f1de40] Client handshake state: TLS client process_change_cipher_spec
2024-03-10 17:36:25.528 Df geod[2982:23f7] [com.apple.network:activity] [C29] event: client:end_activity @0.733s, activity <nw_activity 28:43[8D642677-FDF1-4AA7-A68E-880D83006CC7] (reporting strategy default)>
2024-03-10 17:36:25.531 Df geod[2982:23f7] (CFNetwork) Task <738852A5-283A-479A-8F4C-E50232411C81>.<1> now using Connection 29
2024-03-10 17:36:25.533 Df geod[2982:23f7] [com.apple.network:activity] [C29] event: client:start_activity @0.737s, activity <nw_activity 28:43[8D642677-FDF1-4AA7-A68E-880D83006CC7] (reporting strategy default)>
2024-03-10 17:36:25.533 Df cloudd[2910:21f0] [com.apple.securityd:xpc] cleaning up unpooled xpc conn to trustd 0x6000023f6060
2024-03-10 17:36:25.534 Df geod[2982:23f7] (CFNetwork) Connection 29: received viability advisory(Y)
2024-03-10 17:36:25.536 Df cloudd[2910:2532] [com.apple.securityd:xpc] got event: Connection invalid
2024-03-10 17:36:25.536 Df geod[2982:23f7] (CFNetwork) Task <738852A5-283A-479A-8F4C-E50232411C81>.<1> sent request, body N 0
2024-03-10 17:36:25.537 Df cloudd[2910:21f0] (CFNetwork) Task <7EE33BE7-9570-4CBF-B0D0-11754BA18705>.<3> sent request, body S 722
2024-03-10 17:36:25.536 Df PosterBoard[2983:25b0] [com.apple.FileURL:default] kExcludedFromBackupXattrName set on path: /Users/chef/Library/Developer/CoreSimulator/Devices/FA441BBB-4AC7-424C-8E75-DDA61780E4A0/data/Library/Application Support/PRBPosterExtensionDataStore/59/Extensions/com.apple.GradientPoster.GradientPosterExtension/descriptors/E00CD1FD-7713-4965-AFEC-FDC5942063FC/versions/0/supplements
2024-03-10 17:36:25.545 Df cloudd[2910:2526] [com.apple.network:boringssl] boringssl_context_info_handler(2069) [C5.1.1.1:2][0x7fcbd4f1de40] Client handshake state: TLS client read_server_finished
2024-03-10 17:36:25.549 Df SpringBoard[2857:232c] [com.apple.UserNotifications:Connections] [com.apple.Passbook] Setting 23 notification categories
2024-03-10 17:36:25.545 Df cloudd[2910:2526] [com.apple.network:boringssl] boringssl_context_info_handler(2069) [C5.1.1.1:2][0x7fcbd4f1de40] Client handshake state: TLS client finish_client_handshake
2024-03-10 17:36:25.545 Df cloudd[2910:2526] [com.apple.network:boringssl] boringssl_context_info_handler(2069) [C5.1.1.1:2][0x7fcbd4f1de40] Client handshake state: TLS client done
2024-03-10 17:36:25.546 Df cloudd[2910:2526] [com.apple.network:boringssl] boringssl_context_info_handler(2058) [C5.1.1.1:2][0x7fcbd4f1de40] Client handshake done
2024-03-10 17:36:25.547 Df PosterBoard[2983:25b0] [com.apple.FileURL:default] kExcludedFromBackupXattrName set on path: /Users/chef/Library/Developer/CoreSimulator/Devices/FA441BBB-4AC7-424C-8E75-DDA61780E4A0/data/Library/Application Support/PRBPosterExtensionDataStore/59/Extensions/com.apple.GradientPoster.GradientPosterExtension/descriptors/E00CD1FD-7713-4965-AFEC-FDC5942063FC/versions/0/supplements/0
2024-03-10 17:36:25.547 Df cloudd[2910:2526] [com.apple.network:boringssl] nw_protocol_boringssl_signal_connected(738) [C5.1.1.1:2][0x7fcbd4f1de40] TLS connected [version(0x0303) ciphersuite(TLS_ECDHE_ECDSA_WITH_AES_256_GCM_SHA384) group(0x001d) signature_alg(0x0403) alpn(h2) resumed(0) offered_ticket(0) false_started(0) ocsp_received(1) sct_received(0) connect_time(145ms) flight_time(44ms) rtt(21ms) write_stalls(0) read_stalls(4)]
2024-03-10 17:36:25.552 Df SpringBoard[2857:232c] [com.apple.UserNotifications:Connections] [com.apple.Passbook] Getting notification settings
2024-03-10 17:36:25.547 Df cloudd[2910:2526] [com.apple.network:connection] nw_flow_connected [C5.1.1.1 17.248.192.30:443 in_progress socket-flow (satisfied (Path is satisfied), interface: en3, proxy)] Output protocol connected (CFNetworkConnection-4056451166)
2024-03-10 17:36:25.555 E  ScreenTimeAgent[2987:257e] [com.apple.libsqlite3:logging] BUG IN CLIENT OF libsqlite3.dylib: database integrity compromised by API violation: vnode unlinked while in use: /Users/chef/Library/Developer/CoreSimulator/Devices/FA441BBB-4AC7-424C-8E75-DDA61780E4A0/data/Library/Application Support/com.apple.remotemanagementd/RMAdminStore-Local.sqlite-wal
2024-03-10 17:36:25.556 Df SpringBoard[2857:232c] [com.apple.UserNotifications:Settings] Getting effectiveSectionInfo for section identifier: com.apple.Passbook
2024-03-10 17:36:25.549 Df cloudd[2910:2526] [com.apple.network:connection] [C5.1.1.1 17.248.192.30:443 ready socket-flow (satisfied (Path is satisfied), interface: en3, proxy)] event: flow:child_finish_connect @0.236s
2024-03-10 17:36:25.555 E  ScreenTimeAgent[2987:257e] [com.apple.libsqlite3:logging] invalidated open fd: 8 (0x11)
2024-03-10 17:36:25.556 Df SpringBoard[2857:232c] [com.apple.UserNotifications:Settings] [com.apple.Passbook] Getting effective section info
2024-03-10 17:36:25.551 Df cloudd[2910:2526] [com.apple.network:connection] [C5 17.248.192.30:443 in_progress parent-flow (satisfied (Path is satisfied), interface: en3)] event: flow:start_connect @0.238s
2024-03-10 17:36:25.556 Df SpringBoard[2857:232c] [com.apple.BulletinBoard:Connection] Getting requested effective section info (sync)
2024-03-10 17:36:25.552 Df cloudd[2910:2526] [com.apple.network:connection] nw_flow_connected [C5.1.1.1 17.248.192.30:443 ready socket-flow (satisfied (Path is satisfied), interface: en3, proxy)] Transport protocol connected (socket)
2024-03-10 17:36:25.559 Df geod[2982:23f7] (CFNetwork) Task <738852A5-283A-479A-8F4C-E50232411C81>.<1> received response, status 200 content K
2024-03-10 17:36:25.559 Df SpringBoard[2857:232c] [com.apple.BulletinBoard:Connection] Got effective section info [ result: 0 ]
2024-03-10 17:36:25.552 Df cloudd[2910:2526] [com.apple.network:connection] [C5.1.1.1 17.248.192.30:443 ready socket-flow (satisfied (Path is satisfied), interface: en3, proxy)] event: flow:finish_transport @0.239s
2024-03-10 17:36:25.559 Df UserEventAgent[2858:2074] [com.apple.xpc.activity:Internal] Creating XPC Activity on XPC add event: com.apple.locationd.CLTilesManagerExternal
2024-03-10 17:36:25.559 Df SpringBoard[2857:232c] [com.apple.UserNotifications:Settings] [com.apple.Passbook] Got effective section info [ hasResult: 1 ]
2024-03-10 17:36:25.561 Df geod[2982:23f7] (CFNetwork) Task <738852A5-283A-479A-8F4C-E50232411C81>.<1> response ended
2024-03-10 17:36:25.553 Df cloudd[2910:2526] [com.apple.network:connection] [C5.1.1 metrics.icloud.com:443 ready resolver (satisfied (Path is satisfied), interface: en3, proxy)] event: flow:finish_transport @0.240s
2024-03-10 17:36:25.562 Df UserEventAgent[2858:2074] [com.apple.xpc.activity:Internal] Created XPC Activity: com.apple.locationd.CLTilesManagerExternal (0x7f8cf4a09c80)
2024-03-10 17:36:25.552 Df PosterBoard[2983:25b0] [com.apple.FileURL:default] kExcludedFromBackupXattrName set on path: /Users/chef/Library/Developer/CoreSimulator/Devices/FA441BBB-4AC7-424C-8E75-DDA61780E4A0/data/Library/Application Support/PRBPosterExtensionDataStore/59/Extensions/com.apple.GradientPoster.GradientPosterExtension/descriptors/E00CD1FD-7713-4965-AFEC-FDC5942063FC/versions/0/contents
2024-03-10 17:36:25.561 Df geod[2982:23f7] (CFNetwork) Task <738852A5-283A-479A-8F4C-E50232411C81>.<1> done using Connection 29
2024-03-10 17:36:25.553 Df cloudd[2910:2526] [com.apple.network:connection] [C5.1 metrics.icloud.com:443 ready transform (satisfied (Path is satisfied), interface: en3)] event: flow:finish_transport @0.240s
2024-03-10 17:36:25.562 Df UserEventAgent[2858:2074] [com.apple.xpc.activity:Activities] Registered XPC Activity: com.apple.locationd.CLTilesManagerExternal (0x7f8cf4a09c80)
2024-03-10 17:36:25.561 Df geod[2982:23f7] [com.apple.network:activity] [C29] event: client:end_activity @0.765s, activity <nw_activity 28:43[8D642677-FDF1-4AA7-A68E-880D83006CC7] (reporting strategy default)>
2024-03-10 17:36:25.561 Df geod[2982:23f7] [com.apple.network:connection] [C29] event: client:connection_idle @0.766s
2024-03-10 17:36:25.562 Df geod[2982:23f7] [com.apple.CFNetwork:Summary] Task <738852A5-283A-479A-8F4C-E50232411C81>.<1> summary for task success {transaction_duration_ms=880, response_status=200, connection=29, protocol="http/1.1", domain_lookup_duration_ms=72, connect_duration_ms=560, secure_connection_duration_ms=503, private_relay=false, request_start_ms=854, request_duration_ms=0, response_start_ms=877, response_duration_ms=2, request_bytes=376, response_bytes=574, cache_hit=false}
2024-03-10 17:36:25.562 Df geod[2982:23f7] (CFNetwork) Task <738852A5-283A-479A-8F4C-E50232411C81>.<1> finished successfully
2024-03-10 17:36:25.563 Df geod[2982:23f7] [com.apple.network:activity] <nw_activity 28:43[8D642677-FDF1-4AA7-A68E-880D83006CC7] (reporting strategy default) complete (reason success)> complete with reason 2 (success), duration 894ms
2024-03-10 17:36:25.564 Df geod[2982:23f7] [com.apple.GeoServices:NetworkRequest] A:com.apple.geod,T:4,R:0,B:731784984.674217,E:731784985.561739,S:376,V:574,M:1
2024-03-10 17:36:25.568 Df geod[2982:23f6] (CFNetwork) Connection 29: cleaning up
2024-03-10 17:36:25.561 Df cloudd[2910:2526] [com.apple.network:connection] nw_flow_connected [C5.1.1.1 17.248.192.30:443 ready socket-flow (satisfied (Path is satisfied), interface: en3, proxy)] Output protocol connected (CFNetworkConnection-4056451166)
2024-03-10 17:36:25.569 Df geod[2982:23f6] [com.apple.network:connection] [C29 CF121191-8E25-4747-BC35-36B82D90E633 gspe21-ssl.ls.apple.com:443 quic-connection, url hash: f4749e7c, definite, attribution: developer] cancel
2024-03-10 17:36:25.563 Df PosterBoard[2983:25b0] [com.apple.FileURL:default] kExcludedFromBackupXattrName set on path: /Users/chef/Library/Developer/CoreSimulator/Devices/FA441BBB-4AC7-424C-8E75-DDA61780E4A0/data/Library/Application Support/PRBPosterExtensionDataStore/59/Extensions/com.apple.GradientPoster.GradientPosterExtension/descriptors/E00CD1FD-7713-4965-AFEC-FDC5942063FC/versions/0/contents/com.apple.posterkit.provider.contents.galleryOptions
2024-03-10 17:36:25.571 Df geod[2982:23f6] [com.apple.network:connection] [C29 CF121191-8E25-4747-BC35-36B82D90E633 gspe21-ssl.ls.apple.com:443 quic-connection, url hash: f4749e7c, definite, attribution: developer] cancelled
	[C29.1.1.1 471A1C98-A1CD-4AF4-8576-381E743B00DA 10.125.2.210:49273<->104.123.154.200:443]
	Connected Path: satisfied (Path is satisfied), viable, interface: en3, proxy
	Privacy Stance: Not Eligible
	Duration: 0.775s, DNS @0.043s took 0.072s, TCP @0.134s took 0.025s, TLS 1.3 took 0.503s
	bytes in/out: 4858/995, packets in/out: 6/3, rtt: 0.021s, retransmitted bytes: 0, out-of-order bytes: 0
2024-03-10 17:36:25.572 Df geod[2982:23f6] [com.apple.network:connection] nw_flow_disconnected [C29 104.123.154.200:443 cancelled parent-flow ((null))] Output protocol disconnected
2024-03-10 17:36:25.577 Df geod[2982:23f6] [com.apple.network:connection] nw_flow_disconnected [C29 gspe21-ssl.ls.apple.com:443 cancelled parent-flow ((null))] Output protocol disconnected
2024-03-10 17:36:25.575 Df PosterBoard[2983:25b0] [com.apple.FileURL:default] kExcludedFromBackupXattrName set on path: /Users/chef/Library/Developer/CoreSimulator/Devices/FA441BBB-4AC7-424C-8E75-DDA61780E4A0/data/Library/Application Support/PRBPosterExtensionDataStore/59/Extensions/com.apple.GradientPoster.GradientPosterExtension/descriptors/E00CD1FD-7713-4965-AFEC-FDC5942063FC/versions/0/contents/.com.apple.posterkit.provider.contents.configurableOptions.plist
2024-03-10 17:36:25.577 Df geod[2982:23f6] [com.apple.network:connection] nw_connection_report_state_with_handler_on_nw_queue [C29] reporting state cancelled
2024-03-10 17:36:25.580 Df geod[2982:23f6] (CFNetwork) Connection 29: done
2024-03-10 17:36:25.563 Df cloudd[2910:2526] [com.apple.network:connection] nw_flow_connected [C5 17.248.192.30:443 in_progress parent-flow (satisfied (Path is satisfied), interface: en3)] Output protocol connected (endpoint_flow)
2024-03-10 17:36:25.586 Df SafariBookmarksSyncAgent[2923:22f9] [com.apple.xpc.activity:Client] xpc_activity_set_criteria: com.apple.SafariBookmarksSyncAgent.XPC.ZoneSubscriptionRegistration (0x600001f241e0): registration->pending_seqno 0 >= registration->seqno 0; creating a pending event
2024-03-10 17:36:25.586 Df SpringBoard[2857:232c] [com.apple.UserNotifications:Connections] [com.apple.CarKit.notifications] Setting 0 notification categories
2024-03-10 17:36:25.586 Df SafariBookmarksSyncAgent[2923:22f9] [com.apple.xpc.activity:Client] xpc_activity_set_criteria: com.apple.SafariBookmarksSyncAgent.XPC.ZoneSubscriptionRegistration (0x600001f241e0): clearing pending seqno 0, endpoint, transaction
2024-03-10 17:36:25.586 Df SafariBookmarksSyncAgent[2923:22f9] [com.apple.xpc.activity:Client] xpc_activity_set_criteria: com.apple.SafariBookmarksSyncAgent.XPC.ZoneSubscriptionRegistration (0x600001f241e0), setting state now to 0
2024-03-10 17:36:25.586 Df SafariBookmarksSyncAgent[2923:22f9] [com.apple.xpc.activity:Client] _xpc_activity_set_state: com.apple.SafariBookmarksSyncAgent.XPC.ZoneSubscriptionRegistration (0x600001f241e0), 0
2024-03-10 17:36:25.586 Df SafariBookmarksSyncAgent[2923:22f9] [com.apple.xpc.activity:Client] __XPC_ACTIVITY_CALLING_HANDLER__: com.apple.SafariBookmarksSyncAgent.XPC.ZoneSubscriptionRegistration (0x600001f241e0), current state 0, pending state 0
2024-03-10 17:36:25.581 Df PosterBoard[2983:25b0] [com.apple.FileURL:default] kExcludedFromBackupXattrName set on path: /Users/chef/Library/Developer/CoreSimulator/Devices/FA441BBB-4AC7-424C-8E75-DDA61780E4A0/data/Library/Application Support/PRBPosterExtensionDataStore/59/Extensions/com.apple.GradientPoster.GradientPosterExtension/descriptors/E00CD1FD-7713-4965-AFEC-FDC5942063FC/versions/0/contents/com.apple.posterkit.provider.contents.userInfo
2024-03-10 17:36:25.586 Df SafariBookmarksSyncAgent[2923:22f9] [com.apple.xpc.activity:Client] xpc_activity_set_criteria: com.apple.SafariBookmarksSyncAgent.XPC.ZoneSubscriptionRegistration (0x600001f241e0), dict
2024-03-10 17:36:25.566 Df cloudd[2910:2526] [com.apple.network:connection] [C5 17.248.192.30:443 ready parent-flow (satisfied (Path is satisfied), viable, interface: en3)] event: flow:finish_connect @0.252s
2024-03-10 17:36:25.568 Df cloudd[2910:2526] [com.apple.network:connection] nw_connection_report_state_with_handler_on_nw_queue [C5] reporting state ready
2024-03-10 17:36:25.570 Df cloudd[2910:2526] [com.apple.network:connection] [C5 17.248.192.30:443 ready parent-flow (satisfied (Path is satisfied), viable, interface: en3)] event: flow:changed_viability @0.257s
2024-03-10 17:36:25.578 Df cloudd[2910:2526] [com.apple.network:connection] [C5.1.1 metrics.icloud.com:443 ready resolver (satisfied (Path is satisfied), interface: en3, proxy)] event: flow:finish_transport @0.265s
2024-03-10 17:36:25.582 Df cloudd[2910:2526] [com.apple.network:connection] [C5.1 metrics.icloud.com:443 ready transform (satisfied (Path is satisfied), viable, interface: en3)] event: flow:finish_transport @0.269s
2024-03-10 17:36:25.587 Df cloudd[2910:2526] [com.apple.network:connection] [C5 17.248.192.30:443 ready parent-flow (satisfied (Path is satisfied), viable, interface: en3)] event: flow:finish_transport @0.274s
2024-03-10 17:36:25.596 Df cloudd[2910:2526] [com.apple.network:connection] [C5.1.1.1 17.248.192.30:443 ready socket-flow (satisfied (Path is satisfied), interface: en3, proxy)] event: flow:changed_viability @0.283s
2024-03-10 17:36:25.597 Df cloudd[2910:2526] [com.apple.network:connection] [C5.1.1 metrics.icloud.com:443 ready resolver (satisfied (Path is satisfied), interface: en3, proxy)] event: flow:changed_viability @0.283s
2024-03-10 17:36:25.597 Df cloudd[2910:2526] [com.apple.network:connection] [C5.1 metrics.icloud.com:443 ready transform (satisfied (Path is satisfied), viable, interface: en3)] event: flow:changed_viability @0.284s
2024-03-10 17:36:25.598 Df cloudd[2910:2526] [com.apple.network:connection] [C5 17.248.192.30:443 ready parent-flow (satisfied (Path is satisfied), viable, interface: en3)] event: flow:changed_viability @0.285s
2024-03-10 17:36:25.598 Df cloudd[2910:2526] [com.apple.network:connection] nw_flow_connected [C5 17.248.192.30:443 ready parent-flow (satisfied (Path is satisfied), viable, interface: en3)] Output protocol connected (endpoint_flow)
2024-03-10 17:36:25.599 Df cloudd[2910:2526] (CFNetwork) Connection 5: connected successfully
2024-03-10 17:36:25.608 Df cloudd[2910:2526] (CFNetwork) Connection 5: TLS handshake complete
2024-03-10 17:36:25.609 Df cloudd[2910:2526] (CFNetwork) Connection 5: ready C(N) E(N)
2024-03-10 17:36:25.609 Df cloudd[2910:2526] [com.apple.network:connection] [C5] event: client:connection_reused @0.296s
2024-03-10 17:36:25.615 Df PosterBoard[2983:257b] [com.apple.FileURL:default] kExcludedFromBackupXattrName set on path: /Users/chef/Library/Developer/CoreSimulator/Devices/FA441BBB-4AC7-424C-8E75-DDA61780E4A0/data/Library/Application Support/PRBPosterExtensionDataStore/59/Extensions/com.apple.GradientPoster.GradientPosterExtension/descriptors/9C655099-9B38-4CC5-B417-0D6E43F9AEB8/versions/0
2024-03-10 17:36:25.614 Df cloudd[2910:2526] (CFNetwork) Task <260B3B1F-CCE8-408D-B5B8-951C7E9FBF24>.<1> TAKING power assertion.
2024-03-10 17:36:25.608 Df triald[2924:218e] [com.apple.trial:_] Released managed-directory lock: /Users/chef/Library/Developer/CoreSimulator/Devices/FA441BBB-4AC7-424C-8E75-DDA61780E4A0/data/Library/Trial/NamespaceDescriptors/v2/factorPackSets/46b3ffca-bc33-4122-8770-30eb34637dd5/factorPacks/SIRI_UNDERSTANDING_ASR_ASSISTANT
2024-03-10 17:36:25.614 Df cloudd[2910:2526] (CFNetwork) Connection 5: received viability advisory(Y)
2024-03-10 17:36:25.615 Df cloudd[2910:2532] (CFNetwork) Task <260B3B1F-CCE8-408D-B5B8-951C7E9FBF24>.<1> RELEASING power assertion.
2024-03-10 17:36:25.615 Df cloudd[2910:2526] (CFNetwork) Task <7EE33BE7-9570-4CBF-B0D0-11754BA18705>.<3> received response, status 200 content K
2024-03-10 17:36:25.615 Df cloudd[2910:2526] (CFNetwork) Task <7EE33BE7-9570-4CBF-B0D0-11754BA18705>.<3> done using Connection 4
2024-03-10 17:36:25.615 Df cloudd[2910:2526] [com.apple.network:connection] [C4] event: client:connection_idle @1.187s
2024-03-10 17:36:25.617 Df cloudd[2910:2526] [com.apple.network:connection] [C5] event: client:connection_idle @0.303s
2024-03-10 17:36:25.618 Df PosterBoard[2983:257b] [com.apple.FileURL:default] kExcludedFromBackupXattrName set on path: /Users/chef/Library/Developer/CoreSimulator/Devices/FA441BBB-4AC7-424C-8E75-DDA61780E4A0/data/Library/Application Support/PRBPosterExtensionDataStore/59/Extensions/com.apple.GradientPoster.GradientPosterExtension/descriptors/9C655099-9B38-4CC5-B417-0D6E43F9AEB8/versions/0/supplements
2024-03-10 17:36:23.103 Df calaccessd[2991:24cc] [com.apple.calendar.daemon:CADServer] Finished forwarding darwin notifications to modules.
2024-03-10 17:36:25.621 Df cloudd[2910:2526] (CFNetwork) Task <7EE33BE7-9570-4CBF-B0D0-11754BA18705>.<3> response ended
2024-03-10 17:36:25.623 Df calaccessd[2991:24cc] [com.apple.calendar.daemon:CADServer] Forwarding darwin notifications to modules.
2024-03-10 17:36:25.621 Df cloudd[2910:2526] (CFNetwork) Task <7EE33BE7-9570-4CBF-B0D0-11754BA18705>.<3> RELEASING power assertion.
2024-03-10 17:36:25.622 Df cloudd[2910:2526] [com.apple.cloudkit.sim:Request] req: A03B168D-1858-4BCB-898F-93108FA815BD, "Received response UUID:A03B168D-1858-4BCB-898F-93108FA815BD, status:200, responseDisposition:1"
2024-03-10 17:36:25.622 Df cloudd[2910:2526] [com.apple.CFNetwork:ATS] Task <260B3B1F-CCE8-408D-B5B8-951C7E9FBF24>.<1> {strength 0, tls 4, sub 0, sig 1, ciphers 0, bundle 1, builtin 0}
2024-03-10 17:36:25.622 Df cloudd[2910:2526] [com.apple.network:connection] [C5] event: client:connection_reused @0.309s
2024-03-10 17:36:25.623 Df cloudd[2910:21f0] [com.apple.cloudkit.sim:Request] req: A03B168D-1858-4BCB-898F-93108FA815BD, "URLSession:dataTask:didReceiveData: 4889 bytes"
2024-03-10 17:36:25.626 Df cloudd[2910:21f0] [com.apple.CFNetwork:Summary] Task <7EE33BE7-9570-4CBF-B0D0-11754BA18705>.<3> summary for task success {transaction_duration_ms=167, response_status=200, connection=4, reused=1, request_start_ms=32, request_duration_ms=46, response_start_ms=156, response_duration_ms=6, request_bytes=818, response_bytes=3356, cache_hit=false}
2024-03-10 17:36:25.614 Df homed[2972:2377] [com.apple.HomeKit:HMDMainDriver] Loading Home data from table.
2024-03-10 17:36:25.627 A  healthd[2868:2043] (libsystem_containermanager.dylib) container_system_group_path_for_identifier
2024-03-10 17:36:25.627 Df healthd[2868:2043] [com.apple.containermanager:xpc] Requesting container lookup; class = 13, identifier = (null), group_identifier = systemgroup.com.apple.configurationprofiles, create = 1, temp = 0, euid = 600, uid = 600
