2024-03-10 17:36:25.214 E  SpringBoard[2857:232c] [com.apple.UserNotifications:DataStore] No data found at /Users/chef/Library/Developer/CoreSimulator/Devices/FA441BBB-4AC7-424C-8E75-DDA61780E4A0/data/Library/UserNotifications/FD925FE1-E402-423C-9AFC-AFB5DF4228D8/Schedule.plist
2024-03-10 17:36:25.214 Df SpringBoard[2857:232c] [com.apple.UserNotifications:LocalNotifications] [com.apple.Safari.PasswordBreachNotifications] Load last local notification fire date: (null)
2024-03-10 17:36:25.214 Df SpringBoard[2857:232c] [com.apple.UserNotifications:LocalNotifications] [com.apple.Safari.PasswordBreachNotifications] Update timers for 0 pending notifications (monitoring: 0)
2024-03-10 17:36:25.214 Df SpringBoard[2857:232c] [com.apple.UserNotifications:LocalNotifications] [com.apple.Safari.PasswordBreachNotifications] Invalidate persistent timer
2024-03-10 17:36:25.214 E  SpringBoard[2857:232c] [com.apple.UserNotifications:DataStore] No data found at /Users/chef/Library/Developer/CoreSimulator/Devices/FA441BBB-4AC7-424C-8E75-DDA61780E4A0/data/Library/UserNotifications/FD925FE1-E402-423C-9AFC-AFB5DF4228D8/Schedule.plist
2024-03-10 17:36:25.214 Df SpringBoard[2857:232c] [com.apple.UserNotifications:LocalNotifications] [com.apple.Safari.PasswordBreachNotifications] Load last local notification fire date: (null)
2024-03-10 17:36:25.215 Df SpringBoard[2857:232c] [com.apple.UserNotifications:LocalNotifications] [com.apple.Safari.PasswordBreachNotifications] Find next notification with current trigger date after last fire date 0001-01-01 00:00:00.000 +0000
2024-03-10 17:36:25.215 Df SpringBoard[2857:232c] [com.apple.UserNotifications:LocalNotifications] [com.apple.Safari.PasswordBreachNotifications] No upcoming local notifications
2024-03-10 17:36:25.215 Df SpringBoard[2857:232c] [com.apple.UserNotifications:LocalNotifications] [com.apple.Safari.PasswordBreachNotifications] Update regions for 0 pending notifications
2024-03-10 17:36:25.215 Df SpringBoard[2857:232c] [com.apple.UserNotifications:DataProviderFactory] [com.apple.SensorKit.reminder] Default data provider section info did change
2024-03-10 17:36:25.215 Df SpringBoard[2857:232c] [com.apple.UserNotifications:DataProviderFactory] [com.apple.SensorKit.reminder] User notification settings were enabled
2024-03-10 17:36:25.215 Df SpringBoard[2857:232c] [com.apple.UserNotifications:DataProviderFactory] [com.apple.SensorKit.reminder] Notify observers that user notifications settings were updated
2024-03-10 17:36:25.215 Df SpringBoard[2857:237c] [com.apple.UserNotifications:RemoteNotifications] [com.apple.Safari.PasswordBreachNotifications] Update enabled user notifications for remote notifications: YES
2024-03-10 17:36:25.217 Df voiced[2994:24f6] [com.apple.trial:_] Released managed-directory lock: /Users/chef/Library/Developer/CoreSimulator/Devices/FA441BBB-4AC7-424C-8E75-DDA61780E4A0/data/Library/Trial/NamespaceDescriptors/v2/factorPackSets/88b26bf3-6dcf-42dd-8c3d-06cba2bb1ea7
2024-03-10 17:36:25.215 E  SpringBoard[2857:232c] [com.apple.UserNotifications:DataStore] No data found at /Users/chef/Library/Developer/CoreSimulator/Devices/FA441BBB-4AC7-424C-8E75-DDA61780E4A0/data/Library/UserNotifications/4A29C689-9EF1-48FC-BCBF-26D15F033815/PendingNotifications.plist
2024-03-10 17:36:25.217 Df SpringBoard[2857:232c] [com.apple.UserNotifications:LocalNotifications] [com.apple.SensorKit.reminder] Load 0 pending notification dictionaries
2024-03-10 17:36:25.216 Df SpringBoard[2857:237c] [com.apple.UserNotifications:RemoteNotifications] [com.apple.Safari.PasswordBreachNotifications] Enable user notifications for remote notifications
2024-03-10 17:36:25.217 Df SpringBoard[2857:237c] [com.apple.UserNotifications:LocalNotifications] [com.apple.Safari.PasswordBreachNotifications] Enabled visible user notifications for remote notifications
2024-03-10 17:36:25.217 Df SpringBoard[2857:237c] [com.apple.UserNotifications:RemoteNotifications] Calcualate topics because user notification settings authorization changed
2024-03-10 17:36:25.217 E  SpringBoard[2857:232c] [com.apple.UserNotifications:DataStore] No data found at /Users/chef/Library/Developer/CoreSimulator/Devices/FA441BBB-4AC7-424C-8E75-DDA61780E4A0/data/Library/UserNotifications/4A29C689-9EF1-48FC-BCBF-26D15F033815/Schedule.plist
2024-03-10 17:36:25.221 Df SpringBoard[2857:258d] [com.apple.UserNotifications:LocalNotifications] [com.apple.RPUserNotificationAppSignIn] Setting 0 monitored regions [ stop: 0 start: 0 ]
2024-03-10 17:36:25.221 A  SpringBoard[2857:258d] (CoreLocation) CL: CLLocationManager
2024-03-10 17:36:25.221 Df SpringBoard[2857:258d] [com.apple.locationd.Core:Client] {"msg":"CLLocationManager", "event":activity, "_cmd":monitoredRegions, "self":"0x6000005a94f0"}
2024-03-10 17:36:25.218 Df SpringBoard[2857:232c] [com.apple.UserNotifications:LocalNotifications] [com.apple.SensorKit.reminder] Load last local notification fire date: (null)
2024-03-10 17:36:25.222 Df SpringBoard[2857:232c] [com.apple.UserNotifications:LocalNotifications] [com.apple.SensorKit.reminder] Update timers for 0 pending notifications (monitoring: 0)
2024-03-10 17:36:25.222 Df SpringBoard[2857:232c] [com.apple.UserNotifications:LocalNotifications] [com.apple.SensorKit.reminder] Invalidate persistent timer
2024-03-10 17:36:25.222 E  SpringBoard[2857:232c] [com.apple.UserNotifications:DataStore] No data found at /Users/chef/Library/Developer/CoreSimulator/Devices/FA441BBB-4AC7-424C-8E75-DDA61780E4A0/data/Library/UserNotifications/4A29C689-9EF1-48FC-BCBF-26D15F033815/Schedule.plist
2024-03-10 17:36:25.198 Df PosterBoard[2983:25b0] [com.apple.FileURL:default] kExcludedFromBackupXattrName set on path: /Users/chef/Library/Developer/CoreSimulator/Devices/FA441BBB-4AC7-424C-8E75-DDA61780E4A0/data/Library/Application Support/PRBPosterExtensionDataStore/59/Extensions/com.apple.NanoUniverse.AegirProxyApp.AegirPoster/staticdescriptors/87AFAEB1-EBD7-474D-9FC0-33C7EC7E18AD/versions/0
2024-03-10 17:36:25.223 Df SpringBoard[2857:232c] [com.apple.UserNotifications:LocalNotifications] [com.apple.SensorKit.reminder] Load last local notification fire date: (null)
2024-03-10 17:36:25.197 Df geod[2982:23f7] [com.apple.securityd:xpc] cleaning up unpooled xpc conn to trustd 0x600002d79500
2024-03-10 17:36:25.223 Df SpringBoard[2857:232c] [com.apple.UserNotifications:LocalNotifications] [com.apple.SensorKit.reminder] Find next notification with current trigger date after last fire date 0001-01-01 00:00:00.000 +0000
2024-03-10 17:36:25.205 Df geod[2982:23f7] (CFNetwork) Connection 28: connected successfully
2024-03-10 17:36:25.223 Df SpringBoard[2857:232c] [com.apple.UserNotifications:LocalNotifications] [com.apple.SensorKit.reminder] No upcoming local notifications
2024-03-10 17:36:25.205 Df geod[2982:23ed] [com.apple.securityd:xpc] got event: Connection invalid
2024-03-10 17:36:25.225 Df voiced[2994:24f6] (libMobileGestalt.dylib) No persisted cache on this platform.
2024-03-10 17:36:25.223 Df SpringBoard[2857:232c] [com.apple.UserNotifications:LocalNotifications] [com.apple.SensorKit.reminder] Update regions for 0 pending notifications
2024-03-10 17:36:25.208 Df geod[2982:23f7] (CFNetwork) Connection 28: TLS handshake complete
2024-03-10 17:36:25.227 Df triald[2924:218e] [com.apple.trial:_] Released managed-directory lock: /Users/chef/Library/Developer/CoreSimulator/Devices/FA441BBB-4AC7-424C-8E75-DDA61780E4A0/data/Library/Trial/NamespaceDescriptors/v2/factorPackSets/46b3ffca-bc33-4122-8770-30eb34637dd5
2024-03-10 17:36:25.223 Df SpringBoard[2857:232c] [com.apple.UserNotifications:DataProviderFactory] [com.apple.Sharing.AirDropUIRemoteNotifications] Default data provider section info did change
2024-03-10 17:36:25.212 Df geod[2982:23f7] (CFNetwork) Connection 28: ready C(N) E(N)
2024-03-10 17:36:25.223 Df SpringBoard[2857:2593] [com.apple.UserNotifications:RemoteNotifications] [com.apple.SensorKit.reminder] Update enabled user notifications for remote notifications: YES
2024-03-10 17:36:25.223 Df SpringBoard[2857:232c] [com.apple.UserNotifications:DataProviderFactory] [com.apple.Sharing.AirDropUIRemoteNotifications] User notification settings were enabled
2024-03-10 17:36:25.223 Df SpringBoard[2857:2593] [com.apple.UserNotifications:RemoteNotifications] [com.apple.SensorKit.reminder] Enable user notifications for remote notifications
2024-03-10 17:36:25.224 Df SpringBoard[2857:232c] [com.apple.UserNotifications:DataProviderFactory] [com.apple.Sharing.AirDropUIRemoteNotifications] Notify observers that user notifications settings were updated
2024-03-10 17:36:25.225 Df SpringBoard[2857:258d] [com.apple.UserNotifications:LocalNotifications] [com.apple.Safari.PasswordBreachNotifications] Setting 0 monitored regions [ stop: 0 start: 0 ]
2024-03-10 17:36:25.224 Df SpringBoard[2857:2593] [com.apple.UserNotifications:LocalNotifications] [com.apple.SensorKit.reminder] Enabled visible user notifications for remote notifications
2024-03-10 17:36:25.228 Df SpringBoard[2857:2593] [com.apple.UserNotifications:RemoteNotifications] Calcualate topics because user notification settings authorization changed
2024-03-10 17:36:25.226 Df voiced[2994:24f6] [com.apple.voiceserviceslogging:default] Start updating voice and voice resources.
2024-03-10 17:36:25.226 Df voiced[2994:24f6] [com.apple.voiceserviceslogging:default] com.apple.AssistantServices on accessory  has a subscribed voice: Type:undefined, Name: nora, Languages: en-US, Gender: female, Footprint: unknown, Installed: 0, ContentVersion: (null), MasteredVersion: (null), downloadSize: (null), isBuiltIn: 0
2024-03-10 17:36:25.228 Df voiced[2994:24f6] [com.apple.trial:_] Released managed-directory lock: /Users/chef/Library/Developer/CoreSimulator/Devices/FA441BBB-4AC7-424C-8E75-DDA61780E4A0/data/Library/Trial/NamespaceDescriptors/v2/factorPackSets/88b26bf3-6dcf-42dd-8c3d-06cba2bb1ea7/legacyNamespaceFactorPacks/SIRI_TEXT_TO_SPEECH
2024-03-10 17:36:25.228 Df voiced[2994:24f6] [com.apple.voiceserviceslogging:event] Updating target voice: Type:undefined, Name: nora, Languages: en-US, Gender: female, Footprint: unknown, Installed: 0, ContentVersion: (null), MasteredVersion: (null), downloadSize: (null), isBuiltIn: 0
2024-03-10 17:36:25.227 A  SpringBoard[2857:258d] (CoreLocation) CL: CLLocationManager
2024-03-10 17:36:25.231 Df SpringBoard[2857:258d] [com.apple.locationd.Core:Client] {"msg":"CLLocationManager", "event":activity, "_cmd":monitoredRegions, "self":"0x6000005a94f0"}
2024-03-10 17:36:25.227 E  SpringBoard[2857:232c] [com.apple.UserNotifications:DataStore] No data found at /Users/chef/Library/Developer/CoreSimulator/Devices/FA441BBB-4AC7-424C-8E75-DDA61780E4A0/data/Library/UserNotifications/07FD2758-2EC6-4C04-8368-6FBDDF2FAF87/PendingNotifications.plist
2024-03-10 17:36:25.231 Df SpringBoard[2857:232c] [com.apple.UserNotifications:LocalNotifications] [com.apple.Sharing.AirDropUIRemoteNotifications] Load 0 pending notification dictionaries
2024-03-10 17:36:25.233 Df SpringBoard[2857:258d] [com.apple.UserNotifications:LocalNotifications] [com.apple.SensorKit.reminder] Setting 0 monitored regions [ stop: 0 start: 0 ]
2024-03-10 17:36:25.234 E  SpringBoard[2857:232c] [com.apple.UserNotifications:DataStore] No data found at /Users/chef/Library/Developer/CoreSimulator/Devices/FA441BBB-4AC7-424C-8E75-DDA61780E4A0/data/Library/UserNotifications/07FD2758-2EC6-4C04-8368-6FBDDF2FAF87/Schedule.plist
2024-03-10 17:36:25.215 Df geod[2982:23f7] [com.apple.network:activity] [C28] event: client:end_activity @0.540s, activity <nw_activity 28:43[E72A5D6B-0F41-4776-B350-5448CB02B4C9] (reporting strategy default)>
2024-03-10 17:36:25.234 Df SpringBoard[2857:232c] [com.apple.UserNotifications:LocalNotifications] [com.apple.Sharing.AirDropUIRemoteNotifications] Load last local notification fire date: (null)
2024-03-10 17:36:25.234 Df SpringBoard[2857:232c] [com.apple.UserNotifications:LocalNotifications] [com.apple.Sharing.AirDropUIRemoteNotifications] Update timers for 0 pending notifications (monitoring: 0)
2024-03-10 17:36:25.234 Df SpringBoard[2857:232c] [com.apple.UserNotifications:LocalNotifications] [com.apple.Sharing.AirDropUIRemoteNotifications] Invalidate persistent timer
2024-03-10 17:36:25.216 Df geod[2982:23f7] (CFNetwork) Task <2C3D0D7E-E98F-47A1-9F97-0BC7A25FE8B2>.<1> now using Connection 28
2024-03-10 17:36:25.224 Df geod[2982:23f7] [com.apple.network:activity] [C28] event: client:start_activity @0.549s, activity <nw_activity 28:43[E72A5D6B-0F41-4776-B350-5448CB02B4C9] (reporting strategy default)>
2024-03-10 17:36:25.234 E  SpringBoard[2857:232c] [com.apple.UserNotifications:DataStore] No data found at /Users/chef/Library/Developer/CoreSimulator/Devices/FA441BBB-4AC7-424C-8E75-DDA61780E4A0/data/Library/UserNotifications/07FD2758-2EC6-4C04-8368-6FBDDF2FAF87/Schedule.plist
2024-03-10 17:36:25.233 Df accountsd[2906:211d] [com.apple.xpc.activity:Client] xpc_activity_set_criteria, lower half: com.apple.accounts.databasebackup.activity (0x6000010bc0a0), check-in
2024-03-10 17:36:25.225 Df geod[2982:23f7] (CFNetwork) Connection 28: received viability advisory(Y)
2024-03-10 17:36:25.234 Df SpringBoard[2857:232c] [com.apple.UserNotifications:LocalNotifications] [com.apple.Sharing.AirDropUIRemoteNotifications] Load last local notification fire date: (null)
2024-03-10 17:36:25.226 Df geod[2982:23f7] (CFNetwork) Task <2C3D0D7E-E98F-47A1-9F97-0BC7A25FE8B2>.<1> sent request, body N 0
2024-03-10 17:36:25.234 Df SpringBoard[2857:232c] [com.apple.UserNotifications:LocalNotifications] [com.apple.Sharing.AirDropUIRemoteNotifications] Find next notification with current trigger date after last fire date 0001-01-01 00:00:00.000 +0000
2024-03-10 17:36:25.227 Df geod[2982:23f7] [com.apple.network:boringssl] boringssl_context_info_handler(2069) [C29.1.1.1:2][0x7fd7d4219fe0] Client handshake state: TLS 1.3 client read_hello_retry_request
2024-03-10 17:36:25.234 Df SpringBoard[2857:232c] [com.apple.UserNotifications:LocalNotifications] [com.apple.Sharing.AirDropUIRemoteNotifications] No upcoming local notifications
2024-03-10 17:36:25.233 Df accountsd[2906:223e] [com.apple.xpc.activity:Client] xpc_activity_set_criteria: com.apple.accounts.cleanup (0x6000010bc1e0), setting state now to 0
2024-03-10 17:36:25.224 Df PosterBoard[2983:25b0] [com.apple.FileURL:default] kExcludedFromBackupXattrName set on path: /Users/chef/Library/Developer/CoreSimulator/Devices/FA441BBB-4AC7-424C-8E75-DDA61780E4A0/data/Library/Application Support/PRBPosterExtensionDataStore/59/Extensions/com.apple.NanoUniverse.AegirProxyApp.AegirPoster/staticdescriptors/87AFAEB1-EBD7-474D-9FC0-33C7EC7E18AD/versions/0/supplements
2024-03-10 17:36:25.235 Df SpringBoard[2857:232c] [com.apple.UserNotifications:LocalNotifications] [com.apple.Sharing.AirDropUIRemoteNotifications] Update regions for 0 pending notifications
2024-03-10 17:36:25.228 Df geod[2982:23f7] [com.apple.network:boringssl] boringssl_context_info_handler(2069) [C29.1.1.1:2][0x7fd7d4219fe0] Client handshake state: TLS 1.3 client read_server_hello
2024-03-10 17:36:25.235 Df geod[2982:23f7] [com.apple.network:boringssl] boringssl_context_info_handler(2069) [C29.1.1.1:2][0x7fd7d4219fe0] Client handshake state: TLS 1.3 client read_encrypted_extensions
2024-03-10 17:36:25.233 Df accountsd[2906:223e] [com.apple.xpc.activity:Client] _xpc_activity_set_state: com.apple.accounts.cleanup (0x6000010bc1e0), 0
2024-03-10 17:36:25.235 Df SpringBoard[2857:232c] [com.apple.UserNotifications:DataProviderFactory] [com.apple.Sharing.b7ce1794a1c8766816fc7b7500742862] Default data provider section info did change
2024-03-10 17:36:25.237 Df geod[2982:23f7] [com.apple.network:boringssl] boringssl_context_info_handler(2069) [C29.1.1.1:2][0x7fd7d4219fe0] Client handshake state: TLS 1.3 client read_certificate_request
2024-03-10 17:36:25.235 Df SpringBoard[2857:2593] [com.apple.UserNotifications:RemoteNotifications] [com.apple.Sharing.AirDropUIRemoteNotifications] Update enabled user notifications for remote notifications: YES
2024-03-10 17:36:25.235 A  SpringBoard[2857:258d] (CoreLocation) CL: CLLocationManager
2024-03-10 17:36:25.236 Df SpringBoard[2857:232c] [com.apple.UserNotifications:DataProviderFactory] [com.apple.Sharing.b7ce1794a1c8766816fc7b7500742862] User notification settings were enabled
2024-03-10 17:36:25.244 Df cloudd[2910:2232] (CFNetwork) Task <E3CCD06A-3571-4D1F-8A3D-2DFDDD2FED90>.<2> received response, status 200 content K
2024-03-10 17:36:25.238 Df SpringBoard[2857:258d] [com.apple.locationd.Core:Client] {"msg":"CLLocationManager", "event":activity, "_cmd":monitoredRegions, "self":"0x6000005a94f0"}
2024-03-10 17:36:25.233 Df accountsd[2906:223e] [com.apple.xpc.activity:Client] __XPC_ACTIVITY_CALLING_HANDLER__: com.apple.accounts.cleanup (0x6000010bc1e0), current state 0, pending state 0
2024-03-10 17:36:25.247 Df cloudd[2910:2532] [com.apple.cloudkit.sim:Request] req: 1E78C8CE-E1ED-45D5-9DDF-2911B726FE0E, "Received response UUID:1E78C8CE-E1ED-45D5-9DDF-2911B726FE0E, status:200, responseDisposition:1"
2024-03-10 17:36:25.239 Df SpringBoard[2857:232c] [com.apple.UserNotifications:DataProviderFactory] [com.apple.Sharing.b7ce1794a1c8766816fc7b7500742862] Notify observers that user notifications settings were updated
2024-03-10 17:36:25.233 Df accountsd[2906:223e] [com.apple.accounts:core] "XPC Activity block invoked with state 0..."
2024-03-10 17:36:25.247 Df voiced[2994:24f6] [com.apple.trial:_] Acquired managed-directory lock: /Users/chef/Library/Developer/CoreSimulator/Devices/FA441BBB-4AC7-424C-8E75-DDA61780E4A0/data/Library/Trial/NamespaceDescriptors/v2/factorPackSets/88b26bf3-6dcf-42dd-8c3d-06cba2bb1ea7
2024-03-10 17:36:25.236 Df SpringBoard[2857:2593] [com.apple.UserNotifications:RemoteNotifications] [com.apple.Sharing.AirDropUIRemoteNotifications] Enable user notifications for remote notifications
2024-03-10 17:36:25.233 Df accountsd[2906:223e] [com.apple.xpc.activity:Client] __XPC_ACTIVITY_CALLING_HANDLER__ returned from handler: com.apple.accounts.cleanup (0x6000010bc1e0), current state 0, pending state 0
2024-03-10 17:36:25.240 E  SpringBoard[2857:232c] [com.apple.UserNotifications:DataStore] No data found at /Users/chef/Library/Developer/CoreSimulator/Devices/FA441BBB-4AC7-424C-8E75-DDA61780E4A0/data/Library/UserNotifications/E73F186B-81FD-4E1A-85F1-E92E5E75C58E/PendingNotifications.plist
2024-03-10 17:36:25.241 Df SpringBoard[2857:2593] [com.apple.UserNotifications:LocalNotifications] [com.apple.Sharing.AirDropUIRemoteNotifications] Enabled visible user notifications for remote notifications
2024-03-10 17:36:25.242 Df SpringBoard[2857:258d] [com.apple.UserNotifications:LocalNotifications] [com.apple.Sharing.AirDropUIRemoteNotifications] Setting 0 monitored regions [ stop: 0 start: 0 ]
2024-03-10 17:36:25.246 Df SpringBoard[2857:232c] [com.apple.UserNotifications:LocalNotifications] [com.apple.Sharing.b7ce1794a1c8766816fc7b7500742862] Load 0 pending notification dictionaries
2024-03-10 17:36:25.233 Df accountsd[2906:223e] [com.apple.xpc.activity:Client] _xpc_activity_set_state: com.apple.accounts.cleanup (0x6000010bc1e0), 1
2024-03-10 17:36:25.237 Df geod[2982:23f7] [com.apple.network:boringssl] boringssl_context_info_handler(2069) [C29.1.1.1:2][0x7fd7d4219fe0] Client handshake state: TLS 1.3 client read_server_certificate
2024-03-10 17:36:25.246 Df SpringBoard[2857:2593] [com.apple.UserNotifications:RemoteNotifications] Calcualate topics because user notification settings authorization changed
2024-03-10 17:36:25.250 Df cloudd[2910:2532] [com.apple.cloudkit.sim:Request] req: 1E78C8CE-E1ED-45D5-9DDF-2911B726FE0E, "URLSession:dataTask:didReceiveData: 140640 bytes"
2024-03-10 17:36:25.247 E  SpringBoard[2857:232c] [com.apple.UserNotifications:DataStore] No data found at /Users/chef/Library/Developer/CoreSimulator/Devices/FA441BBB-4AC7-424C-8E75-DDA61780E4A0/data/Library/UserNotifications/E73F186B-81FD-4E1A-85F1-E92E5E75C58E/Schedule.plist
2024-03-10 17:36:25.252 Df cloudd[2910:2525] (CFNetwork) Task <E3CCD06A-3571-4D1F-8A3D-2DFDDD2FED90>.<2> done using Connection 4
2024-03-10 17:36:25.249 Df SpringBoard[2857:232c] [com.apple.UserNotifications:LocalNotifications] [com.apple.Sharing.b7ce1794a1c8766816fc7b7500742862] Load last local notification fire date: (null)
2024-03-10 17:36:25.252 Df cloudd[2910:2525] [com.apple.network:connection] [C4] event: client:connection_idle @0.824s
2024-03-10 17:36:25.252 Df SpringBoard[2857:232c] [com.apple.UserNotifications:LocalNotifications] [com.apple.Sharing.b7ce1794a1c8766816fc7b7500742862] Update timers for 0 pending notifications (monitoring: 0)
2024-03-10 17:36:25.252 Df SpringBoard[2857:232c] [com.apple.UserNotifications:LocalNotifications] [com.apple.Sharing.b7ce1794a1c8766816fc7b7500742862] Invalidate persistent timer
2024-03-10 17:36:25.239 Df geod[2982:23f7] [com.apple.network:boringssl] boringssl_context_info_handler(2069) [C29.1.1.1:2][0x7fd7d4219fe0] Client handshake state: TLS 1.3 client read_server_certificate_verify
2024-03-10 17:36:25.252 E  SpringBoard[2857:232c] [com.apple.UserNotifications:DataStore] No data found at /Users/chef/Library/Developer/CoreSimulator/Devices/FA441BBB-4AC7-424C-8E75-DDA61780E4A0/data/Library/UserNotifications/E73F186B-81FD-4E1A-85F1-E92E5E75C58E/Schedule.plist
2024-03-10 17:36:25.253 Df voiced[2994:24f6] [com.apple.trial:_] Acquired managed-directory lock: /Users/chef/Library/Developer/CoreSimulator/Devices/FA441BBB-4AC7-424C-8E75-DDA61780E4A0/data/Library/Trial/NamespaceDescriptors/v2/factorPackSets/88b26bf3-6dcf-42dd-8c3d-06cba2bb1ea7/legacyNamespaceFactorPacks/SIRI_TEXT_TO_SPEECH
2024-03-10 17:36:25.254 Df cloudd[2910:2525] (CFNetwork) Task <E3CCD06A-3571-4D1F-8A3D-2DFDDD2FED90>.<2> response ended
2024-03-10 17:36:25.241 Df PosterBoard[2983:25b0] [com.apple.FileURL:default] kExcludedFromBackupXattrName set on path: /Users/chef/Library/Developer/CoreSimulator/Devices/FA441BBB-4AC7-424C-8E75-DDA61780E4A0/data/Library/Application Support/PRBPosterExtensionDataStore/59/Extensions/com.apple.NanoUniverse.AegirProxyApp.AegirPoster/staticdescriptors/87AFAEB1-EBD7-474D-9FC0-33C7EC7E18AD/versions/0/supplements/0
2024-03-10 17:36:25.258 E  appleaccountd[2922:2203] [com.apple.appleaccount:cloudKit] Error during fetch database changes operation: <CKError 0x60000327a8e0: "Not Authenticated" (9/1002); "This request requires an authenticated account">
2024-03-10 17:36:25.239 Df geod[2982:23f7] [com.apple.network:boringssl] boringssl_context_evaluate_trust_async(1635) [C29.1.1.1:2][0x7fd7d4219fe0] Performing external trust evaluation
2024-03-10 17:36:25.252 Df SpringBoard[2857:232c] [com.apple.UserNotifications:LocalNotifications] [com.apple.Sharing.b7ce1794a1c8766816fc7b7500742862] Load last local notification fire date: (null)
2024-03-10 17:36:25.253 Df cloudd[2910:2532] [com.apple.cloudkit.sim:Request] req: 1E78C8CE-E1ED-45D5-9DDF-2911B726FE0E, "URLSession:dataTask:didReceiveData: 4293 bytes"
2024-03-10 17:36:25.240 Df geod[2982:23f7] [com.apple.network:boringssl] boringssl_context_evaluate_trust_async_external(1620) [C29.1.1.1:2][0x7fd7d4219fe0] Asyncing for external verify block
2024-03-10 17:36:25.253 Df SpringBoard[2857:232c] [com.apple.UserNotifications:LocalNotifications] [com.apple.Sharing.b7ce1794a1c8766816fc7b7500742862] Find next notification with current trigger date after last fire date 0001-01-01 00:00:00.000 +0000
2024-03-10 17:36:25.254 Df SpringBoard[2857:232c] [com.apple.UserNotifications:LocalNotifications] [com.apple.Sharing.b7ce1794a1c8766816fc7b7500742862] No upcoming local notifications
2024-03-10 17:36:25.256 Df SpringBoard[2857:232c] [com.apple.UserNotifications:LocalNotifications] [com.apple.Sharing.b7ce1794a1c8766816fc7b7500742862] Update regions for 0 pending notifications
2024-03-10 17:36:25.256 Df SpringBoard[2857:232c] [com.apple.UserNotifications:DataProviderFactory] [com.apple.Sharing.HomePodRemoteNotifications] Default data provider section info did change
2024-03-10 17:36:25.256 A  SpringBoard[2857:2593] (CoreLocation) CL: CLLocationManager
2024-03-10 17:36:25.256 Df SpringBoard[2857:232c] [com.apple.UserNotifications:DataProviderFactory] [com.apple.Sharing.HomePodRemoteNotifications] User notification settings were enabled
2024-03-10 17:36:25.257 Df SpringBoard[2857:2593] [com.apple.locationd.Core:Client] {"msg":"CLLocationManager", "event":activity, "_cmd":monitoredRegions, "self":"0x6000005a94f0"}
2024-03-10 17:36:25.244 Df geod[2982:23f7] (CFNetwork) Connection 29: asked to evaluate TLS Trust
2024-03-10 17:36:25.256 Df SpringBoard[2857:258d] [com.apple.UserNotifications:RemoteNotifications] [com.apple.Sharing.b7ce1794a1c8766816fc7b7500742862] Update enabled user notifications for remote notifications: YES
2024-03-10 17:36:25.256 Df cloudd[2910:2232] (CFNetwork) Task <E3CCD06A-3571-4D1F-8A3D-2DFDDD2FED90>.<2> RELEASING power assertion.
2024-03-10 17:36:25.246 Df geod[2982:23f7] (CFNetwork) Task <2D7B32B5-92C8-40AD-B6FD-F82D8BF6FE39>.<1> received response, status 200 content K
2024-03-10 17:36:25.263 Df SpringBoard[2857:2593] [com.apple.UserNotifications:LocalNotifications] [com.apple.Sharing.b7ce1794a1c8766816fc7b7500742862] Setting 0 monitored regions [ stop: 0 start: 0 ]
2024-03-10 17:36:25.259 Df SpringBoard[2857:232c] [com.apple.UserNotifications:DataProviderFactory] [com.apple.Sharing.HomePodRemoteNotifications] Notify observers that user notifications settings were updated
2024-03-10 17:36:25.248 Df geod[2982:23f7] (CFNetwork) Task <2D7B32B5-92C8-40AD-B6FD-F82D8BF6FE39>.<1> response ended
2024-03-10 17:36:25.263 Df SpringBoard[2857:258d] [com.apple.UserNotifications:RemoteNotifications] [com.apple.Sharing.b7ce1794a1c8766816fc7b7500742862] Enable user notifications for remote notifications
2024-03-10 17:36:25.263 Df SpringBoard[2857:258d] [com.apple.UserNotifications:LocalNotifications] [com.apple.Sharing.b7ce1794a1c8766816fc7b7500742862] Enabled visible user notifications for remote notifications
2024-03-10 17:36:25.254 Df geod[2982:23f7] (CFNetwork) Task <2D7B32B5-92C8-40AD-B6FD-F82D8BF6FE39>.<1> done using Connection 27
2024-03-10 17:36:25.263 Df SpringBoard[2857:258d] [com.apple.UserNotifications:RemoteNotifications] Calcualate topics because user notification settings authorization changed
2024-03-10 17:36:25.258 Df geod[2982:23f7] [com.apple.network:activity] [C27] event: client:end_activity @1.383s, activity <nw_activity 28:43[1DD2153F-A3F0-42B5-9F90-1368D6F274D6] (reporting strategy default)>
2024-03-10 17:36:25.263 E  SpringBoard[2857:232c] [com.apple.UserNotifications:DataStore] No data found at /Users/chef/Library/Developer/CoreSimulator/Devices/FA441BBB-4AC7-424C-8E75-DDA61780E4A0/data/Library/UserNotifications/A1ECCA40-1FC6-4BC6-8B9F-C09EFB521995/PendingNotifications.plist
2024-03-10 17:36:25.257 Df cloudd[2910:2531] [com.apple.cloudkit.sim:Request] req: 1E78C8CE-E1ED-45D5-9DDF-2911B726FE0E, "URLSession:dataTask:didReceiveData: 506417 bytes"
2024-03-10 17:36:25.261 Df geod[2982:23f7] [com.apple.network:connection] [C27] event: client:connection_idle @1.386s
2024-03-10 17:36:25.265 Df SpringBoard[2857:232c] [com.apple.UserNotifications:LocalNotifications] [com.apple.Sharing.HomePodRemoteNotifications] Load 0 pending notification dictionaries
2024-03-10 17:36:25.260 Df cloudd[2910:2531] [com.apple.CFNetwork:Summary] Task <E3CCD06A-3571-4D1F-8A3D-2DFDDD2FED90>.<2> summary for task success {transaction_duration_ms=124, response_status=200, connection=4, reused=1, request_start_ms=37, request_duration_ms=3, response_start_ms=109, response_duration_ms=9, request_bytes=822, response_bytes=59165, cache_hit=false}
2024-03-10 17:36:25.258 Df PosterBoard[2983:25b0] [com.apple.FileURL:default] kExcludedFromBackupXattrName set on path: /Users/chef/Library/Developer/CoreSimulator/Devices/FA441BBB-4AC7-424C-8E75-DDA61780E4A0/data/Library/Application Support/PRBPosterExtensionDataStore/59/Extensions/com.apple.NanoUniverse.AegirProxyApp.AegirPoster/staticdescriptors/87AFAEB1-EBD7-474D-9FC0-33C7EC7E18AD/versions/0/contents
2024-03-10 17:36:25.265 E  SpringBoard[2857:232c] [com.apple.UserNotifications:DataStore] No data found at /Users/chef/Library/Developer/CoreSimulator/Devices/FA441BBB-4AC7-424C-8E75-DDA61780E4A0/data/Library/UserNotifications/A1ECCA40-1FC6-4BC6-8B9F-C09EFB521995/Schedule.plist
2024-03-10 17:36:25.263 Df geod[2982:23f9] (CFNetwork) Task <738852A5-283A-479A-8F4C-E50232411C81>.<1> auth completion disp=1 cred=0x0
2024-03-10 17:36:25.266 Df SpringBoard[2857:232c] [com.apple.UserNotifications:LocalNotifications] [com.apple.Sharing.HomePodRemoteNotifications] Load last local notification fire date: (null)
2024-03-10 17:36:25.284 Df fitcored[2936:22e7] [com.apple.xpc.activity:Client] _xpc_activity_set_state: com.apple.Seymour.Scheduling.PublicDataNetworkPowerActivity (0x600002db8f00), 1
2024-03-10 17:36:25.267 Df SpringBoard[2857:232c] [com.apple.UserNotifications:LocalNotifications] [com.apple.Sharing.HomePodRemoteNotifications] Update timers for 0 pending notifications (monitoring: 0)
2024-03-10 17:36:25.286 E  appleaccountd[2922:2203] [com.apple.appleaccount:cloudKit] Error fetching ckDatabase (com.apple.appleaccount.beneficiary.private) changes: <CKError 0x60000327a8e0: "Not Authenticated" (9/1002); "This request requires an authenticated account">
2024-03-10 17:36:25.265 Df cloudd[2910:2232] (CFNetwork) Task <E3CCD06A-3571-4D1F-8A3D-2DFDDD2FED90>.<2> finished successfully
2024-03-10 17:36:25.284 Df fitcored[2936:22e7] [com.apple.xpc.activity:Client] xpc_activity_set_criteria, lower half: com.apple.Seymour.Scheduling.PublicDataNetworkPowerActivity (0x600002db8f00), dict
2024-03-10 17:36:25.268 Df SpringBoard[2857:232c] [com.apple.UserNotifications:LocalNotifications] [com.apple.Sharing.HomePodRemoteNotifications] Invalidate persistent timer
2024-03-10 17:36:25.266 Df cloudd[2910:2232] [com.apple.c2:default] captureMetricsForTask=CKDQueryURLRequest requestUUID:1E78C8CE-E1ED-45D5-9DDF-2911B726FE0E:host=gateway.icloud.com:remoteAddress=17.248.192.1:443:localAddress=10.125.2.210:49271:connectionUUID=DBE61970-B22F-4A07-AB3E-728795948568:qualityOfService=utility:reuse=1:i=en3:tlsVersion=TLSv13:protocol=h2:requestHeaderBytes=91:requestBodyBytes=722:responseHeaderBytes=535:responseBodyBytes=58630:err=F:dnsDuration=-1.000:tcpStartDelay=-1.000:tcpDuration=-1.000:sslStartDelay=-1.000:sslDuration=-1.000:requestStartDelay=-1.000:requestDuration=0.004:responseStartDelay=0.068:responseDuration=0.009:transactionDuration=0.081:outOfProcess=F:allowCellular=T:allowExpensive=F:powerNap=F:app=com.apple.siri.embeddedspeech:2app=:pool=com.apple.cloudkit.BackgroundConnectionPool:tlsPinning=T:retryNetworkFailures=F:disc=F:duet=none:reqTimeout=300.00:resTimeout=-1.00:appleIdSessionId=:metricRequest=F
2024-03-10 17:36:25.284 Df fitcored[2936:230e] [com.apple.xpc.activity:Client] xpc_activity_set_criteria: com.apple.Seymour.Scheduling.PublicDataPowerActivity (0x600002db88c0): early return
2024-03-10 17:36:25.268 E  SpringBoard[2857:232c] [com.apple.UserNotifications:DataStore] No data found at /Users/chef/Library/Developer/CoreSimulator/Devices/FA441BBB-4AC7-424C-8E75-DDA61780E4A0/data/Library/UserNotifications/A1ECCA40-1FC6-4BC6-8B9F-C09EFB521995/Schedule.plist
2024-03-10 17:36:25.263 Df geod[2982:23ed] [com.apple.CFNetwork:Summary] Task <2D7B32B5-92C8-40AD-B6FD-F82D8BF6FE39>.<1> summary for task success {transaction_duration_ms=1453, response_status=200, connection=27, protocol="http/1.1", domain_lookup_duration_ms=450, connect_duration_ms=656, secure_connection_duration_ms=370, private_relay=false, request_start_ms=1300, request_duration_ms=0, response_start_ms=1436, response_duration_ms=14, request_bytes=405, response_bytes=11011, cache_hit=false}
2024-03-10 17:36:25.284 Df fitcored[2936:230e] [com.apple.xpc.activity:Client] xpc_activity_set_criteria: com.apple.Seymour.Scheduling.PublicDataPowerActivity (0x600002db88c0), setting state now to 0
2024-03-10 17:36:25.272 Df SpringBoard[2857:232c] [com.apple.UserNotifications:LocalNotifications] [com.apple.Sharing.HomePodRemoteNotifications] Load last local notification fire date: (null)
2024-03-10 17:36:25.267 A  geod[2982:23f7] (Security) SecTrustEvaluateIfNecessaryFastAsync
2024-03-10 17:36:25.284 Df fitcored[2936:230e] [com.apple.xpc.activity:Client] _xpc_activity_set_state: com.apple.Seymour.Scheduling.PublicDataPowerActivity (0x600002db88c0), 0
2024-03-10 17:36:25.274 Df SpringBoard[2857:232c] [com.apple.UserNotifications:LocalNotifications] [com.apple.Sharing.HomePodRemoteNotifications] Find next notification with current trigger date after last fire date 0001-01-01 00:00:00.000 +0000
2024-03-10 17:36:25.274 A  cloudd[2910:2232] (C2) c2-request-task
2024-03-10 17:36:25.267 Df geod[2982:23ed] (CFNetwork) Task <2D7B32B5-92C8-40AD-B6FD-F82D8BF6FE39>.<1> finished successfully
2024-03-10 17:36:25.274 Df SpringBoard[2857:232c] [com.apple.UserNotifications:LocalNotifications] [com.apple.Sharing.HomePodRemoteNotifications] No upcoming local notifications
2024-03-10 17:36:25.281 Df SpringBoard[2857:232c] [com.apple.UserNotifications:LocalNotifications] [com.apple.Sharing.HomePodRemoteNotifications] Update regions for 0 pending notifications
2024-03-10 17:36:25.287 Df SpringBoard[2857:232c] [com.apple.UserNotifications:DataProviderFactory] [com.apple.ShazamNotifications] Default data provider section info did change
2024-03-10 17:36:25.287 Df SpringBoard[2857:2593] [com.apple.UserNotifications:RemoteNotifications] [com.apple.Sharing.HomePodRemoteNotifications] Update enabled user notifications for remote notifications: YES
2024-03-10 17:36:25.284 Df fitcored[2936:230e] [com.apple.xpc.activity:Client] __XPC_ACTIVITY_CALLING_HANDLER__: com.apple.Seymour.Scheduling.PublicDataPowerActivity (0x600002db88c0), current state 0, pending state 0
2024-03-10 17:36:25.291 Df SpringBoard[2857:2593] [com.apple.UserNotifications:RemoteNotifications] [com.apple.Sharing.HomePodRemoteNotifications] Enable user notifications for remote notifications
2024-03-10 17:36:25.284 Df fitcored[2936:230e] [com.apple.Seymour:default] Scheduling [com.apple.Seymour.Scheduling.PublicDataPowerActivity] xpc activity fired for state=0
2024-03-10 17:36:25.294 Df contactsd[2926:2406] [com.apple.xpc.activity:Client] xpc_activity_set_criteria: com.apple.contactsd.PurgeChangeHistoryService (0x600001034000), setting state now to 0
2024-03-10 17:36:25.288 Df SpringBoard[2857:232c] [com.apple.UserNotifications:DataProviderFactory] [com.apple.ShazamNotifications] User notification settings were enabled
2024-03-10 17:36:25.294 Df trustd[2927:21c8] [com.apple.securityd:ocsp] ocsp responder: (null) did not include status of requested cert
2024-03-10 17:36:25.294 Df contactsd[2926:2406] [com.apple.xpc.activity:Client] _xpc_activity_set_state: com.apple.contactsd.PurgeChangeHistoryService (0x600001034000), 0
2024-03-10 17:36:25.294 Df SpringBoard[2857:2593] [com.apple.UserNotifications:LocalNotifications] [com.apple.Sharing.HomePodRemoteNotifications] Enabled visible user notifications for remote notifications
2024-03-10 17:36:25.272 Df geod[2982:23f7] [com.apple.securityd:xpc] user sessions enabled, targeting 600
2024-03-10 17:36:25.294 Df contactsd[2926:2406] [com.apple.xpc.activity:Client] __XPC_ACTIVITY_CALLING_HANDLER__: com.apple.contactsd.PurgeChangeHistoryService (0x600001034000), current state 0, pending state 0
2024-03-10 17:36:25.300 Df cloudd[2910:2232] [com.apple.c2:default] [<C2Session: 0x6000028f46c0> addTask:<C2SessionTask: 0x600003efb720> withDescription:MetricRequest-FF406B0B-8563-4938-A43F-10EEABF1DCAB request:<NSMutableURLRequest: 0x6000018f6d60> { URL: https://metrics.icloud.com:443/c2 }]
2024-03-10 17:36:25.294 Df SpringBoard[2857:232c] [com.apple.UserNotifications:DataProviderFactory] [com.apple.ShazamNotifications] Notify observers that user notifications settings were updated
2024-03-10 17:36:25.273 Df geod[2982:23f9] [com.apple.network:activity] <nw_activity 28:43[1DD2153F-A3F0-42B5-9F90-1368D6F274D6] (reporting strategy default) complete (reason success)> complete with reason 2 (success), duration 1466ms
2024-03-10 17:36:25.300 Df callservicesd[2909:23dc] [com.apple.xpc.activity:Client] xpc_activity_set_criteria: com.apple.telephonyutilities.callservicesd.csdvoipapplicationcontroller.daily (0x6000029b5180), setting state now to 1
2024-03-10 17:36:25.294 Df contactsd[2926:2404] [com.apple.xpc.activity:Client] __XPC_ACTIVITY_CALLING_HANDLER__ returned from handler: com.apple.contactsd.VerifyCoreSpotlightService (0x6000010340a0), current state 0, pending state 0
2024-03-10 17:36:25.300 Df cloudd[2910:2232] [com.apple.c2:default] [<C2SessionTask: 0x600003efb720> setTask:LocalDataTask <260B3B1F-CCE8-408D-B5B8-951C7E9FBF24>.<1>]
2024-03-10 17:36:25.287 A  SpringBoard[2857:258d] (CoreLocation) CL: CLLocationManager
2024-03-10 17:36:25.275 Df geod[2982:23f7] (CFNetwork) Task <2C3D0D7E-E98F-47A1-9F97-0BC7A25FE8B2>.<1> received response, status 200 content K
2024-03-10 17:36:25.300 Df callservicesd[2909:23dc] [com.apple.xpc.activity:Client] _xpc_activity_set_state: com.apple.telephonyutilities.callservicesd.csdvoipapplicationcontroller.daily (0x6000029b5180), 1
2024-03-10 17:36:25.300 Df cloudd[2910:2232] [com.apple.c2:default] created task (MetricRequest-FF406B0B-8563-4938-A43F-10EEABF1DCAB). nsurlsessionCached (F). configurationName (route=metrics.icloud.com:outOfProcess=F:powerNap=F:app=com.apple.siri.embeddedspeech).
2024-03-10 17:36:25.297 Df SpringBoard[2857:2593] [com.apple.UserNotifications:RemoteNotifications] Calcualate topics because user notification settings authorization changed
2024-03-10 17:36:25.294 Df contactsd[2926:2404] [com.apple.xpc.activity:Client] _xpc_activity_set_state: com.apple.contactsd.VerifyCoreSpotlightService (0x6000010340a0), 1
2024-03-10 17:36:25.276 Df geod[2982:23f9] [com.apple.GeoServices:NetworkRequest] A:com.apple.geod,T:4,R:0,B:731784983.806625,E:731784985.261438,S:405,V:11011,M:1
2024-03-10 17:36:25.297 Df SpringBoard[2857:258d] [com.apple.locationd.Core:Client] {"msg":"CLLocationManager", "event":activity, "_cmd":monitoredRegions, "self":"0x6000005a94f0"}
2024-03-10 17:36:25.289 Df geod[2982:23f7] (CFNetwork) Task <2C3D0D7E-E98F-47A1-9F97-0BC7A25FE8B2>.<1> response ended
2024-03-10 17:36:25.301 Df callservicesd[2909:23dc] [com.apple.calls.callservicesd:Default] Ending transaction for <CSDTransactionManager: 0x600001890a60>. Transaction count is now 0. Ended transaction: <OS_os_transaction: com.apple.calls.callservicesd.CSDTransactionManager:<CSDTransactionManager: 0x600001890a60>>
2024-03-10 17:36:25.300 Df cloudd[2910:2232] (CFNetwork) Task <260B3B1F-CCE8-408D-B5B8-951C7E9FBF24>.<1> resuming, timeouts(60.0, 30.0) QOS(0x11) Voucher <OS_voucher: 0x6000039eb750>
2024-03-10 17:36:25.297 E  SpringBoard[2857:232c] [com.apple.UserNotifications:DataStore] No data found at /Users/chef/Library/Developer/CoreSimulator/Devices/FA441BBB-4AC7-424C-8E75-DDA61780E4A0/data/Library/UserNotifications/B48C3A59-10A9-4BB3-935C-49019AD6AD9F/PendingNotifications.plist
2024-03-10 17:36:25.293 Df geod[2982:23f7] (CFNetwork) Task <2C3D0D7E-E98F-47A1-9F97-0BC7A25FE8B2>.<1> done using Connection 28
2024-03-10 17:36:25.300 Df cloudd[2910:2232] (CFNetwork) [Telemetry]: Activity <nw_activity 12:2[D736DA79-C379-4BA2-8832-E854CF34225B] (reporting strategy default)> on Task <260B3B1F-CCE8-408D-B5B8-951C7E9FBF24>.<1> was not selected for reporting
2024-03-10 17:36:25.274 Df PosterBoard[2983:25b0] [com.apple.FileURL:default] kExcludedFromBackupXattrName set on path: /Users/chef/Library/Developer/CoreSimulator/Devices/FA441BBB-4AC7-424C-8E75-DDA61780E4A0/data/Library/Application Support/PRBPosterExtensionDataStore/59/Extensions/com.apple.NanoUniverse.AegirProxyApp.AegirPoster/staticdescriptors/87AFAEB1-EBD7-474D-9FC0-33C7EC7E18AD/versions/0/contents/.com.apple.posterkit.provider.containerURL.posterDescriptorGalleryOptions.plist
2024-03-10 17:36:25.299 Df SpringBoard[2857:232c] [com.apple.UserNotifications:LocalNotifications] [com.apple.ShazamNotifications] Load 0 pending notification dictionaries
2024-03-10 17:36:25.301 Df cloudd[2910:2232] [com.apple.c2:default] [<C2Session: 0x6000028fcc60> removeTask:<C2SessionTask: 0x600003ee4600>] - withDescription:CKDQueryURLRequest requestUUID:1E78C8CE-E1ED-45D5-9DDF-2911B726FE0E
2024-03-10 17:36:25.299 Df SpringBoard[2857:258d] [com.apple.UserNotifications:LocalNotifications] [com.apple.Sharing.HomePodRemoteNotifications] Setting 0 monitored regions [ stop: 0 start: 0 ]
2024-03-10 17:36:25.309 Df ScreenTimeAgent[2987:252d] [com.apple.xpc.activity:Client] xpc_activity_set_criteria, lower half: com.apple.ScreenTimeAgent.persistent-history-cleanup (0x60000344f520), dict
2024-03-10 17:36:25.309 Df ScreenTimeAgent[2987:252d] [com.apple.xpc.activity:Client] _xpc_activity_set_criteria: com.apple.ScreenTimeAgent.persistent-history-cleanup (0x60000344f520), dict
2024-03-10 17:36:25.294 Df geod[2982:23f7] [com.apple.network:activity] [C28] event: client:end_activity @0.619s, activity <nw_activity 28:43[E72A5D6B-0F41-4776-B350-5448CB02B4C9] (reporting strategy default)>
2024-03-10 17:36:25.299 E  SpringBoard[2857:232c] [com.apple.UserNotifications:DataStore] No data found at /Users/chef/Library/Developer/CoreSimulator/Devices/FA441BBB-4AC7-424C-8E75-DDA61780E4A0/data/Library/UserNotifications/B48C3A59-10A9-4BB3-935C-49019AD6AD9F/Schedule.plist
2024-03-10 17:36:25.302 Df cloudd[2910:2232] [com.apple.cloudkit.sim:Request] req: 1E78C8CE-E1ED-45D5-9DDF-2911B726FE0E, "URLSession:task:didCompleteWithError: (null)"
2024-03-10 17:36:25.309 Df ScreenTimeAgent[2987:252d] [com.apple.xpc.activity:Client] _xpc_activity_set_criteria: xpc_set_event com.apple.ScreenTimeAgent.persistent-history-cleanup, 1
2024-03-10 17:36:25.303 Df SpringBoard[2857:232c] [com.apple.UserNotifications:LocalNotifications] [com.apple.ShazamNotifications] Load last local notification fire date: (null)
2024-03-10 17:36:25.303 Df cloudd[2910:21f0] [com.apple.CFNetwork:ATS] Task <260B3B1F-CCE8-408D-B5B8-951C7E9FBF24>.<1> {strength 0, tls 4, sub 0, sig 1, ciphers 0, bundle 1, builtin 0}
2024-03-10 17:36:25.306 Df SpringBoard[2857:232c] [com.apple.UserNotifications:LocalNotifications] [com.apple.ShazamNotifications] Update timers for 0 pending notifications (monitoring: 0)
2024-03-10 17:36:25.306 Df cloudd[2910:21f0] (CFNetwork) Connection 0: creating secure tcp or quic connection
2024-03-10 17:36:25.306 Df SpringBoard[2857:232c] [com.apple.UserNotifications:LocalNotifications] [com.apple.ShazamNotifications] Invalidate persistent timer
2024-03-10 17:36:25.300 Df geod[2982:23f7] [com.apple.network:connection] [C28] event: client:connection_idle @0.625s
2024-03-10 17:36:25.308 E  SpringBoard[2857:232c] [com.apple.UserNotifications:DataStore] No data found at /Users/chef/Library/Developer/CoreSimulator/Devices/FA441BBB-4AC7-424C-8E75-DDA61780E4A0/data/Library/UserNotifications/B48C3A59-10A9-4BB3-935C-49019AD6AD9F/Schedule.plist
2024-03-10 17:36:25.301 Df SpringBoard[2857:2593] [com.apple.UserNotifications:Connections] [com.apple.mobilephone] Setting 5 notification categories
2024-03-10 17:36:25.309 Df SpringBoard[2857:232c] [com.apple.UserNotifications:LocalNotifications] [com.apple.ShazamNotifications] Load last local notification fire date: (null)
2024-03-10 17:36:25.317 E  cfprefsd[2896:207f] [com.apple.defaults:cfprefsd] Couldn't open parent path due to [2: No such file or directory]
2024-03-10 17:36:25.309 Df PosterBoard[2983:25b0] [com.apple.FileURL:default] kExcludedFromBackupXattrName set on path: /Users/chef/Library/Developer/CoreSimulator/Devices/FA441BBB-4AC7-424C-8E75-DDA61780E4A0/data/Library/Application Support/PRBPosterExtensionDataStore/59/Extensions/com.apple.NanoUniverse.AegirProxyApp.AegirPoster/staticdescriptors/87AFAEB1-EBD7-474D-9FC0-33C7EC7E18AD/versions/0/contents/com.apple.posterkit.provider.contents.galleryOptions
2024-03-10 17:36:25.310 Df SpringBoard[2857:232c] [com.apple.UserNotifications:LocalNotifications] [com.apple.ShazamNotifications] Find next notification with current trigger date after last fire date 0001-01-01 00:00:00.000 +0000
2024-03-10 17:36:25.309 Df cloudd[2910:21f0] (CFNetwork) Connection 5: enabling TLS
2024-03-10 17:36:25.313 Df SpringBoard[2857:232c] [com.apple.UserNotifications:LocalNotifications] [com.apple.ShazamNotifications] No upcoming local notifications
2024-03-10 17:36:25.314 Df SpringBoard[2857:232c] [com.apple.UserNotifications:LocalNotifications] [com.apple.ShazamNotifications] Update regions for 0 pending notifications
2024-03-10 17:36:25.315 Df SpringBoard[2857:232c] [com.apple.UserNotifications:DataProviderFactory] [com.apple.shortcuts.AutomationLockscreenNotifications] Default data provider section info did change
2024-03-10 17:36:25.310 Df cloudd[2910:21f0] (CFNetwork) Connection 5: starting, TC(0x0)
2024-03-10 17:36:25.301 Df geod[2982:23ed] [com.apple.CFNetwork:Summary] Task <2C3D0D7E-E98F-47A1-9F97-0BC7A25FE8B2>.<1> summary for task success {transaction_duration_ms=861, response_status=200, connection=28, protocol="http/1.1", domain_lookup_duration_ms=54, connect_duration_ms=381, secure_connection_duration_ms=250, private_relay=false, request_start_ms=785, request_duration_ms=0, response_start_ms=834, response_duration_ms=25, request_bytes=409, response_bytes=1667, cache_hit=false}
2024-03-10 17:36:25.311 Df cloudd[2910:21f0] [com.apple.network:connection] [C5 7C7BDEDA-6D96-4978-AB06-81D6159BD4B8 metrics.icloud.com:443 quic-connection, url hash: 40de3e0e, definite, attribution: developer, context: com.apple.CFNetwork.NSURLSession.{043CDEAF-F412-4274-8FF9-554EAF3EB079}{MMCS}{Y}{2} (private), proc: 8DDB96CD-C428-3B96-B4FC-BE97F0AA967C, prohibit expensive] start
2024-03-10 17:36:25.314 Df cloudd[2910:21f0] [com.apple.network:connection] [C5 metrics.icloud.com:443 initial parent-flow ((null))] event: path:start @0.001s
2024-03-10 17:36:25.315 Df cloudd[2910:21f0] [com.apple.network:connection] [C5 metrics.icloud.com:443 waiting parent-flow (satisfied (Path is satisfied), interface: en3)] event: path:satisfied @0.002s, uuid: C9373E25-CFB7-4B6F-BA0F-27AF4C523650
2024-03-10 17:36:25.315 Df SpringBoard[2857:258d] [com.apple.UserNotifications:RemoteNotifications] [com.apple.ShazamNotifications] Update enabled user notifications for remote notifications: YES
2024-03-10 17:36:25.315 A  SpringBoard[2857:237c] (CoreLocation) CL: CLLocationManager
2024-03-10 17:36:25.318 Df cloudd[2910:21f0] [com.apple.network:connection] [C5 metrics.icloud.com:443 in_progress parent-flow (satisfied (Path is satisfied), interface: en3)] event: flow:start_child @0.005s
2024-03-10 17:36:25.317 Df SpringBoard[2857:258d] [com.apple.UserNotifications:RemoteNotifications] [com.apple.ShazamNotifications] Enable user notifications for remote notifications
2024-03-10 17:36:25.321 Df cloudd[2910:21f0] [com.apple.network:connection] nw_connection_report_state_with_handler_on_nw_queue [C5] reporting state preparing
2024-03-10 17:36:25.322 Df cloudd[2910:21f0] [com.apple.network:connection] [C5.1 metrics.icloud.com:443 initial path ((null))] event: path:start @0.009s
2024-03-10 17:36:25.318 Df SpringBoard[2857:237c] [com.apple.locationd.Core:Client] {"msg":"CLLocationManager", "event":activity, "_cmd":monitoredRegions, "self":"0x6000005a94f0"}
2024-03-10 17:36:25.306 Df geod[2982:23ed] (CFNetwork) Task <2C3D0D7E-E98F-47A1-9F97-0BC7A25FE8B2>.<1> finished successfully
2024-03-10 17:36:25.319 Df PosterBoard[2983:25b0] [com.apple.FileURL:default] kExcludedFromBackupXattrName set on path: /Users/chef/Library/Developer/CoreSimulator/Devices/FA441BBB-4AC7-424C-8E75-DDA61780E4A0/data/Library/Application Support/PRBPosterExtensionDataStore/59/Extensions/com.apple.NanoUniverse.AegirProxyApp.AegirPoster/staticdescriptors/87AFAEB1-EBD7-474D-9FC0-33C7EC7E18AD/versions/0/contents/.com.apple.posterkit.provider.contents.configurableOptions.plist
2024-03-10 17:36:25.321 Df SpringBoard[2857:237c] [com.apple.UserNotifications:LocalNotifications] [com.apple.ShazamNotifications] Setting 0 monitored regions [ stop: 0 start: 0 ]
2024-03-10 17:36:25.308 Df geod[2982:23f6] [com.apple.network:activity] <nw_activity 28:43[E72A5D6B-0F41-4776-B350-5448CB02B4C9] (reporting strategy default) complete (reason success)> complete with reason 2 (success), duration 899ms
2024-03-10 17:36:25.319 Df SpringBoard[2857:258d] [com.apple.UserNotifications:LocalNotifications] [com.apple.ShazamNotifications] Enabled visible user notifications for remote notifications
2024-03-10 17:36:25.317 Df SpringBoard[2857:232c] [com.apple.UserNotifications:DataProviderFactory] [com.apple.shortcuts.AutomationLockscreenNotifications] User notification settings were enabled
2024-03-10 17:36:25.325 Df SpringBoard[2857:258d] [com.apple.UserNotifications:RemoteNotifications] Calcualate topics because user notification settings authorization changed
2024-03-10 17:36:25.325 Df SpringBoard[2857:232c] [com.apple.UserNotifications:DataProviderFactory] [com.apple.shortcuts.AutomationLockscreenNotifications] Notify observers that user notifications settings were updated
2024-03-10 17:36:25.333 Df avatarsd[2937:250d] [com.apple.xpc.activity:Client] xpc_activity_set_criteria: com.apple.animoji.UsageAnalysis (0x600002a5cc80), setting state now to 0
2024-03-10 17:36:25.314 Df SpringBoard[2857:2593] [com.apple.UserNotifications:Connections] [com.apple.mobilephone] Setting badge string to (null)
2024-03-10 17:36:25.328 Df cloudd[2910:21f0] [com.apple.network:connection] [C5.1 metrics.icloud.com:443 waiting path (satisfied (Path is satisfied), interface: en3)] event: path:satisfied @0.015s, uuid: C9373E25-CFB7-4B6F-BA0F-27AF4C523650
2024-03-10 17:36:25.330 E  SpringBoard[2857:232c] [com.apple.UserNotifications:DataStore] No data found at /Users/chef/Library/Developer/CoreSimulator/Devices/FA441BBB-4AC7-424C-8E75-DDA61780E4A0/data/Library/UserNotifications/F8E1FEE9-9CAF-42D1-9CBA-A98231E80C52/PendingNotifications.plist
2024-03-10 17:36:25.333 Df avatarsd[2937:250d] [com.apple.xpc.activity:Client] _xpc_activity_set_state: com.apple.animoji.UsageAnalysis (0x600002a5cc80), 0
