2024-03-10 17:41:12.822 Df apsd[3049:21cb] SetupConnection: env=development portName=com.apple.aps.ignore.namedPort
2024-03-10 17:41:12.836 Df SpringBoard[2993:2115] [com.apple.UserNotificationsKit:Lists] Notification Master List [NCNotificationMasterList] notifications loaded for section com.apple.siri
2024-03-10 17:41:12.822 Df apsd[3049:21cb] [com.apple.apsd:connectionServer] <APSConnectionServer: 0x600001a984d0>: Initializing connection server with environmentName 'development' and connectionPortName '(null)' mode 2
2024-03-10 17:41:12.823 Df PosterBoard[3120:267d] [com.apple.FileURL:default] kExcludedFromBackupXattrName set on path: /Users/chef/Library/Developer/CoreSimulator/Devices/FA441BBB-4AC7-424C-8E75-DDA61780E4A0/data/Library/Application Support/PRBPosterExtensionDataStore/59/Extensions/com.apple.GradientPoster.GradientPosterExtension/staticdescriptors/6144315F-19E2-4E20-8325-8D35026179D9/versions/0/supplements/0
2024-03-10 17:41:12.836 Df SpringBoard[2993:2115] [com.apple.UserNotificationsKit:Lists] History Section [NCNotificationCombinedSectionList] notifications loaded for section com.apple.siri
2024-03-10 17:41:12.823 Df apsd[3049:21cb] [com.apple.apsd:topicManager] <APSTopicManager: 0x600000e99040> received topic update for UsesALS pretend NO but there is no change.
2024-03-10 17:41:12.835 Df trustd[3070:2275] (CFNetwork) Task <1A6FCBA0-C90A-4A8F-8BAD-A36644D79FD2>.<1> now using Connection 7
2024-03-10 17:41:12.836 Df SpringBoard[2993:2565] [com.apple.UserNotifications:DataProvider] [com.apple.Passbook] Returning 0 bulletins since Sun Mar  3 17:41:12 2024 (max 500)
2024-03-10 17:41:12.835 Df trustd[3070:2275] (CFNetwork) Connection 7: received viability advisory(Y)
2024-03-10 17:41:12.836 Df SpringBoard[2993:2565] [com.apple.UserNotifications:DataProvider] [com.apple.Home] data provider loaded
2024-03-10 17:41:12.836 Df trustd[3070:2275] (CFNetwork) Task <1A6FCBA0-C90A-4A8F-8BAD-A36644D79FD2>.<1> sent request, body N 0
2024-03-10 17:41:12.837 Df SpringBoard[2993:23ed] [com.apple.BulletinBoard:General] BBServer: Section com.apple.Passbook responded with 0 bulletin requests to feed 1
2024-03-10 17:41:12.837 Df SpringBoard[2993:23ed] [com.apple.BulletinBoard:SectionUpdates] Updating section com.apple.Passbook with 0 new bulletins
2024-03-10 17:41:12.838 Df SpringBoard[2993:23ed] [com.apple.BulletinBoard:SectionUpdates] Current bulletins in this section: 0
2024-03-10 17:41:12.838 Df SpringBoard[2993:2565] [com.apple.UserNotifications:DataProvider] [com.apple.Home] Returning 0 bulletins since Sun Mar  3 17:41:12 2024 (max 500)
2024-03-10 17:41:12.838 Df SpringBoard[2993:2565] [com.apple.UserNotifications:DataProviderFactory] [com.apple.appleaccount.notifications] Default data provider section info did change
2024-03-10 17:41:12.842 Df SpringBoard[2993:2566] [com.apple.BulletinBoard:BulletinDelivery] Observer for NCBulletinNotificationSource: Delivering noteBulletinsLoadedForSectionID: com.apple.Passbook
2024-03-10 17:41:12.844 Df SpringBoard[2993:2115] [com.apple.UserNotificationsKit:Lists] Notification List [NCNotificationStructuredListViewController] notifications loaded for section com.apple.Passbook
2024-03-10 17:41:12.845 Df SpringBoard[2993:2115] [com.apple.UserNotificationsKit:Lists] Notification Master List [NCNotificationMasterList] notifications loaded for section com.apple.Passbook
2024-03-10 17:41:12.845 Df SpringBoard[2993:2115] [com.apple.UserNotificationsKit:Lists] History Section [NCNotificationCombinedSectionList] notifications loaded for section com.apple.Passbook
2024-03-10 17:41:12.841 Df SpringBoard[2993:246b] [com.apple.BulletinBoard:General] BBServer: Section com.apple.Home responded with 0 bulletin requests to feed 1
2024-03-10 17:41:12.846 Df SpringBoard[2993:246b] [com.apple.BulletinBoard:SectionUpdates] Updating section com.apple.Home with 0 new bulletins
2024-03-10 17:41:12.846 Df SpringBoard[2993:246b] [com.apple.BulletinBoard:SectionUpdates] Current bulletins in this section: 0
2024-03-10 17:41:12.838 Df SpringBoard[2993:2565] [com.apple.UserNotifications:DataProviderFactory] [com.apple.appleaccount.notifications] User notification settings were enabled
2024-03-10 17:41:12.847 Df SpringBoard[2993:2565] [com.apple.UserNotifications:DataProviderFactory] [com.apple.appleaccount.notifications] Notify observers that user notifications settings were updated
2024-03-10 17:41:12.847 E  SpringBoard[2993:2565] [com.apple.UserNotifications:DataStore] No data found at /Users/chef/Library/Developer/CoreSimulator/Devices/FA441BBB-4AC7-424C-8E75-DDA61780E4A0/data/Library/UserNotifications/899E2225-524D-4A50-B52E-BDB098D099DD/PendingNotifications.plist
2024-03-10 17:41:12.847 Df SpringBoard[2993:2565] [com.apple.UserNotifications:LocalNotifications] [com.apple.appleaccount.notifications] Load 0 pending notification dictionaries
2024-03-10 17:41:12.847 Df CircleJoinRequested[3099:2375] [com.apple.xpc.activity:Client] _xpc_activity_register: com.apple.security.CircleJoinRequestedTick (0x600003158140), 0
2024-03-10 17:41:12.847 E  SpringBoard[2993:2565] [com.apple.UserNotifications:DataStore] No data found at /Users/chef/Library/Developer/CoreSimulator/Devices/FA441BBB-4AC7-424C-8E75-DDA61780E4A0/data/Library/UserNotifications/899E2225-524D-4A50-B52E-BDB098D099DD/Schedule.plist
2024-03-10 17:41:12.848 A  siriactionsd[3075:23b4] (IDS) Framework Set Protobuf Action
2024-03-10 17:41:12.847 Df SpringBoard[2993:2565] [com.apple.UserNotifications:LocalNotifications] [com.apple.appleaccount.notifications] Load last local notification fire date: (null)
2024-03-10 17:41:12.847 Df CircleJoinRequested[3099:2375] [com.apple.xpc.activity:Client] xpc_activity_set_criteria: com.apple.security.CircleJoinRequestedTick (0x600003158140), check-in
2024-03-10 17:41:12.848 A  siriactionsd[3075:23b4] (IDS) Framework Set Protobuf Action
2024-03-10 17:41:12.847 Df SpringBoard[2993:2565] [com.apple.UserNotifications:LocalNotifications] [com.apple.appleaccount.notifications] Update timers for 0 pending notifications (monitoring: 0)
2024-03-10 17:41:12.847 Df CircleJoinRequested[3099:2375] [com.apple.securityd:keychain] System Keychain Always Supported set via feature flag to disabled
2024-03-10 17:41:12.848 A  siriactionsd[3075:23b4] (IDS) Framework Set Protobuf Action
2024-03-10 17:41:12.848 Df SpringBoard[2993:2565] [com.apple.UserNotifications:LocalNotifications] [com.apple.appleaccount.notifications] Invalidate persistent timer
2024-03-10 17:41:12.851 Df cloudd[3053:22e3] [com.apple.xpc.activity:Client] xpc_activity_set_criteria, lower half: com.apple.cloudkit.tokenregistration (0x600000c885a0), dict
2024-03-10 17:41:12.849 Df SafariBookmarksSyncAgent[3066:23db] [com.apple.xpc.activity:Client] _xpc_activity_set_state: com.apple.SafariBookmarksSyncAgent.XPC.TabCollectionMaintenance (0x6000020181e0), 1
2024-03-10 17:41:12.852 Df ScreenTimeAgent[3125:2665] [com.apple.xpc.activity:Client] xpc_activity_set_criteria: com.apple.ScreenTimeAgent.persistent-history-cleanup (0x6000021e0640), setting state now to 1
2024-03-10 17:41:12.848 E  SpringBoard[2993:2565] [com.apple.UserNotifications:DataStore] No data found at /Users/chef/Library/Developer/CoreSimulator/Devices/FA441BBB-4AC7-424C-8E75-DDA61780E4A0/data/Library/UserNotifications/899E2225-524D-4A50-B52E-BDB098D099DD/Schedule.plist
2024-03-10 17:41:12.851 Df cloudd[3053:22e3] [com.apple.xpc.activity:Client] _xpc_activity_set_criteria: com.apple.cloudkit.tokenregistration (0x600000c885a0), dict
2024-03-10 17:41:12.849 Df SafariBookmarksSyncAgent[3066:23db] [com.apple.xpc.activity:Client] xpc_activity_set_criteria, lower half: com.apple.SafariBookmarksSyncAgent.XPC.TabCollectionMaintenance (0x6000020181e0), dict
2024-03-10 17:41:12.852 Df ScreenTimeAgent[3125:2665] [com.apple.xpc.activity:Client] _xpc_activity_set_state: com.apple.ScreenTimeAgent.persistent-history-cleanup (0x6000021e0640), 1
2024-03-10 17:41:12.825 Df apsd[3049:21cb] [com.apple.apsd:courier] <APSCourier 0x7fc991004660 development> flush any pending work that ALS told us to queue for its managed topics {(
)}, processMode systemToken
2024-03-10 17:41:12.848 Df SpringBoard[2993:2565] [com.apple.UserNotifications:LocalNotifications] [com.apple.appleaccount.notifications] Load last local notification fire date: (null)
2024-03-10 17:41:12.851 Df cloudd[3053:22e3] [com.apple.xpc.activity:Client] _xpc_activity_set_criteria: xpc_set_event com.apple.cloudkit.tokenregistration, 2
2024-03-10 17:41:12.850 Df SafariBookmarksSyncAgent[3066:23db] [com.apple.xpc.activity:Client] _xpc_activity_set_criteria: com.apple.SafariBookmarksSyncAgent.XPC.TabCollectionMaintenance (0x6000020181e0), dict
2024-03-10 17:41:12.854 Df triald[3067:2297] [com.apple.xpc.activity:Client] _xpc_activity_dispatch: com.apple.triald.task-queue (0x600003f60a00): found an activity with matching seqno 0
2024-03-10 17:41:12.848 Df SpringBoard[2993:2566] [com.apple.BulletinBoard:BulletinDelivery] Observer for NCBulletinNotificationSource: Delivering noteBulletinsLoadedForSectionID: com.apple.Home
2024-03-10 17:41:12.853 Df cloudd[3053:262d] [com.apple.xpc.activity:Client] xpc_activity_set_criteria, lower half: com.apple.cloudkit.tokenregistration (0x600000c81400), check-in
2024-03-10 17:41:12.854 Df triald[3067:2297] [com.apple.xpc.activity:Client] _xpc_activity_begin_running: com.apple.triald.task-queue (0x600003f60a00) seqno: 0.
2024-03-10 17:41:11.943 Df searchd[3104:24ae] [com.apple.xpc.activity:Client] _xpc_activity_set_criteria: com.apple.searchd.createEncryptedRankingBackup (0x600002880280), check-in
2024-03-10 17:41:12.853 Df UserEventAgent[2994:2167] [com.apple.xpc.activity:Internal] Creating XPC Activity on XPC add event: com.apple.SafariBookmarksSyncAgent.XPC.TabCollectionMaintenance
2024-03-10 17:41:12.849 Df SpringBoard[2993:2115] [com.apple.UserNotificationsKit:Lists] Notification List [NCNotificationStructuredListViewController] notifications loaded for section com.apple.Home
2024-03-10 17:41:12.850 Df SafariBookmarksSyncAgent[3066:23db] [com.apple.xpc.activity:Client] _xpc_activity_set_criteria: xpc_set_event com.apple.SafariBookmarksSyncAgent.XPC.TabCollectionMaintenance, 2
2024-03-10 17:41:12.854 Df triald[3067:2297] [com.apple.xpc.activity:Client] _xpc_activity_dispatch: beginning dispatch, activity name com.apple.triald.client-trigger.cellular, seqno 0
2024-03-10 17:41:12.849 Df SpringBoard[2993:2115] [com.apple.UserNotificationsKit:Lists] Notification Master List [NCNotificationMasterList] notifications loaded for section com.apple.Home
2024-03-10 17:41:12.854 Df triald[3067:2550] [com.apple.xpc.activity:Client] _xpc_activity_set_criteria: com.apple.triald.retries-networking (0x600003f640a0), check-in
2024-03-10 17:41:12.827 Df apsd[3049:21cb] [com.apple.apsd:courier] <APSCourier 0x7fc991004660 development> flush any pending work that ALS told us to queue for its managed topics {(
)}, processMode userToken
2024-03-10 17:41:12.850 Df SpringBoard[2993:2115] [com.apple.UserNotificationsKit:Lists] History Section [NCNotificationCombinedSectionList] notifications loaded for section com.apple.Home
2024-03-10 17:41:12.858 Df callservicesd[3054:24d8] [com.apple.xpc.activity:Client] xpc_activity_set_criteria: ConversationLinkCheckInActivity (0x600003144a00), setting state now to 0
2024-03-10 17:41:12.830 Df apsd[3049:21cb] [com.apple.apsd:topicManager-oversized] <APSTopicManager: 0x600000e99040> setEnabledTopics:{(
    "com.apple.idmsauthagent",
    "com.apple.icloud-container.com.apple.TrustedPeersHelper",
    "com.apple.icloud-container.com.apple.appleaccount.custodian.private",
    "com.apple.maps.icloud",
    "com.apple.aps.nanotimekit.facesupport",
    "com.apple.icloud-container.com.apple.AdSheetPhone",
    "com.icloud.family",
    "com.apple.icloud-container.com.apple.suggestd",
    "com.apple.askpermissiond",
    "com.apple.aa.idms",
    "com.apple.icloud-container.com.apple.reminders",
    "com.apple.appstored",
    "com.apple.icloud-container.com.apple.amsengagementd",
    "com.apple.icloud-container.com.apple.appleaccount.beneficiary.private",
    "com.apple.icloud-container.com.apple.protectedcloudstorage.protectedcloudkeysyncing",
    "com.apple.icloud-container.com.apple.appleaccount.custodian",
    "com.apple.icloud-container.com.apple.appleaccount.beneficiary",
    "com.icloud.askpermission",
    "com.apple.icloud-container.com.apple.syncdefaultsd",
    ignoredTopics:<decode: missing data> opportunisticTopics:<decode: missing data> nonWakingTopics:<decode: missing data> forCategory <decode: missing data> pretend <decode: missing data> change <decode: missing data>
2024-03-10 17:41:12.848 Df SpringBoard[2993:2565] [com.apple.UserNotifications:LocalNotifications] [com.apple.appleaccount.notifications] Find next notification with current trigger date after last fire date 0001-01-01 00:00:00.000 +0000
2024-03-10 17:41:12.858 Df callservicesd[3054:24d8] [com.apple.xpc.activity:Client] _xpc_activity_set_state: ConversationLinkCheckInActivity (0x600003144a00), 0
2024-03-10 17:41:12.831 Df apsd[3049:21cb] [com.apple.apsd:topicManager] <APSTopicManager: 0x600000e99040> cancelling any pending filter updates
2024-03-10 17:41:12.854 Df SpringBoard[2993:2565] [com.apple.UserNotifications:LocalNotifications] [com.apple.appleaccount.notifications] No upcoming local notifications
2024-03-10 17:41:12.858 Df callservicesd[3054:24d8] [com.apple.xpc.activity:Client] __XPC_ACTIVITY_CALLING_HANDLER__: ConversationLinkCheckInActivity (0x600003144a00), current state 0, pending state 0
2024-03-10 17:41:12.837 Df apsd[3049:21cb] [com.apple.apsd:topicManager] <APSTopicManager: 0x600000e99040> received topic update for Server pretend YES but there is no change.
2024-03-10 17:41:12.854 Df SpringBoard[2993:2565] [com.apple.UserNotifications:LocalNotifications] [com.apple.appleaccount.notifications] Update regions for 0 pending notifications
2024-03-10 17:41:12.837 Df apsd[3049:21cb] [com.apple.apsd:topicManager] <APSTopicManager: 0x600000e99040> no change detected between the new and old server filter - cancelling any pending updates
2024-03-10 17:41:12.856 Df SpringBoard[2993:2565] [com.apple.UserNotifications:DataProviderFactory] [com.apple.askpermission.notifications] Default data provider section info did change
2024-03-10 17:41:12.856 Df SpringBoard[2993:2565] [com.apple.UserNotifications:DataProviderFactory] [com.apple.askpermission.notifications] User notification settings were enabled
2024-03-10 17:41:12.862 Df UserEventAgent[2994:2167] [com.apple.xpc.activity:Internal] Created XPC Activity: com.apple.SafariBookmarksSyncAgent.XPC.TabCollectionMaintenance (0x7ff79ba08bd0)
2024-03-10 17:41:12.862 Df UserEventAgent[2994:2167] [com.apple.xpc.activity:Activities] Registered XPC Activity: com.apple.SafariBookmarksSyncAgent.XPC.TabCollectionMaintenance (0x7ff79ba08bd0)
2024-03-10 17:41:12.856 Df SpringBoard[2993:2566] [com.apple.UserNotifications:RemoteNotifications] [com.apple.appleaccount.notifications] Update enabled user notifications for remote notifications: YES
2024-03-10 17:41:12.838 Df apsd[3049:21cb] [com.apple.apsd:courier] copyTokenForDomain sandbox.push.apple.com (null)
2024-03-10 17:41:12.848 A  siriactionsd[3075:23b4] (IDS) Framework Set Protobuf Action
2024-03-10 17:41:12.858 Df SpringBoard[2993:2565] [com.apple.UserNotifications:DataProviderFactory] [com.apple.askpermission.notifications] Notify observers that user notifications settings were updated
2024-03-10 17:41:12.837 Df PosterBoard[3120:267d] [com.apple.FileURL:default] kExcludedFromBackupXattrName set on path: /Users/chef/Library/Developer/CoreSimulator/Devices/FA441BBB-4AC7-424C-8E75-DDA61780E4A0/data/Library/Application Support/PRBPosterExtensionDataStore/59/Extensions/com.apple.GradientPoster.GradientPosterExtension/staticdescriptors/6144315F-19E2-4E20-8325-8D35026179D9/versions/0/contents
2024-03-10 17:41:12.848 A  siriactionsd[3075:23b4] (IDS) Framework Set Protobuf Action
2024-03-10 17:41:12.860 Df SpringBoard[2993:2566] [com.apple.UserNotifications:RemoteNotifications] [com.apple.appleaccount.notifications] Enable user notifications for remote notifications
2024-03-10 17:41:12.849 A  siriactionsd[3075:23b4] (IDS) Framework Set Protobuf Action
2024-03-10 17:41:12.860 E  SpringBoard[2993:2565] [com.apple.UserNotifications:DataStore] No data found at /Users/chef/Library/Developer/CoreSimulator/Devices/FA441BBB-4AC7-424C-8E75-DDA61780E4A0/data/Library/UserNotifications/E06BDAA8-61D0-40C0-836D-86298BBFFE5A/PendingNotifications.plist
2024-03-10 17:41:12.870 Df cloudd[3053:22de] [com.apple.xpc.activity:Client] xpc_activity_set_criteria: com.apple.cloudkit.operationInfoCacheEviction (0x600000c84000), setting state now to 1
2024-03-10 17:41:12.870 Df trustd[3070:2275] (CFNetwork) Task <1A6FCBA0-C90A-4A8F-8BAD-A36644D79FD2>.<1> received response, status 200 content K
2024-03-10 17:41:12.871 Df UserEventAgent[2994:2167] [com.apple.xpc.activity:Internal] Creating XPC Activity on XPC add event: com.apple.cloudkit.tokenregistration
2024-03-10 17:41:12.861 Df SpringBoard[2993:2566] [com.apple.UserNotifications:LocalNotifications] [com.apple.appleaccount.notifications] Enabled visible user notifications for remote notifications
2024-03-10 17:41:12.870 Df trustd[3070:2275] (CFNetwork) Task <1A6FCBA0-C90A-4A8F-8BAD-A36644D79FD2>.<1> response ended
2024-03-10 17:41:12.861 Df SpringBoard[2993:2565] [com.apple.UserNotifications:LocalNotifications] [com.apple.askpermission.notifications] Load 0 pending notification dictionaries
2024-03-10 17:41:12.870 Df trustd[3070:2275] (CFNetwork) Task <1A6FCBA0-C90A-4A8F-8BAD-A36644D79FD2>.<1> done using Connection 7
2024-03-10 17:41:12.856 A  SpringBoard[2993:2688] (CoreLocation) CL: CLLocationManager
2024-03-10 17:41:12.853 A  apsd[3049:21cb] (Security) SecItemCopyMatching_ios
2024-03-10 17:41:12.870 Df cloudd[3053:22de] [com.apple.xpc.activity:Client] _xpc_activity_set_state: com.apple.cloudkit.operationInfoCacheEviction (0x600000c84000), 1
2024-03-10 17:41:12.849 A  siriactionsd[3075:23b4] (IDS) Framework Set Protobuf Action
2024-03-10 17:41:12.870 Df trustd[3070:2275] [com.apple.network:connection] [C7] event: client:connection_idle @0.301s
2024-03-10 17:41:12.861 Df SpringBoard[2993:2566] [com.apple.UserNotifications:RemoteNotifications] Calcualate topics because user notification settings authorization changed
2024-03-10 17:41:12.858 Df apsd[3049:21cb] [com.apple.apsd:courier] copyTokenForDomain sandbox.push.apple.com (null)
2024-03-10 17:41:12.878 Df callservicesd[3054:24d8] [com.apple.calls.callservicesd:Default] ConversationLinkSync: check in activity scheduled {criteria: <OS_xpc_dictionary: dictionary[0x600002442220]: { refcnt = 1, xrefcnt = 4, subtype = 0, count = 3 } <dictionary: 0x600002442220> { count = 3, transaction: 0, voucher = 0x0, contents =
	"Interval" => <int64: 0xb399d52813a9fab4>: 604800
	"AllowBattery" => <bool: 0x7ff860004fc0>: false
	"Priority" => <string: 0x600000e163d0> { length = 7, contents = "Utility" }
}>}
2024-03-10 17:41:12.870 Df cloudd[3053:22de] [com.apple.xpc.activity:Client] xpc_activity_set_criteria, lower half: com.apple.cloudkit.tokenregistration (0x600000c89c20), check-in
2024-03-10 17:41:12.865 E  SpringBoard[2993:2565] [com.apple.UserNotifications:DataStore] No data found at /Users/chef/Library/Developer/CoreSimulator/Devices/FA441BBB-4AC7-424C-8E75-DDA61780E4A0/data/Library/UserNotifications/E06BDAA8-61D0-40C0-836D-86298BBFFE5A/Schedule.plist
2024-03-10 17:41:12.882 Df UserEventAgent[2994:2167] [com.apple.xpc.activity:Internal] Created XPC Activity: com.apple.cloudkit.tokenregistration (0x7ff79ba08130)
2024-03-10 17:41:12.859 A  apsd[3049:21cb] (Security) SecItemCopyMatching_ios
2024-03-10 17:41:12.878 Df callservicesd[3054:24d8] [com.apple.xpc.activity:Client] __XPC_ACTIVITY_CALLING_HANDLER__ returned from handler: ConversationLinkCheckInActivity (0x600003144a00), current state 0, pending state 0
2024-03-10 17:41:12.870 Df cloudd[3053:22e3] [com.apple.xpc.activity:Client] xpc_activity_set_criteria: com.apple.cloudkit.tokenregistration (0x600000c885a0), setting state now to 1
2024-03-10 17:41:12.867 Df SpringBoard[2993:2565] [com.apple.UserNotifications:LocalNotifications] [com.apple.askpermission.notifications] Load last local notification fire date: (null)
2024-03-10 17:41:12.878 Df callservicesd[3054:24d8] [com.apple.xpc.activity:Client] _xpc_activity_set_state: ConversationLinkCheckInActivity (0x600003144a00), 1
2024-03-10 17:41:12.882 Df UserEventAgent[2994:2167] [com.apple.xpc.activity:Activities] Registered XPC Activity: com.apple.cloudkit.tokenregistration (0x7ff79ba08130)
2024-03-10 17:41:12.879 Df trustd[3070:23fe] [com.apple.CFNetwork:Summary] Task <1A6FCBA0-C90A-4A8F-8BAD-A36644D79FD2>.<1> summary for task success {transaction_duration_ms=312, response_status=200, connection=7, protocol="http/1.1", domain_lookup_duration_ms=11, connect_duration_ms=171, secure_connection_duration_ms=136, private_relay=false, request_start_ms=268, request_duration_ms=0, response_start_ms=302, response_duration_ms=0, request_bytes=361, response_bytes=2088, cache_hit=false}
2024-03-10 17:41:12.870 Df cloudd[3053:22e3] [com.apple.xpc.activity:Client] _xpc_activity_set_state: com.apple.cloudkit.tokenregistration (0x600000c885a0), 1
2024-03-10 17:41:12.865 Df PosterBoard[3120:267d] [com.apple.FileURL:default] kExcludedFromBackupXattrName set on path: /Users/chef/Library/Developer/CoreSimulator/Devices/FA441BBB-4AC7-424C-8E75-DDA61780E4A0/data/Library/Application Support/PRBPosterExtensionDataStore/59/Extensions/com.apple.GradientPoster.GradientPosterExtension/staticdescriptors/6144315F-19E2-4E20-8325-8D35026179D9/versions/0/contents/.com.apple.posterkit.provider.containerURL.posterDescriptorGalleryOptions.plist
2024-03-10 17:41:12.865 Df SpringBoard[2993:2688] [com.apple.locationd.Core:Client] {"msg":"CLLocationManager", "event":activity, "_cmd":monitoredRegions, "self":"0x600001d63530"}
2024-03-10 17:41:12.878 Df callservicesd[3054:24d8] [com.apple.calls.callservicesd:Default] Ending transaction for <CSDTransactionManager: 0x600000057060>. Transaction count is now 0. Ended transaction: <OS_os_transaction: com.apple.calls.callservicesd.CSDTransactionManager:<CSDTransactionManager: 0x600000057060>>
2024-03-10 17:41:12.866 Df apsd[3049:21cb] [com.apple.apsd:courier] <APSCourier 0x7fc991004660 development> adding connectionserver <APSConnectionServer: 0x600001a984d0>, setting publicToken:(null)
2024-03-10 17:41:12.880 Df trustd[3070:23fe] (CFNetwork) Task <1A6FCBA0-C90A-4A8F-8BAD-A36644D79FD2>.<1> finished successfully
2024-03-10 17:41:12.871 E  cloudd[3053:22e3] [com.apple.cloudkit.sim:CK] Couldn't pull url from backing account <CKDAccount 0x600002894b40> ("(null)" Account ID: AnonymousAccount) or container <CKDContainer: 0x7fef7170b600; containerID=<CKContainerID: 0x60000338e9a0; containerIdentifier=com.apple.appleaccount.beneficiary.private, containerEnvironment="Production">, applicationID=<CKDApplicationID: 0x60000338e9d0; applicationBundleIdentifierForPushTopicGeneration=com.apple.appleaccount.beneficiary.private, applicationBundleID=com.apple.appleaccountd>, personaID=(null), containerID=<CKContainerID: 0x60000338e9a0; containerIdentifier=com.apple.appleaccount.beneficiary.private, containerEnvironment="Production">, flags=clientBundleIsAppleExecutable|zoneish|anonymousToServerShareParticipants>
2024-03-10 17:41:12.887 Df triald[3067:2296] [com.apple.securityd:xpc] cleaning up unpooled xpc conn to trustd 0x600003768380
2024-03-10 17:41:12.872 Df SpringBoard[2993:2565] [com.apple.UserNotifications:LocalNotifications] [com.apple.askpermission.notifications] Update timers for 0 pending notifications (monitoring: 0)
2024-03-10 17:41:12.871 E  cloudd[3053:22e3] [com.apple.cloudkit.sim:CK] Couldn't pull url from backing account <CKDAccount 0x600002894b40> ("(null)" Account ID: AnonymousAccount) or container <CKDContainer: 0x7fef7170b600; containerID=<CKContainerID: 0x60000338e9a0; containerIdentifier=com.apple.appleaccount.beneficiary.private, containerEnvironment="Production">, applicationID=<CKDApplicationID: 0x60000338e9d0; applicationBundleIdentifierForPushTopicGeneration=com.apple.appleaccount.beneficiary.private, applicationBundleID=com.apple.appleaccountd>, personaID=(null), containerID=<CKContainerID: 0x60000338e9a0; containerIdentifier=com.apple.appleaccount.beneficiary.private, containerEnvironment="Production">, flags=clientBundleIsAppleExecutable|zoneish|anonymousToServerShareParticipants>
2024-03-10 17:41:12.887 Df triald[3067:26b2] [com.apple.securityd:xpc] got event: Connection invalid
2024-03-10 17:41:12.874 Df SpringBoard[2993:2565] [com.apple.UserNotifications:LocalNotifications] [com.apple.askpermission.notifications] Invalidate persistent timer
2024-03-10 17:41:12.871 E  cloudd[3053:22e3] [com.apple.RTCReporting:LegacyClient] RTCReporting session limit (5) exceeded
2024-03-10 17:41:12.895 Df triald[3067:2296] [com.apple.triald:server] Note: Rollout 601074e4af9bef000c169ea8.240003979 involves namespace BIFROST_DEV_1 but it is not registered with Trial. Factor packs for this namespace shall not be downloaded.
2024-03-10 17:41:12.874 Df SpringBoard[2993:2688] [com.apple.UserNotifications:LocalNotifications] [com.apple.appleaccount.notifications] Setting 0 monitored regions [ stop: 0 start: 0 ]
2024-03-10 17:41:12.866 Df apsd[3049:21cb] [com.apple.apsd:courier] copyTokenForDomain sandbox.push.apple.com (null)
2024-03-10 17:41:12.895 Df triald[3067:2296] [com.apple.triald:server] Found the following incompatible namespace names: (
    "<TRIClientSelectedNamespace 0x600002a58ea0>: {\134n    name: \134"BIFROST_DEV_1\134"\134n    compatibility_version: 1\134n}"
)
2024-03-10 17:41:12.875 E  SpringBoard[2993:2565] [com.apple.UserNotifications:DataStore] No data found at /Users/chef/Library/Developer/CoreSimulator/Devices/FA441BBB-4AC7-424C-8E75-DDA61780E4A0/data/Library/UserNotifications/E06BDAA8-61D0-40C0-836D-86298BBFFE5A/Schedule.plist
2024-03-10 17:41:12.900 Df homed[3119:2561] [com.apple.apsd:connection] <APSConnection: 0x600001ba4460> setEnabledTopics (
) ignoredTopics (
) opportunisticTopics (
) nonWakingTopics (
) sendToDaemon: NO completion: (null)
2024-03-10 17:41:12.866 A  apsd[3049:21cb] (Security) SecItemCopyMatching_ios
2024-03-10 17:41:12.896 A  triald[3067:2296] (Security) SecTrustEvaluateIfNecessary
2024-03-10 17:41:12.881 Df SpringBoard[2993:2565] [com.apple.UserNotifications:LocalNotifications] [com.apple.askpermission.notifications] Load last local notification fire date: (null)
2024-03-10 17:41:12.900 Df homed[3119:2561] [com.apple.apsd:connection] <APSConnection: 0x600001ba4460> got all nil topics, considering this as a change to flush any cached topics in apsd for named ports.
2024-03-10 17:41:12.896 Df triald[3067:2296] [com.apple.securityd:xpc] user sessions enabled, targeting 600
2024-03-10 17:41:12.885 Df SpringBoard[2993:2565] [com.apple.UserNotifications:LocalNotifications] [com.apple.askpermission.notifications] Find next notification with current trigger date after last fire date 0001-01-01 00:00:00.000 +0000
2024-03-10 17:41:12.886 Df SpringBoard[2993:2565] [com.apple.UserNotifications:LocalNotifications] [com.apple.askpermission.notifications] No upcoming local notifications
2024-03-10 17:41:12.893 Df SpringBoard[2993:2565] [com.apple.UserNotifications:LocalNotifications] [com.apple.askpermission.notifications] Update regions for 0 pending notifications
2024-03-10 17:41:12.885 Df PosterBoard[3120:267d] [com.apple.FileURL:default] kExcludedFromBackupXattrName set on path: /Users/chef/Library/Developer/CoreSimulator/Devices/FA441BBB-4AC7-424C-8E75-DDA61780E4A0/data/Library/Application Support/PRBPosterExtensionDataStore/59/Extensions/com.apple.GradientPoster.GradientPosterExtension/staticdescriptors/6144315F-19E2-4E20-8325-8D35026179D9/versions/0/contents/com.apple.posterkit.provider.contents.galleryOptions
2024-03-10 17:41:12.900 Df homed[3119:2561] [com.apple.apsd:connection] APS <APSConnection: 0x600001ba4460> _connection is NULL in _sendEnabledTopics:ignoredTopics:opportunisticTopics:!
2024-03-10 17:41:12.898 Df SpringBoard[2993:2565] [com.apple.UserNotifications:DataProviderFactory] [com.apple.barcodesupport.nfc] Default data provider section info did change
2024-03-10 17:41:12.900 Df homed[3119:2561] [com.apple.apsd:connection] <APSConnection: 0x600001ba4460> setEnableCriticalReliability NO sendToDaemon NO
2024-03-10 17:41:12.898 A  SpringBoard[2993:2688] (CoreLocation) CL: CLLocationManager
2024-03-10 17:41:12.900 Df homed[3119:2561] [com.apple.apsd:connection] <APSConnection: 0x600001ba4460> _setUsesAppLaunchStats NO sendToDaemon NO
2024-03-10 17:41:12.867 Df apsd[3049:21cb] [com.apple.apsd:courier] copyTokenForDomain sandbox.push.apple.com (null)
2024-03-10 17:41:12.899 Df SpringBoard[2993:2565] [com.apple.UserNotifications:DataProviderFactory] [com.apple.barcodesupport.nfc] User notification settings were enabled
2024-03-10 17:41:12.900 Df homed[3119:2561] [com.apple.apsd:connection] <APSConnection: 0x600001ba4460> _setTrackActivityPresence NO sendToDaemon NO
2024-03-10 17:41:12.909 Df triald[3067:2296] [com.apple.securityd:xpc] cleaning up unpooled xpc conn to trustd 0x60000376c9a0
2024-03-10 17:41:12.899 Df SpringBoard[2993:2566] [com.apple.UserNotifications:RemoteNotifications] [com.apple.askpermission.notifications] Update enabled user notifications for remote notifications: YES
2024-03-10 17:41:12.869 A  apsd[3049:21cb] (Security) SecItemCopyMatching_ios
2024-03-10 17:41:12.900 Df homed[3119:2561] [com.apple.apsd:connection] <APSConnection: 0x600001ba4460> _setEnableStatusNotifications NO sendToDaemon NO
2024-03-10 17:41:12.909 Df triald[3067:259e] [com.apple.securityd:xpc] got event: Connection invalid
2024-03-10 17:41:12.900 Df SpringBoard[2993:2688] [com.apple.locationd.Core:Client] {"msg":"CLLocationManager", "event":activity, "_cmd":monitoredRegions, "self":"0x600001d63530"}
2024-03-10 17:41:12.880 Df apsd[3049:21cb] [com.apple.apsd:daemon] Do we need to enable the courier? needToken YES  _hasEnabledCouriers NO
2024-03-10 17:41:12.900 Df homed[3119:2561] [com.apple.apsd:connection] <APSConnection: 0x600001ba4460> setMessageSize: 0
2024-03-10 17:41:12.854 Df SpringBoard[2993:23ee] [com.apple.xpc.activity:Client] xpc_activity_set_criteria: com.apple.springboard.posterboardupdate.overnight (0x600002e7fa20), dict
2024-03-10 17:41:12.914 Df triald[3067:2296] [com.apple.triald:server] Note: Rollout 6081ed9716bb6d61d81d5014.240003011 involves namespace BIFROST_PROD_1 but it is not registered with Trial. Factor packs for this namespace shall not be downloaded.
2024-03-10 17:41:12.882 Df apsd[3049:21cb] [com.apple.apsd:daemon] Connecting courier <APSCourier 0x7fc991004660 development> immediately to get public token
2024-03-10 17:41:12.901 Df homed[3119:2561] [com.apple.apsd:connection] <APSConnection: 0x600001ba4460> setLargeMessageSize: 0
2024-03-10 17:41:12.903 Df SpringBoard[2993:2565] [com.apple.UserNotifications:DataProviderFactory] [com.apple.barcodesupport.nfc] Notify observers that user notifications settings were updated
2024-03-10 17:41:12.914 Df triald[3067:2296] [com.apple.triald:server] Found the following incompatible namespace names: (
    "<TRIClientSelectedNamespace 0x600002a7b9c0>: {\134n    name: \134"BIFROST_PROD_1\134"\134n    compatibility_version: 1\134n}"
)
2024-03-10 17:41:12.919 E  com.apple.FaceTime.FTConversationService[3126:253f] [com.apple.libsqlite3:logging] BUG IN CLIENT OF libsqlite3.dylib: database integrity compromised by API violation: vnode unlinked while in use: /Users/chef/Library/Developer/CoreSimulator/Devices/FA441BBB-4AC7-424C-8E75-DDA61780E4A0/data/Library/Application Support/FaceTime/FaceTime.sqlite3
2024-03-10 17:41:12.904 Df homed[3119:2561] [com.apple.apsd:connection] <APSConnection: 0x600001ba4460> Delivering did reconnect apsd
2024-03-10 17:41:12.885 Df apsd[3049:21cb] [com.apple.apsd:daemon] Setting connection <APSConnectionServer: 0x600001a984d0> on peer: <xpc object>
2024-03-10 17:41:12.903 Df SpringBoard[2993:2566] [com.apple.UserNotifications:RemoteNotifications] [com.apple.askpermission.notifications] Enable user notifications for remote notifications
2024-03-10 17:41:12.914 A  triald[3067:2296] (Security) SecTrustEvaluateIfNecessary
2024-03-10 17:41:12.919 E  com.apple.FaceTime.FTConversationService[3126:253f] [com.apple.libsqlite3:logging] invalidated open fd: 3 (0x11)
2024-03-10 17:41:12.905 Df homed[3119:2561] [com.apple.apsd:connection] <APSConnection: 0x600001ba4460> queuing call to delegate to tolerate setDelegate race
2024-03-10 17:41:12.905 Df SpringBoard[2993:2688] [com.apple.UserNotifications:LocalNotifications] [com.apple.askpermission.notifications] Setting 0 monitored regions [ stop: 0 start: 0 ]
2024-03-10 17:41:12.914 Df triald[3067:2296] [com.apple.securityd:xpc] user sessions enabled, targeting 600
2024-03-10 17:41:12.899 Df apsd[3049:21cb] [com.apple.apsd:connectionServer] Dispatching high priority message on server: <APSConnectionServer: 0x600001a984d0>
2024-03-10 17:41:12.906 Df homed[3119:2561] [com.apple.apsd:connection] <APSConnection: 0x600001ba4460> Delivering publicToken from apsd: (null)
2024-03-10 17:41:12.905 Df SpringBoard[2993:2566] [com.apple.UserNotifications:LocalNotifications] [com.apple.askpermission.notifications] Enabled visible user notifications for remote notifications
2024-03-10 17:41:12.904 Df PosterBoard[3120:267d] [com.apple.FileURL:default] kExcludedFromBackupXattrName set on path: /Users/chef/Library/Developer/CoreSimulator/Devices/FA441BBB-4AC7-424C-8E75-DDA61780E4A0/data/Library/Application Support/PRBPosterExtensionDataStore/59/Extensions/com.apple.GradientPoster.GradientPosterExtension/staticdescriptors/6144315F-19E2-4E20-8325-8D35026179D9/versions/0/contents/.com.apple.posterkit.provider.contents.configurableOptions.plist
2024-03-10 17:41:12.906 Df homed[3119:2561] [com.apple.apsd:connection] <APSConnection: 0x600001ba4460> Delivering connectionStatusChange from apsd: NO
2024-03-10 17:41:12.904 E  SpringBoard[2993:2565] [com.apple.UserNotifications:DataStore] No data found at /Users/chef/Library/Developer/CoreSimulator/Devices/FA441BBB-4AC7-424C-8E75-DDA61780E4A0/data/Library/UserNotifications/C0952C92-CC89-459F-9025-C1C0A509ADF7/PendingNotifications.plist
2024-03-10 17:41:12.926 Df assistantd[2999:2473] [com.apple.CoreAnalytics:client] No XPC connection in Simulator
2024-03-10 17:41:12.912 Df SpringBoard[2993:2566] [com.apple.UserNotifications:RemoteNotifications] Calcualate topics because user notification settings authorization changed
2024-03-10 17:41:12.927 A  assistantd[2999:2473] (BiomeStreams) BMStoreSource.sendEvent
2024-03-10 17:41:12.917 Df homed[3119:26ad] [com.apple.apsd:connection] <APSConnection: 0x600001ba4460> Delivering queued delegate calls: 1
2024-03-10 17:41:12.914 Df SpringBoard[2993:2565] [com.apple.UserNotifications:LocalNotifications] [com.apple.barcodesupport.nfc] Load 0 pending notification dictionaries
2024-03-10 17:41:12.917 Df homed[3119:26ad] [com.apple.apsd:connection] <APSConnection: 0x600001ba4460> _setEnableStatusNotifications NO sendToDaemon YES
2024-03-10 17:41:12.916 E  SpringBoard[2993:2565] [com.apple.UserNotifications:DataStore] No data found at /Users/chef/Library/Developer/CoreSimulator/Devices/FA441BBB-4AC7-424C-8E75-DDA61780E4A0/data/Library/UserNotifications/C0952C92-CC89-459F-9025-C1C0A509ADF7/Schedule.plist
2024-03-10 17:41:12.929 Df triald[3067:2296] [com.apple.securityd:xpc] cleaning up unpooled xpc conn to trustd 0x60000376c9a0
2024-03-10 17:41:12.920 A  homed[3119:26ad] (HMFoundation) HMFActivity
2024-03-10 17:41:12.920 Df SpringBoard[2993:2565] [com.apple.UserNotifications:LocalNotifications] [com.apple.barcodesupport.nfc] Load last local notification fire date: (null)
2024-03-10 17:41:12.923 Df SpringBoard[2993:2565] [com.apple.UserNotifications:LocalNotifications] [com.apple.barcodesupport.nfc] Update timers for 0 pending notifications (monitoring: 0)
2024-03-10 17:41:12.929 Df triald[3067:26b2] [com.apple.securityd:xpc] got event: Connection invalid
2024-03-10 17:41:12.924 Df SpringBoard[2993:2565] [com.apple.UserNotifications:LocalNotifications] [com.apple.barcodesupport.nfc] Invalidate persistent timer
2024-03-10 17:41:12.926 E  SpringBoard[2993:2565] [com.apple.UserNotifications:DataStore] No data found at /Users/chef/Library/Developer/CoreSimulator/Devices/FA441BBB-4AC7-424C-8E75-DDA61780E4A0/data/Library/UserNotifications/C0952C92-CC89-459F-9025-C1C0A509ADF7/Schedule.plist
2024-03-10 17:41:12.933 Df triald[3067:2296] [com.apple.triald:server] Rollout 632e3f9c01482c74ed76392d.240000419 supports namespace compatibility versions {2000,2001,2100,2200} for namespace "SIRI_TEXT_TO_SPEECH", but the namespace descriptor declares download compatibility with version 1200. (This is unlikely to be an issue, unless you're REALLY sure rollout 632e3f9c01482c74ed76392d should be available on this device.)
2024-03-10 17:41:12.928 Df SpringBoard[2993:2565] [com.apple.UserNotifications:LocalNotifications] [com.apple.barcodesupport.nfc] Load last local notification fire date: (null)
2024-03-10 17:41:12.928 Df SpringBoard[2993:2565] [com.apple.UserNotifications:LocalNotifications] [com.apple.barcodesupport.nfc] Find next notification with current trigger date after last fire date 0001-01-01 00:00:00.000 +0000
2024-03-10 17:41:12.933 Df triald[3067:2296] [com.apple.triald:server] Found the following incompatible namespace names: (
    "SIRI_TEXT_TO_SPEECH"
)
2024-03-10 17:41:12.929 Df SpringBoard[2993:2565] [com.apple.UserNotifications:LocalNotifications] [com.apple.barcodesupport.nfc] No upcoming local notifications
2024-03-10 17:41:12.933 A  triald[3067:2296] (Security) SecTrustEvaluateIfNecessary
2024-03-10 17:41:12.935 Df triald[3067:2296] [com.apple.securityd:xpc] user sessions enabled, targeting 600
2024-03-10 17:41:12.927 Df PosterBoard[3120:267d] [com.apple.FileURL:default] kExcludedFromBackupXattrName set on path: /Users/chef/Library/Developer/CoreSimulator/Devices/FA441BBB-4AC7-424C-8E75-DDA61780E4A0/data/Library/Application Support/PRBPosterExtensionDataStore/59/Extensions/com.apple.GradientPoster.GradientPosterExtension/staticdescriptors/6144315F-19E2-4E20-8325-8D35026179D9/versions/0/contents/com.apple.posterkit.provider.contents.userInfo
2024-03-10 17:41:12.930 Df SpringBoard[2993:2565] [com.apple.UserNotifications:LocalNotifications] [com.apple.barcodesupport.nfc] Update regions for 0 pending notifications
2024-03-10 17:41:12.931 Df SpringBoard[2993:2565] [com.apple.UserNotifications:DataProviderFactory] [com.apple.barcodesupport.qrcode] Default data provider section info did change
2024-03-10 17:41:12.931 Df SpringBoard[2993:23ed] [com.apple.UserNotifications:RemoteNotifications] [com.apple.barcodesupport.nfc] Update enabled user notifications for remote notifications: YES
2024-03-10 17:41:12.932 Df SpringBoard[2993:2565] [com.apple.UserNotifications:DataProviderFactory] [com.apple.barcodesupport.qrcode] User notification settings were enabled
2024-03-10 17:41:12.931 A  SpringBoard[2993:2566] (CoreLocation) CL: CLLocationManager
2024-03-10 17:41:12.934 Df SpringBoard[2993:2565] [com.apple.UserNotifications:DataProviderFactory] [com.apple.barcodesupport.qrcode] Notify observers that user notifications settings were updated
2024-03-10 17:41:12.934 Df SpringBoard[2993:2566] [com.apple.locationd.Core:Client] {"msg":"CLLocationManager", "event":activity, "_cmd":monitoredRegions, "self":"0x600001d63530"}
2024-03-10 17:41:12.945 Df triald[3067:2296] [com.apple.securityd:xpc] cleaning up unpooled xpc conn to trustd 0x600003764700
2024-03-10 17:41:12.935 E  SpringBoard[2993:2565] [com.apple.UserNotifications:DataStore] No data found at /Users/chef/Library/Developer/CoreSimulator/Devices/FA441BBB-4AC7-424C-8E75-DDA61780E4A0/data/Library/UserNotifications/354332CE-6DEE-49C0-81AF-3FD9609A0C7D/PendingNotifications.plist
2024-03-10 17:41:12.945 Df triald[3067:26b2] [com.apple.securityd:xpc] got event: Connection invalid
2024-03-10 17:41:12.937 Df SpringBoard[2993:2566] [com.apple.UserNotifications:LocalNotifications] [com.apple.barcodesupport.nfc] Setting 0 monitored regions [ stop: 0 start: 0 ]
2024-03-10 17:41:12.937 Df SpringBoard[2993:2565] [com.apple.UserNotifications:LocalNotifications] [com.apple.barcodesupport.qrcode] Load 0 pending notification dictionaries
2024-03-10 17:41:12.934 Df SpringBoard[2993:23ed] [com.apple.UserNotifications:RemoteNotifications] [com.apple.barcodesupport.nfc] Enable user notifications for remote notifications
2024-03-10 17:41:12.938 E  SpringBoard[2993:2565] [com.apple.UserNotifications:DataStore] No data found at /Users/chef/Library/Developer/CoreSimulator/Devices/FA441BBB-4AC7-424C-8E75-DDA61780E4A0/data/Library/UserNotifications/354332CE-6DEE-49C0-81AF-3FD9609A0C7D/Schedule.plist
2024-03-10 17:41:12.940 Df SpringBoard[2993:2565] [com.apple.UserNotifications:LocalNotifications] [com.apple.barcodesupport.qrcode] Load last local notification fire date: (null)
2024-03-10 17:41:12.940 Df SpringBoard[2993:2565] [com.apple.UserNotifications:LocalNotifications] [com.apple.barcodesupport.qrcode] Update timers for 0 pending notifications (monitoring: 0)
2024-03-10 17:41:12.940 Df SpringBoard[2993:23ed] [com.apple.UserNotifications:LocalNotifications] [com.apple.barcodesupport.nfc] Enabled visible user notifications for remote notifications
2024-03-10 17:41:12.946 Df SpringBoard[2993:2565] [com.apple.UserNotifications:LocalNotifications] [com.apple.barcodesupport.qrcode] Invalidate persistent timer
2024-03-10 17:41:12.947 Df SpringBoard[2993:23ed] [com.apple.UserNotifications:RemoteNotifications] Calcualate topics because user notification settings authorization changed
2024-03-10 17:41:12.947 E  SpringBoard[2993:2565] [com.apple.UserNotifications:DataStore] No data found at /Users/chef/Library/Developer/CoreSimulator/Devices/FA441BBB-4AC7-424C-8E75-DDA61780E4A0/data/Library/UserNotifications/354332CE-6DEE-49C0-81AF-3FD9609A0C7D/Schedule.plist
2024-03-10 17:41:12.948 Df SpringBoard[2993:2565] [com.apple.UserNotifications:LocalNotifications] [com.apple.barcodesupport.qrcode] Load last local notification fire date: (null)
2024-03-10 17:41:12.948 Df SpringBoard[2993:2565] [com.apple.UserNotifications:LocalNotifications] [com.apple.barcodesupport.qrcode] Find next notification with current trigger date after last fire date 0001-01-01 00:00:00.000 +0000
2024-03-10 17:41:12.948 Df SpringBoard[2993:2565] [com.apple.UserNotifications:LocalNotifications] [com.apple.barcodesupport.qrcode] No upcoming local notifications
2024-03-10 17:41:12.948 Df SpringBoard[2993:2565] [com.apple.UserNotifications:LocalNotifications] [com.apple.barcodesupport.qrcode] Update regions for 0 pending notifications
2024-03-10 17:41:12.949 Df SpringBoard[2993:2565] [com.apple.UserNotifications:DataProviderFactory] [com.apple.ClassKitProgressNotifications] Default data provider section info did change
2024-03-10 17:41:12.949 A  SpringBoard[2993:23ed] (CoreLocation) CL: CLLocationManager
2024-03-10 17:41:12.949 Df SpringBoard[2993:2565] [com.apple.UserNotifications:DataProviderFactory] [com.apple.ClassKitProgressNotifications] User notification settings were enabled
2024-03-10 17:41:12.949 Df SpringBoard[2993:2565] [com.apple.UserNotifications:DataProviderFactory] [com.apple.ClassKitProgressNotifications] Notify observers that user notifications settings were updated
2024-03-10 17:41:12.951 Df SafariBookmarksSyncAgent[3066:23e4] [com.apple.xpc.activity:Client] xpc_activity_register: com.apple.SafariBookmarksSyncAgent.XPC.PeriodicRemoteMigrationStateObserver, criteria: check-in
2024-03-10 17:41:12.949 Df SpringBoard[2993:23ed] [com.apple.locationd.Core:Client] {"msg":"CLLocationManager", "event":activity, "_cmd":monitoredRegions, "self":"0x600001d63530"}
2024-03-10 17:41:12.950 Df SpringBoard[2993:2566] [com.apple.UserNotifications:RemoteNotifications] [com.apple.barcodesupport.qrcode] Update enabled user notifications for remote notifications: YES
2024-03-10 17:41:12.950 Df SpringBoard[2993:2566] [com.apple.UserNotifications:RemoteNotifications] [com.apple.barcodesupport.qrcode] Enable user notifications for remote notifications
2024-03-10 17:41:12.950 E  SpringBoard[2993:2565] [com.apple.UserNotifications:DataStore] No data found at /Users/chef/Library/Developer/CoreSimulator/Devices/FA441BBB-4AC7-424C-8E75-DDA61780E4A0/data/Library/UserNotifications/ED5BFD99-6CF5-4189-BEAF-8F0B36F04EC0/PendingNotifications.plist
2024-03-10 17:41:12.950 Df SpringBoard[2993:2566] [com.apple.UserNotifications:LocalNotifications] [com.apple.barcodesupport.qrcode] Enabled visible user notifications for remote notifications
2024-03-10 17:41:12.950 Df SpringBoard[2993:2565] [com.apple.UserNotifications:LocalNotifications] [com.apple.ClassKitProgressNotifications] Load 0 pending notification dictionaries
2024-03-10 17:41:12.952 Df SpringBoard[2993:2566] [com.apple.UserNotifications:RemoteNotifications] Calcualate topics because user notification settings authorization changed
2024-03-10 17:41:12.955 Df triald[3067:2296] [com.apple.triald:server] Note: Rollout 6010753cf9bfc4000c247bdd.240000387 involves namespace BIFROST_DEV_2 but it is not registered with Trial. Factor packs for this namespace shall not be downloaded.
2024-03-10 17:41:12.952 E  SpringBoard[2993:2565] [com.apple.UserNotifications:DataStore] No data found at /Users/chef/Library/Developer/CoreSimulator/Devices/FA441BBB-4AC7-424C-8E75-DDA61780E4A0/data/Library/UserNotifications/ED5BFD99-6CF5-4189-BEAF-8F0B36F04EC0/Schedule.plist
2024-03-10 17:41:12.955 Df triald[3067:2296] [com.apple.triald:server] Found the following incompatible namespace names: (
    "<TRIClientSelectedNamespace 0x600002a7cea0>: {\134n    name: \134"BIFROST_DEV_2\134"\134n    compatibility_version: 1\134n}"
)
2024-03-10 17:41:12.953 Df SpringBoard[2993:2565] [com.apple.UserNotifications:LocalNotifications] [com.apple.ClassKitProgressNotifications] Load last local notification fire date: (null)
2024-03-10 17:41:12.955 A  triald[3067:2296] (Security) SecTrustEvaluateIfNecessary
2024-03-10 17:41:12.954 Df SpringBoard[2993:2565] [com.apple.UserNotifications:LocalNotifications] [com.apple.ClassKitProgressNotifications] Update timers for 0 pending notifications (monitoring: 0)
2024-03-10 17:41:12.954 Df SpringBoard[2993:2565] [com.apple.UserNotifications:LocalNotifications] [com.apple.ClassKitProgressNotifications] Invalidate persistent timer
2024-03-10 17:41:12.952 Df SpringBoard[2993:23ed] [com.apple.UserNotifications:LocalNotifications] [com.apple.barcodesupport.qrcode] Setting 0 monitored regions [ stop: 0 start: 0 ]
2024-03-10 17:41:12.954 E  SpringBoard[2993:2565] [com.apple.UserNotifications:DataStore] No data found at /Users/chef/Library/Developer/CoreSimulator/Devices/FA441BBB-4AC7-424C-8E75-DDA61780E4A0/data/Library/UserNotifications/ED5BFD99-6CF5-4189-BEAF-8F0B36F04EC0/Schedule.plist
2024-03-10 17:41:12.956 Df triald[3067:2296] [com.apple.securityd:xpc] user sessions enabled, targeting 600
2024-03-10 17:41:12.955 Df SpringBoard[2993:2565] [com.apple.UserNotifications:LocalNotifications] [com.apple.ClassKitProgressNotifications] Load last local notification fire date: (null)
2024-03-10 17:41:12.955 Df SpringBoard[2993:2565] [com.apple.UserNotifications:LocalNotifications] [com.apple.ClassKitProgressNotifications] Find next notification with current trigger date after last fire date 0001-01-01 00:00:00.000 +0000
2024-03-10 17:41:12.957 Df SpringBoard[2993:2565] [com.apple.UserNotifications:LocalNotifications] [com.apple.ClassKitProgressNotifications] No upcoming local notifications
2024-03-10 17:41:12.958 Df SpringBoard[2993:2565] [com.apple.UserNotifications:LocalNotifications] [com.apple.ClassKitProgressNotifications] Update regions for 0 pending notifications
2024-03-10 17:41:12.959 Df SpringBoard[2993:2565] [com.apple.UserNotifications:DataProviderFactory] [com.apple.cmas] Default data provider section info did change
2024-03-10 17:41:12.959 Df SpringBoard[2993:2565] [com.apple.UserNotifications:DataProviderFactory] [com.apple.cmas] User notification settings were enabled
2024-03-10 17:41:12.959 Df SpringBoard[2993:2565] [com.apple.UserNotifications:DataProviderFactory] [com.apple.cmas] Notify observers that user notifications settings were updated
2024-03-10 17:41:12.959 A  SpringBoard[2993:23ed] (CoreLocation) CL: CLLocationManager
2024-03-10 17:41:12.961 Df SpringBoard[2993:23ed] [com.apple.locationd.Core:Client] {"msg":"CLLocationManager", "event":activity, "_cmd":monitoredRegions, "self":"0x600001d63530"}
2024-03-10 17:41:12.961 E  SpringBoard[2993:2565] [com.apple.UserNotifications:DataStore] No data found at /Users/chef/Library/Developer/CoreSimulator/Devices/FA441BBB-4AC7-424C-8E75-DDA61780E4A0/data/Library/UserNotifications/5D85810D-461C-4989-B4B8-EFE58B2F692F/PendingNotifications.plist
2024-03-10 17:41:12.961 Df SpringBoard[2993:2566] [com.apple.UserNotifications:RemoteNotifications] [com.apple.ClassKitProgressNotifications] Update enabled user notifications for remote notifications: YES
2024-03-10 17:41:12.964 Df SpringBoard[2993:2566] [com.apple.UserNotifications:RemoteNotifications] [com.apple.ClassKitProgressNotifications] Enable user notifications for remote notifications
2024-03-10 17:41:12.964 Df SpringBoard[2993:2566] [com.apple.UserNotifications:LocalNotifications] [com.apple.ClassKitProgressNotifications] Enabled visible user notifications for remote notifications
2024-03-10 17:41:12.964 Df SpringBoard[2993:2566] [com.apple.UserNotifications:RemoteNotifications] Calcualate topics because user notification settings authorization changed
2024-03-10 17:41:12.962 Df SpringBoard[2993:2565] [com.apple.UserNotifications:LocalNotifications] [com.apple.cmas] Load 0 pending notification dictionaries
