2024-03-10 17:41:13.231 Df SpringBoard[2993:2565] [com.apple.UserNotifications:LocalNotifications] [com.apple.sosd.usernotification] Load last local notification fire date: (null)
2024-03-10 17:41:13.231 Df SpringBoard[2993:2565] [com.apple.UserNotifications:LocalNotifications] [com.apple.sosd.usernotification] Find next notification with current trigger date after last fire date 0001-01-01 00:00:00.000 +0000
2024-03-10 17:41:13.231 Df SpringBoard[2993:2565] [com.apple.UserNotifications:LocalNotifications] [com.apple.sosd.usernotification] No upcoming local notifications
2024-03-10 17:41:13.231 Df SpringBoard[2993:2565] [com.apple.UserNotifications:LocalNotifications] [com.apple.sosd.usernotification] Update regions for 0 pending notifications
2024-03-10 17:41:13.232 A  SpringBoard[2993:2688] (CoreLocation) CL: CLLocationManager
2024-03-10 17:41:13.232 Df SpringBoard[2993:2688] [com.apple.locationd.Core:Client] {"msg":"CLLocationManager", "event":activity, "_cmd":monitoredRegions, "self":"0x600001d63530"}
2024-03-10 17:41:13.231 Df SpringBoard[2993:2565] [com.apple.UserNotifications:DataProviderFactory] [com.apple.studentd.notifications] Default data provider section info did change
2024-03-10 17:41:13.232 Df SpringBoard[2993:23ed] [com.apple.UserNotifications:RemoteNotifications] [com.apple.sosd.usernotification] Update enabled user notifications for remote notifications: YES
2024-03-10 17:41:13.233 Df SpringBoard[2993:2565] [com.apple.UserNotifications:DataProviderFactory] [com.apple.studentd.notifications] User notification settings were enabled
2024-03-10 17:41:13.233 Df SpringBoard[2993:23ed] [com.apple.UserNotifications:RemoteNotifications] [com.apple.sosd.usernotification] Enable user notifications for remote notifications
2024-03-10 17:41:13.233 Df SpringBoard[2993:2565] [com.apple.UserNotifications:DataProviderFactory] [com.apple.studentd.notifications] Notify observers that user notifications settings were updated
2024-03-10 17:41:13.233 Df SpringBoard[2993:23ed] [com.apple.UserNotifications:LocalNotifications] [com.apple.sosd.usernotification] Enabled visible user notifications for remote notifications
2024-03-10 17:41:13.233 E  SpringBoard[2993:2565] [com.apple.UserNotifications:DataStore] No data found at /Users/chef/Library/Developer/CoreSimulator/Devices/FA441BBB-4AC7-424C-8E75-DDA61780E4A0/data/Library/UserNotifications/24F4B6B9-7A18-43CC-9391-40D0DD1E3BBC/PendingNotifications.plist
2024-03-10 17:41:13.234 Df SpringBoard[2993:23ed] [com.apple.UserNotifications:RemoteNotifications] Calcualate topics because user notification settings authorization changed
2024-03-10 17:41:13.234 Df SpringBoard[2993:2565] [com.apple.UserNotifications:LocalNotifications] [com.apple.studentd.notifications] Load 0 pending notification dictionaries
2024-03-10 17:41:13.235 Df SpringBoard[2993:2688] [com.apple.UserNotifications:LocalNotifications] [com.apple.sosd.usernotification] Setting 0 monitored regions [ stop: 0 start: 0 ]
2024-03-10 17:41:13.235 E  SpringBoard[2993:2565] [com.apple.UserNotifications:DataStore] No data found at /Users/chef/Library/Developer/CoreSimulator/Devices/FA441BBB-4AC7-424C-8E75-DDA61780E4A0/data/Library/UserNotifications/24F4B6B9-7A18-43CC-9391-40D0DD1E3BBC/Schedule.plist
2024-03-10 17:41:13.237 Df SpringBoard[2993:2565] [com.apple.UserNotifications:LocalNotifications] [com.apple.studentd.notifications] Load last local notification fire date: (null)
2024-03-10 17:41:13.237 Df SpringBoard[2993:2565] [com.apple.UserNotifications:LocalNotifications] [com.apple.studentd.notifications] Update timers for 0 pending notifications (monitoring: 0)
2024-03-10 17:41:13.237 Df SpringBoard[2993:2565] [com.apple.UserNotifications:LocalNotifications] [com.apple.studentd.notifications] Invalidate persistent timer
2024-03-10 17:41:13.237 E  SpringBoard[2993:2565] [com.apple.UserNotifications:DataStore] No data found at /Users/chef/Library/Developer/CoreSimulator/Devices/FA441BBB-4AC7-424C-8E75-DDA61780E4A0/data/Library/UserNotifications/24F4B6B9-7A18-43CC-9391-40D0DD1E3BBC/Schedule.plist
2024-03-10 17:41:13.237 Df SpringBoard[2993:2565] [com.apple.UserNotifications:LocalNotifications] [com.apple.studentd.notifications] Load last local notification fire date: (null)
2024-03-10 17:41:13.239 Df SpringBoard[2993:2565] [com.apple.UserNotifications:LocalNotifications] [com.apple.studentd.notifications] Find next notification with current trigger date after last fire date 0001-01-01 00:00:00.000 +0000
2024-03-10 17:41:13.239 Df SpringBoard[2993:2565] [com.apple.UserNotifications:LocalNotifications] [com.apple.studentd.notifications] No upcoming local notifications
2024-03-10 17:41:13.239 Df SpringBoard[2993:2565] [com.apple.UserNotifications:LocalNotifications] [com.apple.studentd.notifications] Update regions for 0 pending notifications
2024-03-10 17:41:13.240 A  SpringBoard[2993:2688] (CoreLocation) CL: CLLocationManager
2024-03-10 17:41:13.239 Df SpringBoard[2993:2565] [com.apple.UserNotifications:DataProviderFactory] [com.apple.MobileSMS] Default data provider section info did change
2024-03-10 17:41:13.240 Df SpringBoard[2993:2565] [com.apple.UserNotifications:DataProviderFactory] [com.apple.MobileSMS] User notification settings were enabled
2024-03-10 17:41:13.241 Df SpringBoard[2993:2565] [com.apple.UserNotifications:DataProviderFactory] [com.apple.MobileSMS] Notify observers that user notifications settings were updated
2024-03-10 17:41:13.240 Df SpringBoard[2993:23ed] [com.apple.UserNotifications:RemoteNotifications] [com.apple.studentd.notifications] Update enabled user notifications for remote notifications: YES
2024-03-10 17:41:13.241 Df SpringBoard[2993:2565] [com.apple.UserNotifications:DataProviderFactory] [com.apple.Preferences] Default data provider section info did change
2024-03-10 17:41:13.241 Df SpringBoard[2993:23ed] [com.apple.UserNotifications:RemoteNotifications] [com.apple.studentd.notifications] Enable user notifications for remote notifications
2024-03-10 17:41:13.240 Df triald[3067:2296] [com.apple.securityd:xpc] cleaning up unpooled xpc conn to trustd 0x60000376c9a0
2024-03-10 17:41:13.240 Df SpringBoard[2993:2688] [com.apple.locationd.Core:Client] {"msg":"CLLocationManager", "event":activity, "_cmd":monitoredRegions, "self":"0x600001d63530"}
2024-03-10 17:41:13.242 Df triald[3067:26b2] [com.apple.securityd:xpc] got event: Connection invalid
2024-03-10 17:41:13.241 Df SpringBoard[2993:2565] [com.apple.UserNotifications:DataProviderFactory] [com.apple.Preferences] User notification settings were enabled
2024-03-10 17:41:13.242 Df SpringBoard[2993:2565] [com.apple.UserNotifications:DataProviderFactory] [com.apple.Preferences] Notify observers that user notifications settings were updated
2024-03-10 17:41:13.242 E  SpringBoard[2993:2565] [com.apple.UserNotifications:DataStore] No data found at /Users/chef/Library/Developer/CoreSimulator/Devices/FA441BBB-4AC7-424C-8E75-DDA61780E4A0/data/Library/UserNotifications/8E18E48A-DD46-4CB2-AF76-3A88DBC45B34/PendingNotifications.plist
2024-03-10 17:41:13.242 Df SpringBoard[2993:23ed] [com.apple.UserNotifications:LocalNotifications] [com.apple.studentd.notifications] Enabled visible user notifications for remote notifications
2024-03-10 17:41:13.243 Df SpringBoard[2993:23ed] [com.apple.UserNotifications:RemoteNotifications] Calcualate topics because user notification settings authorization changed
2024-03-10 17:41:13.243 Df SpringBoard[2993:2565] [com.apple.UserNotifications:LocalNotifications] [com.apple.Preferences] Load 0 pending notification dictionaries
2024-03-10 17:41:13.242 Df triald[3067:2296] [com.apple.triald:server] Decoded valid and device-compatible rollout notification: 5ffde50ce2aacd000d47a95f.240000364
2024-03-10 17:41:13.243 Df SpringBoard[2993:2688] [com.apple.UserNotifications:LocalNotifications] [com.apple.studentd.notifications] Setting 0 monitored regions [ stop: 0 start: 0 ]
2024-03-10 17:41:13.244 E  SpringBoard[2993:2565] [com.apple.UserNotifications:DataStore] No data found at /Users/chef/Library/Developer/CoreSimulator/Devices/FA441BBB-4AC7-424C-8E75-DDA61780E4A0/data/Library/UserNotifications/8E18E48A-DD46-4CB2-AF76-3A88DBC45B34/Schedule.plist
2024-03-10 17:41:13.243 A  triald[3067:2296] (Security) SecTrustEvaluateIfNecessary
2024-03-10 17:41:13.245 Df SpringBoard[2993:2565] [com.apple.UserNotifications:LocalNotifications] [com.apple.Preferences] Load last local notification fire date: (null)
2024-03-10 17:41:13.247 Df apsd[3049:21cb] [com.apple.apsd:courier] copyTokenForDomain sandbox.push.apple.com (null)
2024-03-10 17:41:13.246 Df SpringBoard[2993:2565] [com.apple.UserNotifications:LocalNotifications] [com.apple.Preferences] Update timers for 0 pending notifications (monitoring: 0)
2024-03-10 17:41:13.247 Df triald[3067:2296] [com.apple.securityd:xpc] user sessions enabled, targeting 600
2024-03-10 17:41:13.246 Df SpringBoard[2993:2565] [com.apple.UserNotifications:LocalNotifications] [com.apple.Preferences] Invalidate persistent timer
2024-03-10 17:41:13.246 E  SpringBoard[2993:2565] [com.apple.UserNotifications:DataStore] No data found at /Users/chef/Library/Developer/CoreSimulator/Devices/FA441BBB-4AC7-424C-8E75-DDA61780E4A0/data/Library/UserNotifications/8E18E48A-DD46-4CB2-AF76-3A88DBC45B34/Schedule.plist
2024-03-10 17:41:13.235 Df PosterBoard[3120:267d] [com.apple.FileURL:default] kExcludedFromBackupXattrName set on path: /Users/chef/Library/Developer/CoreSimulator/Devices/FA441BBB-4AC7-424C-8E75-DDA61780E4A0/data/Library/Application Support/PRBPosterExtensionDataStore/59/Extensions/com.apple.GradientPoster.GradientPosterExtension/descriptors/1E32F16F-9A3D-4984-A0F9-CFFAE6D35864/versions/0/contents/com.apple.posterkit.provider.contents.userInfo
2024-03-10 17:41:13.246 Df SpringBoard[2993:2565] [com.apple.UserNotifications:LocalNotifications] [com.apple.Preferences] Load last local notification fire date: (null)
2024-03-10 17:41:13.247 A  apsd[3049:21cb] (Security) SecItemCopyMatching_ios
2024-03-10 17:41:13.246 Df SpringBoard[2993:2565] [com.apple.UserNotifications:LocalNotifications] [com.apple.Preferences] Find next notification with current trigger date after last fire date 0001-01-01 00:00:00.000 +0000
2024-03-10 17:41:13.248 Df apsd[3049:21cb] [com.apple.apsd:courier] copyTokenForDomain sandbox.push.apple.com (null)
2024-03-10 17:41:13.246 Df SpringBoard[2993:2565] [com.apple.UserNotifications:LocalNotifications] [com.apple.Preferences] No upcoming local notifications
2024-03-10 17:41:13.248 A  apsd[3049:21cb] (Security) SecItemCopyMatching_ios
2024-03-10 17:41:13.247 Df SpringBoard[2993:2565] [com.apple.UserNotifications:LocalNotifications] [com.apple.Preferences] Update regions for 0 pending notifications
2024-03-10 17:41:13.247 Df SpringBoard[2993:2565] [com.apple.UserNotifications:DataProviderFactory] [com.apple.shortcuts] Default data provider section info did change
2024-03-10 17:41:13.248 A  SpringBoard[2993:2688] (CoreLocation) CL: CLLocationManager
2024-03-10 17:41:13.248 Df SpringBoard[2993:23ed] [com.apple.UserNotifications:RemoteNotifications] [com.apple.Preferences] Update enabled user notifications for remote notifications: YES
2024-03-10 17:41:13.248 Df SpringBoard[2993:2565] [com.apple.UserNotifications:DataProviderFactory] [com.apple.shortcuts] User notification settings were enabled
2024-03-10 17:41:13.249 Df SpringBoard[2993:2688] [com.apple.locationd.Core:Client] {"msg":"CLLocationManager", "event":activity, "_cmd":monitoredRegions, "self":"0x600001d63530"}
2024-03-10 17:41:13.249 Df SpringBoard[2993:23ed] [com.apple.UserNotifications:RemoteNotifications] [com.apple.Preferences] Enable user notifications for remote notifications
2024-03-10 17:41:13.253 Df SpringBoard[2993:23ed] [com.apple.UserNotifications:LocalNotifications] [com.apple.Preferences] Enabled visible user notifications for remote notifications
2024-03-10 17:41:13.251 Df SpringBoard[2993:2565] [com.apple.UserNotifications:DataProviderFactory] [com.apple.shortcuts] Notify observers that user notifications settings were updated
2024-03-10 17:41:13.256 Df SpringBoard[2993:23ed] [com.apple.UserNotifications:RemoteNotifications] Calcualate topics because user notification settings authorization changed
2024-03-10 17:41:13.249 Df apsd[3049:21cb] [com.apple.apsd:courier] <APSCourier 0x7fc991004660 development>: __processStoredIncomingMessageForConnection: <APSConnectionServer: 0x600001a902c0>
2024-03-10 17:41:13.255 Df SpringBoard[2993:2688] [com.apple.UserNotifications:LocalNotifications] [com.apple.Preferences] Setting 0 monitored regions [ stop: 0 start: 0 ]
2024-03-10 17:41:13.256 E  SpringBoard[2993:2565] [com.apple.UserNotifications:DataStore] No data found at /Users/chef/Library/Developer/CoreSimulator/Devices/FA441BBB-4AC7-424C-8E75-DDA61780E4A0/data/Library/UserNotifications/2AAA643A-7F98-4195-8027-BEC10B683ED3/PendingNotifications.plist
2024-03-10 17:41:13.260 Df SpringBoard[2993:2565] [com.apple.UserNotifications:LocalNotifications] [com.apple.shortcuts] Load 0 pending notification dictionaries
2024-03-10 17:41:13.261 E  SpringBoard[2993:2565] [com.apple.UserNotifications:DataStore] No data found at /Users/chef/Library/Developer/CoreSimulator/Devices/FA441BBB-4AC7-424C-8E75-DDA61780E4A0/data/Library/UserNotifications/2AAA643A-7F98-4195-8027-BEC10B683ED3/Schedule.plist
2024-03-10 17:41:13.261 Df SpringBoard[2993:2565] [com.apple.UserNotifications:LocalNotifications] [com.apple.shortcuts] Load last local notification fire date: (null)
2024-03-10 17:41:13.261 Df SpringBoard[2993:2565] [com.apple.UserNotifications:LocalNotifications] [com.apple.shortcuts] Update timers for 0 pending notifications (monitoring: 0)
2024-03-10 17:41:13.261 Df SpringBoard[2993:2565] [com.apple.UserNotifications:LocalNotifications] [com.apple.shortcuts] Invalidate persistent timer
2024-03-10 17:41:13.261 E  SpringBoard[2993:2565] [com.apple.UserNotifications:DataStore] No data found at /Users/chef/Library/Developer/CoreSimulator/Devices/FA441BBB-4AC7-424C-8E75-DDA61780E4A0/data/Library/UserNotifications/2AAA643A-7F98-4195-8027-BEC10B683ED3/Schedule.plist
2024-03-10 17:41:13.263 Df SpringBoard[2993:2565] [com.apple.UserNotifications:LocalNotifications] [com.apple.shortcuts] Load last local notification fire date: (null)
2024-03-10 17:41:13.263 Df SpringBoard[2993:2565] [com.apple.UserNotifications:LocalNotifications] [com.apple.shortcuts] Find next notification with current trigger date after last fire date 0001-01-01 00:00:00.000 +0000
2024-03-10 17:41:13.263 Df SpringBoard[2993:2565] [com.apple.UserNotifications:LocalNotifications] [com.apple.shortcuts] No upcoming local notifications
2024-03-10 17:41:13.263 Df SpringBoard[2993:2565] [com.apple.UserNotifications:LocalNotifications] [com.apple.shortcuts] Update regions for 0 pending notifications
2024-03-10 17:41:13.264 Df SpringBoard[2993:2565] [com.apple.UserNotifications:DataProviderFactory] [com.apple.siri] Default data provider section info did change
2024-03-10 17:41:13.264 Df SpringBoard[2993:2565] [com.apple.UserNotifications:DataProviderFactory] [com.apple.siri] User notification settings were enabled
2024-03-10 17:41:13.266 Df SpringBoard[2993:2565] [com.apple.UserNotifications:DataProviderFactory] [com.apple.siri] Notify observers that user notifications settings were updated
2024-03-10 17:41:13.266 A  SpringBoard[2993:2688] (CoreLocation) CL: CLLocationManager
2024-03-10 17:41:13.266 E  SpringBoard[2993:2565] [com.apple.UserNotifications:DataStore] No data found at /Users/chef/Library/Developer/CoreSimulator/Devices/FA441BBB-4AC7-424C-8E75-DDA61780E4A0/data/Library/UserNotifications/3F1BFD27-FF1A-45C7-AE68-6856C3E51FD6/PendingNotifications.plist
2024-03-10 17:41:13.266 Df SpringBoard[2993:2565] [com.apple.UserNotifications:LocalNotifications] [com.apple.siri] Load 0 pending notification dictionaries
2024-03-10 17:41:13.266 Df SpringBoard[2993:2688] [com.apple.locationd.Core:Client] {"msg":"CLLocationManager", "event":activity, "_cmd":monitoredRegions, "self":"0x600001d63530"}
2024-03-10 17:41:13.268 Df SpringBoard[2993:23ed] [com.apple.UserNotifications:RemoteNotifications] [com.apple.shortcuts] Update enabled user notifications for remote notifications: YES
2024-03-10 17:41:13.268 Df SpringBoard[2993:23ed] [com.apple.UserNotifications:RemoteNotifications] [com.apple.shortcuts] Enable user notifications for remote notifications
2024-03-10 17:41:13.269 Df SpringBoard[2993:23ed] [com.apple.UserNotifications:LocalNotifications] [com.apple.shortcuts] Enabled visible user notifications for remote notifications
2024-03-10 17:41:13.269 Df SpringBoard[2993:23ed] [com.apple.UserNotifications:RemoteNotifications] Calcualate topics because user notification settings authorization changed
2024-03-10 17:41:13.266 E  SpringBoard[2993:2565] [com.apple.UserNotifications:DataStore] No data found at /Users/chef/Library/Developer/CoreSimulator/Devices/FA441BBB-4AC7-424C-8E75-DDA61780E4A0/data/Library/UserNotifications/3F1BFD27-FF1A-45C7-AE68-6856C3E51FD6/Schedule.plist
2024-03-10 17:41:13.277 Df SpringBoard[2993:2688] [com.apple.UserNotifications:LocalNotifications] [com.apple.shortcuts] Setting 0 monitored regions [ stop: 0 start: 0 ]
2024-03-10 17:41:13.277 Df SpringBoard[2993:2565] [com.apple.UserNotifications:LocalNotifications] [com.apple.siri] Load last local notification fire date: (null)
2024-03-10 17:41:13.280 Df PosterBoard[3120:267e] [com.apple.FileURL:default] kExcludedFromBackupXattrName set on path: /Users/chef/Library/Developer/CoreSimulator/Devices/FA441BBB-4AC7-424C-8E75-DDA61780E4A0/data/Library/Application Support/PRBPosterExtensionDataStore/59/Extensions/com.apple.GradientPoster.GradientPosterExtension/descriptors/7A019876-37FE-453C-8BD5-C58862766EB8/versions/0
2024-03-10 17:41:13.277 Df SpringBoard[2993:2565] [com.apple.UserNotifications:LocalNotifications] [com.apple.siri] Update timers for 0 pending notifications (monitoring: 0)
2024-03-10 17:41:13.284 Df SpringBoard[2993:2565] [com.apple.UserNotifications:LocalNotifications] [com.apple.siri] Invalidate persistent timer
2024-03-10 17:41:13.284 E  SpringBoard[2993:2565] [com.apple.UserNotifications:DataStore] No data found at /Users/chef/Library/Developer/CoreSimulator/Devices/FA441BBB-4AC7-424C-8E75-DDA61780E4A0/data/Library/UserNotifications/3F1BFD27-FF1A-45C7-AE68-6856C3E51FD6/Schedule.plist
2024-03-10 17:41:13.284 Df SpringBoard[2993:2565] [com.apple.UserNotifications:LocalNotifications] [com.apple.siri] Load last local notification fire date: (null)
2024-03-10 17:41:13.284 Df SpringBoard[2993:2565] [com.apple.UserNotifications:LocalNotifications] [com.apple.siri] Find next notification with current trigger date after last fire date 0001-01-01 00:00:00.000 +0000
2024-03-10 17:41:13.284 Df SpringBoard[2993:2565] [com.apple.UserNotifications:LocalNotifications] [com.apple.siri] No upcoming local notifications
2024-03-10 17:41:13.284 Df SpringBoard[2993:2565] [com.apple.UserNotifications:LocalNotifications] [com.apple.siri] Update regions for 0 pending notifications
2024-03-10 17:41:13.281 Df triald[3067:2296] [com.apple.securityd:xpc] cleaning up unpooled xpc conn to trustd 0x60000376c9a0
2024-03-10 17:41:13.285 Df SpringBoard[2993:2565] [com.apple.UserNotifications:DataProviderFactory] [com.apple.Passbook] Default data provider section info did change
2024-03-10 17:41:13.284 Df appleaccountd[3065:22e8] [com.apple.cloudkit.sim:OP] Finished operation <CKModifySubscriptionsOperation: 0x7fdf753089c0; databaseScope=Shared, operationID=704BEFB79C108A24, resolvedConfig={ timeoutForRequest=60, discretionary=Non-Disc }, qos=Default, stateFlags=executing, metrics=<CKOperationMetrics: 0x6000017220e0; cloudKitMetrics=<CKMetric: 0x600002534c60; startDate=2024-03-10 17:40:50 +0000, duration=20.555, queueing=20.504, executing=0.051, bytesUploaded=0, bytesDownloaded=0, connections=0, connectionsCreated=0, totalBytesByChunkProfile={  }, chunkCountByChunkProfile={  }, fileCountByChunkProfile={  }>>, databaseScope=Shared>  with error: <CKError 0x600001920c00: "Not Authenticated" (1002); "This request requires an authenticated account">
2024-03-10 17:41:13.281 Df triald[3067:26b2] [com.apple.securityd:xpc] got event: Connection invalid
2024-03-10 17:41:13.286 A  SpringBoard[2993:2688] (CoreLocation) CL: CLLocationManager
2024-03-10 17:41:13.288 Df routined[3000:2218] [com.apple.xpc.activity:Client] xpc_activity_set_criteria: com.apple.routined.locationAwareness.heartbeat (0x60000302c500), setting state now to 0
2024-03-10 17:41:13.289 Df triald[3067:2296] [com.apple.triald:server] Decoded valid and device-compatible rollout notification: 61675b89201f677a9a4cbd65.240000095
2024-03-10 17:41:13.285 Df SpringBoard[2993:2565] [com.apple.UserNotifications:DataProviderFactory] [com.apple.Passbook] User notification settings were enabled
2024-03-10 17:41:13.289 A  triald[3067:2296] (Security) SecTrustEvaluateIfNecessary
2024-03-10 17:41:13.286 Df SpringBoard[2993:2688] [com.apple.locationd.Core:Client] {"msg":"CLLocationManager", "event":activity, "_cmd":monitoredRegions, "self":"0x600001d63530"}
2024-03-10 17:41:13.286 Df SpringBoard[2993:23ed] [com.apple.UserNotifications:RemoteNotifications] [com.apple.siri] Update enabled user notifications for remote notifications: YES
2024-03-10 17:41:13.286 Df SpringBoard[2993:2565] [com.apple.UserNotifications:DataProviderFactory] [com.apple.Passbook] Notify observers that user notifications settings were updated
2024-03-10 17:41:13.287 Df SpringBoard[2993:23ed] [com.apple.UserNotifications:RemoteNotifications] [com.apple.siri] Enable user notifications for remote notifications
2024-03-10 17:41:13.287 Df SpringBoard[2993:2565] [com.apple.UserNotifications:DataProviderFactory] [com.apple.Home] Default data provider section info did change
2024-03-10 17:41:13.289 Df SpringBoard[2993:2688] [com.apple.UserNotifications:LocalNotifications] [com.apple.siri] Setting 0 monitored regions [ stop: 0 start: 0 ]
2024-03-10 17:41:13.288 Df SpringBoard[2993:23ed] [com.apple.UserNotifications:LocalNotifications] [com.apple.siri] Enabled visible user notifications for remote notifications
2024-03-10 17:41:13.294 Df SpringBoard[2993:23ed] [com.apple.UserNotifications:RemoteNotifications] Calcualate topics because user notification settings authorization changed
2024-03-10 17:41:13.290 Df SpringBoard[2993:2565] [com.apple.UserNotifications:DataProviderFactory] [com.apple.Home] User notification settings were enabled
2024-03-10 17:41:13.294 Df SpringBoard[2993:2565] [com.apple.UserNotifications:DataProviderFactory] [com.apple.Home] Notify observers that user notifications settings were updated
2024-03-10 17:41:13.295 Df triald[3067:2296] [com.apple.securityd:xpc] user sessions enabled, targeting 600
2024-03-10 17:41:13.285 Df PosterBoard[3120:267e] [com.apple.FileURL:default] kExcludedFromBackupXattrName set on path: /Users/chef/Library/Developer/CoreSimulator/Devices/FA441BBB-4AC7-424C-8E75-DDA61780E4A0/data/Library/Application Support/PRBPosterExtensionDataStore/59/Extensions/com.apple.GradientPoster.GradientPosterExtension/descriptors/7A019876-37FE-453C-8BD5-C58862766EB8/versions/0/supplements
2024-03-10 17:41:13.299 Df PosterBoard[3120:267e] [com.apple.FileURL:default] kExcludedFromBackupXattrName set on path: /Users/chef/Library/Developer/CoreSimulator/Devices/FA441BBB-4AC7-424C-8E75-DDA61780E4A0/data/Library/Application Support/PRBPosterExtensionDataStore/59/Extensions/com.apple.GradientPoster.GradientPosterExtension/descriptors/7A019876-37FE-453C-8BD5-C58862766EB8/versions/0/supplements/0
2024-03-10 17:41:13.301 Df PosterBoard[3120:267e] [com.apple.FileURL:default] kExcludedFromBackupXattrName set on path: /Users/chef/Library/Developer/CoreSimulator/Devices/FA441BBB-4AC7-424C-8E75-DDA61780E4A0/data/Library/Application Support/PRBPosterExtensionDataStore/59/Extensions/com.apple.GradientPoster.GradientPosterExtension/descriptors/7A019876-37FE-453C-8BD5-C58862766EB8/versions/0/contents
2024-03-10 17:41:13.302 Df PosterBoard[3120:267e] [com.apple.FileURL:default] kExcludedFromBackupXattrName set on path: /Users/chef/Library/Developer/CoreSimulator/Devices/FA441BBB-4AC7-424C-8E75-DDA61780E4A0/data/Library/Application Support/PRBPosterExtensionDataStore/59/Extensions/com.apple.GradientPoster.GradientPosterExtension/descriptors/7A019876-37FE-453C-8BD5-C58862766EB8/versions/0/contents/com.apple.posterkit.provider.contents.galleryOptions
2024-03-10 17:41:13.304 Df PosterBoard[3120:267e] [com.apple.FileURL:default] kExcludedFromBackupXattrName set on path: /Users/chef/Library/Developer/CoreSimulator/Devices/FA441BBB-4AC7-424C-8E75-DDA61780E4A0/data/Library/Application Support/PRBPosterExtensionDataStore/59/Extensions/com.apple.GradientPoster.GradientPosterExtension/descriptors/7A019876-37FE-453C-8BD5-C58862766EB8/versions/0/contents/.com.apple.posterkit.provider.contents.configurableOptions.plist
2024-03-10 17:41:13.306 Df UserEventAgent[2994:26b4] [com.apple.xpc.activity:Internal] Creating XPC Activity on XPC add event: com.apple.routined.persistence.mirroring.post-install
2024-03-10 17:41:13.290 Df routined[3000:2218] [com.apple.xpc.activity:Client] _xpc_activity_set_state: com.apple.routined.locationAwareness.heartbeat (0x60000302c500), 0
2024-03-10 17:41:13.307 Df UserEventAgent[2994:26b4] [com.apple.xpc.activity:Internal] Failed to create XPC Activity: com.apple.routined.persistence.mirroring.post-install
2024-03-10 17:41:13.290 Df routined[3000:2218] [com.apple.xpc.activity:Client] __XPC_ACTIVITY_CALLING_HANDLER__: com.apple.routined.locationAwareness.heartbeat (0x60000302c500), current state 0, pending state 0
2024-03-10 17:41:13.290 Df routined[3000:21d1] [com.apple.xpc.activity:Client] _xpc_activity_set_criteria: com.apple.routined.persistence.mirroring.post-install (0x600003020960), dict
2024-03-10 17:41:13.290 Df routined[3000:21d1] [com.apple.xpc.activity:Client] _xpc_activity_set_criteria: xpc_set_event com.apple.routined.persistence.mirroring.post-install, 2
2024-03-10 17:41:13.311 Df triald[3067:2296] [com.apple.securityd:xpc] cleaning up unpooled xpc conn to trustd 0x600003760540
2024-03-10 17:41:13.305 Df PosterBoard[3120:267e] [com.apple.FileURL:default] kExcludedFromBackupXattrName set on path: /Users/chef/Library/Developer/CoreSimulator/Devices/FA441BBB-4AC7-424C-8E75-DDA61780E4A0/data/Library/Application Support/PRBPosterExtensionDataStore/59/Extensions/com.apple.GradientPoster.GradientPosterExtension/descriptors/7A019876-37FE-453C-8BD5-C58862766EB8/versions/0/contents/com.apple.posterkit.provider.contents.userInfo
2024-03-10 17:41:13.311 Df triald[3067:26b2] [com.apple.securityd:xpc] got event: Connection invalid
2024-03-10 17:41:13.325 Df triald[3067:2296] [com.apple.triald:server] Note: Rollout 6081eda9c724863038027c4f.240001079 involves namespace BIFROST_PROD_2 but it is not registered with Trial. Factor packs for this namespace shall not be downloaded.
2024-03-10 17:41:13.325 Df triald[3067:2296] [com.apple.triald:server] Found the following incompatible namespace names: (
    "<TRIClientSelectedNamespace 0x600002a4d980>: {\134n    name: \134"BIFROST_PROD_2\134"\134n    compatibility_version: 1\134n}"
)
2024-03-10 17:41:13.325 A  triald[3067:2296] (Security) SecTrustEvaluateIfNecessary
2024-03-10 17:41:13.326 Df triald[3067:2296] [com.apple.securityd:xpc] user sessions enabled, targeting 600
2024-03-10 17:41:13.333 Df PosterBoard[3120:267e] [com.apple.FileURL:default] kExcludedFromBackupXattrName set on path: /Users/chef/Library/Developer/CoreSimulator/Devices/FA441BBB-4AC7-424C-8E75-DDA61780E4A0/data/Library/Application Support/PRBPosterExtensionDataStore/59/Extensions/com.apple.GradientPoster.GradientPosterExtension/descriptors/4B062BCD-D092-4346-8A34-F40D4B48D2CC/versions/0
2024-03-10 17:41:13.334 Df PosterBoard[3120:267e] [com.apple.FileURL:default] kExcludedFromBackupXattrName set on path: /Users/chef/Library/Developer/CoreSimulator/Devices/FA441BBB-4AC7-424C-8E75-DDA61780E4A0/data/Library/Application Support/PRBPosterExtensionDataStore/59/Extensions/com.apple.GradientPoster.GradientPosterExtension/descriptors/4B062BCD-D092-4346-8A34-F40D4B48D2CC/versions/0/supplements
2024-03-10 17:41:13.336 Df PosterBoard[3120:267e] [com.apple.FileURL:default] kExcludedFromBackupXattrName set on path: /Users/chef/Library/Developer/CoreSimulator/Devices/FA441BBB-4AC7-424C-8E75-DDA61780E4A0/data/Library/Application Support/PRBPosterExtensionDataStore/59/Extensions/com.apple.GradientPoster.GradientPosterExtension/descriptors/4B062BCD-D092-4346-8A34-F40D4B48D2CC/versions/0/supplements/0
2024-03-10 17:41:13.337 Df PosterBoard[3120:267e] [com.apple.FileURL:default] kExcludedFromBackupXattrName set on path: /Users/chef/Library/Developer/CoreSimulator/Devices/FA441BBB-4AC7-424C-8E75-DDA61780E4A0/data/Library/Application Support/PRBPosterExtensionDataStore/59/Extensions/com.apple.GradientPoster.GradientPosterExtension/descriptors/4B062BCD-D092-4346-8A34-F40D4B48D2CC/versions/0/contents
2024-03-10 17:41:13.345 Df PosterBoard[3120:267e] [com.apple.FileURL:default] kExcludedFromBackupXattrName set on path: /Users/chef/Library/Developer/CoreSimulator/Devices/FA441BBB-4AC7-424C-8E75-DDA61780E4A0/data/Library/Application Support/PRBPosterExtensionDataStore/59/Extensions/com.apple.GradientPoster.GradientPosterExtension/descriptors/4B062BCD-D092-4346-8A34-F40D4B48D2CC/versions/0/contents/com.apple.posterkit.provider.contents.galleryOptions
2024-03-10 17:41:13.346 Df PosterBoard[3120:267e] [com.apple.FileURL:default] kExcludedFromBackupXattrName set on path: /Users/chef/Library/Developer/CoreSimulator/Devices/FA441BBB-4AC7-424C-8E75-DDA61780E4A0/data/Library/Application Support/PRBPosterExtensionDataStore/59/Extensions/com.apple.GradientPoster.GradientPosterExtension/descriptors/4B062BCD-D092-4346-8A34-F40D4B48D2CC/versions/0/contents/.com.apple.posterkit.provider.contents.configurableOptions.plist
2024-03-10 17:41:13.347 Df PosterBoard[3120:267e] [com.apple.FileURL:default] kExcludedFromBackupXattrName set on path: /Users/chef/Library/Developer/CoreSimulator/Devices/FA441BBB-4AC7-424C-8E75-DDA61780E4A0/data/Library/Application Support/PRBPosterExtensionDataStore/59/Extensions/com.apple.GradientPoster.GradientPosterExtension/descriptors/4B062BCD-D092-4346-8A34-F40D4B48D2CC/versions/0/contents/com.apple.posterkit.provider.contents.userInfo
2024-03-10 17:41:13.354 Df donotdisturbd[3051:231c] [com.apple.xpc.activity:Client] _xpc_activity_begin_running: com.apple.donotdisturbd.app-focus-filters.first-launch (0x600002ee83c0) seqno: 0.
2024-03-10 17:41:13.350 E  ProtectedCloudKeySyncing[3100:23ad] [com.apple.libsqlite3:logging] BUG IN CLIENT OF libsqlite3.dylib: database integrity compromised by API violation: vnode unlinked while in use: /Users/chef/Library/Developer/CoreSimulator/Devices/FA441BBB-4AC7-424C-8E75-DDA61780E4A0/data/Library/Application Support/com.apple.ProtectedCloudStorage/KeysSyncingVersion3-(null)-ProtectedCloudStorage.db
2024-03-10 17:41:13.354 Df triald[3067:2296] [com.apple.securityd:xpc] cleaning up unpooled xpc conn to trustd 0x60000376c9a0
2024-03-10 17:41:13.354 Df triald[3067:26b2] [com.apple.securityd:xpc] got event: Connection invalid
2024-03-10 17:41:13.357 Df triald[3067:2296] [com.apple.triald:server] Decoded valid and device-compatible rollout notification: 6410af69ed1e1e7ab93ed169.240000011
2024-03-10 17:41:13.357 A  triald[3067:2296] (Security) SecTrustEvaluateIfNecessary
2024-03-10 17:41:13.358 Df triald[3067:2296] [com.apple.securityd:xpc] user sessions enabled, targeting 600
2024-03-10 17:41:13.350 E  ProtectedCloudKeySyncing[3100:23ad] [com.apple.libsqlite3:logging] invalidated open fd: 4 (0x11)
2024-03-10 17:41:13.362 Df PosterBoard[3120:267e] [com.apple.FileURL:default] kExcludedFromBackupXattrName set on path: /Users/chef/Library/Developer/CoreSimulator/Devices/FA441BBB-4AC7-424C-8E75-DDA61780E4A0/data/Library/Application Support/PRBPosterExtensionDataStore/59/Extensions/com.apple.GradientPoster.GradientPosterExtension/descriptors/7FEC375A-9975-4787-997B-35367E8C8EBA/versions/0
2024-03-10 17:41:13.363 Df PosterBoard[3120:267e] [com.apple.FileURL:default] kExcludedFromBackupXattrName set on path: /Users/chef/Library/Developer/CoreSimulator/Devices/FA441BBB-4AC7-424C-8E75-DDA61780E4A0/data/Library/Application Support/PRBPosterExtensionDataStore/59/Extensions/com.apple.GradientPoster.GradientPosterExtension/descriptors/7FEC375A-9975-4787-997B-35367E8C8EBA/versions/0/supplements
2024-03-10 17:41:13.367 Df siriinferenced[3083:2650] [com.apple.xpc.activity:Client] xpc_activity_set_criteria, lower half: com.apple.siri.inference.Stitching.ProcessOldIntents (0x600000d14280), dict
2024-03-10 17:41:13.367 Df siriinferenced[3083:2553] [com.apple.xpc.activity:Client] _xpc_activity_dispatch: com.apple.siri.inference.FirstBoot (0x600000d10140): found an activity with matching seqno 1
2024-03-10 17:41:13.368 Df siriinferenced[3083:2553] [com.apple.xpc.activity:Client] _xpc_activity_begin_running: com.apple.siri.inference.FirstBoot (0x600000d10140) seqno: 1.
2024-03-10 17:41:13.368 Df parsec-fbf[3134:25a5] [com.apple.xpc.activity:Client] xpc_activity_set_criteria, lower half: com.apple.parsec-fbf.aggregate (0x6000028840a0), check-in
2024-03-10 17:41:13.368 Df parsec-fbf[3134:25a5] [com.apple.xpc.activity:Client] _xpc_activity_set_criteria: com.apple.parsec-fbf.aggregate (0x6000028840a0), check-in
2024-03-10 17:41:13.370 Df calaccessd[3106:2466] [com.apple.xpc.activity:Client] xpc_activity_set_criteria, lower half: com.apple.calendar.daemon.databasecleanup (0x6000003e8000), check-in
2024-03-10 17:41:13.370 Df triald[3067:2296] [com.apple.securityd:xpc] cleaning up unpooled xpc conn to trustd 0x600003760540
2024-03-10 17:41:13.370 Df calaccessd[3106:2466] [com.apple.xpc.activity:Client] _xpc_activity_set_criteria: com.apple.calendar.daemon.databasecleanup (0x6000003e8000), check-in
2024-03-10 17:41:13.370 Df triald[3067:26b2] [com.apple.securityd:xpc] got event: Connection invalid
2024-03-10 17:41:13.379 Df siriinferenced[3083:259f] [com.apple.xpc.activity:Client] xpc_activity_set_criteria: com.apple.siri.inference.DailySignalRefresh (0x600000d1c140), setting state now to 1
2024-03-10 17:41:13.383 Df UserEventAgent[2994:2167] [com.apple.xpc.activity:Internal] Creating XPC Activity on XPC add event: com.apple.siri.inference.SiriInference.HolidaysDBUpdater
2024-03-10 17:41:13.372 Df triald[3067:2296] [com.apple.triald:server] Rollout 62c5aa49beff895c8683d259.240000441 supports namespace compatibility versions {1400} for namespace "SIRI_UNDERSTANDING_NL_OVERRIDES", but the namespace descriptor declares download compatibility with version 1200. (This is unlikely to be an issue, unless you're REALLY sure rollout 62c5aa49beff895c8683d259 should be available on this device.)
2024-03-10 17:41:13.379 Df siriinferenced[3083:259f] [com.apple.xpc.activity:Client] _xpc_activity_set_state: com.apple.siri.inference.DailySignalRefresh (0x600000d1c140), 1
2024-03-10 17:41:13.372 Df triald[3067:2296] [com.apple.triald:server] Found the following incompatible namespace names: (
    "SIRI_UNDERSTANDING_NL_OVERRIDES"
)
2024-03-10 17:41:13.379 Df siriinferenced[3083:259f] [com.apple.xpc.activity:Client] xpc_activity_set_criteria, lower half: com.apple.siri.inference.SiriRemembers.ScrubOldRecords (0x600000d180a0), dict
2024-03-10 17:41:13.365 Df PosterBoard[3120:267e] [com.apple.FileURL:default] kExcludedFromBackupXattrName set on path: /Users/chef/Library/Developer/CoreSimulator/Devices/FA441BBB-4AC7-424C-8E75-DDA61780E4A0/data/Library/Application Support/PRBPosterExtensionDataStore/59/Extensions/com.apple.GradientPoster.GradientPosterExtension/descriptors/7FEC375A-9975-4787-997B-35367E8C8EBA/versions/0/supplements/0
2024-03-10 17:41:13.379 Df siriinferenced[3083:2405] [com.apple.xpc.activity:Client] _xpc_activity_set_criteria: com.apple.siri.inference.SiriInference.HolidaysDBUpdater (0x600000d14320), dict
2024-03-10 17:41:13.372 A  triald[3067:2296] (Security) SecTrustEvaluateIfNecessary
2024-03-10 17:41:13.379 Df siriinferenced[3083:2405] [com.apple.xpc.activity:Client] _xpc_activity_set_criteria: xpc_set_event com.apple.siri.inference.SiriInference.HolidaysDBUpdater, 1
2024-03-10 17:41:13.372 Df triald[3067:2296] [com.apple.securityd:xpc] user sessions enabled, targeting 600
2024-03-10 17:41:13.389 Df triald[3067:2617] [com.apple.trial:_] Released managed-directory lock: /Users/chef/Library/Developer/CoreSimulator/Devices/FA441BBB-4AC7-424C-8E75-DDA61780E4A0/data/Library/Trial/NamespaceDescriptors/v2/factorPackSets/46b3ffca-bc33-4122-8770-30eb34637dd5/factorPacks/SIRI_UNDERSTANDING_ASR_ASSISTANT
2024-03-10 17:41:13.383 Df PosterBoard[3120:267e] [com.apple.FileURL:default] kExcludedFromBackupXattrName set on path: /Users/chef/Library/Developer/CoreSimulator/Devices/FA441BBB-4AC7-424C-8E75-DDA61780E4A0/data/Library/Application Support/PRBPosterExtensionDataStore/59/Extensions/com.apple.GradientPoster.GradientPosterExtension/descriptors/7FEC375A-9975-4787-997B-35367E8C8EBA/versions/0/contents
2024-03-10 17:41:13.390 Df UserEventAgent[2994:2167] [com.apple.xpc.activity:Internal] Created XPC Activity: com.apple.siri.inference.SiriInference.HolidaysDBUpdater (0x7ff79b90b930)
2024-03-10 17:41:13.391 Df UserEventAgent[2994:2167] [com.apple.xpc.activity:Activities] Registered XPC Activity: com.apple.siri.inference.SiriInference.HolidaysDBUpdater (0x7ff79b90b930)
2024-03-10 17:41:13.393 Df PosterBoard[3120:267e] [com.apple.FileURL:default] kExcludedFromBackupXattrName set on path: /Users/chef/Library/Developer/CoreSimulator/Devices/FA441BBB-4AC7-424C-8E75-DDA61780E4A0/data/Library/Application Support/PRBPosterExtensionDataStore/59/Extensions/com.apple.GradientPoster.GradientPosterExtension/descriptors/7FEC375A-9975-4787-997B-35367E8C8EBA/versions/0/contents/com.apple.posterkit.provider.contents.galleryOptions
2024-03-10 17:41:13.399 Df PosterBoard[3120:267e] [com.apple.FileURL:default] kExcludedFromBackupXattrName set on path: /Users/chef/Library/Developer/CoreSimulator/Devices/FA441BBB-4AC7-424C-8E75-DDA61780E4A0/data/Library/Application Support/PRBPosterExtensionDataStore/59/Extensions/com.apple.GradientPoster.GradientPosterExtension/descriptors/7FEC375A-9975-4787-997B-35367E8C8EBA/versions/0/contents/.com.apple.posterkit.provider.contents.configurableOptions.plist
2024-03-10 17:41:13.401 Df triald[3067:2617] [com.apple.triald:server] TRIXPCNamespaceManagementRequestHandler 0x60000006ae50: end statusOfDownloadForFactors:(
    "com.apple.siri.asr.assistant.tr_TR"
) withNamespace:SIRI_UNDERSTANDING_ASR_ASSISTANT fstate:(null) qos:21 completion:
2024-03-10 17:41:13.401 Df PosterBoard[3120:267e] [com.apple.FileURL:default] kExcludedFromBackupXattrName set on path: /Users/chef/Library/Developer/CoreSimulator/Devices/FA441BBB-4AC7-424C-8E75-DDA61780E4A0/data/Library/Application Support/PRBPosterExtensionDataStore/59/Extensions/com.apple.GradientPoster.GradientPosterExtension/descriptors/7FEC375A-9975-4787-997B-35367E8C8EBA/versions/0/contents/com.apple.posterkit.provider.contents.userInfo
2024-03-10 17:41:13.402 Df triald[3067:259e] [com.apple.triald:server] Connection to com.apple.triald.namespace-management from com.apple.siri.embeddedspeech (3118) was invalidated.
2024-03-10 17:41:13.405 A  appleaccountd[3065:22f0] (CloudKit) client/submit-event-metric
2024-03-10 17:41:13.406 Df corespeechd[3132:25b9] [com.apple.xpc.activity:Client] xpc_activity_set_criteria: com.apple.siri.xpc_activity.power-logging (0x6000008adf40), dict
2024-03-10 17:41:13.406 Df corespeechd[3132:25b5] [com.apple.xpc.activity:Client] xpc_activity_set_criteria: com.apple.cs.postinstall (0x6000008f8460), setting state now to 1
2024-03-10 17:41:13.408 Df triald[3067:2296] [com.apple.securityd:xpc] cleaning up unpooled xpc conn to trustd 0x600003768380
2024-03-10 17:41:13.406 E  appleaccountd[3065:22f0] [com.apple.appleaccount:cloudKit] Error during fetch database changes operation: <CKError 0x600001914570: "Not Authenticated" (9/1002); "This request requires an authenticated account">
2024-03-10 17:41:13.406 Df corespeechd[3132:25b5] [com.apple.xpc.activity:Client] _xpc_activity_set_state: com.apple.cs.postinstall (0x6000008f8460), 1
2024-03-10 17:41:13.406 E  appleaccountd[3065:22f0] [com.apple.appleaccount:cloudKit] Error fetching ckDatabase (com.apple.appleaccount.custodian) changes: <CKError 0x600001914570: "Not Authenticated" (9/1002); "This request requires an authenticated account">
2024-03-10 17:41:13.406 Df appleaccountd[3065:22f0] [com.apple.cloudkit.sim:OP] Finished operation <CKFetchDatabaseChangesOperation: 0x7fdf75307320; databaseScope=Private, operationID=A05C2AF4398D6DCE, resolvedConfig={ timeoutForRequest=60, discretionary=Non-Disc }, qos=Default, stateFlags=executing, metrics=<CKOperationMetrics: 0x600001724260; cloudKitMetrics=<CKMetric: 0x600002530b40; startDate=2024-03-10 17:40:49 +0000, duration=20.802, queueing=0.127, executing=20.675, bytesUploaded=0, bytesDownloaded=0, connections=0, connectionsCreated=0, totalBytesByChunkProfile={  }, chunkCountByChunkProfile={  }, fileCountByChunkProfile={  }>>, databaseScope=Private>  with error: <CKError 0x600001914e40: "Not Authenticated" (1002); "This request requires an authenticated account">
2024-03-10 17:41:13.413 Df com.apple.siri.embeddedspeech[3118:2586] [com.apple.trial:_] Acquired managed-directory lock: /Users/chef/Library/Developer/CoreSimulator/Devices/FA441BBB-4AC7-424C-8E75-DDA61780E4A0/data/Library/Trial/NamespaceDescriptors/v2/factorPackSets/46b3ffca-bc33-4122-8770-30eb34637dd5
2024-03-10 17:41:13.407 Df appleaccountd[3065:22bf] [com.apple.cloudkit.sim:OP] Finished operation <CKFetchDatabaseChangesOperation: 0x7fdf7530a830; databaseScope=Shared, operationID=E8B03D408E64F68E, resolvedConfig={ timeoutForRequest=60, discretionary=Non-Disc }, qos=Default, stateFlags=executing, metrics=<CKOperationMetrics: 0x600001722480; cloudKitMetrics=<CKMetric: 0x600002534bd0; startDate=2024-03-10 17:40:49 +0000, duration=20.898, queueing=20.761, executing=0.137, bytesUploaded=0, bytesDownloaded=0, connections=0, connectionsCreated=0, totalBytesByChunkProfile={  }, chunkCountByChunkProfile={  }, fileCountByChunkProfile={  }>>, databaseScope=Shared>  with error: <CKError 0x6000019231b0: "Not Authenticated" (1002); "This request requires an authenticated account">
2024-03-10 17:41:13.414 Df com.apple.siri.embeddedspeech[3118:2586] [com.apple.trial:_] Unable to resolve candidate path based on calling process entitlement; falling back on naive access() check.
2024-03-10 17:41:13.406 A  appleaccountd[3065:22f0] (CloudKit) client/submit-event-metric
2024-03-10 17:41:13.415 Df com.apple.siri.embeddedspeech[3118:2586] [com.apple.trial:_] Acquired managed-directory lock: /Users/chef/Library/Developer/CoreSimulator/Devices/FA441BBB-4AC7-424C-8E75-DDA61780E4A0/data/Library/Trial/NamespaceDescriptors/v2/factorPackSets/46b3ffca-bc33-4122-8770-30eb34637dd5/legacyNamespaceFactorPacks/SIRI_UNDERSTANDING_ASR_ASSISTANT
2024-03-10 17:41:13.414 Df triald[3067:2296] [com.apple.triald:server] Note: Rollout 648b89605dbc71671bb3a9ae.240000008 involves namespace SIRI_TTS_DEVICE_TRAINING but it is not registered with Trial. Factor packs for this namespace shall not be downloaded.
2024-03-10 17:41:13.415 Df triald[3067:2296] [com.apple.triald:server] Found the following incompatible namespace names: (
    "<TRIClientSelectedNamespace 0x600002a485a0>: {\134n    name: \134"SIRI_TTS_DEVICE_TRAINING\134"\134n    compatibility_version: 2400\134n    compatibility_version: 3000\134n}"
)
2024-03-10 17:41:13.415 A  triald[3067:2296] (Security) SecTrustEvaluateIfNecessary
2024-03-10 17:41:13.416 Df triald[3067:2296] [com.apple.securityd:xpc] user sessions enabled, targeting 600
2024-03-10 17:41:13.417 Df triald[3067:2617] [com.apple.securityd:xpc] got event: Connection invalid
2024-03-10 17:41:13.422 Df SpringBoard[2993:2115] [com.apple.SpringBoard:Icon] 0x60000315cc00-SBApplicationIcon Data source did change: <SBApplication: 0x60000267b3a0; com.apple.Preferences> {
} (SBApplication)
2024-03-10 17:41:13.423 Df SpringBoard[2993:2115] [com.apple.uikitservices.servicefacilities:stateService] Client "<BSCnx:host:com.apple.uis.applicationStateService:0x600003c82b20>" set the badge value of com.apple.Preferences to 0
2024-03-10 17:41:13.435 Df triald[3067:2296] [com.apple.securityd:xpc] cleaning up unpooled xpc conn to trustd 0x600003760540
2024-03-10 17:41:13.438 Df chronod[3046:242d] [com.apple.chrono:placeholder.store] ExpiringStatefulStore expiration timer fired
2024-03-10 17:41:13.438 Df chronod[3046:242d] [com.apple.chrono:placeholder.store] com.apple.Maps.GeneralMapsWidget:[com.apple.Maps.GeneralMapsWidget:com.apple.Maps:systemMedium::360.00/169.00/23.00:(null)] Expiring assertion
2024-03-10 17:41:13.438 Df chronod[3046:242d] [com.apple.chrono:placeholder.store] com.apple.Maps.GeneralMapsWidget:[com.apple.Maps.GeneralMapsWidget:com.apple.Maps:systemSmall::169.00/169.00/23.00:(null)] Expiring assertion
2024-03-10 17:41:13.438 Df chronod[3046:242d] [com.apple.chrono:placeholder.store] com.apple.Maps.GeneralMapsWidget:[com.apple.Maps.GeneralMapsWidget:com.apple.Maps:systemLarge::360.00/379.00/23.00:(null)] Expiring assertion
2024-03-10 17:41:13.438 Df chronod[3046:242d] [com.apple.chrono:placeholder.store] com.apple.Maps.GeneralMapsWidget Purging empty assertion container
2024-03-10 17:41:13.438 Df chronod[3046:242d] [com.apple.chrono:placeholder.store] com.apple.Maps.GeneralMapsWidget:[com.apple.Maps.GeneralMapsWidget:com.apple.Maps:systemMedium::360.00/169.00/23.00:(null)] assertion released (0)
2024-03-10 17:41:13.439 Df chronod[3046:242d] [com.apple.chrono:placeholder.store] com.apple.Maps.GeneralMapsWidget:[com.apple.Maps.GeneralMapsWidget:com.apple.Maps:systemMedium::360.00/169.00/23.00:(null)]:[com.apple.Maps.GeneralMapsWidget:com.apple.Maps:systemMedium::360.00/169.00/23.00:(null)] Removed variant from store
2024-03-10 17:41:13.439 Df chronod[3046:242d] [com.apple.chrono:placeholder.store] com.apple.Maps.GeneralMapsWidget:[com.apple.Maps.GeneralMapsWidget:com.apple.Maps:systemSmall::169.00/169.00/23.00:(null)] assertion released (1)
2024-03-10 17:41:13.439 Df chronod[3046:242d] [com.apple.chrono:placeholder.store] com.apple.Maps.GeneralMapsWidget:[com.apple.Maps.GeneralMapsWidget:com.apple.Maps:systemLarge::360.00/379.00/23.00:(null)] assertion released (0)
2024-03-10 17:41:13.442 Df PosterBoard[3120:2681] [com.apple.FileURL:default] kExcludedFromBackupXattrName set on path: /Users/chef/Library/Developer/CoreSimulator/Devices/FA441BBB-4AC7-424C-8E75-DDA61780E4A0/data/Library/Application Support/PRBPosterExtensionDataStore/59/Extensions/com.apple.GradientPoster.GradientPosterExtension/descriptors/8C08EE3F-EE33-49D7-A958-AD4D15066D32/versions/0
2024-03-10 17:41:13.443 Df PosterBoard[3120:2681] [com.apple.FileURL:default] kExcludedFromBackupXattrName set on path: /Users/chef/Library/Developer/CoreSimulator/Devices/FA441BBB-4AC7-424C-8E75-DDA61780E4A0/data/Library/Application Support/PRBPosterExtensionDataStore/59/Extensions/com.apple.GradientPoster.GradientPosterExtension/descriptors/8C08EE3F-EE33-49D7-A958-AD4D15066D32/versions/0/supplements
2024-03-10 17:41:13.446 Df PosterBoard[3120:2681] [com.apple.FileURL:default] kExcludedFromBackupXattrName set on path: /Users/chef/Library/Developer/CoreSimulator/Devices/FA441BBB-4AC7-424C-8E75-DDA61780E4A0/data/Library/Application Support/PRBPosterExtensionDataStore/59/Extensions/com.apple.GradientPoster.GradientPosterExtension/descriptors/8C08EE3F-EE33-49D7-A958-AD4D15066D32/versions/0/supplements/0
2024-03-10 17:41:13.442 Df chronod[3046:242d] [com.apple.chrono:placeholder.store] com.apple.Maps.GeneralMapsWidget:[com.apple.Maps.GeneralMapsWidget:com.apple.Maps:systemLarge::360.00/379.00/23.00:(null)]:[com.apple.Maps.GeneralMapsWidget:com.apple.Maps:systemLarge::360.00/379.00/23.00:(null)] Removed variant from store
2024-03-10 17:41:13.442 Df triald[3067:2296] [com.apple.triald:server] Note: Rollout 652eff3d1bce5442b8d753c9.240000009 involves namespace VISUAL_INTELLIGENCE_RICH_LABEL_I18N but it is not registered with Trial. Factor packs for this namespace shall not be downloaded.
2024-03-10 17:41:13.442 Df triald[3067:2296] [com.apple.triald:server] Found the following incompatible namespace names: (
    "<TRIClientSelectedNamespace 0x600002a4db60>: {\134n    name: \134"VISUAL_INTELLIGENCE_RICH_LABEL_I18N\134"\134n    compatibility_version: 1\134n}"
)
2024-03-10 17:41:13.442 A  triald[3067:2296] (Security) SecTrustEvaluateIfNecessary
2024-03-10 17:41:13.443 Df triald[3067:2296] [com.apple.securityd:xpc] user sessions enabled, targeting 600
2024-03-10 17:41:13.447 Df triald[3067:2617] [com.apple.securityd:xpc] got event: Connection invalid
2024-03-10 17:41:13.451 Df PosterBoard[3120:2681] [com.apple.FileURL:default] kExcludedFromBackupXattrName set on path: /Users/chef/Library/Developer/CoreSimulator/Devices/FA441BBB-4AC7-424C-8E75-DDA61780E4A0/data/Library/Application Support/PRBPosterExtensionDataStore/59/Extensions/com.apple.GradientPoster.GradientPosterExtension/descriptors/8C08EE3F-EE33-49D7-A958-AD4D15066D32/versions/0/contents
2024-03-10 17:41:13.456 Df PosterBoard[3120:2681] [com.apple.FileURL:default] kExcludedFromBackupXattrName set on path: /Users/chef/Library/Developer/CoreSimulator/Devices/FA441BBB-4AC7-424C-8E75-DDA61780E4A0/data/Library/Application Support/PRBPosterExtensionDataStore/59/Extensions/com.apple.GradientPoster.GradientPosterExtension/descriptors/8C08EE3F-EE33-49D7-A958-AD4D15066D32/versions/0/contents/com.apple.posterkit.provider.contents.galleryOptions
