2024-03-10 17:41:12.964 E  SpringBoard[2993:2565] [com.apple.UserNotifications:DataStore] No data found at /Users/chef/Library/Developer/CoreSimulator/Devices/FA441BBB-4AC7-424C-8E75-DDA61780E4A0/data/Library/UserNotifications/5D85810D-461C-4989-B4B8-EFE58B2F692F/Schedule.plist
2024-03-10 17:41:12.964 Df SpringBoard[2993:2565] [com.apple.UserNotifications:LocalNotifications] [com.apple.cmas] Load last local notification fire date: (null)
2024-03-10 17:41:12.966 Df SpringBoard[2993:2565] [com.apple.UserNotifications:LocalNotifications] [com.apple.cmas] Update timers for 0 pending notifications (monitoring: 0)
2024-03-10 17:41:12.966 Df SpringBoard[2993:2565] [com.apple.UserNotifications:LocalNotifications] [com.apple.cmas] Invalidate persistent timer
2024-03-10 17:41:12.968 Df triald[3067:2296] [com.apple.securityd:xpc] cleaning up unpooled xpc conn to trustd 0x600003768380
2024-03-10 17:41:12.966 E  SpringBoard[2993:2565] [com.apple.UserNotifications:DataStore] No data found at /Users/chef/Library/Developer/CoreSimulator/Devices/FA441BBB-4AC7-424C-8E75-DDA61780E4A0/data/Library/UserNotifications/5D85810D-461C-4989-B4B8-EFE58B2F692F/Schedule.plist
2024-03-10 17:41:12.971 Df triald[3067:26b2] [com.apple.securityd:xpc] got event: Connection invalid
2024-03-10 17:41:12.967 Df SpringBoard[2993:23ed] [com.apple.UserNotifications:LocalNotifications] [com.apple.ClassKitProgressNotifications] Setting 0 monitored regions [ stop: 0 start: 0 ]
2024-03-10 17:41:12.967 Df SpringBoard[2993:2565] [com.apple.UserNotifications:LocalNotifications] [com.apple.cmas] Load last local notification fire date: (null)
2024-03-10 17:41:12.968 Df SpringBoard[2993:2565] [com.apple.UserNotifications:LocalNotifications] [com.apple.cmas] Find next notification with current trigger date after last fire date 0001-01-01 00:00:00.000 +0000
2024-03-10 17:41:12.969 Df SpringBoard[2993:2565] [com.apple.UserNotifications:LocalNotifications] [com.apple.cmas] No upcoming local notifications
2024-03-10 17:41:12.972 Df triald[3067:2296] [com.apple.triald:server] Note: Rollout 65a8173205d942272410674b.240000001 involves namespace SIRI_HOME_AUTOMATION_SERVER_FLOW_DEPRECATION but it is not registered with Trial. Factor packs for this namespace shall not be downloaded.
2024-03-10 17:41:12.970 Df SpringBoard[2993:2565] [com.apple.UserNotifications:LocalNotifications] [com.apple.cmas] Update regions for 0 pending notifications
2024-03-10 17:41:12.977 Df SpringBoard[2993:2565] [com.apple.UserNotifications:DataProviderFactory] [com.apple.coreaudio.adam.hae] Default data provider section info did change
2024-03-10 17:41:12.977 Df triald[3067:2296] [com.apple.triald:server] Found the following incompatible namespace names: (
    "<TRIClientSelectedNamespace 0x600002a27d80>: {\134n    name: \134"SIRI_HOME_AUTOMATION_SERVER_FLOW_DEPRECATION\134"\134n    compatibility_version: 1\134n}"
)
2024-03-10 17:41:12.977 Df SpringBoard[2993:2565] [com.apple.UserNotifications:DataProviderFactory] [com.apple.coreaudio.adam.hae] User notification settings were enabled
2024-03-10 17:41:12.977 A  triald[3067:2296] (Security) SecTrustEvaluateIfNecessary
2024-03-10 17:41:12.977 Df SpringBoard[2993:2565] [com.apple.UserNotifications:DataProviderFactory] [com.apple.coreaudio.adam.hae] Notify observers that user notifications settings were updated
2024-03-10 17:41:12.977 A  SpringBoard[2993:23ed] (CoreLocation) CL: CLLocationManager
2024-03-10 17:41:12.978 Df SpringBoard[2993:2566] [com.apple.UserNotifications:RemoteNotifications] [com.apple.cmas] Update enabled user notifications for remote notifications: YES
2024-03-10 17:41:12.978 Df SpringBoard[2993:2566] [com.apple.UserNotifications:RemoteNotifications] [com.apple.cmas] Enable user notifications for remote notifications
2024-03-10 17:41:12.978 E  SpringBoard[2993:2565] [com.apple.UserNotifications:DataStore] No data found at /Users/chef/Library/Developer/CoreSimulator/Devices/FA441BBB-4AC7-424C-8E75-DDA61780E4A0/data/Library/UserNotifications/64076AAD-5AB4-4C61-818D-21A31E0E5BAA/PendingNotifications.plist
2024-03-10 17:41:12.978 Df SpringBoard[2993:2565] [com.apple.UserNotifications:LocalNotifications] [com.apple.coreaudio.adam.hae] Load 0 pending notification dictionaries
2024-03-10 17:41:12.978 Df SpringBoard[2993:23ed] [com.apple.locationd.Core:Client] {"msg":"CLLocationManager", "event":activity, "_cmd":monitoredRegions, "self":"0x600001d63530"}
2024-03-10 17:41:12.978 Df SpringBoard[2993:2566] [com.apple.UserNotifications:LocalNotifications] [com.apple.cmas] Enabled visible user notifications for remote notifications
2024-03-10 17:41:12.979 E  SpringBoard[2993:2565] [com.apple.UserNotifications:DataStore] No data found at /Users/chef/Library/Developer/CoreSimulator/Devices/FA441BBB-4AC7-424C-8E75-DDA61780E4A0/data/Library/UserNotifications/64076AAD-5AB4-4C61-818D-21A31E0E5BAA/Schedule.plist
2024-03-10 17:41:12.980 Df SpringBoard[2993:2566] [com.apple.UserNotifications:RemoteNotifications] Calcualate topics because user notification settings authorization changed
2024-03-10 17:41:12.980 Df SpringBoard[2993:2565] [com.apple.UserNotifications:LocalNotifications] [com.apple.coreaudio.adam.hae] Load last local notification fire date: (null)
2024-03-10 17:41:12.980 Df SpringBoard[2993:2565] [com.apple.UserNotifications:LocalNotifications] [com.apple.coreaudio.adam.hae] Update timers for 0 pending notifications (monitoring: 0)
2024-03-10 17:41:12.983 Df SpringBoard[2993:23ed] [com.apple.UserNotifications:LocalNotifications] [com.apple.cmas] Setting 0 monitored regions [ stop: 0 start: 0 ]
2024-03-10 17:41:12.986 Df contactsd[3069:229e] [com.apple.xpc.activity:Client] __XPC_ACTIVITY_CALLING_HANDLER__ returned from handler: com.apple.contactsd.PurgeChangeHistoryService (0x6000014ec3c0), current state 0, pending state 0
2024-03-10 17:41:12.986 Df contactsd[3069:229e] [com.apple.xpc.activity:Client] _xpc_activity_set_state: com.apple.contactsd.PurgeChangeHistoryService (0x6000014ec3c0), 1
2024-03-10 17:41:12.986 Df accountsd[3050:2212] [com.apple.xpc.activity:Client] _xpc_activity_set_state: com.apple.accounts.databasebackup.activity (0x600000958140), 1
2024-03-10 17:41:12.987 Df triald[3067:2296] [com.apple.securityd:xpc] user sessions enabled, targeting 600
2024-03-10 17:41:12.980 Df SpringBoard[2993:2565] [com.apple.UserNotifications:LocalNotifications] [com.apple.coreaudio.adam.hae] Invalidate persistent timer
2024-03-10 17:41:12.988 E  SpringBoard[2993:2565] [com.apple.UserNotifications:DataStore] No data found at /Users/chef/Library/Developer/CoreSimulator/Devices/FA441BBB-4AC7-424C-8E75-DDA61780E4A0/data/Library/UserNotifications/64076AAD-5AB4-4C61-818D-21A31E0E5BAA/Schedule.plist
2024-03-10 17:41:12.988 Df SpringBoard[2993:2565] [com.apple.UserNotifications:LocalNotifications] [com.apple.coreaudio.adam.hae] Load last local notification fire date: (null)
2024-03-10 17:41:12.988 Df SpringBoard[2993:2565] [com.apple.UserNotifications:LocalNotifications] [com.apple.coreaudio.adam.hae] Find next notification with current trigger date after last fire date 0001-01-01 00:00:00.000 +0000
2024-03-10 17:41:12.988 Df SpringBoard[2993:2565] [com.apple.UserNotifications:LocalNotifications] [com.apple.coreaudio.adam.hae] No upcoming local notifications
2024-03-10 17:41:12.988 Df SpringBoard[2993:2565] [com.apple.UserNotifications:LocalNotifications] [com.apple.coreaudio.adam.hae] Update regions for 0 pending notifications
2024-03-10 17:41:12.989 Df SpringBoard[2993:2565] [com.apple.UserNotifications:DataProviderFactory] [com.apple.donotdisturb] Default data provider section info did change
2024-03-10 17:41:12.989 Df SpringBoard[2993:2566] [com.apple.UserNotifications:RemoteNotifications] [com.apple.coreaudio.adam.hae] Update enabled user notifications for remote notifications: YES
2024-03-10 17:41:12.990 Df SpringBoard[2993:2566] [com.apple.UserNotifications:RemoteNotifications] [com.apple.coreaudio.adam.hae] Enable user notifications for remote notifications
2024-03-10 17:41:12.990 Df SpringBoard[2993:2566] [com.apple.UserNotifications:LocalNotifications] [com.apple.coreaudio.adam.hae] Enabled visible user notifications for remote notifications
2024-03-10 17:41:12.990 Df SpringBoard[2993:2566] [com.apple.UserNotifications:RemoteNotifications] Calcualate topics because user notification settings authorization changed
2024-03-10 17:41:12.989 A  SpringBoard[2993:23ed] (CoreLocation) CL: CLLocationManager
2024-03-10 17:41:12.990 Df SpringBoard[2993:23ed] [com.apple.locationd.Core:Client] {"msg":"CLLocationManager", "event":activity, "_cmd":monitoredRegions, "self":"0x600001d63530"}
2024-03-10 17:41:12.989 Df SpringBoard[2993:2565] [com.apple.UserNotifications:DataProviderFactory] [com.apple.donotdisturb] User notification settings were enabled
2024-03-10 17:41:12.991 Df homed[3119:26ad] [com.apple.IDS:Registration] XPC has informed us that a fatal error has occured, we will not be attempting to reconnect any further
2024-03-10 17:41:12.961 Df PosterBoard[3120:267d] [com.apple.FileURL:default] kExcludedFromBackupXattrName set on path: /Users/chef/Library/Developer/CoreSimulator/Devices/FA441BBB-4AC7-424C-8E75-DDA61780E4A0/data/Library/Application Support/PRBPosterExtensionDataStore/59/Extensions/com.apple.GradientPoster.GradientPosterExtension/descriptors/E00CD1FD-7713-4965-AFEC-FDC5942063FC/versions/0
2024-03-10 17:41:12.991 Df SpringBoard[2993:2565] [com.apple.UserNotifications:DataProviderFactory] [com.apple.donotdisturb] Notify observers that user notifications settings were updated
2024-03-10 17:41:12.991 E  SpringBoard[2993:2565] [com.apple.UserNotifications:DataStore] No data found at /Users/chef/Library/Developer/CoreSimulator/Devices/FA441BBB-4AC7-424C-8E75-DDA61780E4A0/data/Library/UserNotifications/0A45AB50-DCB4-42F5-BB9F-A56C9368112A/PendingNotifications.plist
2024-03-10 17:41:12.997 Df passd[3018:2585] [com.apple.ManagedConfiguration:MC] Got system group container path from MCM for systemgroup.com.apple.configurationprofiles: /Users/chef/Library/Developer/CoreSimulator/Devices/FA441BBB-4AC7-424C-8E75-DDA61780E4A0/data/Containers/Shared/SystemGroup/systemgroup.com.apple.configurationprofiles
2024-03-10 17:41:12.992 Df SpringBoard[2993:2565] [com.apple.UserNotifications:LocalNotifications] [com.apple.donotdisturb] Load 0 pending notification dictionaries
2024-03-10 17:41:12.998 Df passd[3018:2585] [com.apple.ManagedConfiguration:ProfileConnection] Setting client truth of UUID com.apple.passbook.upgradedpasscoderestriction type com.apple.Passbook to (null)
2024-03-10 17:41:12.992 E  SpringBoard[2993:2565] [com.apple.UserNotifications:DataStore] No data found at /Users/chef/Library/Developer/CoreSimulator/Devices/FA441BBB-4AC7-424C-8E75-DDA61780E4A0/data/Library/UserNotifications/0A45AB50-DCB4-42F5-BB9F-A56C9368112A/Schedule.plist
2024-03-10 17:41:12.991 Df homed[3119:2561] [com.apple.IDS:_IDSService] _IDSService - added delegate {self: 0x6000015a8000, serviceName com.apple.private.alloy.willow.proxy, listenerCaps 000000000000, delegates: 1, wantsPseudonymUpdates: NO}
2024-03-10 17:41:12.992 Df SpringBoard[2993:2565] [com.apple.UserNotifications:LocalNotifications] [com.apple.donotdisturb] Load last local notification fire date: (null)
2024-03-10 17:41:12.992 Df SpringBoard[2993:2565] [com.apple.UserNotifications:LocalNotifications] [com.apple.donotdisturb] Update timers for 0 pending notifications (monitoring: 0)
2024-03-10 17:41:12.992 Df SpringBoard[2993:2565] [com.apple.UserNotifications:LocalNotifications] [com.apple.donotdisturb] Invalidate persistent timer
2024-03-10 17:41:12.992 Df SpringBoard[2993:23ed] [com.apple.UserNotifications:LocalNotifications] [com.apple.coreaudio.adam.hae] Setting 0 monitored regions [ stop: 0 start: 0 ]
2024-03-10 17:41:12.993 E  SpringBoard[2993:2565] [com.apple.UserNotifications:DataStore] No data found at /Users/chef/Library/Developer/CoreSimulator/Devices/FA441BBB-4AC7-424C-8E75-DDA61780E4A0/data/Library/UserNotifications/0A45AB50-DCB4-42F5-BB9F-A56C9368112A/Schedule.plist
2024-03-10 17:41:13.000 Df SpringBoard[2993:2565] [com.apple.UserNotifications:LocalNotifications] [com.apple.donotdisturb] Load last local notification fire date: (null)
2024-03-10 17:41:12.992 Df PosterBoard[3120:267d] [com.apple.FileURL:default] kExcludedFromBackupXattrName set on path: /Users/chef/Library/Developer/CoreSimulator/Devices/FA441BBB-4AC7-424C-8E75-DDA61780E4A0/data/Library/Application Support/PRBPosterExtensionDataStore/59/Extensions/com.apple.GradientPoster.GradientPosterExtension/descriptors/E00CD1FD-7713-4965-AFEC-FDC5942063FC/versions/0/supplements
2024-03-10 17:41:13.000 Df SpringBoard[2993:2565] [com.apple.UserNotifications:LocalNotifications] [com.apple.donotdisturb] Find next notification with current trigger date after last fire date 0001-01-01 00:00:00.000 +0000
2024-03-10 17:41:13.000 Df SpringBoard[2993:2565] [com.apple.UserNotifications:LocalNotifications] [com.apple.donotdisturb] No upcoming local notifications
2024-03-10 17:41:13.002 Df SpringBoard[2993:2565] [com.apple.UserNotifications:LocalNotifications] [com.apple.donotdisturb] Update regions for 0 pending notifications
2024-03-10 17:41:13.003 Df SpringBoard[2993:2565] [com.apple.UserNotifications:DataProviderFactory] [com.apple.facetime] Default data provider section info did change
2024-03-10 17:41:13.003 Df SpringBoard[2993:2565] [com.apple.UserNotifications:DataProviderFactory] [com.apple.facetime] User notification settings were enabled
2024-03-10 17:41:12.996 Df homed[3119:26ad] [com.apple.IDS:Registration] XPC has informed us that a fatal error has occured, we will not be attempting to reconnect any further
2024-03-10 17:41:13.003 Df SpringBoard[2993:2565] [com.apple.UserNotifications:DataProviderFactory] [com.apple.facetime] Notify observers that user notifications settings were updated
2024-03-10 17:41:13.003 Df SpringBoard[2993:2565] [com.apple.UserNotifications:DataProviderFactory] [com.apple.familynotifications] Default data provider section info did change
2024-03-10 17:41:13.003 Df SpringBoard[2993:2565] [com.apple.UserNotifications:DataProviderFactory] [com.apple.familynotifications] User notification settings were enabled
2024-03-10 17:41:12.996 Df homed[3119:26ad] [com.apple.IDS:Registration] <IDSDaemonListener: 0x6000013a8140> enabledAccountsForService com.apple.private.alloy.willow.proxy
2024-03-10 17:41:13.003 Df SpringBoard[2993:2565] [com.apple.UserNotifications:DataProviderFactory] [com.apple.familynotifications] Notify observers that user notifications settings were updated
2024-03-10 17:41:13.002 Df homed[3119:26ad] [com.apple.IDS:IDSAccountController] Updating delegates of account changes
2024-03-10 17:41:13.005 E  SpringBoard[2993:2565] [com.apple.UserNotifications:DataStore] No data found at /Users/chef/Library/Developer/CoreSimulator/Devices/FA441BBB-4AC7-424C-8E75-DDA61780E4A0/data/Library/UserNotifications/F2FE2DD4-5491-4749-9308-0FCA62C57E63/PendingNotifications.plist
2024-03-10 17:41:13.005 Df SpringBoard[2993:2565] [com.apple.UserNotifications:LocalNotifications] [com.apple.familynotifications] Load 0 pending notification dictionaries
2024-03-10 17:41:13.006 Df homed[3119:26ad] [com.apple.network:] networkd_settings_read_from_file initialized networkd settings by reading plist directly
2024-03-10 17:41:13.004 A  SpringBoard[2993:23ed] (CoreLocation) CL: CLLocationManager
2024-03-10 17:41:13.011 Df SpringBoard[2993:23ed] [com.apple.locationd.Core:Client] {"msg":"CLLocationManager", "event":activity, "_cmd":monitoredRegions, "self":"0x600001d63530"}
2024-03-10 17:41:13.005 Df SpringBoard[2993:2566] [com.apple.UserNotifications:RemoteNotifications] [com.apple.donotdisturb] Update enabled user notifications for remote notifications: YES
2024-03-10 17:41:13.011 Df SpringBoard[2993:2566] [com.apple.UserNotifications:RemoteNotifications] [com.apple.donotdisturb] Enable user notifications for remote notifications
2024-03-10 17:41:13.009 E  SpringBoard[2993:2565] [com.apple.UserNotifications:DataStore] No data found at /Users/chef/Library/Developer/CoreSimulator/Devices/FA441BBB-4AC7-424C-8E75-DDA61780E4A0/data/Library/UserNotifications/F2FE2DD4-5491-4749-9308-0FCA62C57E63/Schedule.plist
2024-03-10 17:41:13.011 Df SpringBoard[2993:2566] [com.apple.UserNotifications:LocalNotifications] [com.apple.donotdisturb] Enabled visible user notifications for remote notifications
2024-03-10 17:41:13.011 Df SpringBoard[2993:2565] [com.apple.UserNotifications:LocalNotifications] [com.apple.familynotifications] Load last local notification fire date: (null)
2024-03-10 17:41:13.013 Df SpringBoard[2993:23ed] [com.apple.UserNotifications:LocalNotifications] [com.apple.donotdisturb] Setting 0 monitored regions [ stop: 0 start: 0 ]
2024-03-10 17:41:13.011 Df SpringBoard[2993:2566] [com.apple.UserNotifications:RemoteNotifications] Calcualate topics because user notification settings authorization changed
2024-03-10 17:41:13.013 Df SpringBoard[2993:2565] [com.apple.UserNotifications:LocalNotifications] [com.apple.familynotifications] Update timers for 0 pending notifications (monitoring: 0)
2024-03-10 17:41:13.014 Df SpringBoard[2993:2565] [com.apple.UserNotifications:LocalNotifications] [com.apple.familynotifications] Invalidate persistent timer
2024-03-10 17:41:13.018 Df triald[3067:2617] [com.apple.trial:_] Released managed-directory lock: /Users/chef/Library/Developer/CoreSimulator/Devices/FA441BBB-4AC7-424C-8E75-DDA61780E4A0/data/Library/Trial/NamespaceDescriptors/v2/factorPackSets/46b3ffca-bc33-4122-8770-30eb34637dd5
2024-03-10 17:41:13.015 E  SpringBoard[2993:2565] [com.apple.UserNotifications:DataStore] No data found at /Users/chef/Library/Developer/CoreSimulator/Devices/FA441BBB-4AC7-424C-8E75-DDA61780E4A0/data/Library/UserNotifications/F2FE2DD4-5491-4749-9308-0FCA62C57E63/Schedule.plist
2024-03-10 17:41:13.012 Df homed[3119:26ad] [com.apple.network:] networkd_settings_read_from_file initialized networkd settings by reading plist directly
2024-03-10 17:41:13.015 Df SpringBoard[2993:2565] [com.apple.UserNotifications:LocalNotifications] [com.apple.familynotifications] Load last local notification fire date: (null)
2024-03-10 17:41:13.018 Df SpringBoard[2993:2565] [com.apple.UserNotifications:LocalNotifications] [com.apple.familynotifications] Find next notification with current trigger date after last fire date 0001-01-01 00:00:00.000 +0000
2024-03-10 17:41:13.018 Df SpringBoard[2993:2565] [com.apple.UserNotifications:LocalNotifications] [com.apple.familynotifications] No upcoming local notifications
2024-03-10 17:41:13.018 Df SpringBoard[2993:2565] [com.apple.UserNotifications:LocalNotifications] [com.apple.familynotifications] Update regions for 0 pending notifications
2024-03-10 17:41:13.018 Df SpringBoard[2993:2565] [com.apple.UserNotifications:DataProviderFactory] [com.apple.GameControllerNotifications] Default data provider section info did change
2024-03-10 17:41:13.019 Df SpringBoard[2993:2566] [com.apple.UserNotifications:RemoteNotifications] [com.apple.familynotifications] Update enabled user notifications for remote notifications: YES
2024-03-10 17:41:13.004 Df PosterBoard[3120:267d] [com.apple.FileURL:default] kExcludedFromBackupXattrName set on path: /Users/chef/Library/Developer/CoreSimulator/Devices/FA441BBB-4AC7-424C-8E75-DDA61780E4A0/data/Library/Application Support/PRBPosterExtensionDataStore/59/Extensions/com.apple.GradientPoster.GradientPosterExtension/descriptors/E00CD1FD-7713-4965-AFEC-FDC5942063FC/versions/0/supplements/0
2024-03-10 17:41:13.020 Df SpringBoard[2993:2566] [com.apple.UserNotifications:RemoteNotifications] [com.apple.familynotifications] Enable user notifications for remote notifications
2024-03-10 17:41:13.019 A  SpringBoard[2993:23ed] (CoreLocation) CL: CLLocationManager
2024-03-10 17:41:13.026 Df triald[3067:2296] [com.apple.securityd:xpc] cleaning up unpooled xpc conn to trustd 0x600003768380
2024-03-10 17:41:13.021 Df SpringBoard[2993:2566] [com.apple.UserNotifications:LocalNotifications] [com.apple.familynotifications] Enabled visible user notifications for remote notifications
2024-03-10 17:41:13.021 Df SpringBoard[2993:2566] [com.apple.UserNotifications:RemoteNotifications] Calcualate topics because user notification settings authorization changed
2024-03-10 17:41:13.026 Df triald[3067:26b2] [com.apple.securityd:xpc] got event: Connection invalid
2024-03-10 17:41:13.019 Df SpringBoard[2993:2565] [com.apple.UserNotifications:DataProviderFactory] [com.apple.GameControllerNotifications] User notification settings were enabled
2024-03-10 17:41:13.021 Df SpringBoard[2993:23ed] [com.apple.locationd.Core:Client] {"msg":"CLLocationManager", "event":activity, "_cmd":monitoredRegions, "self":"0x600001d63530"}
2024-03-10 17:41:13.021 Df SpringBoard[2993:2565] [com.apple.UserNotifications:DataProviderFactory] [com.apple.GameControllerNotifications] Notify observers that user notifications settings were updated
2024-03-10 17:41:13.021 Df homed[3119:26ad] [com.apple.network:path] nw_path_evaluator_start [01035299-C730-479D-8ECF-9AE721CA44D9 <NULL> generic, attribution: developer]
	path: satisfied (Path is satisfied), interface: en3
2024-03-10 17:41:13.025 E  SpringBoard[2993:2565] [com.apple.UserNotifications:DataStore] No data found at /Users/chef/Library/Developer/CoreSimulator/Devices/FA441BBB-4AC7-424C-8E75-DDA61780E4A0/data/Library/UserNotifications/A2886F9A-0821-4916-8D0E-D6A9EC1E684E/PendingNotifications.plist
2024-03-10 17:41:13.025 Df SpringBoard[2993:2565] [com.apple.UserNotifications:LocalNotifications] [com.apple.GameControllerNotifications] Load 0 pending notification dictionaries
2024-03-10 17:41:13.026 E  SpringBoard[2993:2565] [com.apple.UserNotifications:DataStore] No data found at /Users/chef/Library/Developer/CoreSimulator/Devices/FA441BBB-4AC7-424C-8E75-DDA61780E4A0/data/Library/UserNotifications/A2886F9A-0821-4916-8D0E-D6A9EC1E684E/Schedule.plist
2024-03-10 17:41:13.027 Df SpringBoard[2993:2565] [com.apple.UserNotifications:LocalNotifications] [com.apple.GameControllerNotifications] Load last local notification fire date: (null)
2024-03-10 17:41:13.026 Df SpringBoard[2993:23ed] [com.apple.UserNotifications:LocalNotifications] [com.apple.familynotifications] Setting 0 monitored regions [ stop: 0 start: 0 ]
2024-03-10 17:41:13.028 Df SpringBoard[2993:2565] [com.apple.UserNotifications:LocalNotifications] [com.apple.GameControllerNotifications] Update timers for 0 pending notifications (monitoring: 0)
2024-03-10 17:41:13.032 Df SpringBoard[2993:2565] [com.apple.UserNotifications:LocalNotifications] [com.apple.GameControllerNotifications] Invalidate persistent timer
2024-03-10 17:41:13.031 Df triald[3067:2296] [com.apple.triald:server] Rollout 632e3df958740028737bffc0.240000646 supports namespace compatibility versions {2000,2010,2090,2200} for namespace "SIRI_UNDERSTANDING_NL_OVERRIDES", but the namespace descriptor declares download compatibility with version 1200. (This is unlikely to be an issue, unless you're REALLY sure rollout 632e3df958740028737bffc0 should be available on this device.)
2024-03-10 17:41:13.032 E  SpringBoard[2993:2565] [com.apple.UserNotifications:DataStore] No data found at /Users/chef/Library/Developer/CoreSimulator/Devices/FA441BBB-4AC7-424C-8E75-DDA61780E4A0/data/Library/UserNotifications/A2886F9A-0821-4916-8D0E-D6A9EC1E684E/Schedule.plist
2024-03-10 17:41:13.021 Df PosterBoard[3120:267d] [com.apple.FileURL:default] kExcludedFromBackupXattrName set on path: /Users/chef/Library/Developer/CoreSimulator/Devices/FA441BBB-4AC7-424C-8E75-DDA61780E4A0/data/Library/Application Support/PRBPosterExtensionDataStore/59/Extensions/com.apple.GradientPoster.GradientPosterExtension/descriptors/E00CD1FD-7713-4965-AFEC-FDC5942063FC/versions/0/contents
2024-03-10 17:41:13.031 Df triald[3067:2296] [com.apple.triald:server] Found the following incompatible namespace names: (
    "SIRI_UNDERSTANDING_NL_OVERRIDES"
)
2024-03-10 17:41:13.032 Df SpringBoard[2993:2565] [com.apple.UserNotifications:LocalNotifications] [com.apple.GameControllerNotifications] Load last local notification fire date: (null)
2024-03-10 17:41:13.037 Df diagnosticextensionsd[3082:23ba] [com.apple.xpc.activity:Client] __XPC_ACTIVITY_CALLING_HANDLER__: com.apple.diagnosticextensionsd.reschedule (0x600002364960), current state 2, pending state 0
2024-03-10 17:41:13.031 A  triald[3067:2296] (Security) SecTrustEvaluateIfNecessary
2024-03-10 17:41:13.036 Df homed[3119:26ad] [com.apple.HomeKit:RemoteMessaging.DeviceMonitor] Initial health timer interval is 97769 seconds
2024-03-10 17:41:13.032 Df SpringBoard[2993:2565] [com.apple.UserNotifications:LocalNotifications] [com.apple.GameControllerNotifications] Find next notification with current trigger date after last fire date 0001-01-01 00:00:00.000 +0000
2024-03-10 17:41:13.037 Df diagnosticextensionsd[3082:23ba] [com.apple.xpc.activity:Client] __XPC_ACTIVITY_CALLING_HANDLER__ returned from handler: com.apple.diagnosticextensionsd.reschedule (0x600002364960), current state 2, pending state 0
2024-03-10 17:41:13.033 Df triald[3067:2296] [com.apple.securityd:xpc] user sessions enabled, targeting 600
2024-03-10 17:41:13.032 Df SpringBoard[2993:2565] [com.apple.UserNotifications:LocalNotifications] [com.apple.GameControllerNotifications] No upcoming local notifications
2024-03-10 17:41:13.037 Df diagnosticextensionsd[3082:23ba] [com.apple.xpc.activity:Client] _xpc_activity_set_state: com.apple.diagnosticextensionsd.reschedule (0x600002364960), 5
2024-03-10 17:41:13.046 Df akd[3088:230c] [com.apple.xpc.activity:Client] xpc_activity_set_criteria: com.apple.ak.listupdate (0x600000a84000), setting state now to 0
2024-03-10 17:41:13.032 Df SpringBoard[2993:2565] [com.apple.UserNotifications:LocalNotifications] [com.apple.GameControllerNotifications] Update regions for 0 pending notifications
2024-03-10 17:41:13.040 Df UserEventAgent[2994:2167] [com.apple.xpc.activity:Activities] Completed XPC Activity: com.apple.diagnosticextensionsd.reschedule (0x7ff79ba06860)
2024-03-10 17:41:13.037 Df diagnosticextensionsd[3082:23ba] [com.apple.xpc.activity:Client] _xpc_activity_set_state: send new state to CTS: com.apple.diagnosticextensionsd.reschedule (0x600002364960), 5
2024-03-10 17:41:13.046 Df akd[3088:230c] [com.apple.xpc.activity:Client] _xpc_activity_set_state: com.apple.ak.listupdate (0x600000a84000), 0
2024-03-10 17:41:13.032 Df SpringBoard[2993:2565] [com.apple.UserNotifications:DataProviderFactory] [com.apple.iCloud.FollowUp] Default data provider section info did change
2024-03-10 17:41:13.046 Df akd[3088:230c] [com.apple.xpc.activity:Client] __XPC_ACTIVITY_CALLING_HANDLER__: com.apple.ak.listupdate (0x600000a84000), current state 0, pending state 0
2024-03-10 17:41:13.033 Df SpringBoard[2993:2565] [com.apple.UserNotifications:DataProviderFactory] [com.apple.iCloud.FollowUp] User notification settings were enabled
2024-03-10 17:41:13.046 Df akd[3088:230c] [com.apple.authkit:core] XPC activity registration complete. State: 0.
2024-03-10 17:41:13.033 Df SpringBoard[2993:23ed] [com.apple.UserNotifications:RemoteNotifications] [com.apple.GameControllerNotifications] Update enabled user notifications for remote notifications: YES
2024-03-10 17:41:13.033 A  SpringBoard[2993:2688] (CoreLocation) CL: CLLocationManager
2024-03-10 17:41:13.046 Df akd[3088:230c] [com.apple.xpc.activity:Client] __XPC_ACTIVITY_CALLING_HANDLER__ returned from handler: com.apple.ak.listupdate (0x600000a84000), current state 0, pending state 0
2024-03-10 17:41:13.060 Df weatherd[3090:2363] [com.apple.xpc.activity:Client] _xpc_activity_dispatch: created connection 0x7fdc9e207fc0 for activity name com.apple.weatherd.notifications (0x600000f28500), seqno 0
2024-03-10 17:41:13.048 Df homed[3119:26ad] [com.apple.xpc.activity:Client] xpc_activity_register: com.apple.homed.logEvent.dailyScheduler, criteria: check-in
2024-03-10 17:41:13.037 Df SpringBoard[2993:23ed] [com.apple.UserNotifications:RemoteNotifications] [com.apple.GameControllerNotifications] Enable user notifications for remote notifications
2024-03-10 17:41:13.046 Df akd[3088:230c] [com.apple.xpc.activity:Client] _xpc_activity_set_state: com.apple.ak.listupdate (0x600000a84000), 1
2024-03-10 17:41:13.060 Df weatherd[3090:2363] [com.apple.xpc.activity:Client] _xpc_activity_set_state: com.apple.weatherd.notifications (0x600000f28500), 2
2024-03-10 17:41:13.059 Df triald[3067:2296] [com.apple.securityd:xpc] cleaning up unpooled xpc conn to trustd 0x60000376c9a0
2024-03-10 17:41:13.038 Df SpringBoard[2993:2688] [com.apple.locationd.Core:Client] {"msg":"CLLocationManager", "event":activity, "_cmd":monitoredRegions, "self":"0x600001d63530"}
2024-03-10 17:41:13.062 Df UserEventAgent[2994:2167] [com.apple.xpc.activity:Activities] Running XPC Activity (PID 3090): com.apple.weatherd.notifications (0x7ff79b90b4f0)
2024-03-10 17:41:13.051 Df homed[3119:26ad] [com.apple.xpc.activity:Client] _xpc_activity_register: com.apple.homed.logEvent.dailyScheduler (0x6000013ac1e0), 0
2024-03-10 17:41:13.036 Df PosterBoard[3120:267d] [com.apple.FileURL:default] kExcludedFromBackupXattrName set on path: /Users/chef/Library/Developer/CoreSimulator/Devices/FA441BBB-4AC7-424C-8E75-DDA61780E4A0/data/Library/Application Support/PRBPosterExtensionDataStore/59/Extensions/com.apple.GradientPoster.GradientPosterExtension/descriptors/E00CD1FD-7713-4965-AFEC-FDC5942063FC/versions/0/contents/com.apple.posterkit.provider.contents.galleryOptions
2024-03-10 17:41:13.060 Df weatherd[3090:2363] [com.apple.xpc.activity:Client] _xpc_activity_set_state: send new state to CTS: com.apple.weatherd.notifications (0x600000f28500), 2
2024-03-10 17:41:13.060 Df triald[3067:259e] [com.apple.securityd:xpc] got event: Connection invalid
2024-03-10 17:41:13.039 Df SpringBoard[2993:23ed] [com.apple.UserNotifications:LocalNotifications] [com.apple.GameControllerNotifications] Enabled visible user notifications for remote notifications
2024-03-10 17:41:13.051 Df homed[3119:26ad] [com.apple.xpc.activity:Client] xpc_activity_set_criteria: com.apple.homed.logEvent.dailyScheduler (0x6000013ac1e0), check-in
2024-03-10 17:41:13.034 Df SpringBoard[2993:2565] [com.apple.UserNotifications:DataProviderFactory] [com.apple.iCloud.FollowUp] Notify observers that user notifications settings were updated
2024-03-10 17:41:13.067 Df triald[3067:2296] [com.apple.triald:server] Decoded valid and device-compatible rollout notification: 6112d17137f5d11121dcd4e2.240000508
2024-03-10 17:41:13.066 E  homed[3119:26ad] [com.apple.HomeKit:HMDPersistentStore] Failed to load data store from file path /Users/chef/Library/Developer/CoreSimulator/Devices/FA441BBB-4AC7-424C-8E75-DDA61780E4A0/data/Library/homed/eventflags-datastore: Error Domain=NSCocoaErrorDomain Code=260 "The file eventflags-datastore couldnt be opened because there is no such file." UserInfo={NSFilePath=/Users/chef/Library/Developer/CoreSimulator/Devices/FA441BBB-4AC7-424C-8E75-DDA61780E4A0/data/Library/homed/eventflags-datastore, NSUnderlyingError=0x600002cb5680 {Error Domain=NSPOSIXErrorDomain Code=2 "No such file or directory"}}
2024-03-10 17:41:13.048 Df SpringBoard[2993:2688] [com.apple.UserNotifications:LocalNotifications] [com.apple.GameControllerNotifications] Setting 0 monitored regions [ stop: 0 start: 0 ]
2024-03-10 17:41:13.067 A  triald[3067:2296] (Security) SecTrustEvaluateIfNecessary
2024-03-10 17:41:13.067 Df homed[3119:26ad] [com.apple.HomeKit:default] No time-based flag archive found
2024-03-10 17:41:13.053 E  SpringBoard[2993:2565] [com.apple.UserNotifications:DataStore] No data found at /Users/chef/Library/Developer/CoreSimulator/Devices/FA441BBB-4AC7-424C-8E75-DDA61780E4A0/data/Library/UserNotifications/FDCBC61E-2FF7-4363-88DA-D1264E657239/PendingNotifications.plist
2024-03-10 17:41:13.067 Df homed[3119:26ad] [com.apple.HomeKit:default] Loading legacy flags
2024-03-10 17:41:13.069 Df triald[3067:2296] [com.apple.securityd:xpc] user sessions enabled, targeting 600
2024-03-10 17:41:13.067 E  homed[3119:26ad] [com.apple.HomeKit:HMDPersistentStore] Failed to load data store from file path /Users/chef/Library/Developer/CoreSimulator/Devices/FA441BBB-4AC7-424C-8E75-DDA61780E4A0/data/Library/homed/eventflags-datastore: Error Domain=NSCocoaErrorDomain Code=260 "The file eventflags-datastore couldnt be opened because there is no such file." UserInfo={NSFilePath=/Users/chef/Library/Developer/CoreSimulator/Devices/FA441BBB-4AC7-424C-8E75-DDA61780E4A0/data/Library/homed/eventflags-datastore, NSUnderlyingError=0x600002ca2d00 {Error Domain=NSPOSIXErrorDomain Code=2 "No such file or directory"}}
2024-03-10 17:41:13.048 Df SpringBoard[2993:23ed] [com.apple.UserNotifications:RemoteNotifications] Calcualate topics because user notification settings authorization changed
2024-03-10 17:41:13.067 E  homed[3119:26ad] [com.apple.HomeKit:default] No legacy event flags found
2024-03-10 17:41:13.060 Df SpringBoard[2993:2565] [com.apple.UserNotifications:LocalNotifications] [com.apple.iCloud.FollowUp] Load 0 pending notification dictionaries
2024-03-10 17:41:13.068 E  homed[3119:26ad] [com.apple.HomeKit:HMDPersistentStore] Failed to load data store from file path /Users/chef/Library/Developer/CoreSimulator/Devices/FA441BBB-4AC7-424C-8E75-DDA61780E4A0/data/Library/homed/eventcounters-groupstore: Error Domain=NSCocoaErrorDomain Code=260 "The file eventcounters-groupstore couldnt be opened because there is no such file." UserInfo={NSFilePath=/Users/chef/Library/Developer/CoreSimulator/Devices/FA441BBB-4AC7-424C-8E75-DDA61780E4A0/data/Library/homed/eventcounters-groupstore, NSUnderlyingError=0x600002caec70 {Error Domain=NSPOSIXErrorDomain Code=2 "No such file or directory"}}
2024-03-10 17:41:13.062 E  SpringBoard[2993:2565] [com.apple.UserNotifications:DataStore] No data found at /Users/chef/Library/Developer/CoreSimulator/Devices/FA441BBB-4AC7-424C-8E75-DDA61780E4A0/data/Library/UserNotifications/FDCBC61E-2FF7-4363-88DA-D1264E657239/Schedule.plist
2024-03-10 17:41:13.068 E  homed[3119:26ad] [com.apple.HomeKit:default] Archived event counters not found
2024-03-10 17:41:13.065 Df SpringBoard[2993:2565] [com.apple.UserNotifications:LocalNotifications] [com.apple.iCloud.FollowUp] Load last local notification fire date: (null)
2024-03-10 17:41:13.067 Df SpringBoard[2993:2565] [com.apple.UserNotifications:LocalNotifications] [com.apple.iCloud.FollowUp] Update timers for 0 pending notifications (monitoring: 0)
2024-03-10 17:41:13.062 Df PosterBoard[3120:267d] [com.apple.FileURL:default] kExcludedFromBackupXattrName set on path: /Users/chef/Library/Developer/CoreSimulator/Devices/FA441BBB-4AC7-424C-8E75-DDA61780E4A0/data/Library/Application Support/PRBPosterExtensionDataStore/59/Extensions/com.apple.GradientPoster.GradientPosterExtension/descriptors/E00CD1FD-7713-4965-AFEC-FDC5942063FC/versions/0/contents/.com.apple.posterkit.provider.contents.configurableOptions.plist
2024-03-10 17:41:13.060 Df SpringBoard[2993:2566] [com.apple.UserNotifications:Connections] [com.apple.weather] Getting notification settings
2024-03-10 17:41:13.068 Df SpringBoard[2993:2565] [com.apple.UserNotifications:LocalNotifications] [com.apple.iCloud.FollowUp] Invalidate persistent timer
2024-03-10 17:41:13.074 E  SpringBoard[2993:2565] [com.apple.UserNotifications:DataStore] No data found at /Users/chef/Library/Developer/CoreSimulator/Devices/FA441BBB-4AC7-424C-8E75-DDA61780E4A0/data/Library/UserNotifications/FDCBC61E-2FF7-4363-88DA-D1264E657239/Schedule.plist
2024-03-10 17:41:13.074 Df SpringBoard[2993:23ed] [com.apple.UserNotificationsKit:Lists] NCNotificationListPersistentStateManager successfully wrote notification list persistent state to file
2024-03-10 17:41:13.076 Df SpringBoard[2993:2565] [com.apple.UserNotifications:LocalNotifications] [com.apple.iCloud.FollowUp] Load last local notification fire date: (null)
2024-03-10 17:41:13.078 Df SpringBoard[2993:2565] [com.apple.UserNotifications:LocalNotifications] [com.apple.iCloud.FollowUp] Find next notification with current trigger date after last fire date 0001-01-01 00:00:00.000 +0000
2024-03-10 17:41:13.080 Df SpringBoard[2993:2565] [com.apple.UserNotifications:LocalNotifications] [com.apple.iCloud.FollowUp] No upcoming local notifications
2024-03-10 17:41:13.080 Df SpringBoard[2993:2565] [com.apple.UserNotifications:LocalNotifications] [com.apple.iCloud.FollowUp] Update regions for 0 pending notifications
2024-03-10 17:41:13.081 Df SpringBoard[2993:2565] [com.apple.UserNotifications:DataProviderFactory] [com.apple.identityservicesd.firewall] Default data provider section info did change
2024-03-10 17:41:13.082 Df SpringBoard[2993:2565] [com.apple.UserNotifications:DataProviderFactory] [com.apple.identityservicesd.firewall] User notification settings were enabled
2024-03-10 17:41:13.082 Df SpringBoard[2993:2565] [com.apple.UserNotifications:DataProviderFactory] [com.apple.identityservicesd.firewall] Notify observers that user notifications settings were updated
2024-03-10 17:41:13.083 Df SpringBoard[2993:23ed] [com.apple.UserNotifications:RemoteNotifications] [com.apple.iCloud.FollowUp] Update enabled user notifications for remote notifications: YES
2024-03-10 17:41:13.083 Df SpringBoard[2993:23ed] [com.apple.UserNotifications:RemoteNotifications] [com.apple.iCloud.FollowUp] Enable user notifications for remote notifications
2024-03-10 17:41:13.082 E  SpringBoard[2993:2565] [com.apple.UserNotifications:DataStore] No data found at /Users/chef/Library/Developer/CoreSimulator/Devices/FA441BBB-4AC7-424C-8E75-DDA61780E4A0/data/Library/UserNotifications/B6476DED-C35D-439C-A6E3-850A2EDB5E4A/PendingNotifications.plist
2024-03-10 17:41:13.084 Df SpringBoard[2993:23ed] [com.apple.UserNotifications:LocalNotifications] [com.apple.iCloud.FollowUp] Enabled visible user notifications for remote notifications
2024-03-10 17:41:13.083 Df SpringBoard[2993:2566] [com.apple.UserNotifications:Settings] Getting effectiveSectionInfo for section identifier: com.apple.weather
2024-03-10 17:41:13.080 Df PosterBoard[3120:267d] [com.apple.FileURL:default] kExcludedFromBackupXattrName set on path: /Users/chef/Library/Developer/CoreSimulator/Devices/FA441BBB-4AC7-424C-8E75-DDA61780E4A0/data/Library/Application Support/PRBPosterExtensionDataStore/59/Extensions/com.apple.GradientPoster.GradientPosterExtension/descriptors/E00CD1FD-7713-4965-AFEC-FDC5942063FC/versions/0/contents/com.apple.posterkit.provider.contents.userInfo
2024-03-10 17:41:13.084 Df SpringBoard[2993:2565] [com.apple.UserNotifications:LocalNotifications] [com.apple.identityservicesd.firewall] Load 0 pending notification dictionaries
2024-03-10 17:41:13.084 Df SpringBoard[2993:23ed] [com.apple.UserNotifications:RemoteNotifications] Calcualate topics because user notification settings authorization changed
2024-03-10 17:41:13.082 A  SpringBoard[2993:2688] (CoreLocation) CL: CLLocationManager
2024-03-10 17:41:13.084 Df ind[3077:2382] [com.apple.xpc.activity:Client] _xpc_activity_end_running: com.apple.ind.heartbeat (0x6000024e8000) seqno: 0.
2024-03-10 17:41:13.084 E  SpringBoard[2993:2565] [com.apple.UserNotifications:DataStore] No data found at /Users/chef/Library/Developer/CoreSimulator/Devices/FA441BBB-4AC7-424C-8E75-DDA61780E4A0/data/Library/UserNotifications/B6476DED-C35D-439C-A6E3-850A2EDB5E4A/Schedule.plist
2024-03-10 17:41:13.084 Df SpringBoard[2993:2565] [com.apple.UserNotifications:LocalNotifications] [com.apple.identityservicesd.firewall] Load last local notification fire date: (null)
2024-03-10 17:41:13.085 Df SpringBoard[2993:2565] [com.apple.UserNotifications:LocalNotifications] [com.apple.identityservicesd.firewall] Update timers for 0 pending notifications (monitoring: 0)
2024-03-10 17:41:13.084 Df SpringBoard[2993:2688] [com.apple.locationd.Core:Client] {"msg":"CLLocationManager", "event":activity, "_cmd":monitoredRegions, "self":"0x600001d63530"}
2024-03-10 17:41:13.086 Df SpringBoard[2993:2565] [com.apple.UserNotifications:LocalNotifications] [com.apple.identityservicesd.firewall] Invalidate persistent timer
2024-03-10 17:41:13.087 E  SpringBoard[2993:2565] [com.apple.UserNotifications:DataStore] No data found at /Users/chef/Library/Developer/CoreSimulator/Devices/FA441BBB-4AC7-424C-8E75-DDA61780E4A0/data/Library/UserNotifications/B6476DED-C35D-439C-A6E3-850A2EDB5E4A/Schedule.plist
2024-03-10 17:41:13.087 Df SpringBoard[2993:2565] [com.apple.UserNotifications:LocalNotifications] [com.apple.identityservicesd.firewall] Load last local notification fire date: (null)
2024-03-10 17:41:13.088 Df SpringBoard[2993:2565] [com.apple.UserNotifications:LocalNotifications] [com.apple.identityservicesd.firewall] Find next notification with current trigger date after last fire date 0001-01-01 00:00:00.000 +0000
2024-03-10 17:41:13.089 Df SpringBoard[2993:2688] [com.apple.UserNotifications:LocalNotifications] [com.apple.iCloud.FollowUp] Setting 0 monitored regions [ stop: 0 start: 0 ]
2024-03-10 17:41:13.090 Df SpringBoard[2993:2565] [com.apple.UserNotifications:LocalNotifications] [com.apple.identityservicesd.firewall] No upcoming local notifications
2024-03-10 17:41:13.088 Df SpringBoard[2993:2566] [com.apple.UserNotifications:Settings] [com.apple.weather] Getting effective section info
2024-03-10 17:41:13.091 Df SpringBoard[2993:2565] [com.apple.UserNotifications:LocalNotifications] [com.apple.identityservicesd.firewall] Update regions for 0 pending notifications
2024-03-10 17:41:13.091 Df SpringBoard[2993:2565] [com.apple.UserNotifications:DataProviderFactory] [com.apple.mobilephone] Default data provider section info did change
2024-03-10 17:41:13.091 Df SpringBoard[2993:23ed] [com.apple.UserNotifications:RemoteNotifications] [com.apple.identityservicesd.firewall] Update enabled user notifications for remote notifications: YES
2024-03-10 17:41:13.092 Df SpringBoard[2993:2565] [com.apple.UserNotifications:DataProviderFactory] [com.apple.mobilephone] User notification settings were enabled
2024-03-10 17:41:13.095 Df SpringBoard[2993:2565] [com.apple.UserNotifications:DataProviderFactory] [com.apple.mobilephone] Notify observers that user notifications settings were updated
2024-03-10 17:41:13.095 Df SpringBoard[2993:2565] [com.apple.UserNotifications:DataProviderFactory] [com.apple.mobiletimer] Default data provider section info did change
2024-03-10 17:41:13.091 A  SpringBoard[2993:2688] (CoreLocation) CL: CLLocationManager
2024-03-10 17:41:13.092 Df SpringBoard[2993:23ed] [com.apple.UserNotifications:RemoteNotifications] [com.apple.identityservicesd.firewall] Enable user notifications for remote notifications
2024-03-10 17:41:13.095 Df SpringBoard[2993:2565] [com.apple.UserNotifications:DataProviderFactory] [com.apple.mobiletimer] User notification settings were enabled
2024-03-10 17:41:13.095 Df SpringBoard[2993:2565] [com.apple.UserNotifications:DataProviderFactory] [com.apple.mobiletimer] Notify observers that user notifications settings were updated
2024-03-10 17:41:13.095 Df SpringBoard[2993:2688] [com.apple.locationd.Core:Client] {"msg":"CLLocationManager", "event":activity, "_cmd":monitoredRegions, "self":"0x600001d63530"}
2024-03-10 17:41:13.096 Df SpringBoard[2993:2566] [com.apple.BulletinBoard:Connection] Getting requested effective section info (sync)
2024-03-10 17:41:13.095 Df SpringBoard[2993:23ed] [com.apple.UserNotifications:LocalNotifications] [com.apple.identityservicesd.firewall] Enabled visible user notifications for remote notifications
2024-03-10 17:41:13.099 Df triald[3067:2296] [com.apple.securityd:xpc] cleaning up unpooled xpc conn to trustd 0x600003760540
2024-03-10 17:41:13.097 E  SpringBoard[2993:2565] [com.apple.UserNotifications:DataStore] No data found at /Users/chef/Library/Developer/CoreSimulator/Devices/FA441BBB-4AC7-424C-8E75-DDA61780E4A0/data/Library/UserNotifications/646A88D3-3BA0-4BF8-BCED-9F337F1FCC2D/PendingNotifications.plist
2024-03-10 17:41:13.100 Df triald[3067:259e] [com.apple.securityd:xpc] got event: Connection invalid
2024-03-10 17:41:13.102 Df triald[3067:2296] [com.apple.triald:server] Rollout 648a2601f74c42732876cb5b.240000107 supports namespace compatibility versions {2400,2500} for namespace "SIRI_TEXT_TO_SPEECH", but the namespace descriptor declares download compatibility with version 1200. (This is unlikely to be an issue, unless you're REALLY sure rollout 648a2601f74c42732876cb5b should be available on this device.)
2024-03-10 17:41:13.098 Df SpringBoard[2993:23ed] [com.apple.UserNotifications:RemoteNotifications] Calcualate topics because user notification settings authorization changed
2024-03-10 17:41:13.102 Df triald[3067:2296] [com.apple.triald:server] Found the following incompatible namespace names: (
    "SIRI_TEXT_TO_SPEECH"
)
2024-03-10 17:41:13.100 Df SpringBoard[2993:2688] [com.apple.UserNotifications:LocalNotifications] [com.apple.identityservicesd.firewall] Setting 0 monitored regions [ stop: 0 start: 0 ]
2024-03-10 17:41:13.102 A  triald[3067:2296] (Security) SecTrustEvaluateIfNecessary
2024-03-10 17:41:13.099 Df SpringBoard[2993:2565] [com.apple.UserNotifications:LocalNotifications] [com.apple.mobiletimer] Load 0 pending notification dictionaries
2024-03-10 17:41:13.103 Df triald[3067:2296] [com.apple.securityd:xpc] user sessions enabled, targeting 600
2024-03-10 17:41:13.101 E  SpringBoard[2993:2565] [com.apple.UserNotifications:DataStore] No data found at /Users/chef/Library/Developer/CoreSimulator/Devices/FA441BBB-4AC7-424C-8E75-DDA61780E4A0/data/Library/UserNotifications/646A88D3-3BA0-4BF8-BCED-9F337F1FCC2D/Schedule.plist
2024-03-10 17:41:13.101 Df SpringBoard[2993:2565] [com.apple.UserNotifications:LocalNotifications] [com.apple.mobiletimer] Load last local notification fire date: (null)
2024-03-10 17:41:13.101 Df SpringBoard[2993:2565] [com.apple.UserNotifications:LocalNotifications] [com.apple.mobiletimer] Update timers for 0 pending notifications (monitoring: 0)
2024-03-10 17:41:13.101 Df SpringBoard[2993:2565] [com.apple.UserNotifications:LocalNotifications] [com.apple.mobiletimer] Invalidate persistent timer
2024-03-10 17:41:13.102 Df SpringBoard[2993:2566] [com.apple.BulletinBoard:Connection] Got effective section info [ result: 0 ]
2024-03-10 17:41:13.103 E  SpringBoard[2993:2565] [com.apple.UserNotifications:DataStore] No data found at /Users/chef/Library/Developer/CoreSimulator/Devices/FA441BBB-4AC7-424C-8E75-DDA61780E4A0/data/Library/UserNotifications/646A88D3-3BA0-4BF8-BCED-9F337F1FCC2D/Schedule.plist
2024-03-10 17:41:13.105 Df SpringBoard[2993:2565] [com.apple.UserNotifications:LocalNotifications] [com.apple.mobiletimer] Load last local notification fire date: (null)
2024-03-10 17:41:13.105 Df SpringBoard[2993:2565] [com.apple.UserNotifications:LocalNotifications] [com.apple.mobiletimer] Find next notification with current trigger date after last fire date 0001-01-01 00:00:00.000 +0000
2024-03-10 17:41:13.104 Df SpringBoard[2993:2566] [com.apple.UserNotifications:Settings] [com.apple.weather] Got effective section info [ hasResult: 0 ]
2024-03-10 17:41:13.107 Df SpringBoard[2993:2565] [com.apple.UserNotifications:LocalNotifications] [com.apple.mobiletimer] No upcoming local notifications
2024-03-10 17:41:13.110 Df SpringBoard[2993:2565] [com.apple.UserNotifications:LocalNotifications] [com.apple.mobiletimer] Update regions for 0 pending notifications
2024-03-10 17:41:13.110 Df SpringBoard[2993:2565] [com.apple.UserNotifications:DataProviderFactory] [com.apple.NDO.FollowUp] Default data provider section info did change
2024-03-10 17:41:13.110 Df SpringBoard[2993:2565] [com.apple.UserNotifications:DataProviderFactory] [com.apple.NDO.FollowUp] User notification settings were enabled
2024-03-10 17:41:13.110 Df SpringBoard[2993:2565] [com.apple.UserNotifications:DataProviderFactory] [com.apple.NDO.FollowUp] Notify observers that user notifications settings were updated
2024-03-10 17:41:13.110 E  SpringBoard[2993:2565] [com.apple.UserNotifications:DataStore] No data found at /Users/chef/Library/Developer/CoreSimulator/Devices/FA441BBB-4AC7-424C-8E75-DDA61780E4A0/data/Library/UserNotifications/9A995E98-7C7C-4779-AA6F-87E41E3A8E2E/PendingNotifications.plist
2024-03-10 17:41:13.110 Df SpringBoard[2993:2565] [com.apple.UserNotifications:LocalNotifications] [com.apple.NDO.FollowUp] Load 0 pending notification dictionaries
2024-03-10 17:41:13.110 E  SpringBoard[2993:2565] [com.apple.UserNotifications:DataStore] No data found at /Users/chef/Library/Developer/CoreSimulator/Devices/FA441BBB-4AC7-424C-8E75-DDA61780E4A0/data/Library/UserNotifications/9A995E98-7C7C-4779-AA6F-87E41E3A8E2E/Schedule.plist
2024-03-10 17:41:13.110 Df SpringBoard[2993:2565] [com.apple.UserNotifications:LocalNotifications] [com.apple.NDO.FollowUp] Load last local notification fire date: (null)
2024-03-10 17:41:13.110 Df SpringBoard[2993:2565] [com.apple.UserNotifications:LocalNotifications] [com.apple.NDO.FollowUp] Update timers for 0 pending notifications (monitoring: 0)
2024-03-10 17:41:13.110 Df SpringBoard[2993:2565] [com.apple.UserNotifications:LocalNotifications] [com.apple.NDO.FollowUp] Invalidate persistent timer
2024-03-10 17:41:13.111 Df SpringBoard[2993:23ed] [com.apple.UserNotifications:RemoteNotifications] [com.apple.mobiletimer] Update enabled user notifications for remote notifications: YES
2024-03-10 17:41:13.115 Df SpringBoard[2993:23ed] [com.apple.UserNotifications:RemoteNotifications] [com.apple.mobiletimer] Enable user notifications for remote notifications
2024-03-10 17:41:13.115 Df SpringBoard[2993:23ed] [com.apple.UserNotifications:LocalNotifications] [com.apple.mobiletimer] Enabled visible user notifications for remote notifications
2024-03-10 17:41:13.115 Df SpringBoard[2993:23ed] [com.apple.UserNotifications:RemoteNotifications] Calcualate topics because user notification settings authorization changed
2024-03-10 17:41:13.110 A  SpringBoard[2993:2688] (CoreLocation) CL: CLLocationManager
