2024-03-10 17:41:12.448 Df triald[3067:2617] [com.apple.triald:server] Received RolloutNotification with CKRecordID <CKRecordID: 0x600000e7a5c0; recordName=a81d1137-936d-4fe7-aae3-550357aa5b49, zoneID=_defaultZone:__defaultOwner__>
2024-03-10 17:41:12.449 Df SpringBoard[2993:2688] [com.apple.BulletinBoard:Connection] Getting requested effective section info (sync)
2024-03-10 17:41:12.448 Df triald[3067:2617] [com.apple.triald:server] Received RolloutNotification with CKRecordID <CKRecordID: 0x600000e7a440; recordName=5343b097-5be5-4503-b194-b2b1ddc8d6d8, zoneID=_defaultZone:__defaultOwner__>
2024-03-10 17:41:12.454 Df SpringBoard[2993:2688] [com.apple.BulletinBoard:Connection] Got effective section info [ result: 0 ]
2024-03-10 17:41:12.449 Df triald[3067:2617] [com.apple.triald:server] Received RolloutNotification with CKRecordID <CKRecordID: 0x600000e7a120; recordName=6fdd53be-1abb-4563-8d2b-0aae3dfbce70, zoneID=_defaultZone:__defaultOwner__>
2024-03-10 17:41:12.454 Df SpringBoard[2993:2688] [com.apple.UserNotifications:Settings] [com.apple.Sharing.AirDropUIRemoteNotifications] Got effective section info [ hasResult: 1 ]
2024-03-10 17:41:12.449 Df triald[3067:2617] [com.apple.triald:server] Received RolloutNotification with CKRecordID <CKRecordID: 0x600000e78480; recordName=91d178a0-9b06-4c74-b8ae-e39b2c52844e, zoneID=_defaultZone:__defaultOwner__>
2024-03-10 17:41:12.454 E  SpringBoard[2993:2688] [com.apple.UserNotifications:DataStore] No data found at /Users/chef/Library/Developer/CoreSimulator/Devices/FA441BBB-4AC7-424C-8E75-DDA61780E4A0/data/Library/UserNotifications/07FD2758-2EC6-4C04-8368-6FBDDF2FAF87/DeliveredNotifications.plist
2024-03-10 17:41:12.454 Df triald[3067:2617] [com.apple.triald:server] Received RolloutNotification with CKRecordID <CKRecordID: 0x600000e78920; recordName=d854b12b-b4f4-4fb4-bc7c-296df32d1b3c, zoneID=_defaultZone:__defaultOwner__>
2024-03-10 17:41:12.454 Df SpringBoard[2993:2688] [com.apple.UserNotifications:DataStore] Saving file at /Users/chef/Library/Developer/CoreSimulator/Devices/FA441BBB-4AC7-424C-8E75-DDA61780E4A0/data/Library/UserNotifications/07FD2758-2EC6-4C04-8368-6FBDDF2FAF87/DeliveredNotifications.plist with 0 items
2024-03-10 17:41:12.454 Df triald[3067:2617] [com.apple.triald:server] Received RolloutNotification with CKRecordID <CKRecordID: 0x600000e79440; recordName=7366fd05-68e7-47d0-9e47-f9108866fa48, zoneID=_defaultZone:__defaultOwner__>
2024-03-10 17:41:12.456 Df SpringBoard[2993:2688] [com.apple.FileURL:default] kExcludedFromBackupXattrName set on path: /Users/chef/Library/Developer/CoreSimulator/Devices/FA441BBB-4AC7-424C-8E75-DDA61780E4A0/data/Library/UserNotifications/07FD2758-2EC6-4C04-8368-6FBDDF2FAF87/DeliveredNotifications.plist
2024-03-10 17:41:12.447 Df cloudd[3053:22e0] (CFNetwork) Task <45119D8B-423A-4CE2-9B28-38E226027AEC>.<3> RELEASING power assertion.
2024-03-10 17:41:12.456 Df SpringBoard[2993:2688] [com.apple.UserNotifications:DataStore] [com.apple.Sharing.b7ce1794a1c8766816fc7b7500742862] Remove all delivered notifications that are no longer valid
2024-03-10 17:41:12.447 A  cloudd[3053:22e0] (CloudKitDaemon) url-request-transmission
2024-03-10 17:41:12.459 Df SpringBoard[2993:2688] [com.apple.UserNotifications:Settings] Getting effectiveSectionInfo for section identifier: com.apple.Sharing.b7ce1794a1c8766816fc7b7500742862
2024-03-10 17:41:12.461 Df SpringBoard[2993:2688] [com.apple.UserNotifications:Settings] [com.apple.Sharing.b7ce1794a1c8766816fc7b7500742862] Getting effective section info
2024-03-10 17:41:12.461 Df SpringBoard[2993:2688] [com.apple.BulletinBoard:Connection] Getting requested effective section info (sync)
2024-03-10 17:41:12.463 Df SpringBoard[2993:2688] [com.apple.BulletinBoard:Connection] Got effective section info [ result: 0 ]
2024-03-10 17:41:12.463 Df SpringBoard[2993:2688] [com.apple.UserNotifications:Settings] [com.apple.Sharing.b7ce1794a1c8766816fc7b7500742862] Got effective section info [ hasResult: 1 ]
2024-03-10 17:41:12.453 Df cloudd[3053:22e0] [com.apple.cloudkit.sim:Request] req: 8BBB1D7D-883B-4CE7-945F-FE1287671E09, "requestForEstablishedConnection"
2024-03-10 17:41:12.463 Df SpringBoard[2993:2688] [com.apple.UserNotifications:Settings] Getting effectiveSectionInfo for section identifier: com.apple.Sharing.b7ce1794a1c8766816fc7b7500742862
2024-03-10 17:41:12.463 Df SpringBoard[2993:2688] [com.apple.UserNotifications:Settings] [com.apple.Sharing.b7ce1794a1c8766816fc7b7500742862] Getting effective section info
2024-03-10 17:41:12.456 Df cloudd[3053:22d9] [com.apple.CFNetwork:ATS] Task <45119D8B-423A-4CE2-9B28-38E226027AEC>.<3> {strength 0, tls 4, sub 0, sig 1, ciphers 0, bundle 1, builtin 0}
2024-03-10 17:41:12.466 Df SpringBoard[2993:2688] [com.apple.BulletinBoard:Connection] Getting requested effective section info (sync)
2024-03-10 17:41:12.462 Df cloudd[3053:22d9] [com.apple.network:connection] [C4] event: client:connection_reused @1.019s
2024-03-10 17:41:12.469 Df amsengagementd[3060:2345] [com.apple.amsengagementd:xpc-activity] XPCActivity.Type: [3727A87D] Attempting run: com.apple.amsengagementd.daily state: checkIn
2024-03-10 17:41:12.314 Df PosterBoard[3120:267d] [com.apple.FileURL:default] kExcludedFromBackupXattrName set on path: /Users/chef/Library/Developer/CoreSimulator/Devices/FA441BBB-4AC7-424C-8E75-DDA61780E4A0/data/Library/Application Support/PRBPosterExtensionDataStore/59/Extensions/com.apple.NanoUniverse.AegirProxyApp.AegirPoster/staticdescriptors/2E892888-C0E8-4A78-9D64-32EF6C75A6B1/versions/0/supplements
2024-03-10 17:41:12.471 Df SpringBoard[2993:2688] [com.apple.BulletinBoard:Connection] Got effective section info [ result: 0 ]
2024-03-10 17:41:12.470 Df fitcored[3078:23cf] [com.apple.xpc.activity:Client] _xpc_activity_set_state: com.apple.Seymour.Scheduling.PrivateDataNetworkActivity (0x6000033ed040), 1
2024-03-10 17:41:12.469 Df amsengagementd[3060:2345] [com.apple.xpc.activity:Client] __XPC_ACTIVITY_CALLING_HANDLER__ returned from handler: com.apple.amsengagementd.daily (0x600002fa0780), current state 0, pending state 0
2024-03-10 17:41:12.471 Df SpringBoard[2993:2688] [com.apple.UserNotifications:Settings] [com.apple.Sharing.b7ce1794a1c8766816fc7b7500742862] Got effective section info [ hasResult: 1 ]
2024-03-10 17:41:12.470 Df fitcored[3078:23cf] [com.apple.xpc.activity:Client] xpc_activity_set_criteria, lower half: com.apple.Seymour.Scheduling.PrivateDataNetworkActivity (0x6000033ed040), dict
2024-03-10 17:41:12.472 Df nanotimekitcompaniond[3061:24ec] [com.apple.NanoTimeKit:Store] Cleaning up orphaned face collection stores...
2024-03-10 17:41:12.469 Df amsengagementd[3060:2345] [com.apple.xpc.activity:Client] _xpc_activity_set_state: com.apple.amsengagementd.daily (0x600002fa0780), 1
2024-03-10 17:41:12.471 E  SpringBoard[2993:2688] [com.apple.UserNotifications:DataStore] No data found at /Users/chef/Library/Developer/CoreSimulator/Devices/FA441BBB-4AC7-424C-8E75-DDA61780E4A0/data/Library/UserNotifications/E73F186B-81FD-4E1A-85F1-E92E5E75C58E/DeliveredNotifications.plist
2024-03-10 17:41:12.471 Df SpringBoard[2993:2688] [com.apple.UserNotifications:DataStore] Saving file at /Users/chef/Library/Developer/CoreSimulator/Devices/FA441BBB-4AC7-424C-8E75-DDA61780E4A0/data/Library/UserNotifications/E73F186B-81FD-4E1A-85F1-E92E5E75C58E/DeliveredNotifications.plist with 0 items
2024-03-10 17:41:12.472 Df SpringBoard[2993:2688] [com.apple.FileURL:default] kExcludedFromBackupXattrName set on path: /Users/chef/Library/Developer/CoreSimulator/Devices/FA441BBB-4AC7-424C-8E75-DDA61780E4A0/data/Library/UserNotifications/E73F186B-81FD-4E1A-85F1-E92E5E75C58E/DeliveredNotifications.plist
2024-03-10 17:41:12.472 Df SpringBoard[2993:2688] [com.apple.UserNotifications:DataStore] [com.apple.Sharing.HomePodRemoteNotifications] Remove all delivered notifications that are no longer valid
2024-03-10 17:41:12.472 Df SpringBoard[2993:2688] [com.apple.UserNotifications:Settings] Getting effectiveSectionInfo for section identifier: com.apple.Sharing.HomePodRemoteNotifications
2024-03-10 17:41:12.473 Df nanotimekitcompaniond[3061:24ec] [com.apple.NanoTimeKit:Store] Cleaning up orphaned complication stores...
2024-03-10 17:41:12.473 Df nanotimekitcompaniond[3061:24ec] [com.apple.NanoTimeKit:Sync] Cleaning up orphaned sync directories...
2024-03-10 17:41:12.472 Df SpringBoard[2993:2688] [com.apple.UserNotifications:Settings] [com.apple.Sharing.HomePodRemoteNotifications] Getting effective section info
2024-03-10 17:41:12.482 Df SpringBoard[2993:2688] [com.apple.BulletinBoard:Connection] Getting requested effective section info (sync)
2024-03-10 17:41:12.464 Df cloudd[3053:22d9] (CFNetwork) Task <45119D8B-423A-4CE2-9B28-38E226027AEC>.<3> TAKING power assertion.
2024-03-10 17:41:12.466 Df cloudd[3053:22d9] (CFNetwork) Task <45119D8B-423A-4CE2-9B28-38E226027AEC>.<3> now using Connection 4
2024-03-10 17:41:12.470 Df cloudd[3053:22d9] (CFNetwork) Task <45119D8B-423A-4CE2-9B28-38E226027AEC>.<3> sent request, body S 723
2024-03-10 17:41:12.483 Df SpringBoard[2993:2688] [com.apple.BulletinBoard:Connection] Got effective section info [ result: 0 ]
2024-03-10 17:41:12.483 Df SpringBoard[2993:2688] [com.apple.UserNotifications:Settings] [com.apple.Sharing.HomePodRemoteNotifications] Got effective section info [ hasResult: 1 ]
2024-03-10 17:41:12.483 Df SpringBoard[2993:2688] [com.apple.UserNotifications:Settings] Getting effectiveSectionInfo for section identifier: com.apple.Sharing.HomePodRemoteNotifications
2024-03-10 17:41:12.483 Df SpringBoard[2993:2688] [com.apple.UserNotifications:Settings] [com.apple.Sharing.HomePodRemoteNotifications] Getting effective section info
2024-03-10 17:41:12.398 Df PosterBoard[3120:267f] [com.apple.UIKit:BackgroundTask] BOOL _endBackgroundTask(UIBackgroundTaskIdentifier): Ending background task with UIBackgroundTaskIdentifier: 1
2024-03-10 17:41:12.470 Df fitcored[3078:23cf] [com.apple.xpc.activity:Client] xpc_activity_set_criteria: com.apple.Seymour.Scheduling.PrivateDataNetworkActivity (0x6000033ed040): early return
2024-03-10 17:41:12.483 Df SpringBoard[2993:2688] [com.apple.BulletinBoard:Connection] Getting requested effective section info (sync)
2024-03-10 17:41:12.470 Df fitcored[3078:23cf] [com.apple.xpc.activity:Client] xpc_activity_set_criteria: com.apple.Seymour.Scheduling.PrivateDataNetworkActivity (0x6000033ed040), setting state now to 1
2024-03-10 17:41:12.484 Df SpringBoard[2993:2688] [com.apple.BulletinBoard:Connection] Got effective section info [ result: 0 ]
2024-03-10 17:41:12.485 A  runningboardd[2997:219d] (RunningBoard) invalidateAssertionWithIdentifier
2024-03-10 17:41:12.464 Df PosterBoard[3120:267f] [com.apple.UIKit:BackgroundTask] BOOL _endBackgroundTask(UIBackgroundTaskIdentifier): Ending task with identifier 1 and description: <_UIBackgroundTaskInfo: 0x60000368afc0>: taskID = 1, taskName = Launch Background Task for Coalescing, creationTime = 88 (elapsed = 1), _expireHandler: (null)
2024-03-10 17:41:12.470 Df fitcored[3078:23cf] [com.apple.xpc.activity:Client] _xpc_activity_set_state: com.apple.Seymour.Scheduling.PrivateDataNetworkActivity (0x6000033ed040), 1
2024-03-10 17:41:12.484 Df SpringBoard[2993:2688] [com.apple.UserNotifications:Settings] [com.apple.Sharing.HomePodRemoteNotifications] Got effective section info [ hasResult: 1 ]
2024-03-10 17:41:12.485 Df runningboardd[2997:219d] [com.apple.runningboard:ttl] Invalidating assertion 2997-3120-132 (target:[osservice<com.apple.PosterBoard>:3120]) from originator [osservice<com.apple.PosterBoard>:3120]
2024-03-10 17:41:12.470 Df fitcored[3078:23cf] [com.apple.xpc.activity:Client] _xpc_activity_dispose: com.apple.Seymour.Scheduling.PrivateDataNetworkActivity (0x6000033ed040) seqno: 0, (not running)
2024-03-10 17:41:12.485 E  SpringBoard[2993:2688] [com.apple.UserNotifications:DataStore] No data found at /Users/chef/Library/Developer/CoreSimulator/Devices/FA441BBB-4AC7-424C-8E75-DDA61780E4A0/data/Library/UserNotifications/A1ECCA40-1FC6-4BC6-8B9F-C09EFB521995/DeliveredNotifications.plist
2024-03-10 17:41:12.470 Df fitcored[3078:23d5] [com.apple.xpc.activity:Client] _xpc_activity_set_state: com.apple.Seymour.Scheduling.PostInstallActivity (0x6000033ed180), 0
2024-03-10 17:41:12.485 Df SpringBoard[2993:2688] [com.apple.UserNotifications:DataStore] Saving file at /Users/chef/Library/Developer/CoreSimulator/Devices/FA441BBB-4AC7-424C-8E75-DDA61780E4A0/data/Library/UserNotifications/A1ECCA40-1FC6-4BC6-8B9F-C09EFB521995/DeliveredNotifications.plist with 0 items
2024-03-10 17:41:12.487 Df cloudd[3053:22d9] (CFNetwork) Task <45119D8B-423A-4CE2-9B28-38E226027AEC>.<3> received response, status 200 content K
2024-03-10 17:41:12.486 Df SpringBoard[2993:2688] [com.apple.FileURL:default] kExcludedFromBackupXattrName set on path: /Users/chef/Library/Developer/CoreSimulator/Devices/FA441BBB-4AC7-424C-8E75-DDA61780E4A0/data/Library/UserNotifications/A1ECCA40-1FC6-4BC6-8B9F-C09EFB521995/DeliveredNotifications.plist
2024-03-10 17:41:12.487 Df cloudd[3053:22d9] (CFNetwork) Task <45119D8B-423A-4CE2-9B28-38E226027AEC>.<3> done using Connection 4
2024-03-10 17:41:12.467 Df PosterBoard[3120:267f] [com.apple.UIKit:BackgroundTask] BOOL _endBackgroundTask(UIBackgroundTaskIdentifier)_block_invoke: Decrementing reference count for assertion <BKSProcessAssertion: 0x600000080c30> (used by background task with identifier 1: <_UIBackgroundTaskInfo: 0x60000368afc0>: taskID = 1, taskName = Launch Background Task for Coalescing, creationTime = 88 (elapsed = 1))
2024-03-10 17:41:12.487 Df SpringBoard[2993:2688] [com.apple.UserNotifications:DataStore] [com.apple.ShazamNotifications] Remove all delivered notifications that are no longer valid
2024-03-10 17:41:12.487 Df SpringBoard[2993:2688] [com.apple.UserNotifications:Settings] Getting effectiveSectionInfo for section identifier: com.apple.ShazamNotifications
2024-03-10 17:41:12.487 Df SpringBoard[2993:2688] [com.apple.UserNotifications:Settings] [com.apple.ShazamNotifications] Getting effective section info
2024-03-10 17:41:12.488 Df SpringBoard[2993:2688] [com.apple.BulletinBoard:Connection] Getting requested effective section info (sync)
2024-03-10 17:41:12.489 Df SpringBoard[2993:2565] [com.apple.UserNotifications:DataProvider] [com.apple.accountnotifications] Returning 0 bulletins since Sun Mar  3 17:41:11 2024 (max 500)
2024-03-10 17:41:12.490 Df SpringBoard[2993:2565] [com.apple.UserNotifications:DataProvider] [com.apple.appleaccount.notifications] data provider loaded
2024-03-10 17:41:12.491 Df SpringBoard[2993:23ed] [com.apple.BulletinBoard:General] BBServer: Section com.apple.accountnotifications responded with 0 bulletin requests to feed 1
2024-03-10 17:41:12.492 Df SpringBoard[2993:23ed] [com.apple.BulletinBoard:SectionUpdates] Updating section com.apple.accountnotifications with 0 new bulletins
2024-03-10 17:41:12.494 Df SpringBoard[2993:23ed] [com.apple.BulletinBoard:SectionUpdates] Current bulletins in this section: 0
2024-03-10 17:41:12.491 Df SpringBoard[2993:2688] [com.apple.BulletinBoard:Connection] Got effective section info [ result: 0 ]
2024-03-10 17:41:12.494 Df SpringBoard[2993:2688] [com.apple.UserNotifications:Settings] [com.apple.ShazamNotifications] Got effective section info [ hasResult: 1 ]
2024-03-10 17:41:12.495 Df SpringBoard[2993:2535] [com.apple.BulletinBoard:BulletinDelivery] Observer for NCBulletinNotificationSource: Delivering noteBulletinsLoadedForSectionID: com.apple.accountnotifications
2024-03-10 17:41:12.488 Df cloudd[3053:22d9] [com.apple.network:connection] [C4] event: client:connection_idle @1.044s
2024-03-10 17:41:12.495 Df SpringBoard[2993:2115] [com.apple.UserNotificationsKit:Lists] Notification List [NCNotificationStructuredListViewController] notifications loaded for section com.apple.accountnotifications
2024-03-10 17:41:12.495 Df SpringBoard[2993:2115] [com.apple.UserNotificationsKit:Lists] Notification Master List [NCNotificationMasterList] notifications loaded for section com.apple.accountnotifications
2024-03-10 17:41:12.476 Df PosterBoard[3120:267f] [com.apple.UIKit:BackgroundTask] BOOL _endBackgroundTask(UIBackgroundTaskIdentifier)_block_invoke: Will invalidate assertion: <BKSProcessAssertion: 0x600000080c30> for task identifier: 1
2024-03-10 17:41:12.495 Df SpringBoard[2993:2688] [com.apple.UserNotifications:Settings] Getting effectiveSectionInfo for section identifier: com.apple.ShazamNotifications
2024-03-10 17:41:12.495 Df SpringBoard[2993:2115] [com.apple.UserNotificationsKit:Lists] History Section [NCNotificationCombinedSectionList] notifications loaded for section com.apple.accountnotifications
2024-03-10 17:41:12.488 Df cloudd[3053:2593] [com.apple.cloudkit.sim:Request] req: 8BBB1D7D-883B-4CE7-945F-FE1287671E09, "Received response UUID:8BBB1D7D-883B-4CE7-945F-FE1287671E09, status:200, responseDisposition:1"
2024-03-10 17:41:12.485 Df PosterBoard[3120:267d] [com.apple.FileURL:default] kExcludedFromBackupXattrName set on path: /Users/chef/Library/Developer/CoreSimulator/Devices/FA441BBB-4AC7-424C-8E75-DDA61780E4A0/data/Library/Application Support/PRBPosterExtensionDataStore/59/Extensions/com.apple.NanoUniverse.AegirProxyApp.AegirPoster/staticdescriptors/2E892888-C0E8-4A78-9D64-32EF6C75A6B1/versions/0/supplements/0
2024-03-10 17:41:12.495 Df SpringBoard[2993:2688] [com.apple.UserNotifications:Settings] [com.apple.ShazamNotifications] Getting effective section info
2024-03-10 17:41:12.488 Df cloudd[3053:22d9] (CFNetwork) Task <45119D8B-423A-4CE2-9B28-38E226027AEC>.<3> response ended
2024-03-10 17:41:12.495 Df SpringBoard[2993:2688] [com.apple.BulletinBoard:Connection] Getting requested effective section info (sync)
2024-03-10 17:41:12.489 Df cloudd[3053:262b] (CFNetwork) Task <45119D8B-423A-4CE2-9B28-38E226027AEC>.<3> RELEASING power assertion.
2024-03-10 17:41:12.499 Df SpringBoard[2993:2688] [com.apple.BulletinBoard:Connection] Got effective section info [ result: 0 ]
2024-03-10 17:41:12.499 Df SpringBoard[2993:2688] [com.apple.UserNotifications:Settings] [com.apple.ShazamNotifications] Got effective section info [ hasResult: 1 ]
2024-03-10 17:41:12.492 Df cloudd[3053:22d9] [com.apple.cloudkit.sim:Request] req: 8BBB1D7D-883B-4CE7-945F-FE1287671E09, "URLSession:dataTask:didReceiveData: 4889 bytes"
2024-03-10 17:41:12.500 E  SpringBoard[2993:2688] [com.apple.UserNotifications:DataStore] No data found at /Users/chef/Library/Developer/CoreSimulator/Devices/FA441BBB-4AC7-424C-8E75-DDA61780E4A0/data/Library/UserNotifications/B48C3A59-10A9-4BB3-935C-49019AD6AD9F/DeliveredNotifications.plist
2024-03-10 17:41:12.501 Df SpringBoard[2993:2688] [com.apple.UserNotifications:DataStore] Saving file at /Users/chef/Library/Developer/CoreSimulator/Devices/FA441BBB-4AC7-424C-8E75-DDA61780E4A0/data/Library/UserNotifications/B48C3A59-10A9-4BB3-935C-49019AD6AD9F/DeliveredNotifications.plist with 0 items
2024-03-10 17:41:12.498 Df cloudd[3053:2593] [com.apple.CFNetwork:Summary] Task <45119D8B-423A-4CE2-9B28-38E226027AEC>.<3> summary for task success {transaction_duration_ms=54, response_status=200, connection=4, reused=1, request_start_ms=23, request_duration_ms=3, response_start_ms=43, response_duration_ms=3, request_bytes=819, response_bytes=3357, cache_hit=false}
2024-03-10 17:41:12.505 Df SpringBoard[2993:2688] [com.apple.FileURL:default] kExcludedFromBackupXattrName set on path: /Users/chef/Library/Developer/CoreSimulator/Devices/FA441BBB-4AC7-424C-8E75-DDA61780E4A0/data/Library/UserNotifications/B48C3A59-10A9-4BB3-935C-49019AD6AD9F/DeliveredNotifications.plist
2024-03-10 17:41:12.505 Df SpringBoard[2993:2688] [com.apple.UserNotifications:DataStore] [com.apple.shortcuts.AutomationLockscreenNotifications] Remove all delivered notifications that are no longer valid
2024-03-10 17:41:12.503 Df cloudd[3053:2593] (CFNetwork) Task <45119D8B-423A-4CE2-9B28-38E226027AEC>.<3> finished successfully
2024-03-10 17:41:12.512 Df apsd[3049:21cb] [com.apple.apsd:courier] copyTokenForDomain sandbox.push.apple.com (null)
2024-03-10 17:41:12.505 Df SpringBoard[2993:2688] [com.apple.UserNotifications:Settings] Getting effectiveSectionInfo for section identifier: com.apple.shortcuts.AutomationLockscreenNotifications
2024-03-10 17:41:12.504 Df cloudd[3053:2593] [com.apple.c2:default] captureMetricsForTask=CKDQueryURLRequest requestUUID:8BBB1D7D-883B-4CE7-945F-FE1287671E09:host=gateway.icloud.com:remoteAddress=17.248.192.4:443:localAddress=10.125.35.46:49235:connectionUUID=43D4F847-A3E6-4534-9794-010102CC36D8:qualityOfService=utility:reuse=1:i=en3:tlsVersion=TLSv13:protocol=h2:requestHeaderBytes=87:requestBodyBytes=723:responseHeaderBytes=535:responseBodyBytes=2822:err=F:dnsDuration=-1.000:tcpStartDelay=-1.000:tcpDuration=-1.000:sslStartDelay=-1.000:sslDuration=-1.000:requestStartDelay=-1.000:requestDuration=0.003:responseStartDelay=0.017:responseDuration=0.003:transactionDuration=0.023:outOfProcess=F:allowCellular=T:allowExpensive=F:powerNap=F:app=com.apple.siri.embeddedspeech:2app=:pool=com.apple.cloudkit.BackgroundConnectionPool:tlsPinning=T:retryNetworkFailures=F:disc=F:duet=none:reqTimeout=300.00:resTimeout=-1.00:appleIdSessionId=:metricRequest=F
2024-03-10 17:41:12.513 A  apsd[3049:21cb] (Security) SecItemCopyMatching_ios
2024-03-10 17:41:12.505 Df SpringBoard[2993:2688] [com.apple.UserNotifications:Settings] [com.apple.shortcuts.AutomationLockscreenNotifications] Getting effective section info
2024-03-10 17:41:12.511 E  cloudd[3053:2593] [com.apple.RTCReporting:LegacyClient] RTCReporting session limit (5) exceeded
2024-03-10 17:41:12.516 Df apsd[3049:21cb] [com.apple.apsd:courier] copyTokenForDomain sandbox.push.apple.com (null)
2024-03-10 17:41:12.510 Df SpringBoard[2993:2688] [com.apple.BulletinBoard:Connection] Getting requested effective section info (sync)
2024-03-10 17:41:12.511 Df cloudd[3053:2593] [com.apple.c2:default] [<C2Session: 0x600000f8cb40> removeTask:<C2SessionTask: 0x60000199c960>] - withDescription:CKDQueryURLRequest requestUUID:8BBB1D7D-883B-4CE7-945F-FE1287671E09
2024-03-10 17:41:12.517 Df triald[3067:2296] [com.apple.triald:server] Received RolloutNotification with CKRecordID <CKRecordID: 0x600000e45340; recordName=3489ad44-85e4-4276-a1d1-f415f0199185, zoneID=_defaultZone:__defaultOwner__>
2024-03-10 17:41:12.516 A  apsd[3049:21cb] (Security) SecItemCopyMatching_ios
2024-03-10 17:41:12.515 Df SpringBoard[2993:2688] [com.apple.BulletinBoard:Connection] Got effective section info [ result: 0 ]
2024-03-10 17:41:12.502 Df PosterBoard[3120:267d] [com.apple.FileURL:default] kExcludedFromBackupXattrName set on path: /Users/chef/Library/Developer/CoreSimulator/Devices/FA441BBB-4AC7-424C-8E75-DDA61780E4A0/data/Library/Application Support/PRBPosterExtensionDataStore/59/Extensions/com.apple.NanoUniverse.AegirProxyApp.AegirPoster/staticdescriptors/2E892888-C0E8-4A78-9D64-32EF6C75A6B1/versions/0/contents
2024-03-10 17:41:12.516 Df apsd[3049:21cb] [com.apple.apsd:courier] <APSCourier 0x7fc991004660 development>: __processStoredIncomingMessageForConnection: <APSConnectionServer: 0x600001a90420>
2024-03-10 17:41:12.516 Df SpringBoard[2993:2688] [com.apple.UserNotifications:Settings] [com.apple.shortcuts.AutomationLockscreenNotifications] Got effective section info [ hasResult: 1 ]
2024-03-10 17:41:12.512 Df cloudd[3053:2593] [com.apple.cloudkit.sim:Request] req: 8BBB1D7D-883B-4CE7-945F-FE1287671E09, "URLSession:task:didCompleteWithError: (null)"
2024-03-10 17:41:12.516 Df SpringBoard[2993:2688] [com.apple.UserNotifications:Settings] Getting effectiveSectionInfo for section identifier: com.apple.shortcuts.AutomationLockscreenNotifications
2024-03-10 17:41:12.515 Df cloudd[3053:2593] [com.apple.cloudkit.sim:Request] req: 8BBB1D7D-883B-4CE7-945F-FE1287671E09, "_finishOnLifecycleQueueWithError:, asked to finish with error (null)"
2024-03-10 17:41:12.516 Df SpringBoard[2993:2688] [com.apple.UserNotifications:Settings] [com.apple.shortcuts.AutomationLockscreenNotifications] Getting effective section info
2024-03-10 17:41:12.516 Df SpringBoard[2993:2688] [com.apple.BulletinBoard:Connection] Getting requested effective section info (sync)
2024-03-10 17:41:12.518 Df SpringBoard[2993:2688] [com.apple.BulletinBoard:Connection] Got effective section info [ result: 0 ]
2024-03-10 17:41:12.516 Df cloudd[3053:2593] [com.apple.cloudkit.sim:OP] Finished operation <CKDRecordFetchAggregator: 0x7fef7171d190; qos=Utility, operationID=7C1207B1E41C67BF, operationGroupID=B5E5236127DD4183, operationGroupName=UserActionExplicit, stateFlags=executing, flags=allows-cellular, runningFor=1.683, applicationBundleIdentifierOverrideForNetworkAttribution=com.apple.siri.embeddedspeech, currentAccountID=AnonymousAccount, applicationBundleIdentifierOverrideForContainerAccess=com.apple.triald, containerID=com.apple.trial> metrics=<CKOperationMetrics: 0x600003db0a80; cloudKitMetrics=<CKMetric: 0x600000f885a0; startDate=2024-03-10 17:41:10 +0000, duration=1.683, queueing=0.001, executing=1.681, bytesUploaded=0, bytesDownloaded=0, connections=0, connectionsCreated=0, totalBytesByChunkProfile={  }, chunkCountByChunkProfile={  }, fileCountByChunkProfile={  }>>
2024-03-10 17:41:12.518 Df SpringBoard[2993:2688] [com.apple.UserNotifications:Settings] [com.apple.shortcuts.AutomationLockscreenNotifications] Got effective section info [ hasResult: 1 ]
2024-03-10 17:41:12.519 E  SpringBoard[2993:2688] [com.apple.UserNotifications:DataStore] No data found at /Users/chef/Library/Developer/CoreSimulator/Devices/FA441BBB-4AC7-424C-8E75-DDA61780E4A0/data/Library/UserNotifications/F8E1FEE9-9CAF-42D1-9CBA-A98231E80C52/DeliveredNotifications.plist
2024-03-10 17:41:12.521 Df SpringBoard[2993:2688] [com.apple.UserNotifications:DataStore] Saving file at /Users/chef/Library/Developer/CoreSimulator/Devices/FA441BBB-4AC7-424C-8E75-DDA61780E4A0/data/Library/UserNotifications/F8E1FEE9-9CAF-42D1-9CBA-A98231E80C52/DeliveredNotifications.plist with 0 items
2024-03-10 17:41:12.519 Df PosterBoard[3120:267d] [com.apple.FileURL:default] kExcludedFromBackupXattrName set on path: /Users/chef/Library/Developer/CoreSimulator/Devices/FA441BBB-4AC7-424C-8E75-DDA61780E4A0/data/Library/Application Support/PRBPosterExtensionDataStore/59/Extensions/com.apple.NanoUniverse.AegirProxyApp.AegirPoster/staticdescriptors/2E892888-C0E8-4A78-9D64-32EF6C75A6B1/versions/0/contents/.com.apple.posterkit.provider.containerURL.posterDescriptorGalleryOptions.plist
2024-03-10 17:41:12.522 Df SpringBoard[2993:2688] [com.apple.FileURL:default] kExcludedFromBackupXattrName set on path: /Users/chef/Library/Developer/CoreSimulator/Devices/FA441BBB-4AC7-424C-8E75-DDA61780E4A0/data/Library/UserNotifications/F8E1FEE9-9CAF-42D1-9CBA-A98231E80C52/DeliveredNotifications.plist
2024-03-10 17:41:12.523 Df SpringBoard[2993:2688] [com.apple.UserNotifications:DataStore] [com.apple.siri.NotificationSource] Remove all delivered notifications that are no longer valid
2024-03-10 17:41:12.523 Df SpringBoard[2993:2688] [com.apple.UserNotifications:Settings] Getting effectiveSectionInfo for section identifier: com.apple.siri.NotificationSource
2024-03-10 17:41:12.526 Df cloudd[3053:22d9] [com.apple.cloudkit.sim:OP] Finished operation <CKDQueryOperation: 0x7fef7201df40; qos=Utility, operationID=0AA067BE09F3C4A7, finishedChildOpIDs=[7C1207B1E41C67BF], requestIDs=[1E52C423-EE41-45D0-AE9B-8698D922A0E5, 0D285A2C-87C1-4A4C-AB3A-58B680FBA6F8, 8BBB1D7D-883B-4CE7-945F-FE1287671E09], operationGroupID=B5E5236127DD4183, operationGroupName=UserActionExplicit, stateFlags=executing, flags=allows-cellular, runningFor=2.12, applicationBundleIdentifierOverrideForNetworkAttribution=com.apple.siri.embeddedspeech, currentAccountID=AnonymousAccount, applicationBundleIdentifierOverrideForContainerAccess=com.apple.triald, request=<CKDQueryURLRequest: 0x7fef72131a30; UUID=8BBB1D7D-883B-4CE7-945F-FE1287671E09, stateFlags=finished, flags=foreground|allows-cellular|deny-expensive>, containerID=com.apple.trial> metrics=<CKOperationMetrics: 0x600003dba5e0; cloudKitMetrics=<CKMetric: 0x600000f80e10; startDate=2024-03-10 17:41:10 +0000, duration=2.120, queueing=1.043, executing=2.462, bytesUploaded=2009, bytesDownloaded=1211312, connections=3, connectionsCreate<decode: missing data><decode: missing data>
2024-03-10 17:41:12.523 Df SpringBoard[2993:2688] [com.apple.UserNotifications:Settings] [com.apple.siri.NotificationSource] Getting effective section info
2024-03-10 17:41:12.523 Df SpringBoard[2993:2688] [com.apple.BulletinBoard:Connection] Getting requested effective section info (sync)
2024-03-10 17:41:12.524 Df SpringBoard[2993:2688] [com.apple.BulletinBoard:Connection] Got effective section info [ result: 0 ]
2024-03-10 17:41:12.524 Df SpringBoard[2993:2688] [com.apple.UserNotifications:Settings] [com.apple.siri.NotificationSource] Got effective section info [ hasResult: 1 ]
2024-03-10 17:41:12.524 Df SpringBoard[2993:2688] [com.apple.UserNotifications:Settings] Getting effectiveSectionInfo for section identifier: com.apple.siri.NotificationSource
2024-03-10 17:41:12.525 Df SpringBoard[2993:2688] [com.apple.UserNotifications:Settings] [com.apple.siri.NotificationSource] Getting effective section info
2024-03-10 17:41:12.525 Df SpringBoard[2993:2688] [com.apple.BulletinBoard:Connection] Getting requested effective section info (sync)
2024-03-10 17:41:12.524 Df PosterBoard[3120:267d] [com.apple.FileURL:default] kExcludedFromBackupXattrName set on path: /Users/chef/Library/Developer/CoreSimulator/Devices/FA441BBB-4AC7-424C-8E75-DDA61780E4A0/data/Library/Application Support/PRBPosterExtensionDataStore/59/Extensions/com.apple.NanoUniverse.AegirProxyApp.AegirPoster/staticdescriptors/2E892888-C0E8-4A78-9D64-32EF6C75A6B1/versions/0/contents/com.apple.posterkit.provider.contents.galleryOptions
2024-03-10 17:41:12.527 Df SpringBoard[2993:2688] [com.apple.BulletinBoard:Connection] Got effective section info [ result: 0 ]
2024-03-10 17:41:12.527 Df SpringBoard[2993:2688] [com.apple.UserNotifications:Settings] [com.apple.siri.NotificationSource] Got effective section info [ hasResult: 1 ]
2024-03-10 17:41:12.528 E  SpringBoard[2993:2688] [com.apple.UserNotifications:DataStore] No data found at /Users/chef/Library/Developer/CoreSimulator/Devices/FA441BBB-4AC7-424C-8E75-DDA61780E4A0/data/Library/UserNotifications/5A70FB3C-9BEB-43F2-9DA0-DEE9A72E9B47/DeliveredNotifications.plist
2024-03-10 17:41:12.530 Df SpringBoard[2993:2688] [com.apple.UserNotifications:DataStore] Saving file at /Users/chef/Library/Developer/CoreSimulator/Devices/FA441BBB-4AC7-424C-8E75-DDA61780E4A0/data/Library/UserNotifications/5A70FB3C-9BEB-43F2-9DA0-DEE9A72E9B47/DeliveredNotifications.plist with 0 items
2024-03-10 17:41:12.530 Df triald[3067:2296] [com.apple.triald:server] Finished fetchRolloutNotifications query with 91 results cursor (null) error (null)
2024-03-10 17:41:12.533 Df SpringBoard[2993:2688] [com.apple.FileURL:default] kExcludedFromBackupXattrName set on path: /Users/chef/Library/Developer/CoreSimulator/Devices/FA441BBB-4AC7-424C-8E75-DDA61780E4A0/data/Library/UserNotifications/5A70FB3C-9BEB-43F2-9DA0-DEE9A72E9B47/DeliveredNotifications.plist
2024-03-10 17:41:12.532 A  runningboardd[2997:219d] (RunningBoard) state update
2024-03-10 17:41:12.531 A  triald[3067:2296] (Security) SecTrustEvaluateIfNecessary
2024-03-10 17:41:12.535 Df SpringBoard[2993:2688] [com.apple.UserNotifications:DataStore] [com.apple.mobilephone] Setting badge to (null) [ old badge: (null) ]
2024-03-10 17:41:12.535 Df SpringBoard[2993:2688] [com.apple.uikitservices.servicefacilities:stateService] Client "<BSProcessHandle: 0x60000115fed0; SpringBoard:2993; valid: YES>" is requesting to change the badge value of com.apple.mobilephone to (null)
2024-03-10 17:41:12.531 Df triald[3067:2296] [com.apple.securityd:keychain] System Keychain Always Supported set via feature flag to disabled
2024-03-10 17:41:12.535 Df SpringBoard[2993:2688] [com.apple.UserNotifications:DataStore] [com.apple.sosd.usernotification] Remove all delivered notifications that are no longer valid
2024-03-10 17:41:12.536 Df triald[3067:2296] [com.apple.securityd:xpc] user sessions enabled, targeting 600
2024-03-10 17:41:12.530 Df PosterBoard[3120:267d] [com.apple.FileURL:default] kExcludedFromBackupXattrName set on path: /Users/chef/Library/Developer/CoreSimulator/Devices/FA441BBB-4AC7-424C-8E75-DDA61780E4A0/data/Library/Application Support/PRBPosterExtensionDataStore/59/Extensions/com.apple.NanoUniverse.AegirProxyApp.AegirPoster/staticdescriptors/2E892888-C0E8-4A78-9D64-32EF6C75A6B1/versions/0/contents/.com.apple.posterkit.provider.contents.configurableOptions.plist
2024-03-10 17:41:12.533 A  runningboardd[2997:219d] (RunningBoard) state notification
2024-03-10 17:41:12.535 Df SpringBoard[2993:2688] [com.apple.UserNotifications:Settings] Getting effectiveSectionInfo for section identifier: com.apple.sosd.usernotification
2024-03-10 17:41:12.533 Df runningboardd[2997:25e8] [com.apple.runningboard:process] 3120 Set Darwin GPU to "deny"
2024-03-10 17:41:12.535 Df SpringBoard[2993:2688] [com.apple.UserNotifications:Settings] [com.apple.sosd.usernotification] Getting effective section info
2024-03-10 17:41:12.535 Df SpringBoard[2993:2688] [com.apple.BulletinBoard:Connection] Getting requested effective section info (sync)
2024-03-10 17:41:12.536 Df SpringBoard[2993:2115] [com.apple.uikitservices.servicefacilities:stateService] Ignored client "<BSCnx:host:com.apple.uis.applicationStateService:0x600003c80730>" request to change the badge value of com.apple.mobilephone to (null) because the server reported no data source for the application.
2024-03-10 17:41:12.533 Df runningboardd[2997:218f] [com.apple.runningboard:monitor] Calculated state for osservice<com.apple.PosterBoard>: running-active (role: NonUserInteractive)
2024-03-10 17:41:12.537 Df SpringBoard[2993:2688] [com.apple.BulletinBoard:Connection] Got effective section info [ result: 0 ]
2024-03-10 17:41:12.534 Df runningboardd[2997:219d] [com.apple.runningboard:ttl] Released power assertion with ID 32906
2024-03-10 17:41:12.537 A  SpringBoard[2993:2566] (RunningBoardServices) observedProcessStatesDidChange
2024-03-10 17:41:12.537 Df SpringBoard[2993:2688] [com.apple.UserNotifications:Settings] [com.apple.sosd.usernotification] Got effective section info [ hasResult: 1 ]
2024-03-10 17:41:12.538 Df SpringBoard[2993:2566] [com.apple.runningboard:monitor] Received state update for 3120
2024-03-10 17:41:12.542 A  mediaremoted[3001:25a8] (RunningBoardServices) observedProcessStatesDidChange
2024-03-10 17:41:12.542 Df mediaremoted[3001:25a8] [com.apple.runningboard:monitor] Received state update for 3120
2024-03-10 17:41:12.539 Df PosterBoard[3120:267d] [com.apple.FileURL:default] kExcludedFromBackupXattrName set on path: /Users/chef/Library/Developer/CoreSimulator/Devices/FA441BBB-4AC7-424C-8E75-DDA61780E4A0/data/Library/Application Support/PRBPosterExtensionDataStore/59/Extensions/com.apple.NanoUniverse.AegirProxyApp.AegirPoster/staticdescriptors/2E892888-C0E8-4A78-9D64-32EF6C75A6B1/versions/0/contents/com.apple.posterkit.provider.contents.userInfo
2024-03-10 17:41:12.539 Df SpringBoard[2993:2688] [com.apple.UserNotifications:Settings] Getting effectiveSectionInfo for section identifier: com.apple.sosd.usernotification
2024-03-10 17:41:12.550 E  voiced[3131:25f7] [com.apple.voiceserviceslogging:default] #Trial Unexpected voice factor name: com.apple.siri.tts.voice.en_US.nora.neural.premium.experiment.9999
2024-03-10 17:41:12.553 Df voiced[3131:25f7] [com.apple.voiceserviceslogging:default] #Trial Found suitable voice: Type:gryphon, Name: nora, Languages: en-US, Gender: female, Footprint: premium, Installed: 1, ContentVersion: 744, MasteredVersion: (null), downloadSize: 450245924, isBuiltIn: 0
2024-03-10 17:41:12.553 Df voiced[3131:25f7] [com.apple.voiceserviceslogging:default] Selected voice Type:gryphon, Name: nora, Languages: en-US, Gender: female, Footprint: premium, Installed: 1, ContentVersion: 744, MasteredVersion: (null), downloadSize: 450245924, isBuiltIn: 0
2024-03-10 17:41:12.541 Df SpringBoard[2993:2688] [com.apple.UserNotifications:Settings] [com.apple.sosd.usernotification] Getting effective section info
2024-03-10 17:41:12.542 Df SpringBoard[2993:2688] [com.apple.BulletinBoard:Connection] Getting requested effective section info (sync)
2024-03-10 17:41:12.550 Df SpringBoard[2993:268b] [com.apple.UserNotifications:Connections] [com.apple.reminders] Setting 13 notification categories
2024-03-10 17:41:12.550 Df SpringBoard[2993:2688] [com.apple.BulletinBoard:Connection] Got effective section info [ result: 0 ]
2024-03-10 17:41:12.555 Df trustd[3070:2275] (CFNetwork) Task <1A6FCBA0-C90A-4A8F-8BAD-A36644D79FD2>.<1> resuming, timeouts(60.0, 604800.0) QOS(0x11) Voucher <OS_voucher: 0x600003e6f390>
2024-03-10 17:41:12.555 Df trustd[3070:2275] (CFNetwork) [Telemetry]: Activity <nw_activity 12:2[28B385A4-CF83-4C6A-9BA0-AD890C94AAB8] (reporting strategy default)> on Task <1A6FCBA0-C90A-4A8F-8BAD-A36644D79FD2>.<1> was not selected for reporting
2024-03-10 17:41:12.554 Df SpringBoard[2993:2688] [com.apple.UserNotifications:Settings] [com.apple.sosd.usernotification] Got effective section info [ hasResult: 1 ]
2024-03-10 17:41:12.557 E  SpringBoard[2993:2688] [com.apple.UserNotifications:DataStore] No data found at /Users/chef/Library/Developer/CoreSimulator/Devices/FA441BBB-4AC7-424C-8E75-DDA61780E4A0/data/Library/UserNotifications/F03B99B5-B613-4192-B319-CBEF1AD3C0A4/DeliveredNotifications.plist
2024-03-10 17:41:12.557 Df SpringBoard[2993:2688] [com.apple.UserNotifications:DataStore] Saving file at /Users/chef/Library/Developer/CoreSimulator/Devices/FA441BBB-4AC7-424C-8E75-DDA61780E4A0/data/Library/UserNotifications/F03B99B5-B613-4192-B319-CBEF1AD3C0A4/DeliveredNotifications.plist with 0 items
2024-03-10 17:41:12.559 Df SpringBoard[2993:2688] [com.apple.FileURL:default] kExcludedFromBackupXattrName set on path: /Users/chef/Library/Developer/CoreSimulator/Devices/FA441BBB-4AC7-424C-8E75-DDA61780E4A0/data/Library/UserNotifications/F03B99B5-B613-4192-B319-CBEF1AD3C0A4/DeliveredNotifications.plist
2024-03-10 17:41:12.559 Df SpringBoard[2993:2688] [com.apple.UserNotifications:DataStore] [com.apple.studentd.notifications] Remove all delivered notifications that are no longer valid
2024-03-10 17:41:12.559 Df SpringBoard[2993:2688] [com.apple.UserNotifications:Settings] Getting effectiveSectionInfo for section identifier: com.apple.studentd.notifications
2024-03-10 17:41:12.559 Df SpringBoard[2993:2688] [com.apple.UserNotifications:Settings] [com.apple.studentd.notifications] Getting effective section info
2024-03-10 17:41:12.559 Df SpringBoard[2993:2688] [com.apple.BulletinBoard:Connection] Getting requested effective section info (sync)
2024-03-10 17:41:12.561 Df SpringBoard[2993:2566] [com.apple.UserNotificationsKit:Lists] NCNotificationListPersistentStateManager successfully wrote notification list persistent state to file
2024-03-10 17:41:12.563 Df SpringBoard[2993:268b] [com.apple.UserNotifications:Connections] [com.apple.reminders] Getting delivered notifications
2024-03-10 17:41:12.564 Df SpringBoard[2993:2688] [com.apple.BulletinBoard:Connection] Got effective section info [ result: 0 ]
2024-03-10 17:41:12.564 Df SpringBoard[2993:2688] [com.apple.UserNotifications:Settings] [com.apple.studentd.notifications] Got effective section info [ hasResult: 1 ]
2024-03-10 17:41:12.566 Df SpringBoard[2993:2688] [com.apple.UserNotifications:Settings] Getting effectiveSectionInfo for section identifier: com.apple.studentd.notifications
2024-03-10 17:41:12.567 Df trustd[3070:229b] [com.apple.CFNetwork:ATS] Task <1A6FCBA0-C90A-4A8F-8BAD-A36644D79FD2>.<1> {strength 0, tls 4, sub 0, sig 1, ciphers 0, bundle 1, builtin 0}
2024-03-10 17:41:12.567 Df SpringBoard[2993:2688] [com.apple.UserNotifications:Settings] [com.apple.studentd.notifications] Getting effective section info
2024-03-10 17:41:12.567 Df SpringBoard[2993:2688] [com.apple.BulletinBoard:Connection] Getting requested effective section info (sync)
2024-03-10 17:41:12.569 Df trustd[3070:229b] (CFNetwork) Connection 7: enabling TLS
2024-03-10 17:41:12.568 Df SpringBoard[2993:2688] [com.apple.BulletinBoard:Connection] Got effective section info [ result: 0 ]
2024-03-10 17:41:12.569 Df trustd[3070:229b] (CFNetwork) Connection 7: starting, TC(0x0)
2024-03-10 17:41:12.568 Df SpringBoard[2993:2688] [com.apple.UserNotifications:Settings] [com.apple.studentd.notifications] Got effective section info [ hasResult: 1 ]
2024-03-10 17:41:12.569 Df trustd[3070:229b] [com.apple.network:connection] [C7 F8B921B0-4F42-4424-BD20-E33CE963B257 ocsp2.apple.com:443 tcp, bundle id: com.apple.triald, url hash: bd205ad4, tls, definite, attribution: developer, context: com.apple.CFNetwork.NSURLSession.{D74205FF-4032-4191-A151-257B961C6A37}{(null)}{Y}{2} (private), proc: F7888FCD-4824-3D8F-BDB7-A3EFA4233111, account id: com.apple.trustd.TrustURLSession] start
2024-03-10 17:41:12.568 E  SpringBoard[2993:2688] [com.apple.UserNotifications:DataStore] No data found at /Users/chef/Library/Developer/CoreSimulator/Devices/FA441BBB-4AC7-424C-8E75-DDA61780E4A0/data/Library/UserNotifications/24F4B6B9-7A18-43CC-9391-40D0DD1E3BBC/DeliveredNotifications.plist
2024-03-10 17:41:12.568 Df SpringBoard[2993:2688] [com.apple.UserNotifications:DataStore] Saving file at /Users/chef/Library/Developer/CoreSimulator/Devices/FA441BBB-4AC7-424C-8E75-DDA61780E4A0/data/Library/UserNotifications/24F4B6B9-7A18-43CC-9391-40D0DD1E3BBC/DeliveredNotifications.plist with 0 items
2024-03-10 17:41:12.575 Df SpringBoard[2993:2688] [com.apple.FileURL:default] kExcludedFromBackupXattrName set on path: /Users/chef/Library/Developer/CoreSimulator/Devices/FA441BBB-4AC7-424C-8E75-DDA61780E4A0/data/Library/UserNotifications/24F4B6B9-7A18-43CC-9391-40D0DD1E3BBC/DeliveredNotifications.plist
2024-03-10 17:41:12.577 Df SpringBoard[2993:2688] [com.apple.UserNotifications:DataStore] [com.apple.facetime] Setting badge to (null) [ old badge: (null) ]
2024-03-10 17:41:12.569 Df trustd[3070:229b] [com.apple.network:connection] [C7 ocsp2.apple.com:443 initial parent-flow ((null))] event: path:start @0.000s
2024-03-10 17:41:12.578 Df SpringBoard[2993:2688] [com.apple.uikitservices.servicefacilities:stateService] Client "<BSProcessHandle: 0x60000115fed0; SpringBoard:2993; valid: YES>" is requesting to change the badge value of com.apple.facetime to (null)
2024-03-10 17:41:12.571 Df trustd[3070:229b] [com.apple.network:connection] [C7 ocsp2.apple.com:443 waiting parent-flow (satisfied (Path is satisfied), interface: en3)] event: path:satisfied @0.001s, uuid: E60DA43D-9FAD-4572-8D5B-13D92E187047
2024-03-10 17:41:12.579 Df SpringBoard[2993:2115] [com.apple.uikitservices.servicefacilities:stateService] Ignored client "<BSCnx:host:com.apple.uis.applicationStateService:0x600003f67700>" request to change the badge value of com.apple.facetime to (null) because the server reported no data source for the application.
2024-03-10 17:41:12.577 Df PosterBoard[3120:267d] [com.apple.FileURL:default] kExcludedFromBackupXattrName set on path: /Users/chef/Library/Developer/CoreSimulator/Devices/FA441BBB-4AC7-424C-8E75-DDA61780E4A0/data/Library/Application Support/PRBPosterExtensionDataStore/59/Extensions/com.apple.NanoUniverse.AegirProxyApp.AegirPoster/staticdescriptors/87AFAEB1-EBD7-474D-9FC0-33C7EC7E18AD/versions/0
2024-03-10 17:41:12.579 Df SpringBoard[2993:2688] [com.apple.UserNotifications:DataStore] [com.apple.MobileSMS] Remove all delivered notifications that are no longer valid
2024-03-10 17:41:12.579 E  trustd[3070:229b] [com.apple.network:] -[NWOSURLEndpoint initWithURL:] failed to get scheme from <private>
2024-03-10 17:41:12.580 Df SpringBoard[2993:2688] [com.apple.UserNotifications:Settings] Getting effectiveSectionInfo for section identifier: com.apple.MobileSMS
2024-03-10 17:41:12.579 E  trustd[3070:229b] [com.apple.network:] __nwlog_err_simulate_crash simulate crash already simulated "nw_proxy_config_create_pac_url called with null pac_url"
2024-03-10 17:41:12.580 Df SpringBoard[2993:2688] [com.apple.UserNotifications:Settings] [com.apple.MobileSMS] Getting effective section info
2024-03-10 17:41:12.580 E  trustd[3070:229b] [com.apple.network:] nw_proxy_config_create_pac_url called with null pac_url, dumping backtrace:
        [x86_64] libnetcore-3013.60.42
    0   Network                             0x00007ff805a3a7e7 __nw_create_backtrace_string + 135
    1   Network                             0x00007ff80598c7c3 nw_proxy_config_create_pac_url + 963
    2   Network                             0x00007ff8059927d3 __nw_proxy_configs_create_with_schema_array_block_invoke + 243
    3   libxpc.dylib                        0x00007ff80007e9cb xpc_array_apply + 62
    4   Network                             0x00007ff8059922a1 nw_proxy_configs_create_with_schema_array + 145
    5   Network                             0x00007ff805c8e7ae __nw_path_copy_proxy_configs_block_invoke_2 + 62
    6   libxpc.dylib                        0x00007ff80007e9cb xpc_array_apply + 62
    7   Network                             0x00007ff805c8e726 __nw_path_copy_proxy_configs_block_invoke + 182
    8   Network                             0x00007ff805c8e377 nw_path_copy_proxy_configs + 231
    9   Network <>
2024-03-10 17:41:12.582 Df SpringBoard[2993:2688] [com.apple.BulletinBoard:Connection] Getting requested effective section info (sync)
2024-03-10 17:41:12.580 Df trustd[3070:229b] [com.apple.network:connection] [C7 ocsp2.apple.com:443 in_progress parent-flow (satisfied (Path is satisfied), interface: en3, proxy)] event: flow:start_child @0.011s
2024-03-10 17:41:12.583 Df SpringBoard[2993:2688] [com.apple.BulletinBoard:Connection] Got effective section info [ result: 0 ]
2024-03-10 17:41:12.581 Df trustd[3070:229b] [com.apple.network:connection] nw_connection_report_state_with_handler_on_nw_queue [C7] reporting state preparing
2024-03-10 17:41:12.584 Df SpringBoard[2993:2688] [com.apple.UserNotifications:Settings] [com.apple.MobileSMS] Got effective section info [ hasResult: 1 ]
2024-03-10 17:41:12.584 Df SpringBoard[2993:2688] [com.apple.UserNotifications:Settings] Getting effectiveSectionInfo for section identifier: com.apple.MobileSMS
2024-03-10 17:41:12.585 Df SpringBoard[2993:2688] [com.apple.UserNotifications:Settings] [com.apple.MobileSMS] Getting effective section info
2024-03-10 17:41:12.584 Df trustd[3070:229b] [com.apple.network:connection] [C7.1 ocsp2.apple.com:443 initial path ((null))] event: path:start @0.015s
2024-03-10 17:41:12.585 Df PosterBoard[3120:267d] [com.apple.FileURL:default] kExcludedFromBackupXattrName set on path: /Users/chef/Library/Developer/CoreSimulator/Devices/FA441BBB-4AC7-424C-8E75-DDA61780E4A0/data/Library/Application Support/PRBPosterExtensionDataStore/59/Extensions/com.apple.NanoUniverse.AegirProxyApp.AegirPoster/staticdescriptors/87AFAEB1-EBD7-474D-9FC0-33C7EC7E18AD/versions/0/supplements
2024-03-10 17:41:12.586 Df SpringBoard[2993:2688] [com.apple.BulletinBoard:Connection] Getting requested effective section info (sync)
2024-03-10 17:41:12.585 Df trustd[3070:229b] [com.apple.network:connection] [C7.1 ocsp2.apple.com:443 waiting path (satisfied (Path is satisfied), interface: en3, proxy)] event: path:satisfied @0.016s, uuid: E60DA43D-9FAD-4572-8D5B-13D92E187047
2024-03-10 17:41:12.592 Df SpringBoard[2993:2688] [com.apple.BulletinBoard:Connection] Got effective section info [ result: 0 ]
2024-03-10 17:41:12.591 E  trustd[3070:229b] [com.apple.network:] -[NWOSURLEndpoint initWithURL:] failed to get scheme from <private>
2024-03-10 17:41:12.592 Df SpringBoard[2993:2688] [com.apple.UserNotifications:Settings] [com.apple.MobileSMS] Got effective section info [ hasResult: 1 ]
2024-03-10 17:41:12.591 E  trustd[3070:229b] [com.apple.network:] __nwlog_err_simulate_crash simulate crash already simulated "nw_proxy_config_create_pac_url called with null pac_url"
2024-03-10 17:41:12.592 E  SpringBoard[2993:2688] [com.apple.UserNotifications:DataStore] No data found at /Users/chef/Library/Developer/CoreSimulator/Devices/FA441BBB-4AC7-424C-8E75-DDA61780E4A0/data/Library/UserNotifications/F7B2928F-686A-4AC0-96DC-ABF8581A1DB6/DeliveredNotifications.plist
2024-03-10 17:41:12.594 Df nanotimekitcompaniond[3061:24db] [com.apple.xpc.activity:Client] xpc_activity_set_criteria: com.apple.nanotimekit.facesupport.dailyQuery (0x600002db8aa0), setting state now to 0
2024-03-10 17:41:12.592 E  trustd[3070:229b] [com.apple.network:] nw_proxy_config_create_pac_url called with null pac_url, dumping backtrace:
        [x86_64] libnetcore-3013.60.42
    0   Network                             0x00007ff805a3a7e7 __nw_create_backtrace_string + 135
    1   Network                             0x00007ff80598c7c3 nw_proxy_config_create_pac_url + 963
    2   Network                             0x00007ff8059927d3 __nw_proxy_configs_create_with_schema_array_block_invoke + 243
    3   libxpc.dylib                        0x00007ff80007e9cb xpc_array_apply + 62
    4   Network                             0x00007ff8059922a1 nw_proxy_configs_create_with_schema_array + 145
    5   Network                             0x00007ff805c8e7ae __nw_path_copy_proxy_configs_block_invoke_2 + 62
    6   libxpc.dylib                        0x00007ff80007e9cb xpc_array_apply + 62
    7   Network                             0x00007ff805c8e726 __nw_path_copy_proxy_configs_block_invoke + 182
    8   Network                             0x00007ff805c8e377 nw_path_copy_proxy_configs + 231
    9   Network <>
2024-03-10 17:41:12.592 Df SpringBoard[2993:2688] [com.apple.UserNotifications:DataStore] Saving file at /Users/chef/Library/Developer/CoreSimulator/Devices/FA441BBB-4AC7-424C-8E75-DDA61780E4A0/data/Library/UserNotifications/F7B2928F-686A-4AC0-96DC-ABF8581A1DB6/DeliveredNotifications.plist with 0 items
2024-03-10 17:41:12.595 Df nanotimekitcompaniond[3061:24db] [com.apple.xpc.activity:Client] _xpc_activity_set_state: com.apple.nanotimekit.facesupport.dailyQuery (0x600002db8aa0), 0
