2024-03-10 17:29:38.240 Df SpringBoard[2887:245e] [com.apple.BulletinBoard:General] BBDataProvider: Data provider <com.apple.ClassKitProgressNotifications> is missing sort descriptors -- section will not be sorted!
2024-03-10 17:29:38.239 Df SpringBoard[2887:259d] [com.apple.UserNotifications:Settings] Getting effectiveSectionInfo for section identifier: com.apple.accountnotifications
2024-03-10 17:29:38.239 E  SpringBoard[2887:2598] [com.apple.BaseBoard:Common]  **** failed to open fd at tempPath=/Users/chef/Library/Developer/CoreSimulator/Devices/FA441BBB-4AC7-424C-8E75-DDA61780E4A0/data/tmp/sectionInfoIcon.AccountNotification./Volumes/Xcode/Xcode_14.2.app/Contents/Developer/Platforms/iPhoneOS.platform/Library/Developer/CoreSimulator/Profiles/Runtimes/iOS.simruntime/Contents/Resources/RuntimeRoot/System/Library/UserNotifications/Bundles/com.apple.accountnotifications.bundle.(null).(null).17.cpbitmap.gLO66E
2024-03-10 17:29:38.239 E  SpringBoard[2887:2327] [com.apple.UserNotifications:DataStore] No data found at /Users/chef/Library/Developer/CoreSimulator/Devices/FA441BBB-4AC7-424C-8E75-DDA61780E4A0/data/Library/UserNotifications/0AAAE696-9854-4F85-B364-77A8F9148266/Schedule.plist
2024-03-10 17:29:38.240 Df SpringBoard[2887:2596] [com.apple.BulletinBoard:Connection] BBDataProviderProxy setting server proxy: <_NSXPCDistantObject: 0x60000187d630>
2024-03-10 17:29:38.240 Df SpringBoard[2887:2593] [com.apple.BulletinBoard:Connection] BBDataProviderManager adding data provider <BBRemoteDataProvider 0x600001870af0; com.apple.askpermission.notifications> to BBServer
2024-03-10 17:29:38.241 Df SpringBoard[2887:2327] [com.apple.UserNotifications:LocalNotifications] [com.apple.facetime] Load last local notification fire date: (null)
2024-03-10 17:29:38.244 E  cfprefsd[2925:209b] [com.apple.defaults:cfprefsd] Couldn't open parent path due to [2: No such file or directory]
2024-03-10 17:29:38.241 Df SpringBoard[2887:22ff] [com.apple.BulletinBoard:Connection] com.apple.usernotificationsserver.DefaultDataProviderFactory updating data provider proxy for section com.apple.ClassKitProgressNotifications
2024-03-10 17:29:38.242 Df SpringBoard[2887:2596] [com.apple.UserNotifications:DataProviderFactory] [com.apple.appleaccount.notifications] Did create default data provider
2024-03-10 17:29:38.242 Df SpringBoard[2887:245f] [com.apple.BulletinBoard:Connection] BBDataProviderProxy resuming proxy queue
2024-03-10 17:29:38.244 E  SpringBoard[2887:2593] [com.apple.BulletinBoard:Settings] Encountered error obtaining application record for section com.apple.askpermission.notifications: The operation couldnâ€™t be completed. (OSStatus error -10814.)
2024-03-10 17:29:38.243 Df SpringBoard[2887:22ff] [com.apple.BulletinBoard:Connection] com.apple.usernotificationsserver.DefaultDataProviderFactory adding new data provider proxy for section com.apple.ClassKitProgressNotifications
2024-03-10 17:29:38.243 Df SpringBoard[2887:2327] [com.apple.UserNotifications:LocalNotifications] [com.apple.facetime] Find next notification with current trigger date after last fire date 0001-01-01 00:00:00.000 +0000
2024-03-10 17:29:38.248 Df SpringBoard[2887:2057] [com.apple.UserNotificationsKit:Lists] Destination CSCombinedListViewController updating notification section settings for section com.apple.appleaccount.notifications
2024-03-10 17:29:38.246 Df com.apple.siri.embeddedspeech[3007:2474] [com.apple.trial:_] Acquired managed-directory lock: /Users/chef/Library/Developer/CoreSimulator/Devices/FA441BBB-4AC7-424C-8E75-DDA61780E4A0/data/Library/Trial/NamespaceDescriptors/v2/factorPackSets/46b3ffca-bc33-4122-8770-30eb34637dd5
2024-03-10 17:29:38.248 Df com.apple.siri.embeddedspeech[3007:2474] [com.apple.trial:_] Unable to resolve candidate path based on calling process entitlement; falling back on naive access() check.
2024-03-10 17:29:38.252 Df voiced[3023:2502] [com.apple.voiceserviceslogging:default] client 'com.apple.AssistantServices' and accessory '' set auto download voice assets:(
    "en-US:nora:undefined:unknown"
)
2024-03-10 17:29:38.249 Df com.apple.siri.embeddedspeech[3007:2474] [com.apple.trial:_] Acquired managed-directory lock: /Users/chef/Library/Developer/CoreSimulator/Devices/FA441BBB-4AC7-424C-8E75-DDA61780E4A0/data/Library/Trial/NamespaceDescriptors/v2/factorPackSets/46b3ffca-bc33-4122-8770-30eb34637dd5/legacyNamespaceFactorPacks/SIRI_UNDERSTANDING_ASR_ASSISTANT
2024-03-10 17:29:38.253 Df voiced[3023:2502] [com.apple.trial:_] Initializing TRIClient. Trial version: TrialXP_Sim-347.3.11
2024-03-10 17:29:38.230 Df cloudd[2938:258f] [com.apple.network:connection] [C3 gateway.icloud.com:443 initial parent-flow ((null))] event: path:start @0.000s
2024-03-10 17:29:38.246 Df SpringBoard[2887:2593] [com.apple.BulletinBoard:Settings] Section settings for data provider com.apple.askpermission.notifications: <BBSectionInfo: 0x600000f7a890> Section com.apple.askpermission.notifications <BBSectionInfoSettings: 0x600000a44990> Section settings: authorized = Authorized, authorization expiration date = (null), last user granted authorization date = (null), mute configuartion = (null), notification center = YES, lock screen = YES, scheduled delivery = NO, time sensitive = YES, user configured time sensitive = NO, announce setting = Disabled, shows on external devices = YES, shows custom settings = NO, content preview setting = Default Setting, Alert style = Banner, Push settings = [s:BSA] [e:BSA], grouping = Default (unmanaged) 'Family', hidden from settings
2024-03-10 17:29:38.254 Df voiced[3023:2502] [com.apple.trial:_] TRIStandardPaths 0x600000e22be0 (no container): using Trial root dir /Users/chef/Library/Developer/CoreSimulator/Devices/FA441BBB-4AC7-424C-8E75-DDA61780E4A0/data/Library/Trial
2024-03-10 17:29:38.235 Df cloudd[2938:258f] [com.apple.network:connection] [C3 gateway.icloud.com:443 waiting parent-flow (satisfied (Path is satisfied), interface: en3)] event: path:satisfied @0.005s, uuid: 61ECEDDD-11D4-4D1E-916D-6134F39B09DD
2024-03-10 17:29:38.255 Df voiced[3023:2502] [com.apple.trial:_] Finished lazy initialization of TRIClient
2024-03-10 17:29:38.249 Df SpringBoard[2887:2057] [com.apple.UserNotificationsKit:Lists] Notification List [NCNotificationStructuredListViewController] updating notification section settings for section com.apple.appleaccount.notifications
2024-03-10 17:29:38.256 Df voiced[3023:2502] [com.apple.trial:_] adding update handler 0 for namespace SIRI_TEXT_TO_SPEECH
2024-03-10 17:29:38.235 Df cloudd[2938:258f] [com.apple.network:connection] [C3 gateway.icloud.com:443 in_progress parent-flow (satisfied (Path is satisfied), interface: en3)] event: flow:start_child @0.006s
2024-03-10 17:29:38.249 Df SpringBoard[2887:2057] [com.apple.SpringBoard:CoverSheet] Ignoring redundant update for <CSCombinedListViewController: 0x7fbe42846200> because there is no content
2024-03-10 17:29:38.235 Df cloudd[2938:258f] [com.apple.network:connection] nw_connection_report_state_with_handler_on_nw_queue [C3] reporting state preparing
2024-03-10 17:29:38.250 Df SpringBoard[2887:2057] [com.apple.SpringBoard:CoverSheet] Ignoring redundant update for <CSCombinedListViewController: 0x7fbe42846200> because there is no content
2024-03-10 17:29:38.250 Df SpringBoard[2887:2057] [com.apple.SpringBoard:CoverSheet] Ignoring redundant update for <CSCombinedListViewController: 0x7fbe42846200> because there is no content
2024-03-10 17:29:38.250 E  SpringBoard[2887:22ff] [com.apple.BaseBoard:Common]  **** failed to open fd at tempPath=/Users/chef/Library/Developer/CoreSimulator/Devices/FA441BBB-4AC7-424C-8E75-DDA61780E4A0/data/tmp/sectionInfoIcon.DefaultIcon./Volumes/Xcode/Xcode_14.2.app/Contents/Developer/Platforms/iPhoneOS.platform/Library/Developer/CoreSimulator/Profiles/Runtimes/iOS.simruntime/Contents/Resources/RuntimeRoot/System/Library/UserNotifications/Bundles/com.apple.appleaccount.notifications.bundle.(null).(null).17.cpbitmap.dV9Jpq
2024-03-10 17:29:38.245 Df SpringBoard[2887:2596] [com.apple.UserNotifications:DataProviderFactory] [com.apple.appleaccount.notifications] Purging invalid notification records
2024-03-10 17:29:38.240 Df cloudd[2938:258f] [com.apple.network:connection] [C3.1 gateway.icloud.com:443 initial path ((null))] event: path:start @0.010s
2024-03-10 17:29:38.248 Df SpringBoard[2887:2327] [com.apple.UserNotifications:LocalNotifications] [com.apple.facetime] No upcoming local notifications
2024-03-10 17:29:38.240 Df SpringBoard[2887:259d] [com.apple.UserNotifications:Settings] [com.apple.accountnotifications] Getting effective section info
2024-03-10 17:29:38.240 E  SpringBoard[2887:245e] [com.apple.UserNotifications:DataStore] No data found at /Users/chef/Library/Developer/CoreSimulator/Devices/FA441BBB-4AC7-424C-8E75-DDA61780E4A0/data/Library/UserNotifications/5D85810D-461C-4989-B4B8-EFE58B2F692F/Categories.plist
2024-03-10 17:29:38.255 Df cloudd[2938:258f] [com.apple.network:connection] [C3.1 gateway.icloud.com:443 waiting path (satisfied (Path is satisfied), interface: en3)] event: path:satisfied @0.025s, uuid: 61ECEDDD-11D4-4D1E-916D-6134F39B09DD
2024-03-10 17:29:38.262 Df triald[2953:219c] [com.apple.triald:server] Connection to com.apple.triald.namespace-management from com.apple.siri.embeddedspeech (3007) was invalidated.
2024-03-10 17:29:38.262 Df SpringBoard[2887:259d] [com.apple.BulletinBoard:Connection] Getting requested effective section info (sync)
2024-03-10 17:29:38.256 Df cloudd[2938:258f] [com.apple.network:connection] [C3.1 gateway.icloud.com:443 in_progress transform (satisfied (Path is satisfied), interface: en3)] event: transform:start @0.027s
2024-03-10 17:29:38.263 E  SpringBoard[2887:245e] [com.apple.UserNotifications:DataStore] No data found at /Users/chef/Library/Developer/CoreSimulator/Devices/FA441BBB-4AC7-424C-8E75-DDA61780E4A0/data/Library/UserNotifications/5D85810D-461C-4989-B4B8-EFE58B2F692F/Topics.plist
2024-03-10 17:29:38.261 Df SpringBoard[2887:2327] [com.apple.UserNotifications:LocalNotifications] [com.apple.facetime] Update regions for 0 pending notifications
2024-03-10 17:29:38.265 Df SpringBoard[2887:245e] [com.apple.BulletinBoard:General] BBDataProvider: Data provider <com.apple.cmas> is missing sort descriptors -- section will not be sorted!
2024-03-10 17:29:38.266 E  SpringBoard[2887:2327] [com.apple.UserNotifications:DataStore] No data found at /Users/chef/Library/Developer/CoreSimulator/Devices/FA441BBB-4AC7-424C-8E75-DDA61780E4A0/data/Library/UserNotifications/F7B2928F-686A-4AC0-96DC-ABF8581A1DB6/PendingNotifications.plist
2024-03-10 17:29:38.264 Df cloudd[2938:258f] [com.apple.network:connection] [C3.1.1 gateway.icloud.com:443 initial path ((null))] event: path:start @0.035s
2024-03-10 17:29:38.254 E  SpringBoard[2887:2597] [com.apple.UserNotificationsKit:Icons] Notification icon is smaller than expanded size of 40.000000: icon in bundle /Volumes/Xcode/Xcode_14.2.app/Contents/Developer/Platforms/iPhoneOS.platform/Library/Developer/CoreSimulator/Profiles/Runtimes/iOS.simruntime/Contents/Resources/RuntimeRoot/System/Library/UserNotifications/Bundles/com.apple.askpermission.notifications.bundle
2024-03-10 17:29:38.249 Df SpringBoard[2887:2593] [com.apple.BulletinBoard:General] BBServer: Update bulletins in section com.apple.askpermission.notifications for feed 1
2024-03-10 17:29:38.270 Df SpringBoard[2887:2057] [com.apple.UserNotificationsKit:Lists] Destination CSCombinedListViewController updating notification section settings for section com.apple.askpermission.notifications
2024-03-10 17:29:38.271 Df SpringBoard[2887:2057] [com.apple.UserNotificationsKit:Lists] Notification List [NCNotificationStructuredListViewController] updating notification section settings for section com.apple.askpermission.notifications
2024-03-10 17:29:38.271 Df SpringBoard[2887:2057] [com.apple.SpringBoard:CoverSheet] Ignoring redundant update for <CSCombinedListViewController: 0x7fbe42846200> because there is no content
2024-03-10 17:29:38.272 Df SpringBoard[2887:2057] [com.apple.SpringBoard:CoverSheet] Ignoring redundant update for <CSCombinedListViewController: 0x7fbe42846200> because there is no content
2024-03-10 17:29:38.276 Df voiced[3023:2502] [com.apple.voiceserviceslogging:event] #Trial Cancelling voice downloads: (
)
2024-03-10 17:29:38.264 Df cloudd[2938:258f] [com.apple.network:connection] [C3.1.1 gateway.icloud.com:443 waiting path (satisfied (Path is satisfied), interface: en3)] event: path:satisfied @0.035s, uuid: 3C6068ED-6E82-4DF0-B796-918F7346512E
2024-03-10 17:29:38.272 Df SpringBoard[2887:2057] [com.apple.SpringBoard:CoverSheet] Ignoring redundant update for <CSCombinedListViewController: 0x7fbe42846200> because there is no content
2024-03-10 17:29:38.275 E  cloudd[2938:258f] [com.apple.network:] -[NWOSURLEndpoint initWithURL:] failed to get scheme from <private>
2024-03-10 17:29:38.268 Df SpringBoard[2887:259c] [com.apple.BulletinBoard:Connection] com.apple.usernotificationsserver.DefaultDataProviderFactory updating data provider proxy for section com.apple.cmas
2024-03-10 17:29:38.279 E  cloudd[2938:258f] [com.apple.network:] __nwlog_err_simulate_crash simulate crash already simulated "nw_proxy_config_create_pac_url called with null pac_url"
2024-03-10 17:29:38.267 Df SpringBoard[2887:2327] [com.apple.UserNotifications:LocalNotifications] [com.apple.MobileSMS] Load 0 pending notification dictionaries
2024-03-10 17:29:38.269 Df SpringBoard[2887:2593] [com.apple.BulletinBoard:Connection] BBDataProviderManager adding data provider <BBRemoteDataProvider 0x600001875b30; com.apple.barcodesupport.nfc> to BBServer
2024-03-10 17:29:38.267 E  SpringBoard[2887:245e] [com.apple.UserNotifications:DataStore] No data found at /Users/chef/Library/Developer/CoreSimulator/Devices/FA441BBB-4AC7-424C-8E75-DDA61780E4A0/data/Library/UserNotifications/64076AAD-5AB4-4C61-818D-21A31E0E5BAA/Categories.plist
2024-03-10 17:29:38.266 Df SpringBoard[2887:22ff] [com.apple.UserNotifications:RemoteNotifications] [com.apple.facetime] Update enabled user notifications for remote notifications: YES
2024-03-10 17:29:38.266 A  SpringBoard[2887:2596] (CoreLocation) CL: CLLocationManager
2024-03-10 17:29:38.275 Df SpringBoard[2887:22ff] [com.apple.UserNotifications:RemoteNotifications] [com.apple.facetime] Enable user notifications for remote notifications
2024-03-10 17:29:38.282 E  cloudd[2938:258f] [com.apple.network:] nw_proxy_config_create_pac_url called with null pac_url, dumping backtrace:
        [x86_64] libnetcore-3013.60.42
    0   Network                             0x00007ff805a3a7e7 __nw_create_backtrace_string + 135
    1   Network                             0x00007ff80598c7c3 nw_proxy_config_create_pac_url + 963
    2   Network                             0x00007ff8059927d3 __nw_proxy_configs_create_with_schema_array_block_invoke + 243
    3   libxpc.dylib                        0x00007ff80007e9cb xpc_array_apply + 62
    4   Network                             0x00007ff8059922a1 nw_proxy_configs_create_with_schema_array + 145
    5   Network                             0x00007ff805c8e7ae __nw_path_copy_proxy_configs_block_invoke_2 + 62
    6   libxpc.dylib                        0x00007ff80007e9cb xpc_array_apply + 62
    7   Network                             0x00007ff805c8e726 __nw_path_copy_proxy_configs_block_invoke + 182
    8   Network                             0x00007ff805c8e377 nw_path_copy_proxy_configs + 231
    9   Network <â€¦>
2024-03-10 17:29:38.275 E  SpringBoard[2887:245e] [com.apple.UserNotifications:DataStore] No data found at /Users/chef/Library/Developer/CoreSimulator/Devices/FA441BBB-4AC7-424C-8E75-DDA61780E4A0/data/Library/UserNotifications/64076AAD-5AB4-4C61-818D-21A31E0E5BAA/Topics.plist
2024-03-10 17:29:38.275 E  SpringBoard[2887:2327] [com.apple.UserNotifications:DataStore] No data found at /Users/chef/Library/Developer/CoreSimulator/Devices/FA441BBB-4AC7-424C-8E75-DDA61780E4A0/data/Library/UserNotifications/F7B2928F-686A-4AC0-96DC-ABF8581A1DB6/Schedule.plist
2024-03-10 17:29:38.274 Df SpringBoard[2887:259c] [com.apple.BulletinBoard:Connection] com.apple.usernotificationsserver.DefaultDataProviderFactory adding new data provider proxy for section com.apple.cmas
2024-03-10 17:29:38.282 Df cloudd[2938:258f] [com.apple.network:connection] [C3.1.1 gateway.icloud.com:443 in_progress resolver (satisfied (Path is satisfied), interface: en3, proxy)] event: resolver:start_dns @0.053s
2024-03-10 17:29:38.283 Df cloudd[2938:258f] (CFNetwork) Task <7207EFFC-74F1-4FC4-B845-49DCDCEC1720>.<1> setting up Connection 3
2024-03-10 17:29:38.270 Df SpringBoard[2887:2598] [com.apple.BulletinBoard:Connection] BBDataProviderProxy setting server proxy: <_NSXPCDistantObject: 0x600001878140>
2024-03-10 17:29:38.281 Df SpringBoard[2887:2327] [com.apple.UserNotifications:LocalNotifications] [com.apple.MobileSMS] Load last local notification fire date: (null)
2024-03-10 17:29:38.281 Df SpringBoard[2887:245e] [com.apple.BulletinBoard:General] BBDataProvider: Data provider <com.apple.coreaudio.adam.hae> is missing sort descriptors -- section will not be sorted!
2024-03-10 17:29:38.280 Df SpringBoard[2887:22ff] [com.apple.UserNotifications:LocalNotifications] [com.apple.facetime] Enabled visible user notifications for remote notifications
2024-03-10 17:29:38.282 Df SpringBoard[2887:2598] [com.apple.UserNotifications:DataProviderFactory] [com.apple.askpermission.notifications] Did create default data provider
2024-03-10 17:29:38.283 E  SpringBoard[2887:245e] [com.apple.UserNotifications:DataStore] No data found at /Users/chef/Library/Developer/CoreSimulator/Devices/FA441BBB-4AC7-424C-8E75-DDA61780E4A0/data/Library/UserNotifications/0A45AB50-DCB4-42F5-BB9F-A56C9368112A/Categories.plist
2024-03-10 17:29:38.282 Df SpringBoard[2887:2327] [com.apple.UserNotifications:LocalNotifications] [com.apple.MobileSMS] Update timers for 0 pending notifications (monitoring: 0)
2024-03-10 17:29:38.282 Df SpringBoard[2887:2597] [com.apple.BulletinBoard:Connection] BBDataProviderProxy resuming proxy queue
2024-03-10 17:29:38.284 Df SpringBoard[2887:2598] [com.apple.UserNotifications:DataProviderFactory] [com.apple.askpermission.notifications] Purging invalid notification records
2024-03-10 17:29:38.283 Df SpringBoard[2887:259f] [com.apple.BulletinBoard:Connection] com.apple.usernotificationsserver.DefaultDataProviderFactory updating data provider proxy for section com.apple.coreaudio.adam.hae
2024-03-10 17:29:38.284 Df SpringBoard[2887:2327] [com.apple.UserNotifications:LocalNotifications] [com.apple.MobileSMS] Invalidate persistent timer
2024-03-10 17:29:38.276 E  SpringBoard[2887:2593] [com.apple.BulletinBoard:Settings] Encountered error obtaining application record for section com.apple.barcodesupport.nfc: The operation couldnâ€™t be completed. (OSStatus error -10814.)
2024-03-10 17:29:38.275 Df SpringBoard[2887:2596] [com.apple.locationd.Core:Client] {"msg":"CLLocationManager", "event":activity, "_cmd":monitoredRegions, "self":"0x600003a7ab20"}
2024-03-10 17:29:38.289 E  SpringBoard[2887:2327] [com.apple.UserNotifications:DataStore] No data found at /Users/chef/Library/Developer/CoreSimulator/Devices/FA441BBB-4AC7-424C-8E75-DDA61780E4A0/data/Library/UserNotifications/F7B2928F-686A-4AC0-96DC-ABF8581A1DB6/Schedule.plist
2024-03-10 17:29:38.285 Df cloudd[2938:258f] [com.apple.network:connection] nw_endpoint_resolver_update [C3.1.1 gateway.icloud.com:443 in_progress resolver (satisfied (Path is satisfied), interface: en3, proxy)] Adding endpoint handler for 17.248.192.2:443
2024-03-10 17:29:38.289 Df SpringBoard[2887:259c] [com.apple.BulletinBoard:Connection] com.apple.usernotificationsserver.DefaultDataProviderFactory adding new data provider proxy for section com.apple.coreaudio.adam.hae
2024-03-10 17:29:38.283 Df SpringBoard[2887:22ff] [com.apple.UserNotifications:RemoteNotifications] Calcualate topics because user notification settings authorization changed
2024-03-10 17:29:38.293 Df SpringBoard[2887:2327] [com.apple.UserNotifications:LocalNotifications] [com.apple.MobileSMS] Load last local notification fire date: (null)
2024-03-10 17:29:38.286 Df cloudd[2938:258f] [com.apple.network:connection] nw_endpoint_resolver_update [C3.1.1 gateway.icloud.com:443 in_progress resolver (satisfied (Path is satisfied), interface: en3, proxy)] Adding endpoint handler for 17.248.192.1:443
2024-03-10 17:29:38.294 Df SpringBoard[2887:2327] [com.apple.UserNotifications:LocalNotifications] [com.apple.MobileSMS] Find next notification with current trigger date after last fire date 0001-01-01 00:00:00.000 +0000
2024-03-10 17:29:38.284 E  SpringBoard[2887:245e] [com.apple.UserNotifications:DataStore] No data found at /Users/chef/Library/Developer/CoreSimulator/Devices/FA441BBB-4AC7-424C-8E75-DDA61780E4A0/data/Library/UserNotifications/0A45AB50-DCB4-42F5-BB9F-A56C9368112A/Topics.plist
2024-03-10 17:29:38.291 Df SpringBoard[2887:2593] [com.apple.BulletinBoard:Settings] Section settings for data provider com.apple.barcodesupport.nfc: <BBSectionInfo: 0x600000f40370> Section com.apple.barcodesupport.nfc <BBSectionInfoSettings: 0x600000a4b330> Section settings: authorized = Authorized, authorization expiration date = (null), last user granted authorization date = (null), mute configuartion = (null), notification center = YES, lock screen = YES, scheduled delivery = NO, announce setting = Disabled, shows on external devices = YES, shows custom settings = NO, content preview setting = Always show, Alert style = Banner, Push settings = [s:-SA] [e:-SA], grouping = Default (unmanaged), hidden from settings
2024-03-10 17:29:38.295 Df SpringBoard[2887:2327] [com.apple.UserNotifications:LocalNotifications] [com.apple.MobileSMS] No upcoming local notifications
2024-03-10 17:29:38.295 Df SpringBoard[2887:2593] [com.apple.BulletinBoard:General] BBServer: Update bulletins in section com.apple.barcodesupport.nfc for feed 1
2024-03-10 17:29:38.297 Df SpringBoard[2887:2057] [com.apple.UserNotificationsKit:Lists] Destination CSCombinedListViewController updating notification section settings for section com.apple.barcodesupport.nfc
2024-03-10 17:29:38.297 Df SpringBoard[2887:2057] [com.apple.UserNotificationsKit:Lists] Notification List [NCNotificationStructuredListViewController] updating notification section settings for section com.apple.barcodesupport.nfc
2024-03-10 17:29:38.298 Df SpringBoard[2887:2057] [com.apple.SpringBoard:CoverSheet] Ignoring redundant update for <CSCombinedListViewController: 0x7fbe42846200> because there is no content
2024-03-10 17:29:38.298 Df SpringBoard[2887:2057] [com.apple.SpringBoard:CoverSheet] Ignoring redundant update for <CSCombinedListViewController: 0x7fbe42846200> because there is no content
2024-03-10 17:29:38.298 Df SpringBoard[2887:2057] [com.apple.SpringBoard:CoverSheet] Ignoring redundant update for <CSCombinedListViewController: 0x7fbe42846200> because there is no content
2024-03-10 17:29:38.294 Df voiced[3023:2502] [com.apple.trial:_] Acquired managed-directory lock: /Users/chef/Library/Developer/CoreSimulator/Devices/FA441BBB-4AC7-424C-8E75-DDA61780E4A0/data/Library/Trial/NamespaceDescriptors/v2/factorPackSets/88b26bf3-6dcf-42dd-8c3d-06cba2bb1ea7
2024-03-10 17:29:38.297 Df SpringBoard[2887:22ff] [com.apple.BulletinBoard:Connection] BBDataProviderProxy setting server proxy: <_NSXPCDistantObject: 0x600001870500>
2024-03-10 17:29:38.286 Df cloudd[2938:258f] [com.apple.network:connection] nw_endpoint_resolver_update [C3.1.1 gateway.icloud.com:443 in_progress resolver (satisfied (Path is satisfied), interface: en3, proxy)] Adding endpoint handler for 17.248.192.3:443
2024-03-10 17:29:38.295 Df SpringBoard[2887:245e] [com.apple.BulletinBoard:General] BBDataProvider: Data provider <com.apple.donotdisturb> is missing sort descriptors -- section will not be sorted!
2024-03-10 17:29:38.296 Df SpringBoard[2887:2327] [com.apple.UserNotifications:LocalNotifications] [com.apple.MobileSMS] Update regions for 0 pending notifications
2024-03-10 17:29:38.286 Df cloudd[2938:258f] [com.apple.network:connection] nw_endpoint_resolver_update [C3.1.1 gateway.icloud.com:443 in_progress resolver (satisfied (Path is satisfied), interface: en3, proxy)] Adding endpoint handler for 17.248.192.4:443
2024-03-10 17:29:38.289 Df cloudd[2938:258f] [com.apple.network:connection] [C3.1.1 gateway.icloud.com:443 in_progress resolver (satisfied (Path is satisfied), interface: en3, proxy)] event: resolver:receive_dns @0.059s
2024-03-10 17:29:38.299 Df SpringBoard[2887:2596] [com.apple.UserNotifications:LocalNotifications] [com.apple.facetime] Setting 0 monitored regions [ stop: 0 start: 0 ]
2024-03-10 17:29:38.210 Df SpringBoard[2887:2461] [com.apple.UserNotifications:Connections] [com.apple.appleaccount.notifications] Setting 1 notification categories
2024-03-10 17:29:38.306 Df apsd[2932:20e9] [com.apple.apsd:courier] copyTokenForDomain sandbox.push.apple.com (null)
2024-03-10 17:29:38.297 Df SpringBoard[2887:2593] [com.apple.BulletinBoard:Connection] BBDataProviderManager adding data provider <BBRemoteDataProvider 0x6000018754a0; com.apple.barcodesupport.qrcode> to BBServer
2024-03-10 17:29:38.300 Df SpringBoard[2887:2598] [com.apple.UserNotifications:RemoteNotifications] [com.apple.MobileSMS] Update enabled user notifications for remote notifications: YES
2024-03-10 17:29:38.300 Df SpringBoard[2887:259c] [com.apple.BulletinBoard:Connection] BBDataProviderProxy resuming proxy queue
2024-03-10 17:29:38.300 Df SpringBoard[2887:22ff] [com.apple.UserNotifications:DataProviderFactory] [com.apple.barcodesupport.nfc] Did create default data provider
2024-03-10 17:29:38.303 Df SpringBoard[2887:2598] [com.apple.UserNotifications:RemoteNotifications] [com.apple.MobileSMS] Enable user notifications for remote notifications
2024-03-10 17:29:38.302 E  SpringBoard[2887:245e] [com.apple.UserNotifications:DataStore] No data found at /Users/chef/Library/Developer/CoreSimulator/Devices/FA441BBB-4AC7-424C-8E75-DDA61780E4A0/data/Library/UserNotifications/0AAAE696-9854-4F85-B364-77A8F9148266/Topics.plist
2024-03-10 17:29:38.300 E  SpringBoard[2887:2327] [com.apple.UserNotifications:DataStore] No data found at /Users/chef/Library/Developer/CoreSimulator/Devices/FA441BBB-4AC7-424C-8E75-DDA61780E4A0/data/Library/UserNotifications/A26D9758-756B-4B0B-9806-00BB3874AD7D/PendingNotifications.plist
2024-03-10 17:29:38.305 Df SpringBoard[2887:2598] [com.apple.UserNotifications:LocalNotifications] [com.apple.MobileSMS] Enabled visible user notifications for remote notifications
2024-03-10 17:29:38.306 A  apsd[2932:20e9] (Security) SecItemCopyMatching_ios
2024-03-10 17:29:38.298 Df cloudd[2938:258f] [com.apple.network:connection] [C3.1.1.1 17.248.192.2:443 initial path ((null))] event: path:start @0.069s
2024-03-10 17:29:38.308 Df apsd[2932:20e9] [com.apple.apsd:courier] copyTokenForDomain sandbox.push.apple.com (null)
2024-03-10 17:29:38.298 Df cloudd[2938:258f] [com.apple.network:connection] [C3.1.1.1 17.248.192.2:443 waiting path (satisfied (Path is satisfied), interface: en3)] event: path:satisfied @0.069s, uuid: 9309F9CE-BD21-443F-8C0E-1629207A1A62
2024-03-10 17:29:38.300 A  SpringBoard[2887:2596] (CoreLocation) CL: CLLocationManager
2024-03-10 17:29:38.310 Df voiced[3023:2502] [com.apple.trial:_] Acquired managed-directory lock: /Users/chef/Library/Developer/CoreSimulator/Devices/FA441BBB-4AC7-424C-8E75-DDA61780E4A0/data/Library/Trial/NamespaceDescriptors/v2/factorPackSets/88b26bf3-6dcf-42dd-8c3d-06cba2bb1ea7/legacyNamespaceFactorPacks/SIRI_TEXT_TO_SPEECH
2024-03-10 17:29:38.308 A  apsd[2932:20e9] (Security) SecItemCopyMatching_ios
2024-03-10 17:29:38.301 Df SpringBoard[2887:259f] [com.apple.BulletinBoard:Connection] com.apple.usernotificationsserver.DefaultDataProviderFactory updating data provider proxy for section com.apple.donotdisturb
2024-03-10 17:29:38.313 Df mapspushd[2945:23d4] [com.apple.xpc.activity:Client] _xpc_activity_set_criteria: com.apple.Maps.mapspushd.launchForAnnouncements (0x60000353d180), dict
2024-03-10 17:29:38.308 Df SpringBoard[2887:2327] [com.apple.UserNotifications:LocalNotifications] [com.apple.mobilephone] Load 0 pending notification dictionaries
2024-03-10 17:29:38.313 Df mapspushd[2945:23d4] [com.apple.xpc.activity:Client] _xpc_activity_set_criteria: xpc_set_event com.apple.Maps.mapspushd.launchForAnnouncements, 1
2024-03-10 17:29:38.307 E  SpringBoard[2887:2593] [com.apple.BulletinBoard:Settings] Encountered error obtaining application record for section com.apple.barcodesupport.qrcode: The operation couldnâ€™t be completed. (OSStatus error -10814.)
2024-03-10 17:29:38.307 Df SpringBoard[2887:245e] [com.apple.BulletinBoard:General] BBDataProvider: Data provider <com.apple.facetime> is missing sort descriptors -- section will not be sorted!
2024-03-10 17:29:38.309 Df apsd[2932:20e9] [com.apple.apsd:courier] <APSCourier 0x7fe791004b40 development>: __processStoredIncomingMessageForConnection: <APSConnectionServer: 0x600001540210>
2024-03-10 17:29:38.309 Df SpringBoard[2887:259f] [com.apple.BulletinBoard:Connection] com.apple.usernotificationsserver.DefaultDataProviderFactory adding new data provider proxy for section com.apple.donotdisturb
2024-03-10 17:29:38.305 Df SpringBoard[2887:22ff] [com.apple.UserNotifications:DataProviderFactory] [com.apple.barcodesupport.nfc] Purging invalid notification records
2024-03-10 17:29:38.309 E  SpringBoard[2887:2327] [com.apple.UserNotifications:DataStore] No data found at /Users/chef/Library/Developer/CoreSimulator/Devices/FA441BBB-4AC7-424C-8E75-DDA61780E4A0/data/Library/UserNotifications/A26D9758-756B-4B0B-9806-00BB3874AD7D/Schedule.plist
2024-03-10 17:29:38.311 Df SpringBoard[2887:259c] [com.apple.BulletinBoard:Connection] com.apple.usernotificationsserver.DefaultDataProviderFactory updating data provider proxy for section com.apple.facetime
2024-03-10 17:29:38.310 Df SpringBoard[2887:2593] [com.apple.BulletinBoard:Settings] Section settings for data provider com.apple.barcodesupport.qrcode: <BBSectionInfo: 0x600000f7a680> Section com.apple.barcodesupport.qrcode <BBSectionInfoSettings: 0x600000a78000> Section settings: authorized = Authorized, authorization expiration date = (null), last user granted authorization date = (null), mute configuartion = (null), notification center = YES, lock screen = YES, scheduled delivery = NO, announce setting = Disabled, shows on external devices = YES, shows custom settings = NO, content preview setting = Always show, Alert style = Modal, Push settings = [s:--A] [e:--A], grouping = Default (unmanaged), hidden from settings
2024-03-10 17:29:38.314 Df SpringBoard[2887:2327] [com.apple.UserNotifications:LocalNotifications] [com.apple.mobilephone] Load last local notification fire date: (null)
2024-03-10 17:29:38.316 Df SpringBoard[2887:2593] [com.apple.BulletinBoard:General] BBServer: Update bulletins in section com.apple.barcodesupport.qrcode for feed 1
2024-03-10 17:29:38.310 E  SpringBoard[2887:245e] [com.apple.UserNotifications:DataStore] No data found at /Users/chef/Library/Developer/CoreSimulator/Devices/FA441BBB-4AC7-424C-8E75-DDA61780E4A0/data/Library/UserNotifications/F2FE2DD4-5491-4749-9308-0FCA62C57E63/Topics.plist
2024-03-10 17:29:38.319 Df SpringBoard[2887:2057] [com.apple.UserNotificationsKit:Lists] Destination CSCombinedListViewController updating notification section settings for section com.apple.barcodesupport.qrcode
2024-03-10 17:29:38.301 E  cloudd[2938:258f] [com.apple.network:] -[NWOSURLEndpoint initWithURL:] failed to get scheme from <private>
2024-03-10 17:29:38.319 Df SpringBoard[2887:2057] [com.apple.UserNotificationsKit:Lists] Notification List [NCNotificationStructuredListViewController] updating notification section settings for section com.apple.barcodesupport.qrcode
2024-03-10 17:29:38.320 Df SpringBoard[2887:2057] [com.apple.SpringBoard:CoverSheet] Ignoring redundant update for <CSCombinedListViewController: 0x7fbe42846200> because there is no content
2024-03-10 17:29:38.320 Df SpringBoard[2887:2057] [com.apple.SpringBoard:CoverSheet] Ignoring redundant update for <CSCombinedListViewController: 0x7fbe42846200> because there is no content
2024-03-10 17:29:38.321 Df SpringBoard[2887:2057] [com.apple.SpringBoard:CoverSheet] Ignoring redundant update for <CSCombinedListViewController: 0x7fbe42846200> because there is no content
2024-03-10 17:29:38.319 Df SpringBoard[2887:259f] [com.apple.BulletinBoard:Connection] BBDataProviderProxy setting server proxy: <_NSXPCDistantObject: 0x6000018744b0>
2024-03-10 17:29:38.315 Df SpringBoard[2887:259c] [com.apple.BulletinBoard:Connection] com.apple.usernotificationsserver.DefaultDataProviderFactory adding new data provider proxy for section com.apple.facetime
2024-03-10 17:29:38.318 Df SpringBoard[2887:2327] [com.apple.UserNotifications:LocalNotifications] [com.apple.mobilephone] Update timers for 0 pending notifications (monitoring: 0)
2024-03-10 17:29:38.308 Df SpringBoard[2887:2596] [com.apple.locationd.Core:Client] {"msg":"CLLocationManager", "event":activity, "_cmd":monitoredRegions, "self":"0x600003a7ab20"}
2024-03-10 17:29:38.308 Df SpringBoard[2887:2598] [com.apple.UserNotifications:RemoteNotifications] Calcualate topics because user notification settings authorization changed
2024-03-10 17:29:38.321 Df SpringBoard[2887:259f] [com.apple.UserNotifications:DataProviderFactory] [com.apple.barcodesupport.qrcode] Did create default data provider
2024-03-10 17:29:38.322 Df SpringBoard[2887:2327] [com.apple.UserNotifications:LocalNotifications] [com.apple.mobilephone] Invalidate persistent timer
2024-03-10 17:29:38.321 Df SpringBoard[2887:2597] [com.apple.BulletinBoard:Connection] BBDataProviderProxy resuming proxy queue
2024-03-10 17:29:38.326 Df SpringBoard[2887:259f] [com.apple.UserNotifications:DataProviderFactory] [com.apple.barcodesupport.qrcode] Purging invalid notification records
2024-03-10 17:29:38.326 E  SpringBoard[2887:2327] [com.apple.UserNotifications:DataStore] No data found at /Users/chef/Library/Developer/CoreSimulator/Devices/FA441BBB-4AC7-424C-8E75-DDA61780E4A0/data/Library/UserNotifications/A26D9758-756B-4B0B-9806-00BB3874AD7D/Schedule.plist
2024-03-10 17:29:38.319 Df SpringBoard[2887:2593] [com.apple.BulletinBoard:Connection] BBDataProviderManager adding data provider <BBRemoteDataProvider 0x60000187d040; com.apple.ClassKitProgressNotifications> to BBServer
2024-03-10 17:29:38.319 Df SpringBoard[2887:245e] [com.apple.BulletinBoard:General] BBDataProvider: Data provider <com.apple.familynotifications> is missing sort descriptors -- section will not be sorted!
2024-03-10 17:29:38.304 E  cloudd[2938:258f] [com.apple.network:] __nwlog_err_simulate_crash simulate crash already simulated "nw_proxy_config_create_pac_url called with null pac_url"
2024-03-10 17:29:38.327 Df SpringBoard[2887:2327] [com.apple.UserNotifications:LocalNotifications] [com.apple.mobilephone] Load last local notification fire date: (null)
2024-03-10 17:29:38.329 Df geod[3010:23cc] (CFNetwork) Connection 21: TLS Trust result 0
2024-03-10 17:29:38.327 E  SpringBoard[2887:245e] [com.apple.UserNotifications:DataStore] No data found at /Users/chef/Library/Developer/CoreSimulator/Devices/FA441BBB-4AC7-424C-8E75-DDA61780E4A0/data/Library/UserNotifications/A2886F9A-0821-4916-8D0E-D6A9EC1E684E/Categories.plist
2024-03-10 17:29:38.328 E  SpringBoard[2887:245e] [com.apple.UserNotifications:DataStore] No data found at /Users/chef/Library/Developer/CoreSimulator/Devices/FA441BBB-4AC7-424C-8E75-DDA61780E4A0/data/Library/UserNotifications/A2886F9A-0821-4916-8D0E-D6A9EC1E684E/Topics.plist
2024-03-10 17:29:38.327 Df SpringBoard[2887:2596] [com.apple.UserNotifications:LocalNotifications] [com.apple.MobileSMS] Setting 0 monitored regions [ stop: 0 start: 0 ]
2024-03-10 17:29:38.328 E  SpringBoard[2887:2593] [com.apple.BulletinBoard:Settings] Encountered error obtaining application record for section com.apple.ClassKitProgressNotifications: The operation couldnâ€™t be completed. (OSStatus error -10814.)
2024-03-10 17:29:38.328 Df SpringBoard[2887:2327] [com.apple.UserNotifications:LocalNotifications] [com.apple.mobilephone] Find next notification with current trigger date after last fire date 0001-01-01 00:00:00.000 +0000
2024-03-10 17:29:38.329 Df SpringBoard[2887:245e] [com.apple.BulletinBoard:General] BBDataProvider: Data provider <com.apple.GameControllerNotifications> is missing sort descriptors -- section will not be sorted!
2024-03-10 17:29:38.306 E  cloudd[2938:258f] [com.apple.network:] nw_proxy_config_create_pac_url called with null pac_url, dumping backtrace:
        [x86_64] libnetcore-3013.60.42
    0   Network                             0x00007ff805a3a7e7 __nw_create_backtrace_string + 135
    1   Network                             0x00007ff80598c7c3 nw_proxy_config_create_pac_url + 963
    2   Network                             0x00007ff8059927d3 __nw_proxy_configs_create_with_schema_array_block_invoke + 243
    3   libxpc.dylib                        0x00007ff80007e9cb xpc_array_apply + 62
    4   Network                             0x00007ff8059922a1 nw_proxy_configs_create_with_schema_array + 145
    5   Network                             0x00007ff805c8e7ae __nw_path_copy_proxy_configs_block_invoke_2 + 62
    6   libxpc.dylib                        0x00007ff80007e9cb xpc_array_apply + 62
    7   Network                             0x00007ff805c8e726 __nw_path_copy_proxy_configs_block_invoke + 182
    8   Network                             0x00007ff805c8e377 nw_path_copy_proxy_configs + 231
    9   Network <â€¦>
2024-03-10 17:29:38.307 Df cloudd[2938:258f] [com.apple.network:connection] [C3.1.1.1 17.248.192.2:443 in_progress socket-flow (satisfied (Path is satisfied), interface: en3, proxy)] event: flow:start_connect @0.078s
2024-03-10 17:29:38.329 Df SpringBoard[2887:2593] [com.apple.BulletinBoard:Settings] Section settings for data provider com.apple.ClassKitProgressNotifications: <BBSectionInfo: 0x600000f7def0> Section com.apple.ClassKitProgressNotifications <BBSectionInfoSettings: 0x600000a560a0> Section settings: authorized = Authorized, authorization expiration date = (null), last user granted authorization date = (null), mute configuartion = (null), scheduled delivery = NO, announce setting = Disabled, shows on external devices = YES, shows custom settings = NO, content preview setting = Always show, Alert style = Banner, Push settings = [s:-SA] [e:-SA], grouping = Default (unmanaged) 'Class Progress', hidden from settings
2024-03-10 17:29:38.331 Df SpringBoard[2887:259d] [com.apple.BulletinBoard:Connection] Got effective section info [ result: 0 ]
2024-03-10 17:29:38.330 E  SpringBoard[2887:245e] [com.apple.UserNotifications:DataStore] No data found at /Users/chef/Library/Developer/CoreSimulator/Devices/FA441BBB-4AC7-424C-8E75-DDA61780E4A0/data/Library/UserNotifications/FDCBC61E-2FF7-4363-88DA-D1264E657239/Categories.plist
2024-03-10 17:29:38.331 Df SpringBoard[2887:245f] [com.apple.BulletinBoard:Connection] BBDataProviderManager adding data provider <BBRemoteDataProvider 0x600001871180; com.apple.cmas> to BBServer
2024-03-10 17:29:38.335 Df UserEventAgent[2889:244e] [com.apple.xpc.activity:Internal] Creating XPC Activity on XPC add event: com.apple.Maps.mapspushd.launchForAnnouncements
2024-03-10 17:29:38.329 Df SpringBoard[2887:2327] [com.apple.UserNotifications:LocalNotifications] [com.apple.mobilephone] No upcoming local notifications
2024-03-10 17:29:38.332 Df SpringBoard[2887:259d] [com.apple.UserNotifications:Settings] [com.apple.accountnotifications] Got effective section info [ hasResult: 1 ]
2024-03-10 17:29:38.332 Df cloudd[2938:258f] [com.apple.network:connection] nw_socket_handle_socket_event [C3.1.1.1:3] Socket received CONNECTED event
2024-03-10 17:29:38.332 Df SpringBoard[2887:259f] [com.apple.BulletinBoard:Connection] BBDataProviderProxy setting server proxy: <_NSXPCDistantObject: 0x60000187d720>
2024-03-10 17:29:38.333 E  SpringBoard[2887:245e] [com.apple.UserNotifications:DataStore] No data found at /Users/chef/Library/Developer/CoreSimulator/Devices/FA441BBB-4AC7-424C-8E75-DDA61780E4A0/data/Library/UserNotifications/FDCBC61E-2FF7-4363-88DA-D1264E657239/Topics.plist
2024-03-10 17:29:38.332 Df SpringBoard[2887:2327] [com.apple.UserNotifications:LocalNotifications] [com.apple.mobilephone] Update regions for 0 pending notifications
2024-03-10 17:29:38.334 Df SpringBoard[2887:259f] [com.apple.UserNotifications:DataProviderFactory] [com.apple.ClassKitProgressNotifications] Did create default data provider
2024-03-10 17:29:38.274 E  SpringBoard[2887:259e] [com.apple.BaseBoard:Common]  **** failed to open fd at tempPath=/Users/chef/Library/Developer/CoreSimulator/Devices/FA441BBB-4AC7-424C-8E75-DDA61780E4A0/data/tmp/sectionInfoIcon.icon./Volumes/Xcode/Xcode_14.2.app/Contents/Developer/Platforms/iPhoneOS.platform/Library/Developer/CoreSimulator/Profiles/Runtimes/iOS.simruntime/Contents/Resources/RuntimeRoot/System/Library/UserNotifications/Bundles/com.apple.askpermission.notifications.bundle.(null).(null).17.cpbitmap.njYlfM
2024-03-10 17:29:38.336 Df SpringBoard[2887:259f] [com.apple.UserNotifications:DataProviderFactory] [com.apple.ClassKitProgressNotifications] Purging invalid notification records
2024-03-10 17:29:38.336 Df SpringBoard[2887:245e] [com.apple.BulletinBoard:General] BBDataProvider: Data provider <com.apple.iCloud.FollowUp> is missing sort descriptors -- section will not be sorted!
2024-03-10 17:29:38.332 Df cloudd[2938:258f] [com.apple.network:connection] nw_flow_connected [C3.1.1.1 17.248.192.2:443 in_progress socket-flow (satisfied (Path is satisfied), interface: en3, proxy)] Transport protocol connected (socket)
2024-03-10 17:29:38.340 E  SpringBoard[2887:2594] [com.apple.UserNotificationsKit:Icons] Notification icon is smaller than expanded size of 40.000000: ClassProgressIconDefault in bundle /Volumes/Xcode/Xcode_14.2.app/Contents/Developer/Platforms/iPhoneOS.platform/Library/Developer/CoreSimulator/Profiles/Runtimes/iOS.simruntime/Contents/Resources/RuntimeRoot/System/Library/UserNotifications/Bundles/com.apple.ClassKitProgressNotifications.bundle
2024-03-10 17:29:38.337 Df SpringBoard[2887:259e] [com.apple.UserNotifications:RemoteNotifications] [com.apple.mobilephone] Update enabled user notifications for remote notifications: YES
2024-03-10 17:29:38.334 Df cloudd[2938:258f] [com.apple.network:connection] [C3.1.1.1 17.248.192.2:443 in_progress socket-flow (satisfied (Path is satisfied), interface: en3, proxy)] event: flow:finish_transport @0.105s
2024-03-10 17:29:38.334 Df SpringBoard[2887:2304] [com.apple.BulletinBoard:Connection] com.apple.usernotificationsserver.DefaultDataProviderFactory updating data provider proxy for section com.apple.familynotifications
2024-03-10 17:29:38.333 Df SpringBoard[2887:259d] [com.apple.UserNotifications:Settings] Getting effectiveSectionInfo for section identifier: com.apple.accountnotifications
2024-03-10 17:29:38.333 E  SpringBoard[2887:245f] [com.apple.BulletinBoard:Settings] Encountered error obtaining application record for section com.apple.cmas: The operation couldnâ€™t be completed. (OSStatus error -10814.)
2024-03-10 17:29:38.334 Df SpringBoard[2887:2596] [com.apple.BulletinBoard:Connection] BBDataProviderProxy resuming proxy queue
2024-03-10 17:29:38.341 Df SpringBoard[2887:259e] [com.apple.UserNotifications:RemoteNotifications] [com.apple.mobilephone] Enable user notifications for remote notifications
2024-03-10 17:29:38.337 A  SpringBoard[2887:2597] (CoreLocation) CL: CLLocationManager
2024-03-10 17:29:38.344 Df SpringBoard[2887:2057] [com.apple.UserNotificationsKit:Lists] Destination CSCombinedListViewController updating notification section settings for section com.apple.ClassKitProgressNotifications
2024-03-10 17:29:38.344 Df SpringBoard[2887:2057] [com.apple.UserNotificationsKit:Lists] Notification List [NCNotificationStructuredListViewController] updating notification section settings for section com.apple.ClassKitProgressNotifications
2024-03-10 17:29:38.345 Df SpringBoard[2887:2057] [com.apple.SpringBoard:CoverSheet] Ignoring redundant update for <CSCombinedListViewController: 0x7fbe42846200> because there is no content
2024-03-10 17:29:38.343 Df cloudd[2938:258f] [com.apple.network:boringssl] boringssl_session_apply_protocol_options_for_transport_block_invoke(1822) [C3.1.1.1:2][0x7f8ee6924de0] TLS configured [min_version(0x0301) max_version(0x0304) name(gateway.icloud.com) tickets(false) false_start(false) enforce_ev(false) enforce_ats(false) ech(false)]
2024-03-10 17:29:38.346 Df SpringBoard[2887:2057] [com.apple.SpringBoard:CoverSheet] Ignoring redundant update for <CSCombinedListViewController: 0x7fbe42846200> because there is no content
2024-03-10 17:29:38.346 Df SpringBoard[2887:2057] [com.apple.SpringBoard:CoverSheet] Ignoring redundant update for <CSCombinedListViewController: 0x7fbe42846200> because there is no content
2024-03-10 17:29:38.329 Df geod[3010:23cc] [com.apple.network:boringssl] boringssl_context_evaluate_trust_async_external_block_invoke_3(1576) [C21.1.1.1:2][0x7f8de1b2aa80] Returning from external verify block with result: true
2024-03-10 17:29:38.346 Df cloudd[2938:258f] [com.apple.network:boringssl] boringssl_context_info_handler(2052) [C3.1.1.1:2][0x7f8ee6924de0] Client handshake started
2024-03-10 17:29:38.344 Df SpringBoard[2887:2597] [com.apple.locationd.Core:Client] {"msg":"CLLocationManager", "event":activity, "_cmd":monitoredRegions, "self":"0x600003a7ab20"}
2024-03-10 17:29:38.350 Df geod[3010:23cc] [com.apple.network:boringssl] boringssl_context_certificate_verify_callback(1797) [C21.1.1.1:2][0x7f8de1b2aa80] Certificate verification result: OK
2024-03-10 17:29:38.347 Df cloudd[2938:258f] [com.apple.network:boringssl] boringssl_context_info_handler(2069) [C3.1.1.1:2][0x7f8ee6924de0] Client handshake state: TLS client enter_early_data
2024-03-10 17:29:38.342 Df SpringBoard[2887:259d] [com.apple.UserNotifications:Settings] [com.apple.accountnotifications] Getting effective section info
2024-03-10 17:29:38.347 Df cloudd[2938:258f] [com.apple.network:boringssl] boringssl_context_info_handler(2069) [C3.1.1.1:2][0x7f8ee6924de0] Client handshake state: TLS client read_server_hello
2024-03-10 17:29:38.337 E  SpringBoard[2887:2327] [com.apple.UserNotifications:DataStore] No data found at /Users/chef/Library/Developer/CoreSimulator/Devices/FA441BBB-4AC7-424C-8E75-DDA61780E4A0/data/Library/UserNotifications/685AF26F-E35C-4EC5-903D-7224687E2E3F/PendingNotifications.plist
2024-03-10 17:29:38.348 Df SpringBoard[2887:259d] [com.apple.BulletinBoard:Connection] Getting requested effective section info (sync)
2024-03-10 17:29:38.342 Df SpringBoard[2887:2304] [com.apple.BulletinBoard:Connection] com.apple.usernotificationsserver.DefaultDataProviderFactory adding new data provider proxy for section com.apple.familynotifications
2024-03-10 17:29:38.341 E  SpringBoard[2887:245e] [com.apple.UserNotifications:DataStore] No data found at /Users/chef/Library/Developer/CoreSimulator/Devices/FA441BBB-4AC7-424C-8E75-DDA61780E4A0/data/Library/UserNotifications/B6476DED-C35D-439C-A6E3-850A2EDB5E4A/Categories.plist
2024-03-10 17:29:38.356 Df siriactionsd[2972:2341] [com.apple.xpc.activity:Client] xpc_activity_set_criteria: com.apple.siriactionsd.TriggerLockscreenNotificationRemoval (0x600000768820), setting state now to 0
2024-03-10 17:29:38.360 Df geod[3010:23cc] [com.apple.network:boringssl] boringssl_context_info_handler(2069) [C21.1.1.1:2][0x7f8de1b2aa80] Client handshake state: TLS 1.3 client read_server_finished
2024-03-10 17:29:38.351 Df SpringBoard[2887:2327] [com.apple.UserNotifications:LocalNotifications] [com.apple.Home] Load 0 pending notification dictionaries
2024-03-10 17:29:38.356 Df siriactionsd[2972:2341] [com.apple.xpc.activity:Client] _xpc_activity_set_state: com.apple.siriactionsd.TriggerLockscreenNotificationRemoval (0x600000768820), 0
2024-03-10 17:29:38.360 Df geod[3010:23cc] [com.apple.network:boringssl] boringssl_context_info_handler(2069) [C21.1.1.1:2][0x7f8de1b2aa80] Client handshake state: TLS 1.3 client send_end_of_early_data
2024-03-10 17:29:38.343 Df SpringBoard[2887:259e] [com.apple.UserNotifications:LocalNotifications] [com.apple.mobilephone] Enabled visible user notifications for remote notifications
2024-03-10 17:29:38.356 Df siriactionsd[2972:2341] [com.apple.xpc.activity:Client] __XPC_ACTIVITY_CALLING_HANDLER__: com.apple.siriactionsd.TriggerLockscreenNotificationRemoval (0x600000768820), current state 0, pending state 0
2024-03-10 17:29:38.360 Df geod[3010:23cc] [com.apple.network:boringssl] boringssl_context_info_handler(2069) [C21.1.1.1:2][0x7f8de1b2aa80] Client handshake state: TLS 1.3 client send_client_encrypted_extensions
2024-03-10 17:29:38.342 Df SpringBoard[2887:2593] [com.apple.BulletinBoard:Connection] com.apple.usernotificationsserver.DefaultDataProviderFactory updating data provider proxy for section com.apple.GameControllerNotifications
2024-03-10 17:29:38.360 Df geod[3010:23cc] [com.apple.network:boringssl] boringssl_context_info_handler(2069) [C21.1.1.1:2][0x7f8de1b2aa80] Client handshake state: TLS 1.3 client send_client_certificate
2024-03-10 17:29:38.342 Df SpringBoard[2887:245f] [com.apple.BulletinBoard:Settings] Section settings for data provider com.apple.cmas: <BBSectionInfo: 0x600000f79550> Section com.apple.cmas <BBSectionInfoSettings: 0x600000a7be70> Section settings: authorized = Authorized, authorization expiration date = (null), last user granted authorization date = (null), mute configuartion = (null), notification center = YES, lock screen = YES, scheduled delivery = NO, CarPlay = YES, announce setting = Disabled, shows on external devices = YES, shows custom settings = NO, content preview setting = Always show, Alert style = Modal, Push settings = [s:-SA] [e:-SA], grouping = Default (unmanaged) 'Emergency Alerts', hidden from settings
