2024-03-10 17:29:38.605 Df SpringBoard[2887:25a2] [com.apple.UserNotifications:DataProviderFactory] [com.apple.Safari.PasswordBreachNotifications] Purging invalid notification records
2024-03-10 17:29:38.601 Df SpringBoard[2887:2593] [com.apple.BulletinBoard:Connection] com.apple.usernotificationsserver.DefaultDataProviderFactory adding new data provider proxy for section com.apple.sosd.usernotification
2024-03-10 17:29:38.607 Df SpringBoard[2887:259d] [com.apple.UserNotifications:Settings] Getting effectiveSectionInfo for section identifier: com.apple.appleaccount.notifications
2024-03-10 17:29:38.580 Df cloudd[2938:21ef] [com.apple.network:boringssl] boringssl_context_info_handler(2069) [C3.1.1.1:2][0x7f8ee6924de0] Client handshake state: TLS 1.3 client done
2024-03-10 17:29:38.603 E  SpringBoard[2887:2597] [com.apple.BulletinBoard:Settings] Encountered error obtaining application record for section com.apple.SensorKit.reminder: The operation couldnâ€™t be completed. (OSStatus error -10814.)
2024-03-10 17:29:38.603 Df SpringBoard[2887:245e] [com.apple.BulletinBoard:General] BBDataProvider: Data provider <com.apple.studentd.notifications> is missing sort descriptors -- section will not be sorted!
2024-03-10 17:29:38.611 Df SpringBoard[2887:2597] [com.apple.BulletinBoard:Settings] Section settings for data provider com.apple.SensorKit.reminder: <BBSectionInfo: 0x600000f408f0> Section com.apple.SensorKit.reminder <BBSectionInfoSettings: 0x600000a69ef0> Section settings: authorized = Authorized, authorization expiration date = (null), last user granted authorization date = (null), mute configuartion = (null), notification center = YES, scheduled delivery = NO, announce setting = Disabled, shows on external devices = YES, shows custom settings = NO, content preview setting = Always show, Alert style = Banner, Push settings = [s:--A] [e:--A], grouping = Default (unmanaged) 'Sensor & Usage Data', hidden from settings
2024-03-10 17:29:38.588 Df cloudd[2938:21ef] [com.apple.network:boringssl] boringssl_context_info_handler(2069) [C3.1.1.1:2][0x7f8ee6924de0] Client handshake state: TLS client finish_client_handshake
2024-03-10 17:29:38.613 Df SpringBoard[2887:2057] [com.apple.UserNotificationsKit:Lists] Destination CSCombinedListViewController updating notification section settings for section com.apple.Safari.PasswordBreachNotifications
2024-03-10 17:29:38.613 Df SpringBoard[2887:2057] [com.apple.UserNotificationsKit:Lists] Notification List [NCNotificationStructuredListViewController] updating notification section settings for section com.apple.Safari.PasswordBreachNotifications
2024-03-10 17:29:38.614 Df SpringBoard[2887:2057] [com.apple.SpringBoard:CoverSheet] Ignoring redundant update for <CSCombinedListViewController: 0x7fbe42846200> because there is no content
2024-03-10 17:29:38.615 Df SpringBoard[2887:2057] [com.apple.SpringBoard:CoverSheet] Ignoring redundant update for <CSCombinedListViewController: 0x7fbe42846200> because there is no content
2024-03-10 17:29:38.615 Df SpringBoard[2887:2057] [com.apple.SpringBoard:CoverSheet] Ignoring redundant update for <CSCombinedListViewController: 0x7fbe42846200> because there is no content
2024-03-10 17:29:38.616 Df SpringBoard[2887:2057] [com.apple.UserNotificationsKit:Lists] Destination CSCombinedListViewController updating notification section settings for section com.apple.SensorKit.reminder
2024-03-10 17:29:38.616 Df SpringBoard[2887:2057] [com.apple.UserNotificationsKit:Lists] Notification List [NCNotificationStructuredListViewController] updating notification section settings for section com.apple.SensorKit.reminder
2024-03-10 17:29:38.616 Df SpringBoard[2887:2057] [com.apple.SpringBoard:CoverSheet] Ignoring redundant update for <CSCombinedListViewController: 0x7fbe42846200> because there is no content
2024-03-10 17:29:38.617 Df SpringBoard[2887:2057] [com.apple.SpringBoard:CoverSheet] Ignoring redundant update for <CSCombinedListViewController: 0x7fbe42846200> because there is no content
2024-03-10 17:29:38.617 Df SpringBoard[2887:2057] [com.apple.SpringBoard:CoverSheet] Ignoring redundant update for <CSCombinedListViewController: 0x7fbe42846200> because there is no content
2024-03-10 17:29:38.612 E  SpringBoard[2887:245e] [com.apple.UserNotifications:DataStore] No data found at /Users/chef/Library/Developer/CoreSimulator/Devices/FA441BBB-4AC7-424C-8E75-DDA61780E4A0/data/Library/UserNotifications/F7B2928F-686A-4AC0-96DC-ABF8581A1DB6/Categories.plist
2024-03-10 17:29:38.597 Df cloudd[2938:21ef] [com.apple.network:boringssl] boringssl_context_info_handler(2069) [C3.1.1.1:2][0x7f8ee6924de0] Client handshake state: TLS client done
2024-03-10 17:29:38.602 Df cloudd[2938:21ef] [com.apple.network:boringssl] boringssl_context_info_handler(2058) [C3.1.1.1:2][0x7f8ee6924de0] Client handshake done
2024-03-10 17:29:38.606 Df cloudd[2938:21ef] [com.apple.network:boringssl] nw_protocol_boringssl_signal_connected(738) [C3.1.1.1:2][0x7f8ee6924de0] TLS connected [version(0x0304) ciphersuite(TLS_AES_128_GCM_SHA256) group(0x001d) signature_alg(0x0403) alpn(h2) resumed(0) offered_ticket(0) false_started(0) ocsp_received(1) sct_received(0) connect_time(260ms) flight_time(22ms) rtt(22ms) write_stalls(0) read_stalls(2)]
2024-03-10 17:29:38.606 Df cloudd[2938:21ef] [com.apple.network:connection] nw_flow_connected [C3.1.1.1 17.248.192.2:443 in_progress socket-flow (satisfied (Path is satisfied), interface: en3, proxy)] Output protocol connected (CFNetworkConnection-1936444259)
2024-03-10 17:29:38.613 Df SpringBoard[2887:2304] [com.apple.BulletinBoard:Connection] com.apple.usernotificationsserver.DefaultDataProviderFactory updating data provider proxy for section com.apple.studentd.notifications
2024-03-10 17:29:38.613 Df SpringBoard[2887:2597] [com.apple.BulletinBoard:General] BBServer: Update bulletins in section com.apple.SensorKit.reminder for feed 1
2024-03-10 17:29:38.609 Df SpringBoard[2887:259d] [com.apple.UserNotifications:Settings] [com.apple.appleaccount.notifications] Getting effective section info
2024-03-10 17:29:38.618 Df SpringBoard[2887:2304] [com.apple.BulletinBoard:Connection] com.apple.usernotificationsserver.DefaultDataProviderFactory adding new data provider proxy for section com.apple.studentd.notifications
2024-03-10 17:29:38.619 Df SpringBoard[2887:259d] [com.apple.BulletinBoard:Connection] Getting requested effective section info (sync)
2024-03-10 17:29:38.618 E  SpringBoard[2887:245e] [com.apple.UserNotifications:DataStore] No data found at /Users/chef/Library/Developer/CoreSimulator/Devices/FA441BBB-4AC7-424C-8E75-DDA61780E4A0/data/Library/UserNotifications/F7B2928F-686A-4AC0-96DC-ABF8581A1DB6/Topics.plist
2024-03-10 17:29:38.618 Df SpringBoard[2887:2597] [com.apple.BulletinBoard:Connection] BBDataProviderManager adding data provider <BBRemoteDataProvider 0x600001875b80; com.apple.Sharing.AirDropUIRemoteNotifications> to BBServer
2024-03-10 17:29:38.619 Df SpringBoard[2887:245e] [com.apple.BulletinBoard:General] BBDataProvider: Data provider <com.apple.MobileSMS> is missing sort descriptors -- section will not be sorted!
2024-03-10 17:29:38.620 Df SpringBoard[2887:25a3] [com.apple.BulletinBoard:Connection] BBDataProviderProxy setting server proxy: <_NSXPCDistantObject: 0x600001879860>
2024-03-10 17:29:38.624 Df UserEventAgent[2889:23b7] [com.apple.xpc.activity:Internal] Created XPC Activity: com.apple.cloudkit.tokenregistration (0x7fb428a0aaa0)
2024-03-10 17:29:38.621 E  SpringBoard[2887:2597] [com.apple.BulletinBoard:Settings] Encountered error obtaining application record for section com.apple.Sharing.AirDropUIRemoteNotifications: The operation couldnâ€™t be completed. (OSStatus error -10814.)
2024-03-10 17:29:38.624 Df UserEventAgent[2889:23b7] [com.apple.xpc.activity:Activities] Registered XPC Activity: com.apple.cloudkit.tokenregistration (0x7fb428a0aaa0)
2024-03-10 17:29:38.621 Df SpringBoard[2887:25a3] [com.apple.UserNotifications:DataProviderFactory] [com.apple.SensorKit.reminder] Did create default data provider
2024-03-10 17:29:38.621 E  SpringBoard[2887:245e] [com.apple.UserNotifications:DataStore] No data found at /Users/chef/Library/Developer/CoreSimulator/Devices/FA441BBB-4AC7-424C-8E75-DDA61780E4A0/data/Library/UserNotifications/8E18E48A-DD46-4CB2-AF76-3A88DBC45B34/Topics.plist
2024-03-10 17:29:38.621 Df SpringBoard[2887:25a2] [com.apple.BulletinBoard:Connection] BBDataProviderProxy resuming proxy queue
2024-03-10 17:29:38.615 Df cloudd[2938:21ef] [com.apple.network:connection] [C3.1.1.1 17.248.192.2:443 ready socket-flow (satisfied (Path is satisfied), interface: en3, proxy)] event: flow:child_finish_connect @0.385s
2024-03-10 17:29:38.622 Df SpringBoard[2887:25a3] [com.apple.UserNotifications:DataProviderFactory] [com.apple.SensorKit.reminder] Purging invalid notification records
2024-03-10 17:29:38.616 Df cloudd[2938:21ef] [com.apple.network:connection] [C3 17.248.192.2:443 in_progress parent-flow (satisfied (Path is satisfied), interface: en3)] event: flow:start_connect @0.386s
2024-03-10 17:29:38.622 Df SpringBoard[2887:245e] [com.apple.BulletinBoard:General] BBDataProvider: Data provider <com.apple.Preferences> is missing sort descriptors -- section will not be sorted!
2024-03-10 17:29:38.618 Df cloudd[2938:21ef] [com.apple.network:connection] nw_flow_connected [C3.1.1.1 17.248.192.2:443 ready socket-flow (satisfied (Path is satisfied), interface: en3, proxy)] Transport protocol connected (socket)
2024-03-10 17:29:38.622 Df SpringBoard[2887:2597] [com.apple.BulletinBoard:Settings] Section settings for data provider com.apple.Sharing.AirDropUIRemoteNotifications: <BBSectionInfo: 0x600000f44790> Section com.apple.Sharing.AirDropUIRemoteNotifications <BBSectionInfoSettings: 0x600000a51ef0> Section settings: authorized = Authorized, authorization expiration date = (null), last user granted authorization date = (null), mute configuartion = (null), scheduled delivery = NO, announce setting = Disabled, shows on external devices = YES, shows custom settings = NO, content preview setting = Default Setting, Alert style = Banner, Push settings = [s:--A] [e:--A], grouping = Default (unmanaged) 'AirDrop', hidden from settings
2024-03-10 17:29:38.620 Df cloudd[2938:21ef] [com.apple.network:connection] [C3.1.1.1 17.248.192.2:443 ready socket-flow (satisfied (Path is satisfied), interface: en3, proxy)] event: flow:finish_transport @0.391s
2024-03-10 17:29:38.622 Df SpringBoard[2887:22ff] [com.apple.BulletinBoard:Connection] com.apple.usernotificationsserver.DefaultDataProviderFactory updating data provider proxy for section com.apple.MobileSMS
2024-03-10 17:29:38.626 E  SpringBoard[2887:245e] [com.apple.UserNotifications:DataStore] No data found at /Users/chef/Library/Developer/CoreSimulator/Devices/FA441BBB-4AC7-424C-8E75-DDA61780E4A0/data/Library/UserNotifications/2AAA643A-7F98-4195-8027-BEC10B683ED3/Topics.plist
2024-03-10 17:29:38.621 Df cloudd[2938:21ef] [com.apple.network:connection] [C3.1.1 gateway.icloud.com:443 ready resolver (satisfied (Path is satisfied), interface: en3, proxy)] event: flow:finish_transport @0.391s
2024-03-10 17:29:38.626 Df SpringBoard[2887:2597] [com.apple.BulletinBoard:Connection] BBDataProviderManager adding data provider <BBRemoteDataProvider 0x600001875d60; com.apple.Sharing.b7ce1794a1c8766816fc7b7500742862> to BBServer
2024-03-10 17:29:38.621 Df cloudd[2938:21ef] [com.apple.network:connection] [C3.1 gateway.icloud.com:443 ready transform (satisfied (Path is satisfied), interface: en3)] event: flow:finish_transport @0.391s
2024-03-10 17:29:38.616 E  SpringBoard[2887:259f] [com.apple.BaseBoard:Common]  **** failed to open fd at tempPath=/Users/chef/Library/Developer/CoreSimulator/Devices/FA441BBB-4AC7-424C-8E75-DDA61780E4A0/data/tmp/sectionInfoIcon.com.apple.Dataclass.KeychainSync./Volumes/Xcode/Xcode_14.2.app/Contents/Developer/Platforms/iPhoneOS.platform/Library/Developer/CoreSimulator/Profiles/Runtimes/iOS.simruntime/Contents/Resources/RuntimeRoot/System/Library/UserNotifications/Bundles/com.apple.Safari.PasswordBreachNotifications.bundle.(null).(null).17.cpbitmap.jcsuLJ
2024-03-10 17:29:38.627 Df SpringBoard[2887:2596] [com.apple.BulletinBoard:Connection] com.apple.usernotificationsserver.DefaultDataProviderFactory adding new data provider proxy for section com.apple.MobileSMS
2024-03-10 17:29:38.627 Df SpringBoard[2887:25a3] [com.apple.BulletinBoard:Connection] BBDataProviderProxy setting server proxy: <_NSXPCDistantObject: 0x600001874dc0>
2024-03-10 17:29:38.630 E  SpringBoard[2887:2597] [com.apple.BulletinBoard:Settings] Encountered error obtaining application record for section com.apple.Sharing.b7ce1794a1c8766816fc7b7500742862: The operation couldnâ€™t be completed. (OSStatus error -10814.)
2024-03-10 17:29:38.629 Df SpringBoard[2887:2593] [com.apple.BulletinBoard:Connection] com.apple.usernotificationsserver.DefaultDataProviderFactory updating data provider proxy for section com.apple.Preferences
2024-03-10 17:29:38.628 Df SpringBoard[2887:245e] [com.apple.BulletinBoard:General] BBDataProvider: Data provider <com.apple.shortcuts> is missing sort descriptors -- section will not be sorted!
2024-03-10 17:29:38.634 Df SpringBoard[2887:2593] [com.apple.BulletinBoard:Connection] com.apple.usernotificationsserver.DefaultDataProviderFactory adding new data provider proxy for section com.apple.Preferences
2024-03-10 17:29:38.632 Df SpringBoard[2887:25a3] [com.apple.UserNotifications:DataProviderFactory] [com.apple.Sharing.AirDropUIRemoteNotifications] Did create default data provider
2024-03-10 17:29:38.633 Df cloudd[2938:21ef] [com.apple.network:connection] nw_flow_connected [C3.1.1.1 17.248.192.2:443 ready socket-flow (satisfied (Path is satisfied), interface: en3, proxy)] Output protocol connected (CFNetworkConnection-1936444259)
2024-03-10 17:29:38.634 E  SpringBoard[2887:245e] [com.apple.UserNotifications:DataStore] No data found at /Users/chef/Library/Developer/CoreSimulator/Devices/FA441BBB-4AC7-424C-8E75-DDA61780E4A0/data/Library/UserNotifications/3F1BFD27-FF1A-45C7-AE68-6856C3E51FD6/Categories.plist
2024-03-10 17:29:38.632 Df SpringBoard[2887:22ff] [com.apple.BulletinBoard:Connection] BBDataProviderProxy resuming proxy queue
2024-03-10 17:29:38.633 Df SpringBoard[2887:2597] [com.apple.BulletinBoard:Settings] Section settings for data provider com.apple.Sharing.b7ce1794a1c8766816fc7b7500742862: <BBSectionInfo: 0x600000f44dc0> Section com.apple.Sharing.b7ce1794a1c8766816fc7b7500742862 <BBSectionInfoSettings: 0x600000a513b0> Section settings: authorized = Authorized, authorization expiration date = (null), last user granted authorization date = (null), mute configuartion = (null), lock screen = YES, scheduled delivery = NO, announce setting = Disabled, shows on external devices = YES, shows custom settings = NO, content preview setting = Default Setting, Alert style = Modal, Push settings = [s:-SA] [e:-SA], grouping = Default (unmanaged) 'HomePod', hidden from settings
2024-03-10 17:29:38.636 Df cloudd[2938:21ef] [com.apple.network:connection] nw_flow_connected [C3 17.248.192.2:443 in_progress parent-flow (satisfied (Path is satisfied), interface: en3)] Output protocol connected (endpoint_flow)
2024-03-10 17:29:38.635 Df SpringBoard[2887:25a2] [com.apple.UIKit:AssetManager] Could not load asset catalog from bundle NSBundle </Volumes/Xcode/Xcode_14.2.app/Contents/Developer/Platforms/iPhoneOS.platform/Library/Developer/CoreSimulator/Profiles/Runtimes/iOS.simruntime/Contents/Resources/RuntimeRoot/System/Library/UserNotifications/Bundles/com.apple.Sharing.AirDropUIRemoteNotifications.bundle> (not yet loaded): Error Domain=NSCocoaErrorDomain Code=260 "RunTimeThemeRefForBundleIdentifierAndName() couldn't find Assets.car in bundle with identifier: com.apple.Sharing.AirDropUIRemoteNotifications" UserInfo={NSLocalizedDescription=RunTimeThemeRefForBundleIdentifierAndName() couldn't find Assets.car in bundle with identifier: com.apple.Sharing.AirDropUIRemoteNotifications}
2024-03-10 17:29:38.648 Df com.apple.siri.embeddedspeech[3007:2474] [com.apple.trial:_] Released managed-directory lock: /Users/chef/Library/Developer/CoreSimulator/Devices/FA441BBB-4AC7-424C-8E75-DDA61780E4A0/data/Library/Trial/NamespaceDescriptors/v2/factorPackSets/46b3ffca-bc33-4122-8770-30eb34637dd5
2024-03-10 17:29:38.636 E  SpringBoard[2887:245e] [com.apple.UserNotifications:DataStore] No data found at /Users/chef/Library/Developer/CoreSimulator/Devices/FA441BBB-4AC7-424C-8E75-DDA61780E4A0/data/Library/UserNotifications/3F1BFD27-FF1A-45C7-AE68-6856C3E51FD6/Topics.plist
2024-03-10 17:29:38.636 Df SpringBoard[2887:25a3] [com.apple.UserNotifications:DataProviderFactory] [com.apple.Sharing.AirDropUIRemoteNotifications] Purging invalid notification records
2024-03-10 17:29:38.636 Df SpringBoard[2887:2597] [com.apple.BulletinBoard:Connection] BBDataProviderManager adding data provider <BBRemoteDataProvider 0x60000187e2b0; com.apple.Sharing.HomePodRemoteNotifications> to BBServer
2024-03-10 17:29:38.641 Df SpringBoard[2887:245e] [com.apple.BulletinBoard:General] BBDataProvider: Data provider <com.apple.siri> is missing sort descriptors -- section will not be sorted!
2024-03-10 17:29:38.636 Df SpringBoard[2887:2593] [com.apple.BulletinBoard:Connection] com.apple.usernotificationsserver.DefaultDataProviderFactory updating data provider proxy for section com.apple.shortcuts
2024-03-10 17:29:38.645 Df SpringBoard[2887:245e] [com.apple.UserNotifications:DataProviderFactory] Got 2 section infos for default data providers with visible settings
2024-03-10 17:29:38.643 E  SpringBoard[2887:25a2] [com.apple.UserNotificationsKit:Icons] Notification icon is smaller than expanded size of 40.000000: AirDropUI-Notification-Icon in bundle /Volumes/Xcode/Xcode_14.2.app/Contents/Developer/Platforms/iPhoneOS.platform/Library/Developer/CoreSimulator/Profiles/Runtimes/iOS.simruntime/Contents/Resources/RuntimeRoot/System/Library/UserNotifications/Bundles/com.apple.Sharing.AirDropUIRemoteNotifications.bundle
2024-03-10 17:29:38.641 Df SpringBoard[2887:25a3] [com.apple.BulletinBoard:Connection] BBDataProviderProxy setting server proxy: <_NSXPCDistantObject: 0x600001875cc0>
2024-03-10 17:29:38.653 Df SpringBoard[2887:2057] [com.apple.UserNotificationsKit:Lists] Destination CSCombinedListViewController updating notification section settings for section com.apple.Sharing.AirDropUIRemoteNotifications
2024-03-10 17:29:38.653 Df SpringBoard[2887:2057] [com.apple.UserNotificationsKit:Lists] Notification List [NCNotificationStructuredListViewController] updating notification section settings for section com.apple.Sharing.AirDropUIRemoteNotifications
2024-03-10 17:29:38.654 Df SpringBoard[2887:2057] [com.apple.SpringBoard:CoverSheet] Ignoring redundant update for <CSCombinedListViewController: 0x7fbe42846200> because there is no content
2024-03-10 17:29:38.654 Df SpringBoard[2887:2057] [com.apple.SpringBoard:CoverSheet] Ignoring redundant update for <CSCombinedListViewController: 0x7fbe42846200> because there is no content
2024-03-10 17:29:38.655 Df SpringBoard[2887:2057] [com.apple.SpringBoard:CoverSheet] Ignoring redundant update for <CSCombinedListViewController: 0x7fbe42846200> because there is no content
2024-03-10 17:29:38.653 E  SpringBoard[2887:2598] [com.apple.BaseBoard:Common]  **** failed to open fd at tempPath=/Users/chef/Library/Developer/CoreSimulator/Devices/FA441BBB-4AC7-424C-8E75-DDA61780E4A0/data/tmp/sectionInfoIcon.AirDropUI-Notification-Icon./Volumes/Xcode/Xcode_14.2.app/Contents/Developer/Platforms/iPhoneOS.platform/Library/Developer/CoreSimulator/Profiles/Runtimes/iOS.simruntime/Contents/Resources/RuntimeRoot/System/Library/UserNotifications/Bundles/com.apple.Sharing.AirDropUIRemoteNotifications.bundle.(null).(null).17.cpbitmap.s4My6J
2024-03-10 17:29:38.636 Df cloudd[2938:21ef] [com.apple.network:connection] [C3 17.248.192.2:443 ready parent-flow (satisfied (Path is satisfied), viable, interface: en3)] event: flow:finish_connect @0.407s
2024-03-10 17:29:38.658 Df ScreenTimeAgent[3014:23fe] (libMobileGestalt.dylib) No persisted cache on this platform.
2024-03-10 17:29:38.651 Df SpringBoard[2887:25a3] [com.apple.UserNotifications:DataProviderFactory] [com.apple.Sharing.b7ce1794a1c8766816fc7b7500742862] Did create default data provider
2024-03-10 17:29:38.660 Df nanotimekitcompaniond[2947:23e3] [com.apple.xpc.activity:Client] xpc_activity_set_criteria: com.apple.nanotimekit.daemon-activity (0x6000009bc140), setting state now to 0
2024-03-10 17:29:38.646 E  SpringBoard[2887:2597] [com.apple.BulletinBoard:Settings] Encountered error obtaining application record for section com.apple.Sharing.HomePodRemoteNotifications: The operation couldnâ€™t be completed. (OSStatus error -10814.)
2024-03-10 17:29:38.660 Df nanotimekitcompaniond[2947:23e3] [com.apple.xpc.activity:Client] _xpc_activity_set_state: com.apple.nanotimekit.daemon-activity (0x6000009bc140), 0
2024-03-10 17:29:38.646 Df SpringBoard[2887:2593] [com.apple.BulletinBoard:Connection] com.apple.usernotificationsserver.DefaultDataProviderFactory adding new data provider proxy for section com.apple.shortcuts
2024-03-10 17:29:38.651 Df SpringBoard[2887:22ff] [com.apple.BulletinBoard:Connection] BBDataProviderProxy resuming proxy queue
2024-03-10 17:29:38.646 Df SpringBoard[2887:259f] [com.apple.BulletinBoard:Connection] com.apple.usernotificationsserver.DefaultDataProviderFactory updating data provider proxy for section com.apple.siri
2024-03-10 17:29:38.664 Df apsd[2932:20e9] [com.apple.apsd:courier] copyTokenForDomain sandbox.push.apple.com (null)
2024-03-10 17:29:38.657 Df SpringBoard[2887:25a3] [com.apple.UserNotifications:DataProviderFactory] [com.apple.Sharing.b7ce1794a1c8766816fc7b7500742862] Purging invalid notification records
2024-03-10 17:29:38.664 A  apsd[2932:20e9] (Security) SecItemCopyMatching_ios
2024-03-10 17:29:38.660 Df nanotimekitcompaniond[2947:23e3] [com.apple.xpc.activity:Client] __XPC_ACTIVITY_CALLING_HANDLER__: com.apple.nanotimekit.daemon-activity (0x6000009bc140), current state 0, pending state 0
2024-03-10 17:29:38.646 Df SpringBoard[2887:245e] [com.apple.UserNotifications:DataProviderFactory] [com.apple.Passbook] Got section info [ enabled: 1 ]
2024-03-10 17:29:38.662 Df tccd[2899:2181] [com.apple.xpc.activity:Client] xpc_activity_set_criteria, lower half: com.apple.tccd.gc (0x60000384c0a0), check-in
2024-03-10 17:29:38.663 Df geod[3010:23bd] [com.apple.xpc.activity:Client] xpc_activity_set_criteria: com.apple.geod.updateNetworkDefaults (0x6000039c4000), dict
2024-03-10 17:29:38.637 Df cloudd[2938:21ef] [com.apple.network:connection] nw_connection_report_state_with_handler_on_nw_queue [C3] reporting state ready
2024-03-10 17:29:38.657 Df SpringBoard[2887:259f] [com.apple.BulletinBoard:Connection] com.apple.usernotificationsserver.DefaultDataProviderFactory adding new data provider proxy for section com.apple.siri
2024-03-10 17:29:38.663 Df geod[3010:23bd] [com.apple.xpc.activity:Client] __XPC_ACTIVITY_CALLING_HANDLER__ returned from handler: com.apple.geod.updateNetworkDefaults (0x6000039c4000), current state 0, pending state 0
2024-03-10 17:29:38.669 Df apsd[2932:20e9] [com.apple.apsd:courier] copyTokenForDomain sandbox.push.apple.com (null)
2024-03-10 17:29:38.662 Df tccd[2899:2181] [com.apple.xpc.activity:Client] _xpc_activity_set_criteria: com.apple.tccd.gc (0x60000384c0a0), check-in
2024-03-10 17:29:38.643 Df cloudd[2938:21ef] [com.apple.network:connection] [C3 17.248.192.2:443 ready parent-flow (satisfied (Path is satisfied), viable, interface: en3)] event: flow:changed_viability @0.414s
2024-03-10 17:29:38.658 Df SpringBoard[2887:25a2] [com.apple.UIKit:AssetManager] Could not load asset catalog from bundle NSBundle </Volumes/Xcode/Xcode_14.2.app/Contents/Developer/Platforms/iPhoneOS.platform/Library/Developer/CoreSimulator/Profiles/Runtimes/iOS.simruntime/Contents/Resources/RuntimeRoot/System/Library/UserNotifications/Bundles/com.apple.Sharing.b7ce1794a1c8766816fc7b7500742862.bundle> (not yet loaded): Error Domain=NSCocoaErrorDomain Code=260 "RunTimeThemeRefForBundleIdentifierAndName() couldn't find Assets.car in bundle with identifier: com.apple.Sharing.b7ce1794a1c8766816fc7b7500742862" UserInfo={NSLocalizedDescription=RunTimeThemeRefForBundleIdentifierAndName() couldn't find Assets.car in bundle with identifier: com.apple.Sharing.b7ce1794a1c8766816fc7b7500742862}
2024-03-10 17:29:38.669 A  apsd[2932:20e9] (Security) SecItemCopyMatching_ios
2024-03-10 17:29:38.663 Df geod[3010:23bd] [com.apple.xpc.activity:Client] _xpc_activity_set_state: com.apple.geod.updateNetworkDefaults (0x6000039c4000), 1
2024-03-10 17:29:38.660 Df nanotimekitcompaniond[2947:23e3] [com.apple.NanoTimeKit:DaemonActivity] checkin complete with state = checkin
2024-03-10 17:29:38.671 Df apsd[2932:20e9] [com.apple.apsd:courier] <APSCourier 0x7fe791004b40 development>: __processStoredIncomingMessageForConnection: <APSConnectionServer: 0x60000154c2c0>
2024-03-10 17:29:38.644 Df cloudd[2938:21ef] [com.apple.network:connection] [C3.1.1 gateway.icloud.com:443 ready resolver (satisfied (Path is satisfied), interface: en3, proxy)] event: flow:finish_transport @0.415s
2024-03-10 17:29:37.022 Df geod[3010:23c2] [com.apple.xpc.activity:Client] xpc_activity_set_criteria: com.apple.geo.ma.resource.server (0x6000039c41e0), setting state now to 0
2024-03-10 17:29:38.660 Df nanotimekitcompaniond[2947:23e3] [com.apple.xpc.activity:Client] __XPC_ACTIVITY_CALLING_HANDLER__ returned from handler: com.apple.nanotimekit.daemon-activity (0x6000009bc140), current state 0, pending state 0
2024-03-10 17:29:38.658 Df SpringBoard[2887:245e] [com.apple.UserNotifications:DataProviderFactory] [com.apple.Passbook] Create default data provider
2024-03-10 17:29:38.646 Df cloudd[2938:21ef] [com.apple.network:connection] [C3.1 gateway.icloud.com:443 ready transform (satisfied (Path is satisfied), viable, interface: en3)] event: flow:finish_transport @0.417s
2024-03-10 17:29:38.660 Df nanotimekitcompaniond[2947:23e3] [com.apple.xpc.activity:Client] _xpc_activity_set_state: com.apple.nanotimekit.daemon-activity (0x6000009bc140), 1
2024-03-10 17:29:38.663 Df geod[3010:23c2] [com.apple.xpc.activity:Client] _xpc_activity_set_state: com.apple.geo.ma.resource.server (0x6000039c41e0), 0
2024-03-10 17:29:38.658 Df SpringBoard[2887:2597] [com.apple.BulletinBoard:Settings] Section settings for data provider com.apple.Sharing.HomePodRemoteNotifications: <BBSectionInfo: 0x600000f7a050> Section com.apple.Sharing.HomePodRemoteNotifications <BBSectionInfoSettings: 0x600000a63e70> Section settings: authorized = Authorized, authorization expiration date = (null), last user granted authorization date = (null), mute configuartion = (null), lock screen = YES, scheduled delivery = NO, announce setting = Disabled, shows on external devices = YES, shows custom settings = NO, content preview setting = Default Setting, Alert style = Modal, Push settings = [s:-SA] [e:-SA], grouping = Default (unmanaged) 'HomePod', hidden from settings
2024-03-10 17:29:38.663 Df geod[3010:23c2] [com.apple.xpc.activity:Client] __XPC_ACTIVITY_CALLING_HANDLER__: com.apple.geo.ma.resource.server (0x6000039c41e0), current state 0, pending state 0
2024-03-10 17:29:38.230 Df SpringBoard[2887:2595] [com.apple.UserNotifications:Connections] [com.apple.siri.NotificationSource] Setting 0 notification categories
2024-03-10 17:29:38.654 Df cloudd[2938:21ef] [com.apple.network:connection] [C3 17.248.192.2:443 ready parent-flow (satisfied (Path is satisfied), viable, interface: en3)] event: flow:finish_transport @0.424s
2024-03-10 17:29:38.664 Df SpringBoard[2887:2597] [com.apple.BulletinBoard:Connection] BBDataProviderManager adding data provider <BBRemoteDataProvider 0x600001876940; com.apple.ShazamNotifications> to BBServer
2024-03-10 17:29:38.663 Df geod[3010:23c6] [com.apple.xpc.activity:Client] _xpc_activity_set_criteria: com.apple.geo.analytics (0x6000039cc140), check-in
2024-03-10 17:29:38.666 E  SpringBoard[2887:25a2] [com.apple.UserNotificationsKit:Icons] Notification icon is smaller than expanded size of 40.000000: 78C22122-4FAA-4FD2-AEB4-2A1A8F00AED5 in bundle /Volumes/Xcode/Xcode_14.2.app/Contents/Developer/Platforms/iPhoneOS.platform/Library/Developer/CoreSimulator/Profiles/Runtimes/iOS.simruntime/Contents/Resources/RuntimeRoot/System/Library/UserNotifications/Bundles/com.apple.Sharing.b7ce1794a1c8766816fc7b7500742862.bundle
2024-03-10 17:29:38.666 Df SpringBoard[2887:259f] [com.apple.BulletinBoard:Connection] BBDataProviderProxy setting server proxy: <_NSXPCDistantObject: 0x600001870410>
2024-03-10 17:29:38.658 Df cloudd[2938:21ef] [com.apple.network:connection] [C3.1.1.1 17.248.192.2:443 ready socket-flow (satisfied (Path is satisfied), interface: en3, proxy)] event: flow:changed_viability @0.428s
2024-03-10 17:29:38.658 Df cloudd[2938:21ef] [com.apple.network:connection] [C3.1.1 gateway.icloud.com:443 ready resolver (satisfied (Path is satisfied), interface: en3, proxy)] event: flow:changed_viability @0.429s
2024-03-10 17:29:38.668 Df cloudd[2938:21ef] [com.apple.network:connection] [C3.1 gateway.icloud.com:443 ready transform (satisfied (Path is satisfied), viable, interface: en3)] event: flow:changed_viability @0.439s
2024-03-10 17:29:38.670 Df cloudd[2938:21ef] [com.apple.network:connection] [C3 17.248.192.2:443 ready parent-flow (satisfied (Path is satisfied), viable, interface: en3)] event: flow:changed_viability @0.440s
2024-03-10 17:29:38.672 Df cloudd[2938:21ef] [com.apple.network:connection] nw_flow_connected [C3 17.248.192.2:443 ready parent-flow (satisfied (Path is satisfied), viable, interface: en3)] Output protocol connected (endpoint_flow)
2024-03-10 17:29:38.678 Df cloudd[2938:21ef] [com.apple.securityd:xpc] cleaning up unpooled xpc conn to trustd 0x60000174e5a0
2024-03-10 17:29:38.678 Df cloudd[2938:21ef] (CFNetwork) Connection 3: connected successfully
2024-03-10 17:29:38.680 Df cloudd[2938:258f] [com.apple.securityd:xpc] got event: Connection invalid
2024-03-10 17:29:38.673 Df SpringBoard[2887:2057] [com.apple.UserNotificationsKit:Lists] Destination CSCombinedListViewController updating notification section settings for section com.apple.Sharing.b7ce1794a1c8766816fc7b7500742862
2024-03-10 17:29:38.673 Df SpringBoard[2887:2057] [com.apple.UserNotificationsKit:Lists] Notification List [NCNotificationStructuredListViewController] updating notification section settings for section com.apple.Sharing.b7ce1794a1c8766816fc7b7500742862
2024-03-10 17:29:38.675 Df SpringBoard[2887:2057] [com.apple.SpringBoard:CoverSheet] Ignoring redundant update for <CSCombinedListViewController: 0x7fbe42846200> because there is no content
2024-03-10 17:29:38.681 Df cloudd[2938:21ef] (CFNetwork) Connection 3: TLS handshake complete
2024-03-10 17:29:38.675 Df SpringBoard[2887:2057] [com.apple.SpringBoard:CoverSheet] Ignoring redundant update for <CSCombinedListViewController: 0x7fbe42846200> because there is no content
2024-03-10 17:29:38.676 Df SpringBoard[2887:2057] [com.apple.SpringBoard:CoverSheet] Ignoring redundant update for <CSCombinedListViewController: 0x7fbe42846200> because there is no content
2024-03-10 17:29:38.674 E  SpringBoard[2887:25a3] [com.apple.BaseBoard:Common]  **** failed to open fd at tempPath=/Users/chef/Library/Developer/CoreSimulator/Devices/FA441BBB-4AC7-424C-8E75-DDA61780E4A0/data/tmp/sectionInfoIcon.78C22122-4FAA-4FD2-AEB4-2A1A8F00AED5./Volumes/Xcode/Xcode_14.2.app/Contents/Developer/Platforms/iPhoneOS.platform/Library/Developer/CoreSimulator/Profiles/Runtimes/iOS.simruntime/Contents/Resources/RuntimeRoot/System/Library/UserNotifications/Bundles/com.apple.Sharing.b7ce1794a1c8766816fc7b7500742862.bundle.(null).(null).17.cpbitmap.48ANmP
2024-03-10 17:29:38.681 Df cloudd[2938:21ef] (CFNetwork) Connection 3: ready C(N) E(N)
2024-03-10 17:29:38.668 E  SpringBoard[2887:2597] [com.apple.BulletinBoard:Settings] Encountered error obtaining application record for section com.apple.ShazamNotifications: The operation couldnâ€™t be completed. (OSStatus error -10814.)
2024-03-10 17:29:38.681 Df cloudd[2938:21ef] [com.apple.network:connection] [C3] event: client:connection_reused @0.452s
2024-03-10 17:29:38.670 Df SpringBoard[2887:259f] [com.apple.UserNotifications:DataProviderFactory] [com.apple.Sharing.HomePodRemoteNotifications] Did create default data provider
2024-03-10 17:29:38.681 Df SpringBoard[2887:2597] [com.apple.BulletinBoard:Settings] Section settings for data provider com.apple.ShazamNotifications: <BBSectionInfo: 0x600000f79130> Section com.apple.ShazamNotifications <BBSectionInfoSettings: 0x600000a60000> Section settings: authorized = Authorized, authorization expiration date = (null), last user granted authorization date = (null), mute configuartion = (null), notification center = YES, lock screen = YES, scheduled delivery = NO, announce setting = Disabled, shows on external devices = YES, shows custom settings = NO, content preview setting = Default Setting, Alert style = Banner, Push settings = [s:-SA] [e:-SA], grouping = Default (unmanaged) 'Music Recognition', hidden from settings
2024-03-10 17:29:38.689 E  cfprefsd[2925:209b] [com.apple.defaults:cfprefsd] Couldn't open parent path due to [2: No such file or directory]
2024-03-10 17:29:38.670 Df SpringBoard[2887:245e] [com.apple.UserNotifications:DataProviderFactory] [com.apple.Home] Got section info [ enabled: 1 ]
2024-03-10 17:29:38.686 Df cloudd[2938:21ef] (CFNetwork) Task <7207EFFC-74F1-4FC4-B845-49DCDCEC1720>.<1> TAKING power assertion.
2024-03-10 17:29:38.690 E  cfprefsd[2925:209b] [com.apple.defaults:cfprefsd] Couldn't open parent path due to [2: No such file or directory]
2024-03-10 17:29:38.681 Df SpringBoard[2887:25a2] [com.apple.UIKit:AssetManager] Could not load asset catalog from bundle NSBundle </Volumes/Xcode/Xcode_14.2.app/Contents/Developer/Platforms/iPhoneOS.platform/Library/Developer/CoreSimulator/Profiles/Runtimes/iOS.simruntime/Contents/Resources/RuntimeRoot/System/Library/UserNotifications/Bundles/com.apple.Sharing.HomePodRemoteNotifications.bundle> (not yet loaded): Error Domain=NSCocoaErrorDomain Code=260 "RunTimeThemeRefForBundleIdentifierAndName() couldn't find Assets.car in bundle with identifier: com.apple.Sharing.HomePodRemoteNotifications" UserInfo={NSLocalizedDescription=RunTimeThemeRefForBundleIdentifierAndName() couldn't find Assets.car in bundle with identifier: com.apple.Sharing.HomePodRemoteNotifications}
2024-03-10 17:29:38.687 Df cloudd[2938:21ef] (CFNetwork) Connection 3: received viability advisory(Y)
2024-03-10 17:29:38.671 Df SpringBoard[2887:2598] [com.apple.BulletinBoard:Connection] BBDataProviderProxy resuming proxy queue
2024-03-10 17:29:38.687 Df cloudd[2938:21ef] [com.apple.network:connection] [C3] event: client:connection_idle @0.457s
2024-03-10 17:29:38.682 Df SpringBoard[2887:245e] [com.apple.UserNotifications:DataProviderFactory] [com.apple.Home] Create default data provider
2024-03-10 17:29:38.697 Df apsd[2932:20e9] SetupConnection: env=development portName=com.apple.aps.remindd
2024-03-10 17:29:38.681 Df SpringBoard[2887:259f] [com.apple.UserNotifications:DataProviderFactory] [com.apple.Sharing.HomePodRemoteNotifications] Purging invalid notification records
2024-03-10 17:29:38.699 Df weatherd[2971:22da] [com.apple.xpc.activity:Client] xpc_activity_set_criteria: com.apple.weatherd.databases (0x6000018cc3c0), setting state now to 0
2024-03-10 17:29:38.697 Df apsd[2932:20e9] [com.apple.apsd:daemon] Found existing connection <APSConnectionServer: 0x600001544210> for port name: com.apple.aps.remindd
2024-03-10 17:29:38.689 Df SpringBoard[2887:245e] [com.apple.UserNotifications:DataProvider] [com.apple.accountnotifications] data provider loaded
2024-03-10 17:29:38.699 Df weatherd[2971:22da] [com.apple.xpc.activity:Client] _xpc_activity_set_state: com.apple.weatherd.databases (0x6000018cc3c0), 0
2024-03-10 17:29:38.687 Df cloudd[2938:21ef] (CFNetwork) Task <7207EFFC-74F1-4FC4-B845-49DCDCEC1720>.<1> RELEASING power assertion.
2024-03-10 17:29:38.682 Df SpringBoard[2887:2597] [com.apple.BulletinBoard:General] BBServer: Update bulletins in section com.apple.ShazamNotifications for feed 1
2024-03-10 17:29:38.699 Df weatherd[2971:22da] [com.apple.xpc.activity:Client] __XPC_ACTIVITY_CALLING_HANDLER__: com.apple.weatherd.databases (0x6000018cc3c0), current state 0, pending state 0
2024-03-10 17:29:38.687 E  SpringBoard[2887:25a2] [com.apple.UserNotificationsKit:Icons] Notification icon is smaller than expanded size of 40.000000: HomePod_Glyph in bundle /Volumes/Xcode/Xcode_14.2.app/Contents/Developer/Platforms/iPhoneOS.platform/Library/Developer/CoreSimulator/Profiles/Runtimes/iOS.simruntime/Contents/Resources/RuntimeRoot/System/Library/UserNotifications/Bundles/com.apple.Sharing.HomePodRemoteNotifications.bundle
2024-03-10 17:29:38.697 Df apsd[2932:20e9] [com.apple.apsd:daemon] Setting connection <APSConnectionServer: 0x600001544210> on peer: <xpc object>
2024-03-10 17:29:38.699 Df weatherd[2971:22da] [com.apple.weather:Scheduling] Deferring activity: com.apple.weatherd.databases
2024-03-10 17:29:38.691 Df SpringBoard[2887:2597] [com.apple.BulletinBoard:Connection] BBDataProviderManager adding data provider <BBRemoteDataProvider 0x600001877160; com.apple.shortcuts.AutomationLockscreenNotifications> to BBServer
2024-03-10 17:29:38.699 Df weatherd[2971:22da] [com.apple.xpc.activity:Client] __XPC_ACTIVITY_CALLING_HANDLER__ returned from handler: com.apple.weatherd.databases (0x6000018cc3c0), current state 0, pending state 0
2024-03-10 17:29:38.697 Df SpringBoard[2887:2057] [com.apple.UserNotificationsKit:Lists] Destination CSCombinedListViewController updating notification section settings for section com.apple.Sharing.HomePodRemoteNotifications
2024-03-10 17:29:38.699 Df weatherd[2971:22da] [com.apple.xpc.activity:Client] _xpc_activity_set_state: com.apple.weatherd.databases (0x6000018cc3c0), 1
2024-03-10 17:29:38.699 Df SpringBoard[2887:2057] [com.apple.UserNotificationsKit:Lists] Notification List [NCNotificationStructuredListViewController] updating notification section settings for section com.apple.Sharing.HomePodRemoteNotifications
2024-03-10 17:29:38.698 Df apsd[2932:20e9] [com.apple.apsd:connectionServer] Replacing xpc conn (null) with <xpc object> for <APSConnectionServer: 0x600001544210> (com.apple.aps.remindd)
2024-03-10 17:29:38.700 Df SpringBoard[2887:2057] [com.apple.SpringBoard:CoverSheet] Ignoring redundant update for <CSCombinedListViewController: 0x7fbe42846200> because there is no content
2024-03-10 17:29:38.700 Df SpringBoard[2887:2057] [com.apple.SpringBoard:CoverSheet] Ignoring redundant update for <CSCombinedListViewController: 0x7fbe42846200> because there is no content
2024-03-10 17:29:38.701 Df SpringBoard[2887:2057] [com.apple.SpringBoard:CoverSheet] Ignoring redundant update for <CSCombinedListViewController: 0x7fbe42846200> because there is no content
2024-03-10 17:29:38.698 Df apsd[2932:20e9] [com.apple.apsd:courier] copyTokenForDomain sandbox.push.apple.com (null)
2024-03-10 17:29:38.697 E  SpringBoard[2887:2593] [com.apple.BaseBoard:Common]  **** failed to open fd at tempPath=/Users/chef/Library/Developer/CoreSimulator/Devices/FA441BBB-4AC7-424C-8E75-DDA61780E4A0/data/tmp/sectionInfoIcon.HomePod_Glyph./Volumes/Xcode/Xcode_14.2.app/Contents/Developer/Platforms/iPhoneOS.platform/Library/Developer/CoreSimulator/Profiles/Runtimes/iOS.simruntime/Contents/Resources/RuntimeRoot/System/Library/UserNotifications/Bundles/com.apple.Sharing.HomePodRemoteNotifications.bundle.(null).(null).17.cpbitmap.wVahyf
2024-03-10 17:29:38.691 Df SpringBoard[2887:2596] [com.apple.BulletinBoard:Connection] BBDataProviderProxy setting server proxy: <_NSXPCDistantObject: 0x60000187f980>
2024-03-10 17:29:38.692 E  SpringBoard[2887:2597] [com.apple.BulletinBoard:Settings] Encountered error obtaining application record for section com.apple.shortcuts.AutomationLockscreenNotifications: The operation couldnâ€™t be completed. (OSStatus error -10814.)
2024-03-10 17:29:38.704 Df SpringBoard[2887:2596] [com.apple.UserNotifications:DataProviderFactory] [com.apple.ShazamNotifications] Did create default data provider
2024-03-10 17:29:38.705 Df SpringBoard[2887:2597] [com.apple.BulletinBoard:Settings] Section settings for data provider com.apple.shortcuts.AutomationLockscreenNotifications: <BBSectionInfo: 0x600000f442c0> Section com.apple.shortcuts.AutomationLockscreenNotifications <BBSectionInfoSettings: 0x600000a51dd0> Section settings: authorized = Authorized, authorization expiration date = (null), last user granted authorization date = (null), mute configuartion = (null), notification center = YES, lock screen = YES, scheduled delivery = NO, announce setting = Disabled, shows on external devices = YES, shows custom settings = NO, content preview setting = Always show, Alert style = Banner, Push settings = [s:-SA] [e:-SA], grouping = Default (unmanaged), hidden from settings
2024-03-10 17:29:38.698 A  apsd[2932:20e9] (Security) SecItemCopyMatching_ios
2024-03-10 17:29:38.709 Df remindd[2916:2372] [com.apple.apsd:connection] <APSConnection: 0x600000c19b20> setEnabledTopics (
    "com.apple.icloud-container.com.apple.reminders"
) ignoredTopics (
) opportunisticTopics (
) nonWakingTopics (
) sendToDaemon: NO completion: (null)
2024-03-10 17:29:38.704 Df SpringBoard[2887:2593] [com.apple.BulletinBoard:Connection] BBDataProviderProxy resuming proxy queue
2024-03-10 17:29:38.701 Df apsd[2932:20e9] [com.apple.apsd:courier] copyTokenForDomain sandbox.push.apple.com (null)
2024-03-10 17:29:38.707 Df SpringBoard[2887:2596] [com.apple.UserNotifications:DataProviderFactory] [com.apple.ShazamNotifications] Purging invalid notification records
2024-03-10 17:29:38.709 Df remindd[2916:2372] [com.apple.apsd:connection] <APSConnection: 0x600000c19b20> got all nil topics, considering this as a change to flush any cached topics in apsd for named ports.
2024-03-10 17:29:38.714 Df voiced[3023:2502] (libMobileGestalt.dylib) No persisted cache on this platform.
2024-03-10 17:29:38.666 Df SpringBoard[2887:2595] [com.apple.BaseBoard:Common] Resolved bundle path /Volumes/Xcode/Xcode_14.2.app/Contents/Developer/Platforms/iPhoneOS.platform/Library/Developer/CoreSimulator/Profiles/Runtimes/iOS.simruntime/Contents/Resources/RuntimeRoot/System/Library/PrivateFrameworks/AssistantServices.framework does not match executable assistantd
2024-03-10 17:29:38.701 A  apsd[2932:20e9] (Security) SecItemCopyMatching_ios
2024-03-10 17:29:38.715 A  cloudd[2938:258f] (CloudKitDaemon) url-request-transmission
2024-03-10 17:29:38.707 Df SpringBoard[2887:2597] [com.apple.BulletinBoard:General] BBServer: Update bulletins in section com.apple.shortcuts.AutomationLockscreenNotifications for feed 1
2024-03-10 17:29:38.715 Df cloudd[2938:258f] [com.apple.cloudkit.sim:Request] req: D302EB5D-B7C1-4B15-8DD5-5850B3AAD36F, "requestForEstablishedConnection"
2024-03-10 17:29:38.703 Df apsd[2932:20e9] [com.apple.apsd:courier] <APSCourier 0x7fe791004b40 development> <APSConnectionServer: 0x600001544210> has established new xpc connection <xpc object>
2024-03-10 17:29:38.709 Df remindd[2916:2372] [com.apple.apsd:connection] APS <APSConnection: 0x600000c19b20> _connection is NULL in _sendEnabledTopics:ignoredTopics:opportunisticTopics:!
2024-03-10 17:29:38.709 Df SpringBoard[2887:2597] [com.apple.BulletinBoard:Connection] BBDataProviderManager adding data provider <BBRemoteDataProvider 0x6000018708c0; com.apple.siri.NotificationSource> to BBServer
2024-03-10 17:29:38.715 Df cloudd[2938:258f] [com.apple.CFNetwork:ATS] Task <7207EFFC-74F1-4FC4-B845-49DCDCEC1720>.<1> {strength 0, tls 4, sub 0, sig 1, ciphers 0, bundle 1, builtin 0}
2024-03-10 17:29:38.717 Df dmd[2998:232c] Connected <CATTaskSession: 0x6000037cc900 { state = Connected, session = F73358E9-98EB-40C5-883B-58273747814B, transport = <CATXPCTransport: 0x6000026c1c70 { state = Connected }> }>
2024-03-10 17:29:38.710 Df SpringBoard[2887:2593] [com.apple.BulletinBoard:Connection] BBDataProviderProxy setting server proxy: <_NSXPCDistantObject: 0x600001874cd0>
2024-03-10 17:29:38.709 Df remindd[2916:2372] [com.apple.apsd:connection] <APSConnection: 0x600000c19b20> setEnableCriticalReliability NO sendToDaemon NO
2024-03-10 17:29:38.718 Df voiced[3023:2502] [com.apple.voiceserviceslogging:default] Start updating voice and voice resources.
2024-03-10 17:29:38.711 Df SpringBoard[2887:2593] [com.apple.UserNotifications:DataProviderFactory] [com.apple.shortcuts.AutomationLockscreenNotifications] Did create default data provider
2024-03-10 17:29:38.715 Df cloudd[2938:258f] [com.apple.network:connection] [C3] event: client:connection_reused @0.486s
2024-03-10 17:29:38.704 Df apsd[2932:20e9] [com.apple.apsd:connectionServer] Dispatching high priority message on server: <APSConnectionServer: 0x600001544210>
2024-03-10 17:29:38.711 Df SpringBoard[2887:2461] [com.apple.BulletinBoard:Connection] BBDataProviderProxy resuming proxy queue
2024-03-10 17:29:38.716 Df ScreenTimeAgent[3014:23fe] [com.apple.ScreenTimeAgent:checkpoint] STScreenTimeOrganizationController: Starting account change observation
2024-03-10 17:29:38.709 Df remindd[2916:2372] [com.apple.apsd:connection] <APSConnection: 0x600000c19b20> _setUsesAppLaunchStats NO sendToDaemon NO
2024-03-10 17:29:38.719 Df voiced[3023:2502] [com.apple.voiceserviceslogging:default] com.apple.AssistantServices on accessory  has a subscribed voice: Type:undefined, Name: nora, Languages: en-US, Gender: female, Footprint: unknown, Installed: 0, ContentVersion: (null), MasteredVersion: (null), downloadSize: (null), isBuiltIn: 0
2024-03-10 17:29:38.705 Df apsd[2932:20e9] [com.apple.apsd:connectionServer] Dispatching high priority message on server: <APSConnectionServer: 0x600001544210>
2024-03-10 17:29:38.712 Df SpringBoard[2887:2593] [com.apple.UserNotifications:DataProviderFactory] [com.apple.shortcuts.AutomationLockscreenNotifications] Purging invalid notification records
2024-03-10 17:29:38.722 Df voiced[3023:2502] [com.apple.trial:_] Released managed-directory lock: /Users/chef/Library/Developer/CoreSimulator/Devices/FA441BBB-4AC7-424C-8E75-DDA61780E4A0/data/Library/Trial/NamespaceDescriptors/v2/factorPackSets/88b26bf3-6dcf-42dd-8c3d-06cba2bb1ea7/legacyNamespaceFactorPacks/SIRI_TEXT_TO_SPEECH
2024-03-10 17:29:38.721 Df ScreenTimeAgent[3014:25b5] (DeviceManagement) Client did connect: <CATTaskClient: 0x6000011f9380 { state = Connected, session = F73358E9-98EB-40C5-883B-58273747814B, transport = <CATXPCTransport: 0x600001cf0fa0 { state = Connected }> }>
2024-03-10 17:29:38.710 Df remindd[2916:2372] [com.apple.apsd:connection] <APSConnection: 0x600000c19b20> _setTrackActivityPresence NO sendToDaemon NO
2024-03-10 17:29:38.710 Df remindd[2916:2372] [com.apple.apsd:connection] <APSConnection: 0x600000c19b20> _setEnableStatusNotifications NO sendToDaemon NO
2024-03-10 17:29:38.712 Df remindd[2916:2372] [com.apple.apsd:connection] <APSConnection: 0x600000c19b20> setMessageSize: 0
2024-03-10 17:29:38.723 Df homed[3006:23a5] [com.apple.IDS:_IDSService] Client setup service -- checked in {service: com.apple.private.alloy.home}
2024-03-10 17:29:38.722 Df voiced[3023:2502] [com.apple.voiceserviceslogging:event] Updating target voice: Type:undefined, Name: nora, Languages: en-US, Gender: female, Footprint: unknown, Installed: 0, ContentVersion: (null), MasteredVersion: (null), downloadSize: (null), isBuiltIn: 0
2024-03-10 17:29:38.714 Df remindd[2916:2372] [com.apple.apsd:connection] <APSConnection: 0x600000c19b20> setLargeMessageSize: 0
2024-03-10 17:29:38.726 Df distnoted[2913:2096] [com.apple.distnoted:diagnostic] register name: ACDAccountStoreDidChangeNotification object: kCFNotificationAnyObject token: 100000000 pid: 3014
2024-03-10 17:29:38.712 E  SpringBoard[2887:2597] [com.apple.BulletinBoard:Settings] Encountered error obtaining application record for section com.apple.siri.NotificationSource: The operation couldnâ€™t be completed. (OSStatus error -10814.)
2024-03-10 17:29:38.716 Df remindd[2916:2372] [com.apple.apsd:connection] <APSConnection: 0x600000c19b20> Delivering did reconnect apsd
2024-03-10 17:29:38.722 A  ScreenTimeAgent[3014:23fe] (Accounts) accounts/accounts-with-types
2024-03-10 17:29:38.715 Df SpringBoard[2887:2597] [com.apple.BulletinBoard:Settings] Section settings for data provider com.apple.siri.NotificationSource: <BBSectionInfo: 0x600000f449a0> Section com.apple.siri.NotificationSource <BBSectionInfoSettings: 0x600000a65290> Section settings: authorized = Authorized, authorization expiration date = (null), last user granted authorization date = (null), mute configuartion = (null), notification center = YES, lock screen = YES, scheduled delivery = NO, announce setting = Disabled, shows on external devices = YES, shows custom settings = NO, content preview setting = Default Setting, Alert style = Banner, Push settings = [s:---] [e:---], grouping = Default (unmanaged) 'Siri', hidden from settings
2024-03-10 17:29:38.720 Df remindd[2916:2372] [com.apple.apsd:connection] <APSConnection: 0x600000c19b20> queuing call to delegate to tolerate setDelegate race
2024-03-10 17:29:38.718 Df SpringBoard[2887:2057] [com.apple.UserNotificationsKit:Lists] Destination CSCombinedListViewController updating notification section settings for section com.apple.ShazamNotifications
2024-03-10 17:29:38.721 Df remindd[2916:2372] [com.apple.apsd:connection] <APSConnection: 0x600000c19b20> Delivering publicToken from apsd: (null)
2024-03-10 17:29:38.723 Df remindd[2916:2372] [com.apple.apsd:connection] <APSConnection: 0x600000c19b20> Delivering connectionStatusChange from apsd: NO
2024-03-10 17:29:38.724 Df remindd[2916:2372] [com.apple.apsd:connection] <APSConnection: 0x600000c19b20> setEnabledTopics (
    "com.apple.icloud-container.com.apple.reminders"
) ignoredTopics (
) opportunisticTopics (
) nonWakingTopics (
) sendToDaemon: YES completion: (null)
