2024-03-10 17:29:38.355 Df SpringBoard[2887:22ff] [com.apple.BulletinBoard:Connection] com.apple.usernotificationsserver.DefaultDataProviderFactory adding new data provider proxy for section com.apple.GameControllerNotifications
2024-03-10 17:29:38.360 Df geod[3010:23cc] [com.apple.network:boringssl] boringssl_context_info_handler(2069) [C21.1.1.1:2][0x7f8de1b2aa80] Client handshake state: TLS 1.3 client complete_second_flight
2024-03-10 17:29:38.354 Df SpringBoard[2887:259e] [com.apple.UserNotifications:RemoteNotifications] Calcualate topics because user notification settings authorization changed
2024-03-10 17:29:38.361 Df geod[3010:23cc] [com.apple.network:boringssl] boringssl_context_info_handler(2069) [C21.1.1.1:2][0x7f8de1b2aa80] Client handshake state: TLS 1.3 client done
2024-03-10 17:29:38.369 Df cloudd[2938:258f] [com.apple.network:boringssl] boringssl_context_info_handler(2069) [C3.1.1.1:2][0x7f8ee6924de0] Client handshake state: TLS 1.3 client read_hello_retry_request
2024-03-10 17:29:38.353 E  SpringBoard[2887:2327] [com.apple.UserNotifications:DataStore] No data found at /Users/chef/Library/Developer/CoreSimulator/Devices/FA441BBB-4AC7-424C-8E75-DDA61780E4A0/data/Library/UserNotifications/685AF26F-E35C-4EC5-903D-7224687E2E3F/Schedule.plist
2024-03-10 17:29:38.369 Df cloudd[2938:258f] [com.apple.network:boringssl] boringssl_context_info_handler(2069) [C3.1.1.1:2][0x7f8ee6924de0] Client handshake state: TLS 1.3 client read_server_hello
2024-03-10 17:29:38.345 E  SpringBoard[2887:259f] [com.apple.BaseBoard:Common]  **** failed to open fd at tempPath=/Users/chef/Library/Developer/CoreSimulator/Devices/FA441BBB-4AC7-424C-8E75-DDA61780E4A0/data/tmp/sectionInfoIcon.ClassProgressIconDefault./Volumes/Xcode/Xcode_14.2.app/Contents/Developer/Platforms/iPhoneOS.platform/Library/Developer/CoreSimulator/Profiles/Runtimes/iOS.simruntime/Contents/Resources/RuntimeRoot/System/Library/UserNotifications/Bundles/com.apple.ClassKitProgressNotifications.bundle.(null).(null).17.cpbitmap.RPtGVo
2024-03-10 17:29:38.361 Df geod[3010:23cc] [com.apple.network:boringssl] boringssl_context_info_handler(2069) [C21.1.1.1:2][0x7f8de1b2aa80] Client handshake state: TLS client finish_client_handshake
2024-03-10 17:29:38.357 Df SpringBoard[2887:2593] [com.apple.BulletinBoard:Connection] com.apple.usernotificationsserver.DefaultDataProviderFactory updating data provider proxy for section com.apple.iCloud.FollowUp
2024-03-10 17:29:38.361 Df SpringBoard[2887:2327] [com.apple.UserNotifications:LocalNotifications] [com.apple.Home] Load last local notification fire date: (null)
2024-03-10 17:29:38.357 Df SpringBoard[2887:245f] [com.apple.BulletinBoard:General] BBServer: Update bulletins in section com.apple.cmas for feed 1
2024-03-10 17:29:38.367 Df SpringBoard[2887:2327] [com.apple.UserNotifications:LocalNotifications] [com.apple.Home] Update timers for 0 pending notifications (monitoring: 0)
2024-03-10 17:29:38.366 Df SpringBoard[2887:2593] [com.apple.BulletinBoard:Connection] com.apple.usernotificationsserver.DefaultDataProviderFactory adding new data provider proxy for section com.apple.iCloud.FollowUp
2024-03-10 17:29:38.370 Df SpringBoard[2887:2327] [com.apple.UserNotifications:LocalNotifications] [com.apple.Home] Invalidate persistent timer
2024-03-10 17:29:38.368 Df SpringBoard[2887:245f] [com.apple.BulletinBoard:Connection] BBDataProviderManager adding data provider <BBRemoteDataProvider 0x6000018746e0; com.apple.coreaudio.adam.hae> to BBServer
2024-03-10 17:29:38.368 E  SpringBoard[2887:2598] [com.apple.UserNotificationsKit:Icons] Notification icon is smaller than expanded size of 40.000000: emergency-29 in bundle /Volumes/Xcode/Xcode_14.2.app/Contents/Developer/Platforms/iPhoneOS.platform/Library/Developer/CoreSimulator/Profiles/Runtimes/iOS.simruntime/Contents/Resources/RuntimeRoot/System/Library/UserNotifications/Bundles/com.apple.cmas.bundle
2024-03-10 17:29:38.308 Df SpringBoard[2887:2461] [com.apple.UserNotifications:Connections] [com.apple.appleaccount.notifications] Setting 1 notification categories
2024-03-10 17:29:38.352 E  SpringBoard[2887:245e] [com.apple.UserNotifications:DataStore] No data found at /Users/chef/Library/Developer/CoreSimulator/Devices/FA441BBB-4AC7-424C-8E75-DDA61780E4A0/data/Library/UserNotifications/B6476DED-C35D-439C-A6E3-850A2EDB5E4A/Topics.plist
2024-03-10 17:29:38.352 Df SpringBoard[2887:2597] [com.apple.UserNotifications:LocalNotifications] [com.apple.mobilephone] Setting 0 monitored regions [ stop: 0 start: 0 ]
2024-03-10 17:29:38.372 E  SpringBoard[2887:2327] [com.apple.UserNotifications:DataStore] No data found at /Users/chef/Library/Developer/CoreSimulator/Devices/FA441BBB-4AC7-424C-8E75-DDA61780E4A0/data/Library/UserNotifications/685AF26F-E35C-4EC5-903D-7224687E2E3F/Schedule.plist
2024-03-10 17:29:38.371 Df SpringBoard[2887:2593] [com.apple.BulletinBoard:Connection] BBDataProviderProxy setting server proxy: <_NSXPCDistantObject: 0x6000018750e0>
2024-03-10 17:29:38.373 Df SpringBoard[2887:2057] [com.apple.UserNotificationsKit:Lists] Destination CSCombinedListViewController updating notification section settings for section com.apple.cmas
2024-03-10 17:29:38.373 Df SpringBoard[2887:2057] [com.apple.UserNotificationsKit:Lists] Notification List [NCNotificationStructuredListViewController] updating notification section settings for section com.apple.cmas
2024-03-10 17:29:38.373 Df SpringBoard[2887:2057] [com.apple.SpringBoard:CoverSheet] Ignoring redundant update for <CSCombinedListViewController: 0x7fbe42846200> because there is no content
2024-03-10 17:29:38.369 Df cloudd[2938:258f] [com.apple.network:boringssl] boringssl_context_info_handler(2069) [C3.1.1.1:2][0x7f8ee6924de0] Client handshake state: TLS 1.3 client read_encrypted_extensions
2024-03-10 17:29:38.373 Df SpringBoard[2887:2057] [com.apple.SpringBoard:CoverSheet] Ignoring redundant update for <CSCombinedListViewController: 0x7fbe42846200> because there is no content
2024-03-10 17:29:38.361 Df geod[3010:23cc] [com.apple.network:boringssl] boringssl_context_info_handler(2069) [C21.1.1.1:2][0x7f8de1b2aa80] Client handshake state: TLS client done
2024-03-10 17:29:38.356 Df siriactionsd[2972:236a] [com.apple.xpc.activity:Client] _xpc_activity_dispatch: com.apple.siriactionsd.TriggersEnabledBootNotification (0x600000760140): found an activity with matching seqno 0
2024-03-10 17:29:38.374 Df SpringBoard[2887:2057] [com.apple.SpringBoard:CoverSheet] Ignoring redundant update for <CSCombinedListViewController: 0x7fbe42846200> because there is no content
2024-03-10 17:29:38.364 Df geod[3010:23cc] [com.apple.network:boringssl] boringssl_context_info_handler(2058) [C21.1.1.1:2][0x7f8de1b2aa80] Client handshake done
2024-03-10 17:29:38.356 Df siriactionsd[2972:236a] [com.apple.xpc.activity:Client] _xpc_activity_begin_running: com.apple.siriactionsd.TriggersEnabledBootNotification (0x600000760140) seqno: 0.
2024-03-10 17:29:38.373 E  SpringBoard[2887:245f] [com.apple.BulletinBoard:Settings] Encountered error obtaining application record for section com.apple.coreaudio.adam.hae: The operation couldnâ€™t be completed. (OSStatus error -10814.)
2024-03-10 17:29:38.369 Df cloudd[2938:258f] [com.apple.network:boringssl] boringssl_context_info_handler(2069) [C3.1.1.1:2][0x7f8ee6924de0] Client handshake state: TLS 1.3 client read_certificate_request
2024-03-10 17:29:38.357 Df siriactionsd[2972:232e] [com.apple.shortcuts:Database] -[WFDatabase dealloc] Deallocating WFDatabase
2024-03-10 17:29:38.374 Df SpringBoard[2887:245f] [com.apple.BulletinBoard:Settings] Section settings for data provider com.apple.coreaudio.adam.hae: <BBSectionInfo: 0x600000f79600> Section com.apple.coreaudio.adam.hae <BBSectionInfoSettings: 0x600000a7c000> Section settings: authorized = Authorized, authorization expiration date = (null), last user granted authorization date = (null), mute configuartion = (null), notification center = YES, lock screen = YES, scheduled delivery = NO, CarPlay = YES, announce setting = Disabled, shows on external devices = YES, shows custom settings = NO, content preview setting = Always show, Alert style = Modal, Push settings = [s:BSA] [e:BSA], grouping = Default (unmanaged) 'Sounds & Haptics', hidden from settings
2024-03-10 17:29:38.366 Df geod[3010:23cc] [com.apple.network:boringssl] nw_protocol_boringssl_signal_connected(738) [C21.1.1.1:2][0x7f8de1b2aa80] TLS connected [version(0x0304) ciphersuite(TLS_AES_256_GCM_SHA384) group(0x001d) signature_alg(0x0403) alpn(http/1.1) resumed(0) offered_ticket(0) false_started(0) ocsp_received(1) sct_received(0) connect_time(559ms) flight_time(128ms) rtt(127ms) write_stalls(0) read_stalls(2)]
2024-03-10 17:29:38.369 Df cloudd[2938:258f] [com.apple.network:boringssl] boringssl_context_info_handler(2069) [C3.1.1.1:2][0x7f8ee6924de0] Client handshake state: TLS 1.3 client read_server_certificate
2024-03-10 17:29:38.373 Df SpringBoard[2887:2593] [com.apple.UserNotifications:DataProviderFactory] [com.apple.cmas] Did create default data provider
2024-03-10 17:29:38.366 Df geod[3010:23cc] [com.apple.network:connection] nw_flow_connected [C21.1.1.1 104.123.154.161:443 in_progress socket-flow (satisfied (Path is satisfied), interface: en3, proxy)] Output protocol connected (CFNetworkConnection-3699743631)
2024-03-10 17:29:38.373 Df SpringBoard[2887:2327] [com.apple.UserNotifications:LocalNotifications] [com.apple.Home] Load last local notification fire date: (null)
2024-03-10 17:29:38.369 Df cloudd[2938:258f] [com.apple.network:boringssl] boringssl_context_info_handler(2069) [C3.1.1.1:2][0x7f8ee6924de0] Client handshake state: TLS 1.3 client read_server_certificate_verify
2024-03-10 17:29:38.373 Df SpringBoard[2887:245e] [com.apple.BulletinBoard:General] BBDataProvider: Data provider <com.apple.identityservicesd.firewall> is missing sort descriptors -- section will not be sorted!
2024-03-10 17:29:38.375 Df SpringBoard[2887:2593] [com.apple.UserNotifications:DataProviderFactory] [com.apple.cmas] Purging invalid notification records
2024-03-10 17:29:38.370 Df cloudd[2938:258f] [com.apple.network:boringssl] boringssl_context_evaluate_trust_async(1635) [C3.1.1.1:2][0x7f8ee6924de0] Performing external trust evaluation
2024-03-10 17:29:38.375 Df SpringBoard[2887:2327] [com.apple.UserNotifications:LocalNotifications] [com.apple.Home] Find next notification with current trigger date after last fire date 0001-01-01 00:00:00.000 +0000
2024-03-10 17:29:38.370 Df geod[3010:23cc] [com.apple.network:connection] [C21.1.1.1 104.123.154.161:443 ready socket-flow (satisfied (Path is satisfied), interface: en3, proxy)] event: flow:child_finish_connect @0.761s
2024-03-10 17:29:38.377 E  SpringBoard[2887:2598] [com.apple.BaseBoard:Common]  **** failed to open fd at tempPath=/Users/chef/Library/Developer/CoreSimulator/Devices/FA441BBB-4AC7-424C-8E75-DDA61780E4A0/data/tmp/sectionInfoIcon.emergency-29./Volumes/Xcode/Xcode_14.2.app/Contents/Developer/Platforms/iPhoneOS.platform/Library/Developer/CoreSimulator/Profiles/Runtimes/iOS.simruntime/Contents/Resources/RuntimeRoot/System/Library/UserNotifications/Bundles/com.apple.cmas.bundle.(null).(null).17.cpbitmap.KtL6mX
2024-03-10 17:29:38.370 Df cloudd[2938:258f] [com.apple.network:boringssl] boringssl_context_evaluate_trust_async_external(1620) [C3.1.1.1:2][0x7f8ee6924de0] Asyncing for external verify block
2024-03-10 17:29:38.371 Df geod[3010:23cc] [com.apple.network:connection] [C21 104.123.154.161:443 in_progress parent-flow (satisfied (Path is satisfied), interface: en3)] event: flow:start_connect @0.761s
2024-03-10 17:29:38.376 Df SpringBoard[2887:259e] [com.apple.BulletinBoard:Connection] com.apple.usernotificationsserver.DefaultDataProviderFactory updating data provider proxy for section com.apple.identityservicesd.firewall
2024-03-10 17:29:38.384 Df homed[3006:23a5] [com.apple.HomeKit:HMDMainDriver] homed launched with ROAR Disabled
2024-03-10 17:29:38.387 Df geod[3010:23cc] [com.apple.network:connection] nw_flow_connected [C21.1.1.1 104.123.154.161:443 ready socket-flow (satisfied (Path is satisfied), interface: en3, proxy)] Transport protocol connected (socket)
2024-03-10 17:29:38.384 Df SpringBoard[2887:2057] [com.apple.UserNotificationsKit:Lists] Destination CSCombinedListViewController updating notification section settings for section com.apple.coreaudio.adam.hae
2024-03-10 17:29:38.375 Df cloudd[2938:258f] (CFNetwork) Connection 3: asked to evaluate TLS Trust
2024-03-10 17:29:38.387 Df geod[3010:23cc] [com.apple.network:connection] [C21.1.1.1 104.123.154.161:443 ready socket-flow (satisfied (Path is satisfied), interface: en3, proxy)] event: flow:finish_transport @0.777s
2024-03-10 17:29:38.378 Df SpringBoard[2887:2327] [com.apple.UserNotifications:LocalNotifications] [com.apple.Home] No upcoming local notifications
2024-03-10 17:29:38.380 Df cloudd[2938:2576] (CFNetwork) Task <7207EFFC-74F1-4FC4-B845-49DCDCEC1720>.<1> auth completion disp=1 cred=0x0
2024-03-10 17:29:38.387 Df geod[3010:23cc] [com.apple.network:connection] [C21.1.1 gspe21-ssl.ls.apple.com:443 ready resolver (satisfied (Path is satisfied), interface: en3, proxy)] event: flow:finish_transport @0.777s
2024-03-10 17:29:38.384 Df SpringBoard[2887:2057] [com.apple.UserNotificationsKit:Lists] Notification List [NCNotificationStructuredListViewController] updating notification section settings for section com.apple.coreaudio.adam.hae
2024-03-10 17:29:38.387 Df geod[3010:23cc] [com.apple.network:connection] [C21.1 gspe21-ssl.ls.apple.com:443 ready transform (satisfied (Path is satisfied), interface: en3)] event: flow:finish_transport @0.777s
2024-03-10 17:29:38.384 Df SpringBoard[2887:2057] [com.apple.SpringBoard:CoverSheet] Ignoring redundant update for <CSCombinedListViewController: 0x7fbe42846200> because there is no content
2024-03-10 17:29:38.385 Df SpringBoard[2887:2057] [com.apple.SpringBoard:CoverSheet] Ignoring redundant update for <CSCombinedListViewController: 0x7fbe42846200> because there is no content
2024-03-10 17:29:38.385 Df SpringBoard[2887:2057] [com.apple.SpringBoard:CoverSheet] Ignoring redundant update for <CSCombinedListViewController: 0x7fbe42846200> because there is no content
2024-03-10 17:29:38.384 Df SpringBoard[2887:2327] [com.apple.UserNotifications:LocalNotifications] [com.apple.Home] Update regions for 0 pending notifications
2024-03-10 17:29:38.383 Df SpringBoard[2887:259e] [com.apple.BulletinBoard:Connection] com.apple.usernotificationsserver.DefaultDataProviderFactory adding new data provider proxy for section com.apple.identityservicesd.firewall
2024-03-10 17:29:38.377 E  SpringBoard[2887:245e] [com.apple.UserNotifications:DataStore] No data found at /Users/chef/Library/Developer/CoreSimulator/Devices/FA441BBB-4AC7-424C-8E75-DDA61780E4A0/data/Library/UserNotifications/A26D9758-756B-4B0B-9806-00BB3874AD7D/Topics.plist
2024-03-10 17:29:38.389 E  SpringBoard[2887:2327] [com.apple.UserNotifications:DataStore] No data found at /Users/chef/Library/Developer/CoreSimulator/Devices/FA441BBB-4AC7-424C-8E75-DDA61780E4A0/data/Library/UserNotifications/47964245-9AF9-4624-84EB-3A75AFEEA1E6/PendingNotifications.plist
2024-03-10 17:29:38.375 Df SpringBoard[2887:245f] [com.apple.BulletinBoard:General] BBServer: Update bulletins in section com.apple.coreaudio.adam.hae for feed 1
2024-03-10 17:29:38.392 Df SpringBoard[2887:245e] [com.apple.BulletinBoard:General] BBDataProvider: Data provider <com.apple.mobilephone> is missing sort descriptors -- section will not be sorted!
2024-03-10 17:29:38.393 Df SpringBoard[2887:2598] [com.apple.BulletinBoard:Connection] BBDataProviderProxy setting server proxy: <_NSXPCDistantObject: 0x6000018705a0>
2024-03-10 17:29:38.393 Df SpringBoard[2887:245f] [com.apple.BulletinBoard:Connection] BBDataProviderManager adding data provider <BBRemoteDataProvider 0x600001870960; com.apple.donotdisturb> to BBServer
2024-03-10 17:29:38.392 A  SpringBoard[2887:2597] (CoreLocation) CL: CLLocationManager
2024-03-10 17:29:38.394 Df SpringBoard[2887:2598] [com.apple.UserNotifications:DataProviderFactory] [com.apple.coreaudio.adam.hae] Did create default data provider
2024-03-10 17:29:38.394 Df SpringBoard[2887:2598] [com.apple.UserNotifications:DataProviderFactory] [com.apple.coreaudio.adam.hae] Purging invalid notification records
2024-03-10 17:29:38.392 Df SpringBoard[2887:2593] [com.apple.UserNotifications:RemoteNotifications] [com.apple.Home] Update enabled user notifications for remote notifications: YES
2024-03-10 17:29:38.392 Df SpringBoard[2887:2327] [com.apple.UserNotifications:LocalNotifications] [com.apple.Passbook] Load 0 pending notification dictionaries
2024-03-10 17:29:38.373 Df SpringBoard[2887:2304] [com.apple.BulletinBoard:Connection] BBDataProviderProxy resuming proxy queue
2024-03-10 17:29:38.394 Df SpringBoard[2887:2597] [com.apple.locationd.Core:Client] {"msg":"CLLocationManager", "event":activity, "_cmd":monitoredRegions, "self":"0x600003a7ab20"}
2024-03-10 17:29:38.395 Df SpringBoard[2887:2598] [com.apple.BulletinBoard:Connection] BBDataProviderProxy resuming proxy queue
2024-03-10 17:29:38.396 E  SpringBoard[2887:245f] [com.apple.BulletinBoard:Settings] Encountered error obtaining application record for section com.apple.donotdisturb: The operation couldnâ€™t be completed. (OSStatus error -10814.)
2024-03-10 17:29:38.397 Df SpringBoard[2887:245f] [com.apple.BulletinBoard:Settings] Section settings for data provider com.apple.donotdisturb: <BBSectionInfo: 0x600000f79a20> Section com.apple.donotdisturb <BBSectionInfoSettings: 0x600000a7ddd0> Section settings: authorized = Authorized, authorization expiration date = (null), last user granted authorization date = (null), mute configuartion = (null), notification center = YES, lock screen = YES, scheduled delivery = NO, announce setting = Disabled, shows on external devices = YES, shows custom settings = NO, content preview setting = Default Setting, Alert style = Banner, Push settings = [s:--A] [e:--A], grouping = Default (unmanaged) 'Suggestion', hidden from settings
2024-03-10 17:29:38.397 Df SpringBoard[2887:2598] [com.apple.BulletinBoard:Connection] com.apple.usernotificationsserver.DefaultDataProviderFactory updating data provider proxy for section com.apple.mobilephone
2024-03-10 17:29:38.396 E  SpringBoard[2887:2327] [com.apple.UserNotifications:DataStore] No data found at /Users/chef/Library/Developer/CoreSimulator/Devices/FA441BBB-4AC7-424C-8E75-DDA61780E4A0/data/Library/UserNotifications/47964245-9AF9-4624-84EB-3A75AFEEA1E6/Schedule.plist
2024-03-10 17:29:38.396 Df SpringBoard[2887:2593] [com.apple.UserNotifications:RemoteNotifications] [com.apple.Home] Enable user notifications for remote notifications
2024-03-10 17:29:38.396 E  SpringBoard[2887:245e] [com.apple.UserNotifications:DataStore] No data found at /Users/chef/Library/Developer/CoreSimulator/Devices/FA441BBB-4AC7-424C-8E75-DDA61780E4A0/data/Library/UserNotifications/646A88D3-3BA0-4BF8-BCED-9F337F1FCC2D/Topics.plist
2024-03-10 17:29:38.399 Df SpringBoard[2887:245f] [com.apple.BulletinBoard:General] BBServer: Update bulletins in section com.apple.donotdisturb for feed 1
2024-03-10 17:29:38.399 Df SpringBoard[2887:259e] [com.apple.BulletinBoard:Connection] com.apple.usernotificationsserver.DefaultDataProviderFactory adding new data provider proxy for section com.apple.mobilephone
2024-03-10 17:29:38.401 Df SpringBoard[2887:245f] [com.apple.BulletinBoard:Connection] BBDataProviderManager adding data provider <BBRemoteDataProvider 0x60000187c230; com.apple.facetime> to BBServer
2024-03-10 17:29:38.387 Df geod[3010:23cc] [com.apple.network:connection] nw_flow_connected [C21.1.1.1 104.123.154.161:443 ready socket-flow (satisfied (Path is satisfied), interface: en3, proxy)] Output protocol connected (CFNetworkConnection-3699743631)
2024-03-10 17:29:38.401 Df SpringBoard[2887:245e] [com.apple.BulletinBoard:General] BBDataProvider: Data provider <com.apple.mobiletimer> is missing sort descriptors -- section will not be sorted!
2024-03-10 17:29:38.401 Df SpringBoard[2887:2597] [com.apple.UserNotifications:LocalNotifications] [com.apple.Home] Setting 0 monitored regions [ stop: 0 start: 0 ]
2024-03-10 17:29:38.399 Df SpringBoard[2887:2327] [com.apple.UserNotifications:LocalNotifications] [com.apple.Passbook] Load last local notification fire date: (null)
2024-03-10 17:29:38.356 Df SpringBoard[2887:2594] [com.apple.UserNotifications:Connections] [com.apple.shortcuts] Getting notification categories
2024-03-10 17:29:38.400 Df SpringBoard[2887:2593] [com.apple.UserNotifications:LocalNotifications] [com.apple.Home] Enabled visible user notifications for remote notifications
2024-03-10 17:29:38.377 Df SpringBoard[2887:22ff] [com.apple.UserNotifications:Connections] [com.apple.appleaccount.notifications] Setting 1 notification categories
2024-03-10 17:29:38.402 E  SpringBoard[2887:245e] [com.apple.UserNotifications:DataStore] No data found at /Users/chef/Library/Developer/CoreSimulator/Devices/FA441BBB-4AC7-424C-8E75-DDA61780E4A0/data/Library/UserNotifications/9A995E98-7C7C-4779-AA6F-87E41E3A8E2E/Categories.plist
2024-03-10 17:29:38.405 Df SpringBoard[2887:2057] [com.apple.UserNotificationsKit:Lists] Destination CSCombinedListViewController updating notification section settings for section com.apple.donotdisturb
2024-03-10 17:29:38.406 Df SpringBoard[2887:2057] [com.apple.UserNotificationsKit:Lists] Notification List [NCNotificationStructuredListViewController] updating notification section settings for section com.apple.donotdisturb
2024-03-10 17:29:38.390 Df geod[3010:23cc] [com.apple.network:connection] nw_flow_connected [C21 104.123.154.161:443 in_progress parent-flow (satisfied (Path is satisfied), interface: en3)] Output protocol connected (endpoint_flow)
2024-03-10 17:29:38.406 Df SpringBoard[2887:2057] [com.apple.SpringBoard:CoverSheet] Ignoring redundant update for <CSCombinedListViewController: 0x7fbe42846200> because there is no content
2024-03-10 17:29:38.407 Df SpringBoard[2887:2057] [com.apple.SpringBoard:CoverSheet] Ignoring redundant update for <CSCombinedListViewController: 0x7fbe42846200> because there is no content
2024-03-10 17:29:38.407 Df SpringBoard[2887:2057] [com.apple.SpringBoard:CoverSheet] Ignoring redundant update for <CSCombinedListViewController: 0x7fbe42846200> because there is no content
2024-03-10 17:29:38.403 Df SpringBoard[2887:2593] [com.apple.UserNotifications:RemoteNotifications] Calcualate topics because user notification settings authorization changed
2024-03-10 17:29:38.403 Df SpringBoard[2887:2327] [com.apple.UserNotifications:LocalNotifications] [com.apple.Passbook] Update timers for 0 pending notifications (monitoring: 0)
2024-03-10 17:29:38.403 E  SpringBoard[2887:245f] [com.apple.BulletinBoard:Settings] Encountered error obtaining application record for section com.apple.facetime: The operation couldnâ€™t be completed. (OSStatus error -10814.)
2024-03-10 17:29:38.404 E  SpringBoard[2887:245e] [com.apple.UserNotifications:DataStore] No data found at /Users/chef/Library/Developer/CoreSimulator/Devices/FA441BBB-4AC7-424C-8E75-DDA61780E4A0/data/Library/UserNotifications/9A995E98-7C7C-4779-AA6F-87E41E3A8E2E/Topics.plist
2024-03-10 17:29:38.406 Df SpringBoard[2887:2304] [com.apple.BulletinBoard:Connection] com.apple.usernotificationsserver.DefaultDataProviderFactory updating data provider proxy for section com.apple.mobiletimer
2024-03-10 17:29:38.408 Df SpringBoard[2887:245f] [com.apple.BulletinBoard:Settings] Section settings for data provider com.apple.facetime: <BBSectionInfo: 0x600000f40d10> Section com.apple.facetime <BBSectionInfoSettings: 0x600000a75dd0> Section settings: authorized = Authorized, authorization expiration date = (null), last user granted authorization date = (null), mute configuartion = (null), notification center = YES, lock screen = YES, scheduled delivery = NO, CarPlay = YES, time sensitive = YES, user configured time sensitive = NO, announce setting = Disabled, shows on external devices = YES, shows custom settings = NO, content preview setting = Default Setting, Alert style = Banner, Push settings = [s:BSA] [e:BSA], grouping = Default (unmanaged) 'FaceTime'
2024-03-10 17:29:38.392 Df geod[3010:23cc] [com.apple.network:connection] [C21 104.123.154.161:443 ready parent-flow (satisfied (Path is satisfied), viable, interface: en3)] event: flow:finish_connect @0.782s
2024-03-10 17:29:38.404 Df SpringBoard[2887:2597] [com.apple.BulletinBoard:Connection] BBDataProviderProxy setting server proxy: <_NSXPCDistantObject: 0x600001870910>
2024-03-10 17:29:38.408 Df SpringBoard[2887:2327] [com.apple.UserNotifications:LocalNotifications] [com.apple.Passbook] Invalidate persistent timer
2024-03-10 17:29:38.394 Df geod[3010:23cc] [com.apple.network:connection] nw_connection_report_state_with_handler_on_nw_queue [C21] reporting state ready
2024-03-10 17:29:38.408 Df SpringBoard[2887:245e] [com.apple.BulletinBoard:General] BBDataProvider: Data provider <com.apple.NDO.FollowUp> is missing sort descriptors -- section will not be sorted!
2024-03-10 17:29:38.409 Df SpringBoard[2887:2304] [com.apple.BulletinBoard:Connection] com.apple.usernotificationsserver.DefaultDataProviderFactory adding new data provider proxy for section com.apple.mobiletimer
2024-03-10 17:29:38.409 Df SpringBoard[2887:2597] [com.apple.UserNotifications:DataProviderFactory] [com.apple.donotdisturb] Did create default data provider
2024-03-10 17:29:38.410 Df SpringBoard[2887:245f] [com.apple.BulletinBoard:General] BBServer: Update bulletins in section com.apple.facetime for feed 1
2024-03-10 17:29:38.409 E  SpringBoard[2887:2327] [com.apple.UserNotifications:DataStore] No data found at /Users/chef/Library/Developer/CoreSimulator/Devices/FA441BBB-4AC7-424C-8E75-DDA61780E4A0/data/Library/UserNotifications/47964245-9AF9-4624-84EB-3A75AFEEA1E6/Schedule.plist
2024-03-10 17:29:38.412 Df SpringBoard[2887:2597] [com.apple.UserNotifications:DataProviderFactory] [com.apple.donotdisturb] Purging invalid notification records
2024-03-10 17:29:38.413 E  SpringBoard[2887:245e] [com.apple.UserNotifications:DataStore] No data found at /Users/chef/Library/Developer/CoreSimulator/Devices/FA441BBB-4AC7-424C-8E75-DDA61780E4A0/data/Library/UserNotifications/500200C1-F409-4642-B3E7-F7473FBFE632/Categories.plist
2024-03-10 17:29:38.417 Df homed[3006:23a5] (libMobileGestalt.dylib) No persisted cache on this platform.
2024-03-10 17:29:38.412 Df SpringBoard[2887:25a2] [com.apple.BulletinBoard:Connection] BBDataProviderManager adding data provider <BBRemoteDataProvider 0x600001870870; com.apple.familynotifications> to BBServer
2024-03-10 17:29:38.411 Df SpringBoard[2887:2593] [com.apple.BulletinBoard:Connection] BBDataProviderProxy resuming proxy queue
2024-03-10 17:29:38.412 Df SpringBoard[2887:259f] [com.apple.BulletinBoard:Connection] com.apple.usernotificationsserver.DefaultDataProviderFactory updating data provider proxy for section com.apple.NDO.FollowUp
2024-03-10 17:29:38.414 E  SpringBoard[2887:25a3] [com.apple.BaseBoard:Common]  **** failed to open fd at tempPath=/Users/chef/Library/Developer/CoreSimulator/Devices/FA441BBB-4AC7-424C-8E75-DDA61780E4A0/data/tmp/sectionInfoIcon.SoundsHaptics./Volumes/Xcode/Xcode_14.2.app/Contents/Developer/Platforms/iPhoneOS.platform/Library/Developer/CoreSimulator/Profiles/Runtimes/iOS.simruntime/Contents/Resources/RuntimeRoot/System/Library/UserNotifications/Bundles/com.apple.coreaudio.adam.hae.bundle.(null).(null).17.cpbitmap.lXekDk
2024-03-10 17:29:38.416 E  SpringBoard[2887:245e] [com.apple.UserNotifications:DataStore] No data found at /Users/chef/Library/Developer/CoreSimulator/Devices/FA441BBB-4AC7-424C-8E75-DDA61780E4A0/data/Library/UserNotifications/500200C1-F409-4642-B3E7-F7473FBFE632/Topics.plist
2024-03-10 17:29:38.417 Df SpringBoard[2887:2057] [com.apple.UserNotificationsKit:Lists] Destination CSCombinedListViewController updating notification section settings for section com.apple.facetime
2024-03-10 17:29:38.415 Df SpringBoard[2887:2597] [com.apple.BulletinBoard:Connection] BBDataProviderProxy setting server proxy: <_NSXPCDistantObject: 0x6000018719f0>
2024-03-10 17:29:38.418 Df SpringBoard[2887:2057] [com.apple.UserNotificationsKit:Lists] Notification List [NCNotificationStructuredListViewController] updating notification section settings for section com.apple.facetime
2024-03-10 17:29:38.418 Df SpringBoard[2887:2057] [com.apple.SpringBoard:CoverSheet] Ignoring redundant update for <CSCombinedListViewController: 0x7fbe42846200> because there is no content
2024-03-10 17:29:38.418 Df SpringBoard[2887:2057] [com.apple.SpringBoard:CoverSheet] Ignoring redundant update for <CSCombinedListViewController: 0x7fbe42846200> because there is no content
2024-03-10 17:29:38.418 Df SpringBoard[2887:2057] [com.apple.SpringBoard:CoverSheet] Ignoring redundant update for <CSCombinedListViewController: 0x7fbe42846200> because there is no content
2024-03-10 17:29:38.418 Df SpringBoard[2887:2597] [com.apple.UserNotifications:DataProviderFactory] [com.apple.facetime] Did create default data provider
2024-03-10 17:29:38.422 Df SpringBoard[2887:2597] [com.apple.UserNotifications:DataProviderFactory] [com.apple.facetime] Purging invalid notification records
2024-03-10 17:29:38.419 Df homed[3006:23a5] (libMobileGestalt.dylib) Failed to copy the SysCfgDict MG key with error: 0
2024-03-10 17:29:38.421 Df geod[3010:23cc] [com.apple.network:connection] [C21 104.123.154.161:443 ready parent-flow (satisfied (Path is satisfied), viable, interface: en3)] event: flow:changed_viability @0.811s
2024-03-10 17:29:38.419 Df homed[3006:23a5] (libMobileGestalt.dylib) no value found for key CLCG
2024-03-10 17:29:38.419 Df homed[3006:23a5] (libMobileGestalt.dylib) Failed to copy the SysCfgDict MG key with error: 0
2024-03-10 17:29:38.417 Df SpringBoard[2887:259f] [com.apple.BulletinBoard:Connection] com.apple.usernotificationsserver.DefaultDataProviderFactory adding new data provider proxy for section com.apple.NDO.FollowUp
2024-03-10 17:29:38.425 Df UserEventAgent[2889:244e] [com.apple.xpc.activity:Internal] Created XPC Activity: com.apple.Maps.mapspushd.launchForAnnouncements (0x7fb428a0a990)
2024-03-10 17:29:38.418 Df SpringBoard[2887:245f] [com.apple.BulletinBoard:Connection] BBDataProviderProxy resuming proxy queue
2024-03-10 17:29:38.425 Df UserEventAgent[2889:244e] [com.apple.xpc.activity:Activities] Registered XPC Activity: com.apple.Maps.mapspushd.launchForAnnouncements (0x7fb428a0a990)
2024-03-10 17:29:38.417 E  SpringBoard[2887:25a2] [com.apple.BulletinBoard:Settings] Encountered error obtaining application record for section com.apple.familynotifications: The operation couldnâ€™t be completed. (OSStatus error -10814.)
2024-03-10 17:29:38.422 Df SpringBoard[2887:25a2] [com.apple.BulletinBoard:Settings] Section settings for data provider com.apple.familynotifications: <BBSectionInfo: 0x600000f40dc0> Section com.apple.familynotifications <BBSectionInfoSettings: 0x600000a72370> Section settings: authorized = Authorized, authorization expiration date = (null), last user granted authorization date = (null), mute configuartion = (null), notification center = YES, lock screen = YES, scheduled delivery = NO, CarPlay = YES, announce setting = Disabled, shows on external devices = YES, shows custom settings = NO, content preview setting = Default Setting, Alert style = Banner, Push settings = [s:BSA] [e:BSA], grouping = Default (unmanaged) 'Family', hidden from settings
2024-03-10 17:29:38.429 A  homed[3006:23a5] (HMFoundation) HMFActivity
2024-03-10 17:29:38.413 Df SpringBoard[2887:259d] [com.apple.BulletinBoard:Connection] Got effective section info [ result: 0 ]
2024-03-10 17:29:38.421 Df geod[3010:23cc] [com.apple.network:connection] [C21.1.1 gspe21-ssl.ls.apple.com:443 ready resolver (satisfied (Path is satisfied), interface: en3, proxy)] event: flow:finish_transport @0.811s
2024-03-10 17:29:38.413 Df SpringBoard[2887:2327] [com.apple.UserNotifications:LocalNotifications] [com.apple.Passbook] Load last local notification fire date: (null)
2024-03-10 17:29:38.421 Df geod[3010:23cc] [com.apple.network:connection] [C21.1 gspe21-ssl.ls.apple.com:443 ready transform (satisfied (Path is satisfied), viable, interface: en3)] event: flow:finish_transport @0.811s
2024-03-10 17:29:38.417 Df SpringBoard[2887:245e] [com.apple.BulletinBoard:General] BBDataProvider: Data provider <com.apple.RPUserNotificationAppSignIn> is missing sort descriptors -- section will not be sorted!
2024-03-10 17:29:38.423 Df SpringBoard[2887:259d] [com.apple.UserNotifications:Settings] [com.apple.accountnotifications] Got effective section info [ hasResult: 1 ]
2024-03-10 17:29:38.424 Df SpringBoard[2887:25a2] [com.apple.BulletinBoard:General] BBServer: Update bulletins in section com.apple.familynotifications for feed 1
2024-03-10 17:29:38.424 Df SpringBoard[2887:2327] [com.apple.UserNotifications:LocalNotifications] [com.apple.Passbook] Find next notification with current trigger date after last fire date 0001-01-01 00:00:00.000 +0000
2024-03-10 17:29:38.429 E  SpringBoard[2887:259f] [com.apple.UserNotificationsKit:Icons] Notification icon is smaller than expanded size of 40.000000: FamilyNotification in bundle /Volumes/Xcode/Xcode_14.2.app/Contents/Developer/Platforms/iPhoneOS.platform/Library/Developer/CoreSimulator/Profiles/Runtimes/iOS.simruntime/Contents/Resources/RuntimeRoot/System/Library/UserNotifications/Bundles/com.apple.familynotifications.bundle
2024-03-10 17:29:36.646 Df maild[2985:238f] [com.apple.email:EDPersistenceDatabaseJournalManager] Checking for existing journals
2024-03-10 17:29:38.435 Df maild[2985:238f] [com.apple.email:EDPersistenceDatabaseJournalManager] Unable to iterate journal directory: (null)
2024-03-10 17:29:38.429 E  SpringBoard[2887:259d] [com.apple.UserNotifications:DataStore] No data found at /Users/chef/Library/Developer/CoreSimulator/Devices/FA441BBB-4AC7-424C-8E75-DDA61780E4A0/data/Library/UserNotifications/61852B28-4881-4B83-9D6A-3AA7D013F721/DeliveredNotifications.plist
2024-03-10 17:29:38.427 Df SpringBoard[2887:25a3] [com.apple.BulletinBoard:Connection] com.apple.usernotificationsserver.DefaultDataProviderFactory updating data provider proxy for section com.apple.RPUserNotificationAppSignIn
2024-03-10 17:29:38.421 Df geod[3010:23cc] [com.apple.network:connection] [C21 104.123.154.161:443 ready parent-flow (satisfied (Path is satisfied), viable, interface: en3)] event: flow:finish_transport @0.811s
2024-03-10 17:29:38.433 Df SpringBoard[2887:2057] [com.apple.UserNotificationsKit:Lists] Destination CSCombinedListViewController updating notification section settings for section com.apple.familynotifications
2024-03-10 17:29:38.422 Df geod[3010:23cc] [com.apple.network:connection] [C21.1.1.1 104.123.154.161:443 ready socket-flow (satisfied (Path is satisfied), interface: en3, proxy)] event: flow:changed_viability @0.812s
2024-03-10 17:29:38.433 Df SpringBoard[2887:2057] [com.apple.UserNotificationsKit:Lists] Notification List [NCNotificationStructuredListViewController] updating notification section settings for section com.apple.familynotifications
2024-03-10 17:29:38.422 Df geod[3010:23cc] [com.apple.network:connection] [C21.1.1 gspe21-ssl.ls.apple.com:443 ready resolver (satisfied (Path is satisfied), interface: en3, proxy)] event: flow:changed_viability @0.812s
2024-03-10 17:29:38.434 Df SpringBoard[2887:2057] [com.apple.SpringBoard:CoverSheet] Ignoring redundant update for <CSCombinedListViewController: 0x7fbe42846200> because there is no content
2024-03-10 17:29:38.422 Df geod[3010:23cc] [com.apple.network:connection] [C21.1 gspe21-ssl.ls.apple.com:443 ready transform (satisfied (Path is satisfied), viable, interface: en3)] event: flow:changed_viability @0.812s
2024-03-10 17:29:38.434 Df SpringBoard[2887:2057] [com.apple.SpringBoard:CoverSheet] Ignoring redundant update for <CSCombinedListViewController: 0x7fbe42846200> because there is no content
2024-03-10 17:29:38.434 Df SpringBoard[2887:2057] [com.apple.SpringBoard:CoverSheet] Ignoring redundant update for <CSCombinedListViewController: 0x7fbe42846200> because there is no content
2024-03-10 17:29:38.432 Df SpringBoard[2887:25a3] [com.apple.BulletinBoard:Connection] com.apple.usernotificationsserver.DefaultDataProviderFactory adding new data provider proxy for section com.apple.RPUserNotificationAppSignIn
2024-03-10 17:29:38.424 E  SpringBoard[2887:245e] [com.apple.UserNotifications:DataStore] No data found at /Users/chef/Library/Developer/CoreSimulator/Devices/FA441BBB-4AC7-424C-8E75-DDA61780E4A0/data/Library/UserNotifications/FD925FE1-E402-423C-9AFC-AFB5DF4228D8/Categories.plist
2024-03-10 17:29:38.422 Df geod[3010:23cc] [com.apple.network:connection] [C21 104.123.154.161:443 ready parent-flow (satisfied (Path is satisfied), viable, interface: en3)] event: flow:changed_viability @0.812s
2024-03-10 17:29:38.431 Df SpringBoard[2887:259d] [com.apple.UserNotifications:DataStore] Saving file at /Users/chef/Library/Developer/CoreSimulator/Devices/FA441BBB-4AC7-424C-8E75-DDA61780E4A0/data/Library/UserNotifications/61852B28-4881-4B83-9D6A-3AA7D013F721/DeliveredNotifications.plist with 0 items
2024-03-10 17:29:38.431 Df geod[3010:23cc] [com.apple.network:connection] nw_flow_connected [C21 104.123.154.161:443 ready parent-flow (satisfied (Path is satisfied), viable, interface: en3)] Output protocol connected (endpoint_flow)
2024-03-10 17:29:38.430 Df SpringBoard[2887:2327] [com.apple.UserNotifications:LocalNotifications] [com.apple.Passbook] No upcoming local notifications
2024-03-10 17:29:38.430 Df SpringBoard[2887:25a2] [com.apple.BulletinBoard:Connection] BBDataProviderManager adding data provider <BBRemoteDataProvider 0x600001878320; com.apple.GameControllerNotifications> to BBServer
2024-03-10 17:29:38.431 Df SpringBoard[2887:2598] [com.apple.BulletinBoard:Connection] BBDataProviderProxy setting server proxy: <_NSXPCDistantObject: 0x600001871040>
2024-03-10 17:29:38.439 Df SpringBoard[2887:2327] [com.apple.UserNotifications:LocalNotifications] [com.apple.Passbook] Update regions for 0 pending notifications
2024-03-10 17:29:38.437 E  SpringBoard[2887:245e] [com.apple.UserNotifications:DataStore] No data found at /Users/chef/Library/Developer/CoreSimulator/Devices/FA441BBB-4AC7-424C-8E75-DDA61780E4A0/data/Library/UserNotifications/FD925FE1-E402-423C-9AFC-AFB5DF4228D8/Topics.plist
2024-03-10 17:29:38.440 Df SpringBoard[2887:2598] [com.apple.UserNotifications:DataProviderFactory] [com.apple.familynotifications] Did create default data provider
2024-03-10 17:29:38.440 Df SpringBoard[2887:259f] [com.apple.BulletinBoard:Connection] BBDataProviderProxy resuming proxy queue
2024-03-10 17:29:38.440 Df SpringBoard[2887:245e] [com.apple.BulletinBoard:General] BBDataProvider: Data provider <com.apple.Safari.PasswordBreachNotifications> is missing sort descriptors -- section will not be sorted!
2024-03-10 17:29:38.443 Df SpringBoard[2887:2598] [com.apple.UserNotifications:DataProviderFactory] [com.apple.familynotifications] Purging invalid notification records
2024-03-10 17:29:38.441 Df SpringBoard[2887:259d] [com.apple.FileURL:default] kExcludedFromBackupXattrName set on path: /Users/chef/Library/Developer/CoreSimulator/Devices/FA441BBB-4AC7-424C-8E75-DDA61780E4A0/data/Library/UserNotifications/61852B28-4881-4B83-9D6A-3AA7D013F721/DeliveredNotifications.plist
2024-03-10 17:29:38.441 A  SpringBoard[2887:25a3] (CoreLocation) CL: CLLocationManager
2024-03-10 17:29:38.444 E  SpringBoard[2887:245e] [com.apple.UserNotifications:DataStore] No data found at /Users/chef/Library/Developer/CoreSimulator/Devices/FA441BBB-4AC7-424C-8E75-DDA61780E4A0/data/Library/UserNotifications/4A29C689-9EF1-48FC-BCBF-26D15F033815/Categories.plist
2024-03-10 17:29:38.442 E  SpringBoard[2887:25a2] [com.apple.BulletinBoard:Settings] Encountered error obtaining application record for section com.apple.GameControllerNotifications: The operation couldnâ€™t be completed. (OSStatus error -10814.)
2024-03-10 17:29:38.447 Df SpringBoard[2887:25a3] [com.apple.locationd.Core:Client] {"msg":"CLLocationManager", "event":activity, "_cmd":monitoredRegions, "self":"0x600003a7ab20"}
2024-03-10 17:29:38.442 Df SpringBoard[2887:2327] [com.apple.UserNotifications:RemoteNotifications] [com.apple.Passbook] Update enabled user notifications for remote notifications: YES
2024-03-10 17:29:38.447 Df SpringBoard[2887:259f] [com.apple.BulletinBoard:Connection] com.apple.usernotificationsserver.DefaultDataProviderFactory updating data provider proxy for section com.apple.Safari.PasswordBreachNotifications
2024-03-10 17:29:38.445 Df SpringBoard[2887:259d] [com.apple.UserNotifications:DataStore] [com.apple.appleaccount.notifications] Remove all delivered notifications that are no longer valid
2024-03-10 17:29:38.449 Df SpringBoard[2887:259d] [com.apple.UserNotifications:Settings] Getting effectiveSectionInfo for section identifier: com.apple.appleaccount.notifications
2024-03-10 17:29:38.448 Df SpringBoard[2887:2327] [com.apple.UserNotifications:RemoteNotifications] [com.apple.Passbook] Enable user notifications for remote notifications
2024-03-10 17:29:38.448 Df SpringBoard[2887:25a2] [com.apple.BulletinBoard:Settings] Section settings for data provider com.apple.GameControllerNotifications: <BBSectionInfo: 0x600000f79fa0> Section com.apple.GameControllerNotifications <BBSectionInfoSettings: 0x600000a7e880> Section settings: authorized = Authorized, authorization expiration date = (null), last user granted authorization date = (null), mute configuartion = (null), lock screen = YES, scheduled delivery = NO, announce setting = Disabled, shows on external devices = YES, shows custom settings = NO, content preview setting = Always show, Alert style = Banner, Push settings = [s:--A] [e:--A], grouping = Default (unmanaged), hidden from settings
2024-03-10 17:29:38.448 Df SpringBoard[2887:259f] [com.apple.BulletinBoard:Connection] com.apple.usernotificationsserver.DefaultDataProviderFactory adding new data provider proxy for section com.apple.Safari.PasswordBreachNotifications
2024-03-10 17:29:38.449 Df SpringBoard[2887:259d] [com.apple.UserNotifications:Settings] [com.apple.appleaccount.notifications] Getting effective section info
2024-03-10 17:29:38.449 Df SpringBoard[2887:2327] [com.apple.UserNotifications:LocalNotifications] [com.apple.Passbook] Enabled visible user notifications for remote notifications
2024-03-10 17:29:38.448 E  SpringBoard[2887:245e] [com.apple.UserNotifications:DataStore] No data found at /Users/chef/Library/Developer/CoreSimulator/Devices/FA441BBB-4AC7-424C-8E75-DDA61780E4A0/data/Library/UserNotifications/4A29C689-9EF1-48FC-BCBF-26D15F033815/Topics.plist
2024-03-10 17:29:38.451 Df SpringBoard[2887:25a3] [com.apple.UserNotifications:LocalNotifications] [com.apple.Passbook] Setting 0 monitored regions [ stop: 0 start: 0 ]
2024-03-10 17:29:38.453 Df SpringBoard[2887:2304] [com.apple.BulletinBoard:Connection] BBDataProviderProxy setting server proxy: <_NSXPCDistantObject: 0x600001878a50>
2024-03-10 17:29:38.454 Df SpringBoard[2887:259d] [com.apple.BulletinBoard:Connection] Getting requested effective section info (sync)
2024-03-10 17:29:38.455 Df SpringBoard[2887:259f] [com.apple.BulletinBoard:Connection] BBDataProviderProxy resuming proxy queue
2024-03-10 17:29:38.433 E  SpringBoard[2887:245f] [com.apple.BaseBoard:Common]  **** failed to open fd at tempPath=/Users/chef/Library/Developer/CoreSimulator/Devices/FA441BBB-4AC7-424C-8E75-DDA61780E4A0/data/tmp/sectionInfoIcon.FamilyNotification./Volumes/Xcode/Xcode_14.2.app/Contents/Developer/Platforms/iPhoneOS.platform/Library/Developer/CoreSimulator/Profiles/Runtimes/iOS.simruntime/Contents/Resources/RuntimeRoot/System/Library/UserNotifications/Bundles/com.apple.familynotifications.bundle.(null).(null).17.cpbitmap.VDMnQ4
2024-03-10 17:29:38.454 Df SpringBoard[2887:2327] [com.apple.UserNotifications:RemoteNotifications] Calcualate topics because user notification settings authorization changed
2024-03-10 17:29:38.450 Df SpringBoard[2887:25a2] [com.apple.BulletinBoard:Connection] BBDataProviderManager adding data provider <BBRemoteDataProvider 0x600001874b40; com.apple.iCloud.FollowUp> to BBServer
2024-03-10 17:29:38.454 Df SpringBoard[2887:2304] [com.apple.UserNotifications:DataProviderFactory] [com.apple.GameControllerNotifications] Did create default data provider
2024-03-10 17:29:38.454 Df SpringBoard[2887:245e] [com.apple.BulletinBoard:General] BBDataProvider: Data provider <com.apple.SensorKit.reminder> is missing sort descriptors -- section will not be sorted!
2024-03-10 17:29:38.463 Df chronod[2934:256e] [com.apple.chrono:keepalive] Removed: com.apple.chrono.startup
2024-03-10 17:29:38.458 Df SpringBoard[2887:2304] [com.apple.UserNotifications:DataProviderFactory] [com.apple.GameControllerNotifications] Purging invalid notification records
2024-03-10 17:29:38.458 E  SpringBoard[2887:25a2] [com.apple.BulletinBoard:Settings] Encountered error obtaining application record for section com.apple.iCloud.FollowUp: The operation couldnâ€™t be completed. (OSStatus error -10814.)
2024-03-10 17:29:38.458 Df SpringBoard[2887:259f] [com.apple.BulletinBoard:Connection] com.apple.usernotificationsserver.DefaultDataProviderFactory updating data provider proxy for section com.apple.SensorKit.reminder
2024-03-10 17:29:38.461 Df SpringBoard[2887:259f] [com.apple.BulletinBoard:Connection] com.apple.usernotificationsserver.DefaultDataProviderFactory adding new data provider proxy for section com.apple.SensorKit.reminder
2024-03-10 17:29:38.458 E  SpringBoard[2887:245e] [com.apple.UserNotifications:DataStore] No data found at /Users/chef/Library/Developer/CoreSimulator/Devices/FA441BBB-4AC7-424C-8E75-DDA61780E4A0/data/Library/UserNotifications/07FD2758-2EC6-4C04-8368-6FBDDF2FAF87/Categories.plist
2024-03-10 17:29:38.461 Df SpringBoard[2887:25a2] [com.apple.BulletinBoard:Settings] Section settings for data provider com.apple.iCloud.FollowUp: <BBSectionInfo: 0x600000f7dfa0> Section com.apple.iCloud.FollowUp <BBSectionInfoSettings: 0x600000a554d0> Section settings: authorized = Authorized, authorization expiration date = (null), last user granted authorization date = (null), mute configuartion = (null), notification center = YES, lock screen = YES, scheduled delivery = NO, announce setting = Disabled, shows on external devices = YES, shows custom settings = NO, content preview setting = Default Setting, Alert style = Banner, Push settings = [s:BSA] [e:BSA], grouping = Default (unmanaged) 'iCloud', hidden from settings
2024-03-10 17:29:38.461 E  SpringBoard[2887:2598] [com.apple.UserNotificationsKit:Icons] Notification icon is smaller than expanded size of 40.000000: SettingsIcon in bundle /Volumes/Xcode/Xcode_14.2.app/Contents/Developer/Platforms/iPhoneOS.platform/Library/Developer/CoreSimulator/Profiles/Runtimes/iOS.simruntime/Contents/Resources/RuntimeRoot/System/Library/UserNotifications/Bundles/com.apple.GameControllerNotifications.bundle
2024-03-10 17:29:38.462 Df SpringBoard[2887:25a2] [com.apple.BulletinBoard:General] BBServer: Update bulletins in section com.apple.iCloud.FollowUp for feed 1
2024-03-10 17:29:38.409 Df SpringBoard[2887:22ff] [com.apple.UserNotifications:Connections] [com.apple.appleaccount.notifications] Setting 1 notification categories
2024-03-10 17:29:38.467 Df SpringBoard[2887:2057] [com.apple.UserNotificationsKit:Lists] Destination CSCombinedListViewController updating notification section settings for section com.apple.GameControllerNotifications
2024-03-10 17:29:38.462 E  SpringBoard[2887:245e] [com.apple.UserNotifications:DataStore] No data found at /Users/chef/Library/Developer/CoreSimulator/Devices/FA441BBB-4AC7-424C-8E75-DDA61780E4A0/data/Library/UserNotifications/07FD2758-2EC6-4C04-8368-6FBDDF2FAF87/Topics.plist
2024-03-10 17:29:38.467 Df SpringBoard[2887:2057] [com.apple.UserNotificationsKit:Lists] Notification List [NCNotificationStructuredListViewController] updating notification section settings for section com.apple.GameControllerNotifications
2024-03-10 17:29:38.467 Df SpringBoard[2887:2057] [com.apple.SpringBoard:CoverSheet] Ignoring redundant update for <CSCombinedListViewController: 0x7fbe42846200> because there is no content
2024-03-10 17:29:38.470 A  homed[3006:23a5] (HMFoundation) HMFActivity
2024-03-10 17:29:38.468 Df SpringBoard[2887:2057] [com.apple.SpringBoard:CoverSheet] Ignoring redundant update for <CSCombinedListViewController: 0x7fbe42846200> because there is no content
2024-03-10 17:29:38.468 Df SpringBoard[2887:2057] [com.apple.SpringBoard:CoverSheet] Ignoring redundant update for <CSCombinedListViewController: 0x7fbe42846200> because there is no content
2024-03-10 17:29:38.467 Df SpringBoard[2887:25a2] [com.apple.BulletinBoard:Connection] BBDataProviderManager adding data provider <BBRemoteDataProvider 0x60000187cc80; com.apple.identityservicesd.firewall> to BBServer
2024-03-10 17:29:38.467 E  SpringBoard[2887:259f] [com.apple.BaseBoard:Common]  **** failed to open fd at tempPath=/Users/chef/Library/Developer/CoreSimulator/Devices/FA441BBB-4AC7-424C-8E75-DDA61780E4A0/data/tmp/sectionInfoIcon.SettingsIcon./Volumes/Xcode/Xcode_14.2.app/Contents/Developer/Platforms/iPhoneOS.platform/Library/Developer/CoreSimulator/Profiles/Runtimes/iOS.simruntime/Contents/Resources/RuntimeRoot/System/Library/UserNotifications/Bundles/com.apple.GameControllerNotifications.bundle.(null).(null).17.cpbitmap.rfpbIF
2024-03-10 17:29:38.469 Df SpringBoard[2887:22ff] [com.apple.UserNotifications:Connections] [com.apple.appleaccount.notifications] Setting 1 notification categories
2024-03-10 17:29:38.467 Df SpringBoard[2887:245e] [com.apple.BulletinBoard:General] BBDataProvider: Data provider <com.apple.Sharing.AirDropUIRemoteNotifications> is missing sort descriptors -- section will not be sorted!
2024-03-10 17:29:38.476 Df apsd[2932:20e9] [com.apple.apsd:daemon] <APSDaemon: 0x600000c40080>: updateSafeToSendFilter force: NO
