2024-03-10 17:29:38.890 Df SpringBoard[2887:25a3] [com.apple.FrontBoard:ProcessWorkspace] [osservice<com.apple.PosterBoard>:3009] Connection established.
2024-03-10 17:29:38.894 Df cloudd[2938:258f] [com.apple.cloudkit.sim:Request] req: D302EB5D-B7C1-4B15-8DD5-5850B3AAD36F, "_finishOnLifecycleQueueWithError:, asked to finish with error (null)"
2024-03-10 17:29:38.891 Df SpringBoard[2887:2595] [com.apple.FrontBoard:Process] [osservice<com.apple.PosterBoard>:3009] Connection to remote process established!
2024-03-10 17:29:38.895 Df cloudd[2938:258f] [com.apple.cloudkit.sim:OP] Finished operation <CKDContainerSpecificInfoOperation: 0x7f8ee6812490; qos=Utility, operationID=666D89224FE49362, requestIDs=[D302EB5D-B7C1-4B15-8DD5-5850B3AAD36F], operationGroupID=05772A83C399EC3F, operationGroupName=UserActionExplicit, stateFlags=executing, flags=allows-cellular, runningFor=0.724, applicationBundleIdentifierOverrideForNetworkAttribution=com.apple.siri.embeddedspeech, currentAccountID=AnonymousAccount, applicationBundleIdentifierOverrideForContainerAccess=com.apple.triald, request=<CKDContainerSpecificInfoURLRequest: 0x7f8ee5f09540; UUID=D302EB5D-B7C1-4B15-8DD5-5850B3AAD36F, stateFlags=finished, flags=foreground|allows-cellular|deny-expensive>, containerID=com.apple.trial> metrics=<CKOperationMetrics: 0x600002e66200; cloudKitMetrics=<CKMetric: 0x600001c4c240; startDate=2024-03-10 17:29:38 +0000, duration=0.724, queueing=0.035, executing=1.405, bytesUploaded=0, bytesDownloaded=911, connections=1, connectionsCreated=1, totalBytesByChunkProfile={  }, chunkCountByChunkProfile={  }, fileCountByChunkProfil<decode: missing data><decode: missing data>
2024-03-10 17:29:38.894 Df SpringBoard[2887:2057] [com.apple.SpringBoard:Common] Application process state changed for com.apple.PosterBoard: <SBApplicationProcessState: 0x600003e19300; pid: 3009; taskState: Running; visibility: Background>
2024-03-10 17:29:38.895 Df SpringBoard[2887:2057] [com.apple.SpringBoard:Common] SceneWorkspaceDelegate[0x60000384b740-com.apple.SpringBoard.SceneWorkspace.OverlayUI] client did connect with handshake: <FBSceneClientHandshake:0x600003e19600; [osservice<com.apple.PosterBoard>:3009] remnants=0>
2024-03-10 17:29:38.896 Df SpringBoard[2887:2057] [com.apple.SpringBoard:Common] SceneWorkspaceDelegate[0x60000384b500-com.apple.SpringBoard.SceneWorkspace.DruidUI] client did connect with handshake: <FBSceneClientHandshake:0x600003e19600; [osservice<com.apple.PosterBoard>:3009] remnants=0>
2024-03-10 17:29:38.898 Df homed[3006:23a5] [com.apple.IDS:Registration] XPC has informed us that a fatal error has occured, we will not be attempting to reconnect any further
2024-03-10 17:29:38.900 Df cloudd[2938:258f] [com.apple.cloudkit.sim:Request] req: 3F7FB3D4-CB09-4A3B-B0FC-321D55FAD39E, "<CKDQueryURLRequest: 0x7f8ee690c2a0 3F7FB3D4-CB09-4A3B-B0FC-321D55FAD39E> Requires configuration, getting it"
2024-03-10 17:29:38.900 Df cloudd[2938:2576] [com.apple.cloudkit.sim:Request] req: 3F7FB3D4-CB09-4A3B-B0FC-321D55FAD39E, "<CKDQueryURLRequest: 0x7f8ee690c2a0 3F7FB3D4-CB09-4A3B-B0FC-321D55FAD39E> Requires device id, getting it"
2024-03-10 17:29:38.904 A  ScreenTimeAgent[3014:23fe] (CoreFoundation) Updating Key-Value Observers Of Preferences
2024-03-10 17:29:38.898 Df homed[3006:2599] [com.apple.IDS:_IDSService] _IDSService - added delegate {self: 0x600000cac210, serviceName com.apple.private.alloy.willow.proxy, listenerCaps 000000000000, delegates: 1, wantsPseudonymUpdates: NO}
2024-03-10 17:29:38.900 Df homed[3006:23a5] [com.apple.IDS:Registration] XPC has informed us that a fatal error has occured, we will not be attempting to reconnect any further
2024-03-10 17:29:38.911 Df homed[3006:23a5] [com.apple.IDS:Registration] <IDSDaemonListener: 0x600000aa43c0> enabledAccountsForService com.apple.private.alloy.willow.proxy
2024-03-10 17:29:38.904 E  cfprefsd[2925:209b] [com.apple.defaults:cfprefsd] Couldn't open parent path due to [2: No such file or directory]
2024-03-10 17:29:38.911 Df homed[3006:23a5] [com.apple.IDS:IDSAccountController] Updating delegates of account changes
2024-03-10 17:29:38.916 Df PosterBoard[3009:23b3] [com.apple.Accessibility:AXSupportCommon] Read CategoryName: per-app = 1, category name = (null)
2024-03-10 17:29:38.905 E  cfprefsd[2925:209b] [com.apple.defaults:cfprefsd] Couldn't open parent path due to [2: No such file or directory]
2024-03-10 17:29:38.916 Df PosterBoard[3009:23b3] [com.apple.Accessibility:AXSupportCommon] Read CategoryName: per-app = 0, category name = (null)
2024-03-10 17:29:38.906 E  cfprefsd[2925:209b] [com.apple.defaults:cfprefsd] Couldn't open parent path due to [2: No such file or directory]
2024-03-10 17:29:38.913 Df homed[3006:23a5] [com.apple.network:] networkd_settings_read_from_file initialized networkd settings by reading plist directly
2024-03-10 17:29:38.920 A  cloudd[2938:2576] (Security) SecItemCopyMatching_ios
2024-03-10 17:29:38.906 E  cfprefsd[2925:209b] [com.apple.defaults:cfprefsd] Couldn't open parent path due to [2: No such file or directory]
2024-03-10 17:29:38.920 Df cloudd[2938:2576] [com.apple.securityd:secitemratelimit] Not internal release, disabling SIRL
2024-03-10 17:29:38.919 E  cfprefsd[2925:209b] [com.apple.defaults:cfprefsd] Couldn't open parent path due to [2: No such file or directory]
2024-03-10 17:29:38.896 Df SpringBoard[2887:2057] [com.apple.SpringBoard:Common] SceneWorkspaceDelegate[0x60000385e0c0-com.apple.SpringBoard.SceneWorkspace.FullKeyboardAccessUI] client did connect with handshake: <FBSceneClientHandshake:0x600003e19600; [osservice<com.apple.PosterBoard>:3009] remnants=0>
2024-03-10 17:29:38.923 Df homed[3006:23a5] [com.apple.network:] networkd_settings_read_from_file initialized networkd settings by reading plist directly
2024-03-10 17:29:38.897 Df SpringBoard[2887:2057] [com.apple.SpringBoard:Common] SceneWorkspaceDelegate[0x60000385e8c0-com.apple.SpringBoard.SceneWorkspace.VoiceControlUI] client did connect with handshake: <FBSceneClientHandshake:0x600003e19600; [osservice<com.apple.PosterBoard>:3009] remnants=0>
2024-03-10 17:29:38.925 Df homed[3006:23a5] [com.apple.network:path] nw_path_evaluator_start [0AFF153C-9380-48DB-BD94-82E479E3CD5A <NULL> generic, attribution: developer]
	path: satisfied (Path is satisfied), interface: en3
2024-03-10 17:29:38.897 Df SpringBoard[2887:2057] [com.apple.SpringBoard:Common] SceneWorkspaceDelegate[0x600003858b00-com.apple.SpringBoard.SceneWorkspace.EyedropperUI] client did connect with handshake: <FBSceneClientHandshake:0x600003e19600; [osservice<com.apple.PosterBoard>:3009] remnants=0>
2024-03-10 17:29:38.897 Df SpringBoard[2887:2057] [com.apple.SpringBoard:Common] SceneWorkspaceDelegate[0x600003858ba0-com.apple.SpringBoard.SceneWorkspace.Moments] client did connect with handshake: <FBSceneClientHandshake:0x600003e19600; [osservice<com.apple.PosterBoard>:3009] remnants=0>
2024-03-10 17:29:38.926 Df homed[3006:23a5] [com.apple.HomeKit:RemoteMessaging.DeviceMonitor] Initial health timer interval is 57270 seconds
2024-03-10 17:29:38.897 Df SpringBoard[2887:2057] [com.apple.SpringBoard:Common] SceneWorkspaceDelegate[0x60000385ec00-com.apple.SpringBoard.SceneWorkspace.AccessibilityUIServerUI] client did connect with handshake: <FBSceneClientHandshake:0x600003e19600; [osservice<com.apple.PosterBoard>:3009] remnants=0>
2024-03-10 17:29:38.898 Df SpringBoard[2887:2057] [com.apple.SpringBoard:Common] SceneWorkspaceDelegate[0x60000385e960-com.apple.SpringBoard.SceneWorkspace.AssistiveTouchUI] client did connect with handshake: <FBSceneClientHandshake:0x600003e19600; [osservice<com.apple.PosterBoard>:3009] remnants=0>
2024-03-10 17:29:38.898 Df SpringBoard[2887:2057] [com.apple.SpringBoard:Common] SceneWorkspaceDelegate[0x60000385e6e0-com.apple.SpringBoard.SceneWorkspace.LiveTranscriptionUI] client did connect with handshake: <FBSceneClientHandshake:0x600003e19600; [osservice<com.apple.PosterBoard>:3009] remnants=0>
2024-03-10 17:29:38.792 A  SpringBoard[2887:2304] (RunningBoardServices) observedProcessStatesDidChange
2024-03-10 17:29:38.783 Df SpringBoard[2887:2461] [com.apple.UserNotifications:DataProviderFactory] [com.apple.studentd.notifications] Purging invalid notification records
2024-03-10 17:29:38.921 Df cloudd[2938:2576] [com.apple.securityd:xpc] Adding securityd connection to pool, total now 1
2024-03-10 17:29:38.785 Df SpringBoard[2887:2593] [com.apple.BulletinBoard:Settings] Section settings for data provider com.apple.MobileSMS: <BBSectionInfo: 0x600000f72520> Section com.apple.MobileSMS <BBSectionInfoSettings: 0x600000a7ba80> Section settings: authorized = Authorized, authorization expiration date = (null), last user granted authorization date = (null), mute configuartion = (null), notification center = YES, lock screen = YES, scheduled delivery = NO, CarPlay = YES, time sensitive = YES, user configured time sensitive = NO, announce setting = Enabled Time Sensitive, direct messages = YES, user configured direct messages = NO, shows on external devices = YES, shows custom settings = NO, content preview setting = Default Setting, Alert style = Banner, Push settings = [s:BSA] [e:BSA], grouping = Default (unmanaged) 'Messages' 'Messages'
2024-03-10 17:29:38.926 Df SpringBoard[2887:2304] [com.apple.runningboard:monitor] Received state update for 3009
2024-03-10 17:29:38.919 E  cfprefsd[2925:209b] [com.apple.defaults:cfprefsd] Couldn't open parent path due to [2: No such file or directory]
2024-03-10 17:29:38.928 Df SpringBoard[2887:2593] [com.apple.BulletinBoard:General] BBServer: Update bulletins in section com.apple.MobileSMS for feed 1
2024-03-10 17:29:38.736 Df SpringBoard[2887:2325] [com.apple.UserNotifications:Connections] [com.apple.reminders] Getting delivered notifications
2024-03-10 17:29:38.931 Df SpringBoard[2887:2057] [com.apple.UserNotificationsKit:Lists] Destination CSCombinedListViewController updating notification section settings for section com.apple.MobileSMS
2024-03-10 17:29:38.931 Df SpringBoard[2887:2057] [com.apple.UserNotificationsKit:Lists] Notification List [NCNotificationStructuredListViewController] updating notification section settings for section com.apple.MobileSMS
2024-03-10 17:29:38.935 A  runningboardd[2891:2315] (RunningBoard) lookupHandleForKey
2024-03-10 17:29:38.932 Df SpringBoard[2887:2057] [com.apple.SpringBoard:CoverSheet] Ignoring redundant update for <CSCombinedListViewController: 0x7fbe42846200> because there is no content
2024-03-10 17:29:38.935 Df cloudd[2938:2576] [com.apple.cloudkit.sim:Request] req: 3F7FB3D4-CB09-4A3B-B0FC-321D55FAD39E, "<CKDQueryURLRequest: 0x7f8ee690c2a0 3F7FB3D4-CB09-4A3B-B0FC-321D55FAD39E> Requires zone id gates, grabbing them from gatekeeper, expectDelay false"
2024-03-10 17:29:38.932 Df SpringBoard[2887:2057] [com.apple.SpringBoard:CoverSheet] Ignoring redundant update for <CSCombinedListViewController: 0x7fbe42846200> because there is no content
2024-03-10 17:29:38.933 Df SpringBoard[2887:2057] [com.apple.SpringBoard:CoverSheet] Ignoring redundant update for <CSCombinedListViewController: 0x7fbe42846200> because there is no content
2024-03-10 17:29:38.929 A  SpringBoard[2887:2304] (RunningBoardServices) observedProcessStatesDidChange
2024-03-10 17:29:38.930 Df SpringBoard[2887:2461] [com.apple.BulletinBoard:Connection] BBDataProviderProxy setting server proxy: <_NSXPCDistantObject: 0x60000186b390>
2024-03-10 17:29:38.930 Df SpringBoard[2887:2593] [com.apple.BulletinBoard:Connection] BBDataProviderManager adding data provider <BBRemoteDataProvider 0x6000018770c0; com.apple.Preferences> to BBServer
2024-03-10 17:29:38.933 Df SpringBoard[2887:2461] [com.apple.UserNotifications:DataProviderFactory] [com.apple.MobileSMS] Did create default data provider
2024-03-10 17:29:38.933 Df SpringBoard[2887:2596] [com.apple.BulletinBoard:Connection] BBDataProviderProxy resuming proxy queue
2024-03-10 17:29:38.936 Df SpringBoard[2887:2461] [com.apple.UserNotifications:DataProviderFactory] [com.apple.MobileSMS] Purging invalid notification records
2024-03-10 17:29:38.937 Df SpringBoard[2887:2304] [com.apple.runningboard:process] Hit the server for a process handle 1692a3d500000b7e that resolved to: [osservice<com.apple.security.cloudkeychainproxy3>:2942]
2024-03-10 17:29:38.407 Df SpringBoard[2887:2594] [com.apple.UserNotifications:Connections] [com.apple.shortcuts] Getting notification categories
2024-03-10 17:29:38.939 Df SpringBoard[2887:2593] [com.apple.BulletinBoard:Settings] Section settings for data provider com.apple.Preferences: <BBSectionInfo: 0x600000f44370> Section com.apple.Preferences <BBSectionInfoSettings: 0x600000a521c0> Section settings: authorized = Authorized, authorization expiration date = (null), last user granted authorization date = (null), mute configuartion = (null), notification center = YES, lock screen = YES, scheduled delivery = NO, announce setting = Disabled, shows on external devices = YES, shows custom settings = NO, content preview setting = Default Setting, Alert style = Banner, Push settings = [s:BSA] [e:BSA], grouping = Default (unmanaged) 'Settings' 'Settings', hidden from settings
2024-03-10 17:29:38.938 Df SpringBoard[2887:2304] [com.apple.runningboard:monitor] Received state update for 2942
2024-03-10 17:29:38.935 Df cloudd[2938:2576] [com.apple.cloudkit.sim:Request] req: 3F7FB3D4-CB09-4A3B-B0FC-321D55FAD39E, "Performing request with URL=https://gateway.icloud.com:443/ckdatabase/api/client/query/retrieve background=0 allowCellular=1 allowExpensive=0 (timeouts 300.0s, -1.0s)"
2024-03-10 17:29:38.945 Df SpringBoard[2887:2057] [com.apple.UserNotificationsKit:Lists] Destination CSCombinedListViewController updating notification section settings for section com.apple.Preferences
2024-03-10 17:29:38.943 Df homed[3006:23a5] [com.apple.xpc.activity:Client] xpc_activity_register: com.apple.homed.logEvent.dailyScheduler, criteria: check-in
2024-03-10 17:29:38.944 Df SpringBoard[2887:2593] [com.apple.BulletinBoard:General] BBServer: Update bulletins in section com.apple.Preferences for feed 1
2024-03-10 17:29:38.945 Df SpringBoard[2887:2057] [com.apple.UserNotificationsKit:Lists] Notification List [NCNotificationStructuredListViewController] updating notification section settings for section com.apple.Preferences
2024-03-10 17:29:38.943 A  runningboardd[2891:2315] (RunningBoard) statesForPredicate
2024-03-10 17:29:38.946 Df SpringBoard[2887:2461] [com.apple.BulletinBoard:Connection] BBDataProviderProxy setting server proxy: <_NSXPCDistantObject: 0x600001871d60>
2024-03-10 17:29:38.950 Df voiced[3023:2502] [com.apple.trial:_] Released managed-directory lock: /Users/chef/Library/Developer/CoreSimulator/Devices/FA441BBB-4AC7-424C-8E75-DDA61780E4A0/data/Library/Trial/NamespaceDescriptors/v2/factorPackSets/88b26bf3-6dcf-42dd-8c3d-06cba2bb1ea7
2024-03-10 17:29:38.945 Df SpringBoard[2887:2057] [com.apple.SpringBoard:CoverSheet] Ignoring redundant update for <CSCombinedListViewController: 0x7fbe42846200> because there is no content
2024-03-10 17:29:38.948 Df calaccessd[3020:2447] (CoreSpotlight) Start service name com.apple.corespotlight.daemon.calendar
2024-03-10 17:29:38.944 Df homed[3006:23a5] [com.apple.xpc.activity:Client] _xpc_activity_register: com.apple.homed.logEvent.dailyScheduler (0x600000aa4500), 0
2024-03-10 17:29:38.957 Df passd[2912:2437] [com.apple.xpc.activity:Client] __XPC_ACTIVITY_CALLING_HANDLER__: PDCardFileManager.CacheMaintenance (0x600001d5c3c0), current state 0, pending state 0
2024-03-10 17:29:38.946 Df SpringBoard[2887:2461] [com.apple.UserNotifications:DataProviderFactory] [com.apple.Preferences] Did create default data provider
2024-03-10 17:29:38.944 Df homed[3006:23a5] [com.apple.xpc.activity:Client] xpc_activity_set_criteria: com.apple.homed.logEvent.dailyScheduler (0x600000aa4500), check-in
2024-03-10 17:29:38.947 Df SpringBoard[2887:2057] [com.apple.SpringBoard:CoverSheet] Ignoring redundant update for <CSCombinedListViewController: 0x7fbe42846200> because there is no content
2024-03-10 17:29:38.948 Df SpringBoard[2887:2057] [com.apple.SpringBoard:CoverSheet] Ignoring redundant update for <CSCombinedListViewController: 0x7fbe42846200> because there is no content
2024-03-10 17:29:38.946 Df SpringBoard[2887:2593] [com.apple.BulletinBoard:Connection] BBDataProviderManager adding data provider <BBRemoteDataProvider 0x6000018769e0; com.apple.shortcuts> to BBServer
2024-03-10 17:29:38.947 Df SpringBoard[2887:2461] [com.apple.UserNotifications:DataProviderFactory] [com.apple.Preferences] Purging invalid notification records
2024-03-10 17:29:38.954 Df SpringBoard[2887:2597] [com.apple.BulletinBoard:Connection] BBDataProviderProxy resuming proxy queue
2024-03-10 17:29:38.209 Df SpringBoard[2887:2454] [com.apple.UserNotifications:Connections] [com.apple.AppleMediaServicesUI.engagement.notifications] Setting 1 notification categories
2024-03-10 17:29:38.206 Df SpringBoard[2887:2306] [com.apple.UserNotifications:Connections] [com.apple.Preferences] Setting 0 notification categories
2024-03-10 17:29:38.208 Df SpringBoard[2887:2460] [com.apple.UserNotifications:Connections] [com.apple.AppStore] Setting 1 notification categories
2024-03-10 17:29:38.960 Df SpringBoard[2887:2593] [com.apple.BulletinBoard:Settings] Section settings for data provider com.apple.shortcuts: <BBSectionInfo: 0x600000f41a20> Section com.apple.shortcuts <BBSectionInfoSettings: 0x600000a67f00> Section settings: authorized = Authorized, authorization expiration date = (null), last user granted authorization date = (null), mute configuartion = (null), notification center = YES, lock screen = YES, scheduled delivery = NO, announce setting = Disabled, shows on external devices = YES, shows custom settings = NO, content preview setting = Default Setting, Alert style = Banner, Push settings = [s:-SA] [e:-SA], grouping = Default (unmanaged) 'Shortcuts' 'Shortcuts', hidden from settings
2024-03-10 17:29:38.964 Df SpringBoard[2887:2057] [com.apple.UserNotificationsKit:Lists] Destination CSCombinedListViewController updating notification section settings for section com.apple.shortcuts
2024-03-10 17:29:38.966 E  homed[3006:23a5] [com.apple.HomeKit:HMDPersistentStore] Failed to load data store from file path /Users/chef/Library/Developer/CoreSimulator/Devices/FA441BBB-4AC7-424C-8E75-DDA61780E4A0/data/Library/homed/eventflags-datastore: Error Domain=NSCocoaErrorDomain Code=260 "The file â€œeventflags-datastoreâ€ couldnâ€™t be opened because there is no such file." UserInfo={NSFilePath=/Users/chef/Library/Developer/CoreSimulator/Devices/FA441BBB-4AC7-424C-8E75-DDA61780E4A0/data/Library/homed/eventflags-datastore, NSUnderlyingError=0x6000035b27c0 {Error Domain=NSPOSIXErrorDomain Code=2 "No such file or directory"}}
2024-03-10 17:29:38.964 Df SpringBoard[2887:2057] [com.apple.UserNotificationsKit:Lists] Notification List [NCNotificationStructuredListViewController] updating notification section settings for section com.apple.shortcuts
2024-03-10 17:29:38.966 Df homed[3006:23a5] [com.apple.HomeKit:default] No time-based flag archive found
2024-03-10 17:29:38.965 Df SpringBoard[2887:2057] [com.apple.SpringBoard:CoverSheet] Ignoring redundant update for <CSCombinedListViewController: 0x7fbe42846200> because there is no content
2024-03-10 17:29:38.966 Df homed[3006:23a5] [com.apple.HomeKit:default] Loading legacy flags
2024-03-10 17:29:38.965 Df SpringBoard[2887:2057] [com.apple.SpringBoard:CoverSheet] Ignoring redundant update for <CSCombinedListViewController: 0x7fbe42846200> because there is no content
2024-03-10 17:29:38.966 Df SpringBoard[2887:2057] [com.apple.SpringBoard:CoverSheet] Ignoring redundant update for <CSCombinedListViewController: 0x7fbe42846200> because there is no content
2024-03-10 17:29:38.963 Df SpringBoard[2887:2593] [com.apple.BulletinBoard:General] BBServer: Update bulletins in section com.apple.shortcuts for feed 1
2024-03-10 17:29:38.967 E  homed[3006:23a5] [com.apple.HomeKit:HMDPersistentStore] Failed to load data store from file path /Users/chef/Library/Developer/CoreSimulator/Devices/FA441BBB-4AC7-424C-8E75-DDA61780E4A0/data/Library/homed/eventflags-datastore: Error Domain=NSCocoaErrorDomain Code=260 "The file â€œeventflags-datastoreâ€ couldnâ€™t be opened because there is no such file." UserInfo={NSFilePath=/Users/chef/Library/Developer/CoreSimulator/Devices/FA441BBB-4AC7-424C-8E75-DDA61780E4A0/data/Library/homed/eventflags-datastore, NSUnderlyingError=0x6000035b27c0 {Error Domain=NSPOSIXErrorDomain Code=2 "No such file or directory"}}
2024-03-10 17:29:38.966 Df SpringBoard[2887:2593] [com.apple.BulletinBoard:Connection] BBDataProviderManager adding data provider <BBRemoteDataProvider 0x6000018720d0; com.apple.siri> to BBServer
2024-03-10 17:29:38.968 E  homed[3006:23a5] [com.apple.HomeKit:default] No legacy event flags found
2024-03-10 17:29:38.208 Df SpringBoard[2887:2303] [com.apple.UserNotifications:Connections] [com.apple.mobiletimer] Setting 7 notification categories
2024-03-10 17:29:38.969 E  homed[3006:23a5] [com.apple.HomeKit:HMDPersistentStore] Failed to load data store from file path /Users/chef/Library/Developer/CoreSimulator/Devices/FA441BBB-4AC7-424C-8E75-DDA61780E4A0/data/Library/homed/eventcounters-groupstore: Error Domain=NSCocoaErrorDomain Code=260 "The file â€œeventcounters-groupstoreâ€ couldnâ€™t be opened because there is no such file." UserInfo={NSFilePath=/Users/chef/Library/Developer/CoreSimulator/Devices/FA441BBB-4AC7-424C-8E75-DDA61780E4A0/data/Library/homed/eventcounters-groupstore, NSUnderlyingError=0x6000035a6850 {Error Domain=NSPOSIXErrorDomain Code=2 "No such file or directory"}}
2024-03-10 17:29:38.969 E  homed[3006:23a5] [com.apple.HomeKit:default] Archived event counters not found
2024-03-10 17:29:38.969 Df UserEventAgent[2889:244e] [com.apple.xpc.activity:Activities] Initiating XPC Activity: com.apple.siri.inference.FirstBoot (0x7fb428907040)
2024-03-10 17:29:38.967 Df SpringBoard[2887:259c] [com.apple.BulletinBoard:Connection] BBDataProviderProxy setting server proxy: <_NSXPCDistantObject: 0x60000186b340>
2024-03-10 17:29:38.968 Df SpringBoard[2887:259c] [com.apple.UserNotifications:DataProviderFactory] [com.apple.shortcuts] Did create default data provider
2024-03-10 17:29:38.968 Df SpringBoard[2887:2304] [com.apple.BulletinBoard:Connection] BBDataProviderProxy resuming proxy queue
2024-03-10 17:29:38.970 Df SpringBoard[2887:259c] [com.apple.UserNotifications:DataProviderFactory] [com.apple.shortcuts] Purging invalid notification records
2024-03-10 17:29:38.969 Df SpringBoard[2887:2593] [com.apple.BulletinBoard:Settings] Section settings for data provider com.apple.siri: <BBSectionInfo: 0x600000f44fd0> Section com.apple.siri <BBSectionInfoSettings: 0x600000a527f0> Section settings: authorized = Authorized, authorization expiration date = (null), last user granted authorization date = (null), mute configuartion = (null), notification center = YES, lock screen = YES, scheduled delivery = NO, announce setting = Disabled, shows on external devices = YES, shows custom settings = NO, content preview setting = Default Setting, Alert style = Banner, Push settings = [s:---] [e:---], grouping = Default (unmanaged) 'Siri' 'Siri', hidden from settings
2024-03-10 17:29:38.974 Df SpringBoard[2887:2593] [com.apple.BulletinBoard:General] BBServer: Update bulletins in section com.apple.siri for feed 1
2024-03-10 17:29:38.730 Df SpringBoard[2887:259f] [com.apple.UserNotifications:Connections] [com.apple.weather] Getting notification settings
2024-03-10 17:29:38.975 Df SpringBoard[2887:259d] [com.apple.BulletinBoard:Connection] Got effective section info [ result: 0 ]
2024-03-10 17:29:38.976 Df SpringBoard[2887:259c] [com.apple.BulletinBoard:Connection] BBDataProviderProxy setting server proxy: <_NSXPCDistantObject: 0x60000186b3e0>
2024-03-10 17:29:38.810 E  SpringBoard[2887:2598] [com.apple.BaseBoard:Common]  **** failed to open fd at tempPath=/Users/chef/Library/Developer/CoreSimulator/Devices/FA441BBB-4AC7-424C-8E75-DDA61780E4A0/data/tmp/sectionInfoIcon.ClassroomIconDefault./Volumes/Xcode/Xcode_14.2.app/Contents/Developer/Platforms/iPhoneOS.platform/Library/Developer/CoreSimulator/Profiles/Runtimes/iOS.simruntime/Contents/Resources/RuntimeRoot/System/Library/UserNotifications/Bundles/com.apple.studentd.notifications.bundle.(null).(null).17.cpbitmap.SixccQ
2024-03-10 17:29:38.980 Df SpringBoard[2887:259c] [com.apple.UserNotifications:DataProviderFactory] [com.apple.siri] Did create default data provider
2024-03-10 17:29:38.977 Df SpringBoard[2887:259d] [com.apple.UserNotifications:Settings] [com.apple.askpermission.notifications] Got effective section info [ hasResult: 1 ]
2024-03-10 17:29:38.980 Df SpringBoard[2887:259c] [com.apple.UserNotifications:DataProviderFactory] [com.apple.siri] Purging invalid notification records
2024-03-10 17:29:38.980 Df SpringBoard[2887:259d] [com.apple.UserNotifications:Settings] Getting effectiveSectionInfo for section identifier: com.apple.askpermission.notifications
2024-03-10 17:29:38.982 Df SpringBoard[2887:2598] [com.apple.BulletinBoard:Connection] BBDataProviderProxy resuming proxy queue
2024-03-10 17:29:38.982 Df SpringBoard[2887:259d] [com.apple.UserNotifications:Settings] [com.apple.askpermission.notifications] Getting effective section info
2024-03-10 17:29:38.983 Df SpringBoard[2887:259d] [com.apple.BulletinBoard:Connection] Getting requested effective section info (sync)
2024-03-10 17:29:38.983 E  SpringBoard[2887:2327] [com.apple.UserNotificationsKit:Icons] Notification icon is smaller than expanded size of 40.000000: SiriNotification in bundle /Volumes/Xcode/Xcode_14.2.app/Contents/Developer/Platforms/iPhoneOS.platform/Library/Developer/CoreSimulator/Profiles/Runtimes/iOS.simruntime/Contents/Resources/RuntimeRoot/Applications/Siri.app
2024-03-10 17:29:38.984 Df SpringBoard[2887:2057] [com.apple.UserNotificationsKit:Lists] Destination CSCombinedListViewController updating notification section settings for section com.apple.siri
2024-03-10 17:29:38.985 Df SpringBoard[2887:2057] [com.apple.UserNotificationsKit:Lists] Notification List [NCNotificationStructuredListViewController] updating notification section settings for section com.apple.siri
2024-03-10 17:29:38.985 Df SpringBoard[2887:2057] [com.apple.SpringBoard:CoverSheet] Ignoring redundant update for <CSCombinedListViewController: 0x7fbe42846200> because there is no content
2024-03-10 17:29:38.985 Df SpringBoard[2887:2057] [com.apple.SpringBoard:CoverSheet] Ignoring redundant update for <CSCombinedListViewController: 0x7fbe42846200> because there is no content
2024-03-10 17:29:38.986 Df SpringBoard[2887:2057] [com.apple.SpringBoard:CoverSheet] Ignoring redundant update for <CSCombinedListViewController: 0x7fbe42846200> because there is no content
2024-03-10 17:29:38.995 Df ScreenTimeAgent[3014:25b2] [com.apple.UserNotifications:Connections] [com.apple.ScreenTimeDowntimeNotifications] Listening for connections to delegate
2024-03-10 17:29:38.985 Df SpringBoard[2887:259d] [com.apple.BulletinBoard:Connection] Got effective section info [ result: 0 ]
2024-03-10 17:29:38.995 Df ScreenTimeAgent[3014:23fe] [com.apple.xpc.activity:Client] xpc_activity_register: com.apple.ScreenTimeAgent.activity.CoreAnalytics, criteria: check-in
2024-03-10 17:29:38.986 Df SpringBoard[2887:259d] [com.apple.UserNotifications:Settings] [com.apple.askpermission.notifications] Got effective section info [ hasResult: 1 ]
2024-03-10 17:29:38.995 Df ScreenTimeAgent[3014:23fe] [com.apple.xpc.activity:Client] _xpc_activity_register: com.apple.ScreenTimeAgent.activity.CoreAnalytics (0x600000ef5040), 0
2024-03-10 17:29:38.987 E  SpringBoard[2887:259d] [com.apple.UserNotifications:DataStore] No data found at /Users/chef/Library/Developer/CoreSimulator/Devices/FA441BBB-4AC7-424C-8E75-DDA61780E4A0/data/Library/UserNotifications/E06BDAA8-61D0-40C0-836D-86298BBFFE5A/DeliveredNotifications.plist
2024-03-10 17:29:38.988 Df SpringBoard[2887:259d] [com.apple.UserNotifications:DataStore] Saving file at /Users/chef/Library/Developer/CoreSimulator/Devices/FA441BBB-4AC7-424C-8E75-DDA61780E4A0/data/Library/UserNotifications/E06BDAA8-61D0-40C0-836D-86298BBFFE5A/DeliveredNotifications.plist with 0 items
2024-03-10 17:29:38.995 Df ScreenTimeAgent[3014:23fe] [com.apple.xpc.activity:Client] xpc_activity_set_criteria: com.apple.ScreenTimeAgent.activity.CoreAnalytics (0x600000ef5040), check-in
2024-03-10 17:29:38.992 Df SpringBoard[2887:259d] [com.apple.FileURL:default] kExcludedFromBackupXattrName set on path: /Users/chef/Library/Developer/CoreSimulator/Devices/FA441BBB-4AC7-424C-8E75-DDA61780E4A0/data/Library/UserNotifications/E06BDAA8-61D0-40C0-836D-86298BBFFE5A/DeliveredNotifications.plist
2024-03-10 17:29:38.996 Df ScreenTimeAgent[3014:25b2] [com.apple.UserNotifications:Connections] [com.apple.ScreenTimeEnabledNotifications] Listening for connections to delegate
2024-03-10 17:29:38.993 Df SpringBoard[2887:259d] [com.apple.UserNotifications:DataStore] [com.apple.barcodesupport.nfc] Remove all delivered notifications that are no longer valid
2024-03-10 17:29:39.004 Df apsd[2932:20e9] [com.apple.apsd:courier] copyTokenForDomain sandbox.push.apple.com (null)
2024-03-10 17:29:38.996 Df ScreenTimeAgent[3014:25b3] [com.apple.ScreenTime.agent:startup] Bootstrapping reactor
2024-03-10 17:29:39.004 A  apsd[2932:20e9] (Security) SecItemCopyMatching_ios
2024-03-10 17:29:38.996 Df ScreenTimeAgent[3014:25b2] [com.apple.UserNotifications:Connections] [com.apple.ScreenTimeNotifications] Listening for connections to delegate
2024-03-10 17:29:38.997 A  ScreenTimeAgent[3014:2592] (IDS) Framework init with service, commands
2024-03-10 17:29:38.995 Df SpringBoard[2887:259d] [com.apple.UserNotifications:Settings] Getting effectiveSectionInfo for section identifier: com.apple.barcodesupport.nfc
2024-03-10 17:29:39.005 Df apsd[2932:20e9] [com.apple.apsd:courier] copyTokenForDomain sandbox.push.apple.com (null)
2024-03-10 17:29:38.997 Df ScreenTimeAgent[3014:2592] [com.apple.IDS:_IDSService] _IDSService - initing {self: 0x6000008f4a50, service: com.apple.private.alloy.screentime, commands: (null), manualAck: NO}
2024-03-10 17:29:38.996 Df SpringBoard[2887:259d] [com.apple.UserNotifications:Settings] [com.apple.barcodesupport.nfc] Getting effective section info
2024-03-10 17:29:39.005 A  apsd[2932:20e9] (Security) SecItemCopyMatching_ios
2024-03-10 17:29:38.998 Df ScreenTimeAgent[3014:25bb] [com.apple.accounts:core] "The connection to ACDAccountStore was invalidated."
2024-03-10 17:29:38.997 Df SpringBoard[2887:259d] [com.apple.BulletinBoard:Connection] Getting requested effective section info (sync)
2024-03-10 17:29:38.997 Df ScreenTimeAgent[3014:25b3] [com.apple.IDS:XPC] Created XPC service with name: com.apple.private.alloy.screentime-idswake  (Connection: 0x7f9cbaf12a00)
2024-03-10 17:29:39.007 Df apsd[2932:20e9] [com.apple.apsd:courier] <APSCourier 0x7fe791004b40 development>: __processStoredIncomingMessageForConnection: <APSConnectionServer: 0x600001540370>
2024-03-10 17:29:39.004 Df ScreenTimeAgent[3014:2592] [com.apple.IDS:Registration] Suspend at connect 0x6000011ea280
2024-03-10 17:29:39.003 Df ScreenTimeAgent[3014:25b3] [com.apple.IDS:_IDSService] Client setup service -- checked in {service: com.apple.private.alloy.screentime}
2024-03-10 17:29:39.005 Df ScreenTimeAgent[3014:2592] [com.apple.IDS:Registration] Requesting connectionID 1 usingSync YES
2024-03-10 17:29:38.999 Df SpringBoard[2887:259d] [com.apple.BulletinBoard:Connection] Got effective section info [ result: 0 ]
2024-03-10 17:29:39.000 Df SpringBoard[2887:259d] [com.apple.UserNotifications:Settings] [com.apple.barcodesupport.nfc] Got effective section info [ hasResult: 1 ]
2024-03-10 17:29:39.002 Df SpringBoard[2887:259d] [com.apple.UserNotifications:Settings] Getting effectiveSectionInfo for section identifier: com.apple.barcodesupport.nfc
2024-03-10 17:29:39.009 Df ScreenTimeWidgetExtension[3003:237f] [com.apple.ScreenTimeWidget:PersistentStoreManager] Loaded persistent store
2024-03-10 17:29:39.011 Df ScreenTimeWidgetExtension[3003:23e6] [com.apple.ScreenTimeWidget:UsageProvider] Fetching local user information
2024-03-10 17:29:39.012 Df ScreenTimeAgent[3014:25bc] [com.apple.IDS:XPC] Created connection to com.apple.identityservicesd.desktop.sim2host service: 0x6000006f4620
2024-03-10 17:29:39.003 Df SpringBoard[2887:259d] [com.apple.UserNotifications:Settings] [com.apple.barcodesupport.nfc] Getting effective section info
2024-03-10 17:29:39.004 Df SpringBoard[2887:259d] [com.apple.BulletinBoard:Connection] Getting requested effective section info (sync)
2024-03-10 17:29:39.007 Df SpringBoard[2887:259d] [com.apple.BulletinBoard:Connection] Got effective section info [ result: 0 ]
2024-03-10 17:29:39.007 Df SpringBoard[2887:259d] [com.apple.UserNotifications:Settings] [com.apple.barcodesupport.nfc] Got effective section info [ hasResult: 1 ]
2024-03-10 17:29:39.007 E  SpringBoard[2887:259d] [com.apple.UserNotifications:DataStore] No data found at /Users/chef/Library/Developer/CoreSimulator/Devices/FA441BBB-4AC7-424C-8E75-DDA61780E4A0/data/Library/UserNotifications/C0952C92-CC89-459F-9025-C1C0A509ADF7/DeliveredNotifications.plist
2024-03-10 17:29:39.010 Df SpringBoard[2887:259d] [com.apple.UserNotifications:DataStore] Saving file at /Users/chef/Library/Developer/CoreSimulator/Devices/FA441BBB-4AC7-424C-8E75-DDA61780E4A0/data/Library/UserNotifications/C0952C92-CC89-459F-9025-C1C0A509ADF7/DeliveredNotifications.plist with 0 items
2024-03-10 17:29:39.018 Df ScreenTimeAgent[3014:23fe] [com.apple.ScreenTimeAgent:checkpoint] STScreenTimeOrganizationController: Updating effective device state
2024-03-10 17:29:39.014 Df ScreenTimeAgent[3014:25bb] [com.apple.IDS:IMLocalObject] peer(0) received XPC_ERROR_CONNECTION_INVALID
2024-03-10 17:29:39.020 Df ScreenTimeWidgetExtension[3003:23e6] [com.apple.ScreenTimeWidget:UsageProvider] ScreenTime is disabled.
2024-03-10 17:29:39.018 E  ScreenTimeAgent[3014:25bc] [com.apple.IDS:Connection] Received Connection Invalid
2024-03-10 17:29:39.020 Df ScreenTimeWidgetExtension[3003:23e6] [com.apple.ScreenTimeWidget:UsageProvider] Getting Placeholder Body
2024-03-10 17:29:39.012 Df SpringBoard[2887:259d] [com.apple.FileURL:default] kExcludedFromBackupXattrName set on path: /Users/chef/Library/Developer/CoreSimulator/Devices/FA441BBB-4AC7-424C-8E75-DDA61780E4A0/data/Library/UserNotifications/C0952C92-CC89-459F-9025-C1C0A509ADF7/DeliveredNotifications.plist
2024-03-10 17:29:39.018 Df ScreenTimeAgent[3014:25bc] [com.apple.IDS:Registration] Completed connection {connectionID 1, fatalError YES, relevantConnection: YES, localObject: [IMLocalObject] Port Name: (null) Process Name: (null), acquiringDaemonConnection: YES}
2024-03-10 17:29:39.018 Df ScreenTimeAgent[3014:25bc] [com.apple.Registration:Warning]   Failed to build remote object for listener: com.apple.ScreenTimeAgent
2024-03-10 17:29:39.023 Df PosterBoard[3009:23b3] [com.apple.BoardServices:Bootstrap] manually bootstrapping domain com.apple.posterboardservices
2024-03-10 17:29:39.021 Df ScreenTimeWidgetExtension[3003:23e6] [com.apple.ScreenTimeWidget:IntentTimelineProvider] getTimeline calling completion
2024-03-10 17:29:39.019 Df ScreenTimeAgent[3014:25bc] [com.apple.IDS:Registration] Resume due to connect completion 0x6000011ea280
2024-03-10 17:29:36.961 Df localizationswitcherd[2997:233b] [com.apple.xpc.activity:Client] __XPC_ACTIVITY_CALLING_HANDLER__ returned from handler: com.apple.IntlPreferences.analytics (0x600002cd00a0), current state 0, pending state 0
2024-03-10 17:29:39.024 Df lsd[2929:20cb] [com.apple.xpc.activity:Client] xpc_activity_set_criteria, lower half: com.apple.launchservices.systemapps.analytics (0x60000358c0a0), dict
2024-03-10 17:29:39.021 Df ScreenTimeWidgetExtension[3003:23e6] [com.apple.ScreenTimeWidget:IntentTimelineProvider] getTimeline done
2024-03-10 17:29:39.014 Df SpringBoard[2887:259d] [com.apple.UserNotifications:DataStore] [com.apple.barcodesupport.qrcode] Remove all delivered notifications that are no longer valid
2024-03-10 17:29:38.990 Df passd[2912:242a] [com.apple.xpc.activity:Client] _xpc_activity_set_criteria: PDMapsBrandAndMerchantUpdaterClientIdentifier.PDMapsBrandAndMerchantUpdaterActivityIdentifier (0x600001d58780), check-in
2024-03-10 17:29:39.023 Df localizationswitcherd[2997:233b] [com.apple.xpc.activity:Client] _xpc_activity_set_state: com.apple.IntlPreferences.analytics (0x600002cd00a0), 1
2024-03-10 17:29:39.026 Df UserEventAgent[2889:244e] [com.apple.xpc.activity:Internal] Creating XPC Activity on XPC add event: com.apple.launchservices.systemapps.analytics
2024-03-10 17:29:39.019 Df ScreenTimeAgent[3014:25bc] [com.apple.IDS:Registration]  ... disconnection from agent (remote) being handled by ivarQueue
2024-03-10 17:29:39.022 Df ScreenTimeWidgetExtension[3003:237f] [com.apple.ScreenTimeWidget:Widget] Getting widget body
2024-03-10 17:29:39.014 Df SpringBoard[2887:259d] [com.apple.UserNotifications:Settings] Getting effectiveSectionInfo for section identifier: com.apple.barcodesupport.qrcode
2024-03-10 17:29:39.024 Df lsd[2929:20cb] [com.apple.xpc.activity:Client] _xpc_activity_set_criteria: com.apple.launchservices.systemapps.analytics (0x60000358c0a0), dict
2024-03-10 17:29:39.019 Df ScreenTimeAgent[3014:25bc] [com.apple.IDS:Registration] XPC has informed us that a fatal error has occured, we will not be attempting to reconnect any further
2024-03-10 17:29:39.015 Df SpringBoard[2887:259d] [com.apple.UserNotifications:Settings] [com.apple.barcodesupport.qrcode] Getting effective section info
2024-03-10 17:29:39.024 Df lsd[2929:20cb] [com.apple.xpc.activity:Client] _xpc_activity_set_criteria: xpc_set_event com.apple.launchservices.systemapps.analytics, 1
2024-03-10 17:29:39.016 Df SpringBoard[2887:259d] [com.apple.BulletinBoard:Connection] Getting requested effective section info (sync)
2024-03-10 17:29:39.017 Df SpringBoard[2887:259d] [com.apple.BulletinBoard:Connection] Got effective section info [ result: 0 ]
2024-03-10 17:29:39.020 Df SpringBoard[2887:259d] [com.apple.UserNotifications:Settings] [com.apple.barcodesupport.qrcode] Got effective section info [ hasResult: 1 ]
2024-03-10 17:29:39.021 Df SpringBoard[2887:259d] [com.apple.UserNotifications:Settings] Getting effectiveSectionInfo for section identifier: com.apple.barcodesupport.qrcode
2024-03-10 17:29:39.022 Df SpringBoard[2887:259d] [com.apple.UserNotifications:Settings] [com.apple.barcodesupport.qrcode] Getting effective section info
2024-03-10 17:29:39.032 Df homed[3006:23a5] [com.apple.HomeKit:BackingStoreLocal] [BackingStore] Current schema version: 2
2024-03-10 17:29:39.027 Df SpringBoard[2887:2327] [com.apple.FrontBoard:Process] Asked to bootstrap a new process for handle: [xpcservice<com.apple.ScreenTimeWidgetApplication.ScreenTimeWidgetExtension([osservice<com.apple.chronod>:2934])>:3003]
2024-03-10 17:29:39.029 Df SpringBoard[2887:2327] [com.apple.FrontBoard:Process] Creating process (sync=true) for handle: [xpcservice<com.apple.ScreenTimeWidgetApplication.ScreenTimeWidgetExtension([osservice<com.apple.chronod>:2934])>:3003]
2024-03-10 17:29:39.027 Df SpringBoard[2887:259d] [com.apple.BulletinBoard:Connection] Getting requested effective section info (sync)
2024-03-10 17:29:39.031 Df SpringBoard[2887:259d] [com.apple.BulletinBoard:Connection] Got effective section info [ result: 0 ]
2024-03-10 17:29:39.032 Df homed[3006:23a5] [com.apple.HomeKit:BackingStoreLocal] [BackingStore] turning on WAL resulted in wal / (null)
2024-03-10 17:29:39.031 Df SpringBoard[2887:259d] [com.apple.UserNotifications:Settings] [com.apple.barcodesupport.qrcode] Got effective section info [ hasResult: 1 ]
2024-03-10 17:29:39.035 Df PosterBoard[3009:25b7] [com.apple.PosterBoardServices:Common] Adding Connection: <(null):0x600000c914a0>
2024-03-10 17:29:39.036 Df PosterBoard[3009:25b9] [com.apple.PosterBoardServices:Common] PRSServer received connection: <(null):0x600000c914a0>
2024-03-10 17:29:39.032 E  SpringBoard[2887:259d] [com.apple.UserNotifications:DataStore] No data found at /Users/chef/Library/Developer/CoreSimulator/Devices/FA441BBB-4AC7-424C-8E75-DDA61780E4A0/data/Library/UserNotifications/354332CE-6DEE-49C0-81AF-3FD9609A0C7D/DeliveredNotifications.plist
2024-03-10 17:29:39.037 Df UserEventAgent[2889:244e] [com.apple.xpc.activity:Internal] Created XPC Activity: com.apple.launchservices.systemapps.analytics (0x7fb428909e00)
2024-03-10 17:29:39.033 Df SpringBoard[2887:259d] [com.apple.UserNotifications:DataStore] Saving file at /Users/chef/Library/Developer/CoreSimulator/Devices/FA441BBB-4AC7-424C-8E75-DDA61780E4A0/data/Library/UserNotifications/354332CE-6DEE-49C0-81AF-3FD9609A0C7D/DeliveredNotifications.plist with 0 items
2024-03-10 17:29:39.036 Df PosterBoard[3009:25b9] [com.apple.PosterBoardServices:Observer] <PRSWallpaperPublisher:0x600001d94750> client <SpringBoard:2887:PBUIPosterWallpaperViewController-0x7fbe43834800:0x600000c961c0 al|ah> connected
2024-03-10 17:29:39.034 Df SpringBoard[2887:2327] [com.apple.FrontBoard:ProcessWorkspace] [xpcservice<com.apple.ScreenTimeWidgetApplication.ScreenTimeWidgetExtension([osservice<com.apple.chronod>:2934])>:3003] Registering event dispatcher at init
2024-03-10 17:29:39.037 A  runningboardd[2891:254e] (RunningBoard) statesForPredicate
2024-03-10 17:29:39.035 Df SpringBoard[2887:2327] [com.apple.FrontBoard:ProcessWorkspace] Registering Source for 3003 : <FBWorkspaceEventDispatcherSource: 0x600003413360>
2024-03-10 17:29:39.036 Df SpringBoard[2887:2327] [com.apple.FrontBoard:ProcessWorkspace] Created <FBWorkspace: 0x600000f7eec0; xpcservice<com.apple.ScreenTimeWidgetApplication.ScreenTimeWidgetExtension([osservice<com.apple.chronod>:2934])>>
2024-03-10 17:29:39.038 A  runningboardd[2891:2315] (RunningBoard) subscribeToProcessDeath
2024-03-10 17:29:39.036 Df SpringBoard[2887:2327] [com.apple.FrontBoard:Process] Bootstrapping xpcservice<com.apple.ScreenTimeWidgetApplication.ScreenTimeWidgetExtension([osservice<com.apple.chronod>:2934])>
2024-03-10 17:29:39.036 Df SpringBoard[2887:2327] [com.apple.FrontBoard:Process] [xpcservice<com.apple.ScreenTimeWidgetApplication.ScreenTimeWidgetExtension([osservice<com.apple.chronod>:2934])>:3003] Bootstrap success!
2024-03-10 17:29:39.037 Df UserEventAgent[2889:244e] [com.apple.xpc.activity:Activities] Registered XPC Activity: com.apple.launchservices.systemapps.analytics (0x7fb428909e00)
2024-03-10 17:29:39.038 Df PosterBoard[3009:23b3] [com.apple.dt.xctest:Default] Registering for test daemon availability notify post.
2024-03-10 17:29:39.042 A  PosterBoard[3009:25b7] (libsystem_containermanager.dylib) container_system_group_path_for_identifier
2024-03-10 17:29:39.042 Df PosterBoard[3009:25b7] [com.apple.containermanager:xpc] Requesting container lookup; class = 13, identifier = (null), group_identifier = systemgroup.com.apple.configurationprofiles, create = 1, temp = 0, euid = 600, uid = 600
2024-03-10 17:29:39.042 A  PosterBoard[3009:25b7] (libsystem_containermanager.dylib) container_query_t
2024-03-10 17:29:39.043 Df PosterBoard[3009:25b7] [com.apple.containermanager:xpc] Query; euid = 600, uid = 600, query = <dictionary: 0x600000b91260> { count = 8, transaction: 0, voucher = 0x0, contents =
	"ContainerClass" => <uint64: 0xd03b2a54f6f1cea2>: 13
	"Platform" => <uint64: 0xd03b2a54f6f1cea8>: 7
	"Flags" => <uint64: 0xd03b2a5df6f1ceac>: 38654705667
	"Explicit" => <uint64: 0xd03b2a54f6f1ce89>: 38
	"PrivateFlags" => <uint64: 0xd03b2a54f6f1ceac>: 3
	"Transient" => <bool: 0x7ff860004fc0>: false
	"Command" => <uint64: 0xd03b2a54f6f1ce88>: 39
	"GroupIdentifiers" => <array: 0x600002193420> { count = 1, capacity = 10, contents =
		0: <string: 0x6000021933c0> { length = 43, contents = "systemgroup.com.apple.configurationprofiles" }
	}
}
2024-03-10 17:29:39.044 E  cfprefsd[2925:209b] [com.apple.defaults:cfprefsd] Couldn't open parent path due to [2: No such file or directory]
2024-03-10 17:29:39.046 Df containermanagerd[2930:20cd] [com.apple.containermanager:fs] stat [/Users/chef/Library/Developer/CoreSimulator/Devices/FA441BBB-4AC7-424C-8E75-DDA61780E4A0/data/Containers/Shared/SystemGroup/systemgroup.com.apple.configurationprofiles/.com.apple.mobile_container_manager.metadata.plist]: exists: 1, isDirectory: 0, fsNode: <MCMFSNode: 0x600002ee2920; inode = 1571300, device = 16777229, ctime = 1676042344>
2024-03-10 17:29:39.046 Df PosterBoard[3009:23b3] [com.apple.dt.xctest:Default] notify_get_state check indicated test daemon not ready.
2024-03-10 17:29:39.047 Df PosterBoard[3009:25b7] [com.apple.containermanager:unspecified] container_query_get_single_result: success
2024-03-10 17:29:39.047 Df containermanagerd[2930:20cd] [com.apple.containermanager:query] Query result: count = 1, error = (null)
2024-03-10 17:29:39.047 A  PosterBoard[3009:25b7] (libsystem_containermanager.dylib) container_copy_object
2024-03-10 17:29:39.047 Df containermanagerd[2930:20cd] [com.apple.containermanager:xpc] [600] command=39, client=<com.apple.PosterBoard, u=<600/20/600/2/600>, uid=600, pid=3009, sandboxed=0, platform=7 (1/1/1) [(null)]>, error=(null)
2024-03-10 17:29:39.034 Df SpringBoard[2887:259d] [com.apple.FileURL:default] kExcludedFromBackupXattrName set on path: /Users/chef/Library/Developer/CoreSimulator/Devices/FA441BBB-4AC7-424C-8E75-DDA61780E4A0/data/Library/UserNotifications/354332CE-6DEE-49C0-81AF-3FD9609A0C7D/DeliveredNotifications.plist
2024-03-10 17:29:39.048 E  cfprefsd[2925:209b] [com.apple.defaults:cfprefsd] Couldn't open parent path due to [2: No such file or directory]
2024-03-10 17:29:39.055 Df containermanagerd[2930:20cd] [com.apple.containermanager:fs] stat [/Users/chef/Library/Developer/CoreSimulator/Devices/FA441BBB-4AC7-424C-8E75-DDA61780E4A0/data/Containers/Shared/SystemGroup/systemgroup.com.apple.configurationprofiles/.com.apple.mobile_container_manager.metadata.plist]: exists: 1, isDirectory: 0, fsNode: <MCMFSNode: 0x600002ee29e0; inode = 1571300, device = 16777229, ctime = 1676042344>
2024-03-10 17:29:39.047 Df PosterBoard[3009:25b7] [com.apple.containermanager:unspecified] container_system_group_path_for_identifier: success
2024-03-10 17:29:39.048 Df PosterBoard[3009:25b7] [com.apple.ManagedConfiguration:MC] Got system group container path from MCM for systemgroup.com.apple.configurationprofiles: /Users/chef/Library/Developer/CoreSimulator/Devices/FA441BBB-4AC7-424C-8E75-DDA61780E4A0/data/Containers/Shared/SystemGroup/systemgroup.com.apple.configurationprofiles
2024-03-10 17:29:39.056 Df containermanagerd[2930:20cd] [com.apple.containermanager:query] Query result: count = 1, error = (null)
2024-03-10 17:29:39.054 A  PosterBoard[3009:25b6] (libsystem_containermanager.dylib) container_system_group_path_for_identifier
2024-03-10 17:29:39.056 Df containermanagerd[2930:20cd] [com.apple.containermanager:xpc] [600] command=39, client=<com.apple.PosterBoard, u=<600/20/600/2/600>, uid=600, pid=3009, sandboxed=0, platform=7 (1/1/1) [(null)], cached>, error=(null)
2024-03-10 17:29:39.038 Df SpringBoard[2887:2327] [com.apple.FrontBoard:Process] Adding: <FBExtensionProcess: 0x7fbe423d8590; xpcservice<com.apple.ScreenTimeWidgetApplication.ScreenTimeWidgetExtension([osservice<com.apple.chronod>:2934])>:3003(v16E4)>
2024-03-10 17:29:39.054 Df PosterBoard[3009:25b6] [com.apple.containermanager:xpc] Requesting container lookup; class = 13, identifier = (null), group_identifier = systemgroup.com.apple.configurationprofiles, create = 1, temp = 0, euid = 600, uid = 600
2024-03-10 17:29:39.037 Df SpringBoard[2887:259d] [com.apple.UserNotifications:DataStore] [com.apple.ClassKitProgressNotifications] Remove all delivered notifications that are no longer valid
2024-03-10 17:29:39.040 Df SpringBoard[2887:259d] [com.apple.UserNotifications:Settings] Getting effectiveSectionInfo for section identifier: com.apple.ClassKitProgressNotifications
2024-03-10 17:29:39.059 Df ScreenTimeWidgetExtension[3003:237f] [com.apple.Accessibility:AXSupportCommon] Read CategoryName: per-app = 1, category name = (null)
2024-03-10 17:29:39.054 A  PosterBoard[3009:25b6] (libsystem_containermanager.dylib) container_query_t
2024-03-10 17:29:39.060 Df ScreenTimeWidgetExtension[3003:237f] [com.apple.Accessibility:AXSupportCommon] Read CategoryName: per-app = 0, category name = (null)
2024-03-10 17:29:39.054 Df PosterBoard[3009:25b6] [com.apple.containermanager:xpc] Query; euid = 600, uid = 600, query = <dictionary: 0x600000b9cde0> { count = 8, transaction: 0, voucher = 0x0, contents =
	"ContainerClass" => <uint64: 0xd03b2a54f6f1cea2>: 13
	"Platform" => <uint64: 0xd03b2a54f6f1cea8>: 7
	"Flags" => <uint64: 0xd03b2a5df6f1ceac>: 38654705667
	"Explicit" => <uint64: 0xd03b2a54f6f1ce89>: 38
	"PrivateFlags" => <uint64: 0xd03b2a54f6f1ceac>: 3
	"Transient" => <bool: 0x7ff860004fc0>: false
	"Command" => <uint64: 0xd03b2a54f6f1ce88>: 39
	"GroupIdentifiers" => <array: 0x6000021894a0> { count = 1, capacity = 10, contents =
		0: <string: 0x60000218adc0> { length = 43, contents = "systemgroup.com.apple.configurationprofiles" }
	}
}
2024-03-10 17:29:39.057 Df PosterBoard[3009:25b6] [com.apple.containermanager:unspecified] container_query_get_single_result: success
2024-03-10 17:29:39.057 A  PosterBoard[3009:25b6] (libsystem_containermanager.dylib) container_copy_object
2024-03-10 17:29:39.040 Df SpringBoard[2887:259d] [com.apple.UserNotifications:Settings] [com.apple.ClassKitProgressNotifications] Getting effective section info
2024-03-10 17:29:39.043 Df SpringBoard[2887:259d] [com.apple.BulletinBoard:Connection] Getting requested effective section info (sync)
2024-03-10 17:29:39.057 Df PosterBoard[3009:25b6] [com.apple.containermanager:unspecified] container_system_group_path_for_identifier: success
2024-03-10 17:29:39.057 Df PosterBoard[3009:25b6] [com.apple.devicemanagementclient:DMC] Got system group container path from MCM for systemgroup.com.apple.configurationprofiles: /Users/chef/Library/Developer/CoreSimulator/Devices/FA441BBB-4AC7-424C-8E75-DDA61780E4A0/data/Containers/Shared/SystemGroup/systemgroup.com.apple.configurationprofiles
